==>Fri Apr  7 23:03:07 2017
MemTotal:        1900556 kB
MemFree:         1012788 kB
Buffers:           10616 kB
Cached:           327072 kB
SwapCached:            0 kB
Active:           399300 kB
Inactive:         280288 kB
Active(anon):     341992 kB
Inactive(anon):      424 kB
Active(file):      57308 kB
Inactive(file):   279864 kB
Unevictable:           0 kB
Mlocked:               0 kB
HighTotal:       1158144 kB
HighFree:         347100 kB
LowTotal:         742412 kB
LowFree:          665688 kB
SwapTotal:             0 kB
SwapFree:              0 kB
Dirty:              2428 kB
Writeback:             0 kB
AnonPages:        342216 kB
Mapped:           116288 kB
Shmem:               464 kB
Slab:              32532 kB
SReclaimable:      12044 kB
SUnreclaim:        20488 kB
KernelStack:        8824 kB
PageTables:        13348 kB
NFS_Unstable:          0 kB
Bounce:                0 kB
WritebackTmp:          0 kB
CommitLimit:      950276 kB
Committed_AS:   42135968 kB
VmallocTotal:     245760 kB
VmallocUsed:       65252 kB
VmallocChunk:      75648 kB
==>Fri Apr  7 23:03:17 2017
MemTotal:        1900556 kB
MemFree:          933896 kB
Buffers:           11712 kB
Cached:           373616 kB
SwapCached:            0 kB
Active:           476656 kB
Inactive:         273040 kB
Active(anon):     364548 kB
Inactive(anon):      424 kB
Active(file):     112108 kB
Inactive(file):   272616 kB
Unevictable:           0 kB
Mlocked:               0 kB
HighTotal:       1158144 kB
HighFree:         273284 kB
LowTotal:         742412 kB
LowFree:          660612 kB
SwapTotal:             0 kB
SwapFree:              0 kB
Dirty:              1316 kB
Writeback:             0 kB
AnonPages:        364320 kB
Mapped:           120528 kB
Shmem:               468 kB
Slab:              33912 kB
SReclaimable:      12508 kB
SUnreclaim:        21404 kB
KernelStack:        9968 kB
PageTables:        14596 kB
NFS_Unstable:          0 kB
Bounce:                0 kB
WritebackTmp:          0 kB
CommitLimit:      950276 kB
Committed_AS:   44529428 kB
VmallocTotal:     245760 kB
VmallocUsed:       68332 kB
VmallocChunk:      75648 kB
==>Fri Apr  7 23:03:27 2017
MemTotal:        1900556 kB
MemFree:          921340 kB
Buffers:           11924 kB
Cached:           376712 kB
SwapCached:            0 kB
Active:           484384 kB
Inactive:         275036 kB
Active(anon):     370952 kB
Inactive(anon):      420 kB
Active(file):     113432 kB
Inactive(file):   274616 kB
Unevictable:           0 kB
Mlocked:               0 kB
HighTotal:       1158144 kB
HighFree:         260044 kB
LowTotal:         742412 kB
LowFree:          661296 kB
SwapTotal:             0 kB
SwapFree:              0 kB
Dirty:              1640 kB
Writeback:             0 kB
AnonPages:        370988 kB
Mapped:           121640 kB
Shmem:               464 kB
Slab:              34056 kB
SReclaimable:      12572 kB
SUnreclaim:        21484 kB
KernelStack:        9624 kB
PageTables:        13996 kB
NFS_Unstable:          0 kB
Bounce:                0 kB
WritebackTmp:          0 kB
CommitLimit:      950276 kB
Committed_AS:   39740808 kB
VmallocTotal:     245760 kB
VmallocUsed:       65296 kB
VmallocChunk:      75648 kB
==>Fri Apr  7 23:03:37 2017
MemTotal:        1900556 kB
MemFree:          886764 kB
Buffers:           12612 kB
Cached:           380920 kB
SwapCached:            0 kB
Active:           503860 kB
Inactive:         279276 kB
Active(anon):     389784 kB
Inactive(anon):      420 kB
Active(file):     114076 kB
Inactive(file):   278856 kB
Unevictable:           0 kB
Mlocked:               0 kB
HighTotal:       1158144 kB
HighFree:         226352 kB
LowTotal:         742412 kB
LowFree:          660412 kB
SwapTotal:             0 kB
SwapFree:              0 kB
Dirty:               156 kB
Writeback:             0 kB
AnonPages:        389852 kB
Mapped:           126236 kB
Shmem:               464 kB
Slab:              33860 kB
SReclaimable:      12636 kB
SUnreclaim:        21224 kB
KernelStack:        9664 kB
PageTables:        14456 kB
NFS_Unstable:          0 kB
Bounce:                0 kB
WritebackTmp:          0 kB
CommitLimit:      950276 kB
Committed_AS:   39810444 kB
VmallocTotal:     245760 kB
VmallocUsed:       65500 kB
VmallocChunk:      75648 kB
==>Fri Apr  7 23:03:47 2017
MemTotal:        1900556 kB
MemFree:          865784 kB
Buffers:           12840 kB
Cached:           381856 kB
SwapCached:            0 kB
Active:           514676 kB
Inactive:         280004 kB
Active(anon):     400332 kB
Inactive(anon):      420 kB
Active(file):     114344 kB
Inactive(file):   279584 kB
Unevictable:           0 kB
Mlocked:               0 kB
HighTotal:       1158144 kB
HighFree:         205360 kB
LowTotal:         742412 kB
LowFree:          660424 kB
SwapTotal:             0 kB
SwapFree:              0 kB
Dirty:               292 kB
Writeback:             0 kB
AnonPages:        400252 kB
Mapped:           128028 kB
Shmem:               464 kB
Slab:              34320 kB
SReclaimable:      12708 kB
SUnreclaim:        21612 kB
KernelStack:        9520 kB
PageTables:        14108 kB
NFS_Unstable:          0 kB
Bounce:                0 kB
WritebackTmp:          0 kB
CommitLimit:      950276 kB
Committed_AS:   39743756 kB
VmallocTotal:     245760 kB
VmallocUsed:       65476 kB
VmallocChunk:      75648 kB
==>Fri Apr  7 23:03:57 2017
MemTotal:        1900556 kB
MemFree:          792568 kB
Buffers:           13212 kB
Cached:           405532 kB
SwapCached:            0 kB
Active:           559340 kB
Inactive:         303824 kB
Active(anon):     444836 kB
Inactive(anon):      436 kB
Active(file):     114504 kB
Inactive(file):   303388 kB
Unevictable:           0 kB
Mlocked:               0 kB
HighTotal:       1158144 kB
HighFree:         134576 kB
LowTotal:         742412 kB
LowFree:          657992 kB
SwapTotal:             0 kB
SwapFree:              0 kB
Dirty:              5152 kB
Writeback:             0 kB
AnonPages:        444868 kB
Mapped:           130996 kB
Shmem:               484 kB
Slab:              35112 kB
SReclaimable:      13196 kB
SUnreclaim:        21916 kB
KernelStack:        9944 kB
PageTables:        14792 kB
NFS_Unstable:          0 kB
Bounce:                0 kB
WritebackTmp:          0 kB
CommitLimit:      950276 kB
Committed_AS:   41038140 kB
VmallocTotal:     245760 kB
VmallocUsed:       66500 kB
VmallocChunk:      75648 kB
==>Fri Apr  7 23:04:07 2017
MemTotal:        1900556 kB
MemFree:          745844 kB
Buffers:           13344 kB
Cached:           424504 kB
SwapCached:            0 kB
Active:           577572 kB
Inactive:         322740 kB
Active(anon):     462888 kB
Inactive(anon):      436 kB
Active(file):     114684 kB
Inactive(file):   322304 kB
Unevictable:           0 kB
Mlocked:               0 kB
HighTotal:       1158144 kB
HighFree:          89416 kB
LowTotal:         742412 kB
LowFree:          656428 kB
SwapTotal:             0 kB
SwapFree:              0 kB
Dirty:              6572 kB
Writeback:             0 kB
AnonPages:        463188 kB
Mapped:           134008 kB
Shmem:               484 kB
Slab:              35572 kB
SReclaimable:      13488 kB
SUnreclaim:        22084 kB
KernelStack:       10112 kB
PageTables:        15172 kB
NFS_Unstable:          0 kB
Bounce:                0 kB
WritebackTmp:          0 kB
CommitLimit:      950276 kB
Committed_AS:   42267996 kB
VmallocTotal:     245760 kB
VmallocUsed:       67544 kB
VmallocChunk:      75648 kB
==>Fri Apr  7 23:04:17 2017
MemTotal:        1900556 kB
MemFree:          740316 kB
Buffers:           13456 kB
Cached:           425056 kB
SwapCached:            0 kB
Active:           581316 kB
Inactive:         323476 kB
Active(anon):     466620 kB
Inactive(anon):      436 kB
Active(file):     114696 kB
Inactive(file):   323040 kB
Unevictable:           0 kB
Mlocked:               0 kB
HighTotal:       1158144 kB
HighFree:          83980 kB
LowTotal:         742412 kB
LowFree:          656336 kB
SwapTotal:             0 kB
SwapFree:              0 kB
Dirty:                68 kB
Writeback:             0 kB
AnonPages:        466812 kB
Mapped:           135540 kB
Shmem:               484 kB
Slab:              35756 kB
SReclaimable:      13568 kB
SUnreclaim:        22188 kB
KernelStack:        9920 kB
PageTables:        15328 kB
NFS_Unstable:          0 kB
Bounce:                0 kB
WritebackTmp:          0 kB
CommitLimit:      950276 kB
Committed_AS:   42296324 kB
VmallocTotal:     245760 kB
VmallocUsed:       67544 kB
VmallocChunk:      75648 kB
==>Fri Apr  7 23:04:27 2017
MemTotal:        1900556 kB
MemFree:          734864 kB
Buffers:           13736 kB
Cached:           444876 kB
SwapCached:            0 kB
Active:           574764 kB
Inactive:         343180 kB
Active(anon):     459668 kB
Inactive(anon):      452 kB
Active(file):     115096 kB
Inactive(file):   342728 kB
Unevictable:           0 kB
Mlocked:               0 kB
HighTotal:       1158144 kB
HighFree:          78812 kB
LowTotal:         742412 kB
LowFree:          656052 kB
SwapTotal:             0 kB
SwapFree:              0 kB
Dirty:               572 kB
Writeback:             0 kB
AnonPages:        459640 kB
Mapped:           141992 kB
Shmem:               496 kB
Slab:              36164 kB
SReclaimable:      13852 kB
SUnreclaim:        22312 kB
KernelStack:        9936 kB
PageTables:        15192 kB
NFS_Unstable:          0 kB
Bounce:                0 kB
WritebackTmp:          0 kB
CommitLimit:      950276 kB
Committed_AS:   42272976 kB
VmallocTotal:     245760 kB
VmallocUsed:       67512 kB
VmallocChunk:      75648 kB
==>Fri Apr  7 23:04:37 2017
MemTotal:        1900556 kB
MemFree:          627440 kB
Buffers:           13812 kB
Cached:           504792 kB
SwapCached:            0 kB
Active:           589480 kB
Inactive:         400676 kB
Active(anon):     471904 kB
Inactive(anon):    55232 kB
Active(file):     117576 kB
Inactive(file):   345444 kB
Unevictable:           0 kB
Mlocked:               0 kB
HighTotal:       1158144 kB
HighFree:           1724 kB
LowTotal:         742412 kB
LowFree:          625716 kB
SwapTotal:             0 kB
SwapFree:              0 kB
Dirty:               804 kB
Writeback:             0 kB
AnonPages:        471824 kB
Mapped:           232464 kB
Shmem:             55276 kB
Slab:              36672 kB
SReclaimable:      14232 kB
SUnreclaim:        22440 kB
KernelStack:        9848 kB
PageTables:        15632 kB
NFS_Unstable:          0 kB
Bounce:                0 kB
WritebackTmp:          0 kB
CommitLimit:      950276 kB
Committed_AS:   42622784 kB
VmallocTotal:     245760 kB
VmallocUsed:       67512 kB
VmallocChunk:      75648 kB
==>Fri Apr  7 23:04:47 2017
MemTotal:        1900556 kB
MemFree:          597152 kB
Buffers:           13844 kB
Cached:           531208 kB
SwapCached:            0 kB
Active:           592660 kB
Inactive:         426736 kB
Active(anon):     474680 kB
Inactive(anon):    81092 kB
Active(file):     117980 kB
Inactive(file):   345644 kB
Unevictable:           0 kB
Mlocked:               0 kB
HighTotal:       1158144 kB
HighFree:           1820 kB
LowTotal:         742412 kB
LowFree:          595332 kB
SwapTotal:             0 kB
SwapFree:              0 kB
Dirty:                76 kB
Writeback:             0 kB
AnonPages:        474628 kB
Mapped:           258680 kB
Shmem:             81136 kB
Slab:              38232 kB
SReclaimable:      15588 kB
SUnreclaim:        22644 kB
KernelStack:       10064 kB
PageTables:        15564 kB
NFS_Unstable:          0 kB
Bounce:                0 kB
WritebackTmp:          0 kB
CommitLimit:      950276 kB
Committed_AS:   42619624 kB
VmallocTotal:     245760 kB
VmallocUsed:       67512 kB
VmallocChunk:      75648 kB
==>Fri Apr  7 23:04:57 2017
MemTotal:        1900556 kB
MemFree:          589396 kB
Buffers:           13868 kB
Cached:           531672 kB
SwapCached:            0 kB
Active:           595704 kB
Inactive:         426964 kB
Active(anon):     477464 kB
Inactive(anon):    81100 kB
Active(file):     118240 kB
Inactive(file):   345864 kB
Unevictable:           0 kB
Mlocked:               0 kB
HighTotal:       1158144 kB
HighFree:           1784 kB
LowTotal:         742412 kB
LowFree:          587612 kB
SwapTotal:             0 kB
SwapFree:              0 kB
Dirty:               272 kB
Writeback:             0 kB
AnonPages:        477444 kB
Mapped:           258712 kB
Shmem:             81144 kB
Slab:              40320 kB
SReclaimable:      17148 kB
SUnreclaim:        23172 kB
KernelStack:       10048 kB
PageTables:        15896 kB
NFS_Unstable:          0 kB
Bounce:                0 kB
WritebackTmp:          0 kB
CommitLimit:      950276 kB
Committed_AS:   42666628 kB
VmallocTotal:     245760 kB
VmallocUsed:       69552 kB
VmallocChunk:      75648 kB
==>Fri Apr  7 23:05:07 2017
MemTotal:        1900556 kB
MemFree:          589160 kB
Buffers:           13912 kB
Cached:           541180 kB
SwapCached:            0 kB
Active:           585420 kB
Inactive:         436224 kB
Active(anon):     466844 kB
Inactive(anon):    90112 kB
Active(file):     118576 kB
Inactive(file):   346112 kB
Unevictable:           0 kB
Mlocked:               0 kB
HighTotal:       1158144 kB
HighFree:           1696 kB
LowTotal:         742412 kB
LowFree:          587464 kB
SwapTotal:             0 kB
SwapFree:              0 kB
Dirty:               232 kB
Writeback:             0 kB
AnonPages:        466740 kB
Mapped:           270744 kB
Shmem:             90108 kB
Slab:              40328 kB
SReclaimable:      17220 kB
SUnreclaim:        23108 kB
KernelStack:        9912 kB
PageTables:        15772 kB
NFS_Unstable:          0 kB
Bounce:                0 kB
WritebackTmp:          0 kB
CommitLimit:      950276 kB
Committed_AS:   42591136 kB
VmallocTotal:     245760 kB
VmallocUsed:       67512 kB
VmallocChunk:      75648 kB
==>Fri Apr  7 23:05:17 2017
MemTotal:        1900556 kB
MemFree:          563476 kB
Buffers:           14000 kB
Cached:           551636 kB
SwapCached:            0 kB
Active:           596904 kB
Inactive:         446324 kB
Active(anon):     477952 kB
Inactive(anon):    98308 kB
Active(file):     118952 kB
Inactive(file):   348016 kB
Unevictable:           0 kB
Mlocked:               0 kB
HighTotal:       1158144 kB
HighFree:           1640 kB
LowTotal:         742412 kB
LowFree:          561836 kB
SwapTotal:             0 kB
SwapFree:              0 kB
Dirty:              1400 kB
Writeback:             0 kB
AnonPages:        478368 kB
Mapped:           281184 kB
Shmem:             98352 kB
Slab:              41848 kB
SReclaimable:      18428 kB
SUnreclaim:        23420 kB
KernelStack:        9944 kB
PageTables:        15972 kB
NFS_Unstable:          0 kB
Bounce:                0 kB
WritebackTmp:          0 kB
CommitLimit:      950276 kB
Committed_AS:   42647116 kB
VmallocTotal:     245760 kB
VmallocUsed:       68532 kB
VmallocChunk:      75648 kB
==>Fri Apr  7 23:05:27 2017
MemTotal:        1900556 kB
MemFree:          516600 kB
Buffers:           14248 kB
Cached:           570440 kB
SwapCached:            0 kB
Active:           624468 kB
Inactive:         463448 kB
Active(anon):     503556 kB
Inactive(anon):   113852 kB
Active(file):     120912 kB
Inactive(file):   349596 kB
Unevictable:           0 kB
Mlocked:               0 kB
HighTotal:       1158144 kB
HighFree:           1516 kB
LowTotal:         742412 kB
LowFree:          515084 kB
SwapTotal:             0 kB
SwapFree:              0 kB
Dirty:              1192 kB
Writeback:             0 kB
AnonPages:        503464 kB
Mapped:           298412 kB
Shmem:            113896 kB
Slab:              41940 kB
SReclaimable:      18696 kB
SUnreclaim:        23244 kB
KernelStack:       10016 kB
PageTables:        15588 kB
NFS_Unstable:          0 kB
Bounce:                0 kB
WritebackTmp:          0 kB
CommitLimit:      950276 kB
Committed_AS:   42577672 kB
VmallocTotal:     245760 kB
VmallocUsed:       68528 kB
VmallocChunk:      75648 kB
==>Fri Apr  7 23:05:37 2017
MemTotal:        1900556 kB
MemFree:          497616 kB
Buffers:           14384 kB
Cached:           577364 kB
SwapCached:            0 kB
Active:           637580 kB
Inactive:         470436 kB
Active(anon):     516620 kB
Inactive(anon):   113848 kB
Active(file):     120960 kB
Inactive(file):   356588 kB
Unevictable:           0 kB
Mlocked:               0 kB
HighTotal:       1158144 kB
HighFree:           1708 kB
LowTotal:         742412 kB
LowFree:          495908 kB
SwapTotal:             0 kB
SwapFree:              0 kB
Dirty:               100 kB
Writeback:             0 kB
AnonPages:        516632 kB
Mapped:           299220 kB
Shmem:            113896 kB
Slab:              42228 kB
SReclaimable:      18732 kB
SUnreclaim:        23496 kB
KernelStack:       10424 kB
PageTables:        15864 kB
NFS_Unstable:          0 kB
Bounce:                0 kB
WritebackTmp:          0 kB
CommitLimit:      950276 kB
Committed_AS:   42642100 kB
VmallocTotal:     245760 kB
VmallocUsed:       72608 kB
VmallocChunk:      75648 kB
==>Fri Apr  7 23:05:47 2017
MemTotal:        1900556 kB
MemFree:          567756 kB
Buffers:           14440 kB
Cached:           566812 kB
SwapCached:            0 kB
Active:           597756 kB
Inactive:         462244 kB
Active(anon):     479076 kB
Inactive(anon):   109108 kB
Active(file):     118680 kB
Inactive(file):   353136 kB
Unevictable:           0 kB
Mlocked:               0 kB
HighTotal:       1158144 kB
HighFree:           3232 kB
LowTotal:         742412 kB
LowFree:          564524 kB
SwapTotal:             0 kB
SwapFree:              0 kB
Dirty:               240 kB
Writeback:             0 kB
AnonPages:        478988 kB
Mapped:           255996 kB
Shmem:            109132 kB
Slab:              42376 kB
SReclaimable:      18792 kB
SUnreclaim:        23584 kB
KernelStack:       10416 kB
PageTables:        16136 kB
NFS_Unstable:          0 kB
Bounce:                0 kB
WritebackTmp:          0 kB
CommitLimit:      950276 kB
Committed_AS:   42633400 kB
VmallocTotal:     245760 kB
VmallocUsed:       69552 kB
VmallocChunk:      75648 kB
==>Fri Apr  7 23:05:57 2017
MemTotal:        1900556 kB
MemFree:          562968 kB
Buffers:           14512 kB
Cached:           566576 kB
SwapCached:            0 kB
Active:           601680 kB
Inactive:         462000 kB
Active(anon):     482928 kB
Inactive(anon):   108640 kB
Active(file):     118752 kB
Inactive(file):   353360 kB
Unevictable:           0 kB
Mlocked:               0 kB
HighTotal:       1158144 kB
HighFree:           2548 kB
LowTotal:         742412 kB
LowFree:          560420 kB
SwapTotal:             0 kB
SwapFree:              0 kB
Dirty:                40 kB
Writeback:             0 kB
AnonPages:        482872 kB
Mapped:           255616 kB
Shmem:            108684 kB
Slab:              42440 kB
SReclaimable:      18792 kB
SUnreclaim:        23648 kB
KernelStack:       10392 kB
PageTables:        16800 kB
NFS_Unstable:          0 kB
Bounce:                0 kB
WritebackTmp:          0 kB
CommitLimit:      950276 kB
Committed_AS:   42662476 kB
VmallocTotal:     245760 kB
VmallocUsed:       73632 kB
VmallocChunk:      75648 kB
==>Fri Apr  7 23:06:07 2017
MemTotal:        1900556 kB
MemFree:          558752 kB
Buffers:           14580 kB
Cached:           567824 kB
SwapCached:            0 kB
Active:           595580 kB
Inactive:         462624 kB
Active(anon):     476148 kB
Inactive(anon):   108716 kB
Active(file):     119432 kB
Inactive(file):   353908 kB
Unevictable:           0 kB
Mlocked:               0 kB
HighTotal:       1158144 kB
HighFree:          12604 kB
LowTotal:         742412 kB
LowFree:          546148 kB
SwapTotal:             0 kB
SwapFree:              0 kB
Dirty:               180 kB
Writeback:             0 kB
AnonPages:        476212 kB
Mapped:           271744 kB
Shmem:            108760 kB
Slab:              42416 kB
SReclaimable:      18784 kB
SUnreclaim:        23632 kB
KernelStack:       10416 kB
PageTables:        16564 kB
NFS_Unstable:          0 kB
Bounce:                0 kB
WritebackTmp:          0 kB
CommitLimit:      950276 kB
Committed_AS:   42593296 kB
VmallocTotal:     245760 kB
VmallocUsed:       68532 kB
VmallocChunk:      75648 kB
==>Fri Apr  7 23:06:17 2017
MemTotal:        1900556 kB
MemFree:          561100 kB
Buffers:           14684 kB
Cached:           567840 kB
SwapCached:            0 kB
Active:           592112 kB
Inactive:         462748 kB
Active(anon):     472672 kB
Inactive(anon):   108720 kB
Active(file):     119440 kB
Inactive(file):   354028 kB
Unevictable:           0 kB
Mlocked:               0 kB
HighTotal:       1158144 kB
HighFree:           8624 kB
LowTotal:         742412 kB
LowFree:          552476 kB
SwapTotal:             0 kB
SwapFree:              0 kB
Dirty:                24 kB
Writeback:             0 kB
AnonPages:        472732 kB
Mapped:           271812 kB
Shmem:            108764 kB
Slab:              42920 kB
SReclaimable:      18904 kB
SUnreclaim:        24016 kB
KernelStack:       10416 kB
PageTables:        17052 kB
NFS_Unstable:          0 kB
Bounce:                0 kB
WritebackTmp:          0 kB
CommitLimit:      950276 kB
Committed_AS:   42565180 kB
VmallocTotal:     245760 kB
VmallocUsed:       68532 kB
VmallocChunk:      75648 kB
==>Fri Apr  7 23:06:27 2017
MemTotal:        1900556 kB
MemFree:          524488 kB
Buffers:           14772 kB
Cached:           576788 kB
SwapCached:            0 kB
Active:           593768 kB
Inactive:         471608 kB
Active(anon):     474252 kB
Inactive(anon):   117336 kB
Active(file):     119516 kB
Inactive(file):   354272 kB
Unevictable:           0 kB
Mlocked:               0 kB
HighTotal:       1158144 kB
HighFree:           1684 kB
LowTotal:         742412 kB
LowFree:          522804 kB
SwapTotal:             0 kB
SwapFree:              0 kB
Dirty:               176 kB
Writeback:             0 kB
AnonPages:        474400 kB
Mapped:           280800 kB
Shmem:            117396 kB
Slab:              42752 kB
SReclaimable:      18844 kB
SUnreclaim:        23908 kB
KernelStack:       10240 kB
PageTables:        16872 kB
NFS_Unstable:          0 kB
Bounce:                0 kB
WritebackTmp:          0 kB
CommitLimit:      950276 kB
Committed_AS:   42564172 kB
VmallocTotal:     245760 kB
VmallocUsed:       67512 kB
VmallocChunk:      75648 kB
==>Fri Apr  7 23:06:37 2017
MemTotal:        1900556 kB
MemFree:          484696 kB
Buffers:           14880 kB
Cached:           575576 kB
SwapCached:            0 kB
Active:           617148 kB
Inactive:         470216 kB
Active(anon):     497256 kB
Inactive(anon):   115488 kB
Active(file):     119892 kB
Inactive(file):   354728 kB
Unevictable:           0 kB
Mlocked:               0 kB
HighTotal:       1158144 kB
HighFree:           1920 kB
LowTotal:         742412 kB
LowFree:          482776 kB
SwapTotal:             0 kB
SwapFree:              0 kB
Dirty:               200 kB
Writeback:             0 kB
AnonPages:        497116 kB
Mapped:           310584 kB
Shmem:            115532 kB
Slab:              42760 kB
SReclaimable:      18856 kB
SUnreclaim:        23904 kB
KernelStack:       10272 kB
PageTables:        17100 kB
NFS_Unstable:          0 kB
Bounce:                0 kB
WritebackTmp:          0 kB
CommitLimit:      950276 kB
Committed_AS:   42582600 kB
VmallocTotal:     245760 kB
VmallocUsed:       67560 kB
VmallocChunk:      75648 kB
==>Fri Apr  7 23:06:47 2017
MemTotal:        1900556 kB
MemFree:          528444 kB
Buffers:           15056 kB
Cached:           565504 kB
SwapCached:            0 kB
Active:           649644 kB
Inactive:         460184 kB
Active(anon):     529488 kB
Inactive(anon):   100092 kB
Active(file):     120156 kB
Inactive(file):   360092 kB
Unevictable:           0 kB
Mlocked:               0 kB
HighTotal:       1158144 kB
HighFree:          33872 kB
LowTotal:         742412 kB
LowFree:          494572 kB
SwapTotal:             0 kB
SwapFree:              0 kB
Dirty:              4912 kB
Writeback:             0 kB
AnonPages:        529508 kB
Mapped:           253944 kB
Shmem:            100140 kB
Slab:              42612 kB
SReclaimable:      18856 kB
SUnreclaim:        23756 kB
KernelStack:       10328 kB
PageTables:        17052 kB
NFS_Unstable:          0 kB
Bounce:                0 kB
WritebackTmp:          0 kB
CommitLimit:      950276 kB
Committed_AS:   42566772 kB
VmallocTotal:     245760 kB
VmallocUsed:       67508 kB
VmallocChunk:      75648 kB
==>Fri Apr  7 23:06:57 2017
MemTotal:        1900556 kB
MemFree:          519372 kB
Buffers:           15424 kB
Cached:           569360 kB
SwapCached:            0 kB
Active:           655808 kB
Inactive:         464268 kB
Active(anon):     535632 kB
Inactive(anon):   100092 kB
Active(file):     120176 kB
Inactive(file):   364176 kB
Unevictable:           0 kB
Mlocked:               0 kB
HighTotal:       1158144 kB
HighFree:           5892 kB
LowTotal:         742412 kB
LowFree:          513480 kB
SwapTotal:             0 kB
SwapFree:              0 kB
Dirty:                56 kB
Writeback:             0 kB
AnonPages:        535644 kB
Mapped:           254220 kB
Shmem:            100140 kB
Slab:              42480 kB
SReclaimable:      18816 kB
SUnreclaim:        23664 kB
KernelStack:       10440 kB
PageTables:        17444 kB
NFS_Unstable:          0 kB
Bounce:                0 kB
WritebackTmp:          0 kB
CommitLimit:      950276 kB
Committed_AS:   42675272 kB
VmallocTotal:     245760 kB
VmallocUsed:       68528 kB
VmallocChunk:      75648 kB
==>Fri Apr  7 23:07:07 2017
MemTotal:        1900556 kB
MemFree:          530148 kB
Buffers:           15468 kB
Cached:           571056 kB
SwapCached:            0 kB
Active:           643808 kB
Inactive:         466012 kB
Active(anon):     523608 kB
Inactive(anon):   100076 kB
Active(file):     120200 kB
Inactive(file):   365936 kB
Unevictable:           0 kB
Mlocked:               0 kB
HighTotal:       1158144 kB
HighFree:          10064 kB
LowTotal:         742412 kB
LowFree:          520084 kB
SwapTotal:             0 kB
SwapFree:              0 kB
Dirty:              1636 kB
Writeback:             0 kB
AnonPages:        523544 kB
Mapped:           252812 kB
Shmem:            100120 kB
Slab:              42472 kB
SReclaimable:      18832 kB
SUnreclaim:        23640 kB
KernelStack:       10392 kB
PageTables:        17176 kB
NFS_Unstable:          0 kB
Bounce:                0 kB
WritebackTmp:          0 kB
CommitLimit:      950276 kB
Committed_AS:   42627420 kB
VmallocTotal:     245760 kB
VmallocUsed:       70560 kB
VmallocChunk:      75648 kB
==>Fri Apr  7 23:07:17 2017
MemTotal:        1900556 kB
MemFree:          540572 kB
Buffers:           15664 kB
Cached:           572440 kB
SwapCached:            0 kB
Active:           631456 kB
Inactive:         468340 kB
Active(anon):     512044 kB
Inactive(anon):   100260 kB
Active(file):     119412 kB
Inactive(file):   368080 kB
Unevictable:           0 kB
Mlocked:               0 kB
HighTotal:       1158144 kB
HighFree:           5728 kB
LowTotal:         742412 kB
LowFree:          534844 kB
SwapTotal:             0 kB
SwapFree:              0 kB
Dirty:               196 kB
Writeback:             0 kB
AnonPages:        512060 kB
Mapped:           252548 kB
Shmem:            100300 kB
Slab:              42524 kB
SReclaimable:      18880 kB
SUnreclaim:        23644 kB
KernelStack:       10424 kB
PageTables:        17184 kB
NFS_Unstable:          0 kB
Bounce:                0 kB
WritebackTmp:          0 kB
CommitLimit:      950276 kB
Committed_AS:   42643176 kB
VmallocTotal:     245760 kB
VmallocUsed:       67512 kB
VmallocChunk:      75648 kB
==>Fri Apr  7 23:07:27 2017
MemTotal:        1900556 kB
MemFree:          499784 kB
Buffers:           15720 kB
Cached:           584536 kB
SwapCached:            0 kB
Active:           631092 kB
Inactive:         480356 kB
Active(anon):     511540 kB
Inactive(anon):   111992 kB
Active(file):     119552 kB
Inactive(file):   368364 kB
Unevictable:           0 kB
Mlocked:               0 kB
HighTotal:       1158144 kB
HighFree:          13568 kB
LowTotal:         742412 kB
LowFree:          486216 kB
SwapTotal:             0 kB
SwapFree:              0 kB
Dirty:               180 kB
Writeback:             0 kB
AnonPages:        511612 kB
Mapped:           281572 kB
Shmem:            112036 kB
Slab:              42692 kB
SReclaimable:      18912 kB
SUnreclaim:        23780 kB
KernelStack:       10320 kB
PageTables:        17228 kB
NFS_Unstable:          0 kB
Bounce:                0 kB
WritebackTmp:          0 kB
CommitLimit:      950276 kB
Committed_AS:   42642756 kB
VmallocTotal:     245760 kB
VmallocUsed:       67512 kB
VmallocChunk:      75648 kB
==>Fri Apr  7 23:07:37 2017
MemTotal:        1900556 kB
MemFree:          507708 kB
Buffers:           15764 kB
Cached:           584968 kB
SwapCached:            0 kB
Active:           619504 kB
Inactive:         480792 kB
Active(anon):     499912 kB
Inactive(anon):   112316 kB
Active(file):     119592 kB
Inactive(file):   368476 kB
Unevictable:           0 kB
Mlocked:               0 kB
HighTotal:       1158144 kB
HighFree:           5392 kB
LowTotal:         742412 kB
LowFree:          502316 kB
SwapTotal:             0 kB
SwapFree:              0 kB
Dirty:                72 kB
Writeback:             0 kB
AnonPages:        499576 kB
Mapped:           291256 kB
Shmem:            112372 kB
Slab:              42768 kB
SReclaimable:      18928 kB
SUnreclaim:        23840 kB
KernelStack:       10232 kB
PageTables:        17020 kB
NFS_Unstable:          0 kB
Bounce:                0 kB
WritebackTmp:          0 kB
CommitLimit:      950276 kB
Committed_AS:   42593968 kB
VmallocTotal:     245760 kB
VmallocUsed:       67536 kB
VmallocChunk:      75648 kB
==>Fri Apr  7 23:07:47 2017
MemTotal:        1900556 kB
MemFree:          494972 kB
Buffers:           15824 kB
Cached:           586964 kB
SwapCached:            0 kB
Active:           614092 kB
Inactive:         482552 kB
Active(anon):     494192 kB
Inactive(anon):   113540 kB
Active(file):     119900 kB
Inactive(file):   369012 kB
Unevictable:           0 kB
Mlocked:               0 kB
HighTotal:       1158144 kB
HighFree:           7888 kB
LowTotal:         742412 kB
LowFree:          487084 kB
SwapTotal:             0 kB
SwapFree:              0 kB
Dirty:               800 kB
Writeback:             0 kB
AnonPages:        494112 kB
Mapped:           298260 kB
Shmem:            113584 kB
Slab:              42872 kB
SReclaimable:      18960 kB
SUnreclaim:        23912 kB
KernelStack:       10208 kB
PageTables:        17176 kB
NFS_Unstable:          0 kB
Bounce:                0 kB
WritebackTmp:          0 kB
CommitLimit:      950276 kB
Committed_AS:   42603732 kB
VmallocTotal:     245760 kB
VmallocUsed:       67556 kB
VmallocChunk:      75648 kB
==>Fri Apr  7 23:07:57 2017
MemTotal:        1900556 kB
MemFree:          532988 kB
Buffers:           15940 kB
Cached:           578424 kB
SwapCached:            0 kB
Active:           627068 kB
Inactive:         473072 kB
Active(anon):     506376 kB
Inactive(anon):   100220 kB
Active(file):     120692 kB
Inactive(file):   372852 kB
Unevictable:           0 kB
Mlocked:               0 kB
HighTotal:       1158144 kB
HighFree:           8080 kB
LowTotal:         742412 kB
LowFree:          524908 kB
SwapTotal:             0 kB
SwapFree:              0 kB
Dirty:              4152 kB
Writeback:             0 kB
AnonPages:        506664 kB
Mapped:           256104 kB
Shmem:            100232 kB
Slab:              42836 kB
SReclaimable:      19000 kB
SUnreclaim:        23836 kB
KernelStack:       10384 kB
PageTables:        17080 kB
NFS_Unstable:          0 kB
Bounce:                0 kB
WritebackTmp:          0 kB
CommitLimit:      950276 kB
Committed_AS:   42581496 kB
VmallocTotal:     245760 kB
VmallocUsed:       67528 kB
VmallocChunk:      75648 kB
==>Fri Apr  7 23:08:07 2017
MemTotal:        1900556 kB
MemFree:          532636 kB
Buffers:           15988 kB
Cached:           581852 kB
SwapCached:            0 kB
Active:           623028 kB
Inactive:         476752 kB
Active(anon):     502320 kB
Inactive(anon):   100092 kB
Active(file):     120708 kB
Inactive(file):   376660 kB
Unevictable:           0 kB
Mlocked:               0 kB
HighTotal:       1158144 kB
HighFree:           2488 kB
LowTotal:         742412 kB
LowFree:          530148 kB
SwapTotal:             0 kB
SwapFree:              0 kB
Dirty:                40 kB
Writeback:             0 kB
AnonPages:        502332 kB
Mapped:           253740 kB
Shmem:            100140 kB
Slab:              44456 kB
SReclaimable:      19420 kB
SUnreclaim:        25036 kB
KernelStack:       15088 kB
PageTables:        16980 kB
NFS_Unstable:          0 kB
Bounce:                0 kB
WritebackTmp:          0 kB
CommitLimit:      950276 kB
Committed_AS:   42550072 kB
VmallocTotal:     245760 kB
VmallocUsed:       68548 kB
VmallocChunk:      75648 kB
==>Fri Apr  7 23:08:17 2017
MemTotal:        1900556 kB
MemFree:          532064 kB
Buffers:           16004 kB
Cached:           581844 kB
SwapCached:            0 kB
Active:           636064 kB
Inactive:         468240 kB
Active(anon):     507056 kB
Inactive(anon):   100092 kB
Active(file):     129008 kB
Inactive(file):   368148 kB
Unevictable:           0 kB
Mlocked:               0 kB
HighTotal:       1158144 kB
HighFree:           1748 kB
LowTotal:         742412 kB
LowFree:          530316 kB
SwapTotal:             0 kB
SwapFree:              0 kB
Dirty:                32 kB
Writeback:             0 kB
AnonPages:        507048 kB
Mapped:           253644 kB
Shmem:            100140 kB
Slab:              43916 kB
SReclaimable:      19188 kB
SUnreclaim:        24728 kB
KernelStack:       10560 kB
PageTables:        17332 kB
NFS_Unstable:          0 kB
Bounce:                0 kB
WritebackTmp:          0 kB
CommitLimit:      950276 kB
Committed_AS:   42633684 kB
VmallocTotal:     245760 kB
VmallocUsed:       71608 kB
VmallocChunk:      75648 kB
==>Fri Apr  7 23:08:27 2017
MemTotal:        1900556 kB
MemFree:          538336 kB
Buffers:           16180 kB
Cached:           581984 kB
SwapCached:            0 kB
Active:           630480 kB
Inactive:         468524 kB
Active(anon):     501448 kB
Inactive(anon):   100092 kB
Active(file):     129032 kB
Inactive(file):   368432 kB
Unevictable:           0 kB
Mlocked:               0 kB
HighTotal:       1158144 kB
HighFree:           7412 kB
LowTotal:         742412 kB
LowFree:          530924 kB
SwapTotal:             0 kB
SwapFree:              0 kB
Dirty:                20 kB
Writeback:             0 kB
AnonPages:        501428 kB
Mapped:           253772 kB
Shmem:            100140 kB
Slab:              43524 kB
SReclaimable:      19132 kB
SUnreclaim:        24392 kB
KernelStack:       10384 kB
PageTables:        17396 kB
NFS_Unstable:          0 kB
Bounce:                0 kB
WritebackTmp:          0 kB
CommitLimit:      950276 kB
Committed_AS:   42643248 kB
VmallocTotal:     245760 kB
VmallocUsed:       70588 kB
VmallocChunk:      75648 kB
==>Fri Apr  7 23:08:37 2017
MemTotal:        1900556 kB
MemFree:          531712 kB
Buffers:           16200 kB
Cached:           581984 kB
SwapCached:            0 kB
Active:           637000 kB
Inactive:         468544 kB
Active(anon):     507968 kB
Inactive(anon):   100092 kB
Active(file):     129032 kB
Inactive(file):   368452 kB
Unevictable:           0 kB
Mlocked:               0 kB
HighTotal:       1158144 kB
HighFree:           1720 kB
LowTotal:         742412 kB
LowFree:          529992 kB
SwapTotal:             0 kB
SwapFree:              0 kB
Dirty:                 0 kB
Writeback:             0 kB
AnonPages:        507984 kB
Mapped:           254148 kB
Shmem:            100140 kB
Slab:              43504 kB
SReclaimable:      19124 kB
SUnreclaim:        24380 kB
KernelStack:       10592 kB
PageTables:        17104 kB
NFS_Unstable:          0 kB
Bounce:                0 kB
WritebackTmp:          0 kB
CommitLimit:      950276 kB
Committed_AS:   42607688 kB
VmallocTotal:     245760 kB
VmallocUsed:       74668 kB
VmallocChunk:      75648 kB
==>Fri Apr  7 23:08:47 2017
MemTotal:        1900556 kB
MemFree:          524616 kB
Buffers:           16224 kB
Cached:           582048 kB
SwapCached:            0 kB
Active:           641608 kB
Inactive:         468608 kB
Active(anon):     512556 kB
Inactive(anon):   100092 kB
Active(file):     129052 kB
Inactive(file):   368516 kB
Unevictable:           0 kB
Mlocked:               0 kB
HighTotal:       1158144 kB
HighFree:           1728 kB
LowTotal:         742412 kB
LowFree:          522888 kB
SwapTotal:             0 kB
SwapFree:              0 kB
Dirty:               112 kB
Writeback:             0 kB
AnonPages:        512540 kB
Mapped:           255156 kB
Shmem:            100140 kB
Slab:              43768 kB
SReclaimable:      19140 kB
SUnreclaim:        24628 kB
KernelStack:       10536 kB
PageTables:        17268 kB
NFS_Unstable:          0 kB
Bounce:                0 kB
WritebackTmp:          0 kB
CommitLimit:      950276 kB
Committed_AS:   42632752 kB
VmallocTotal:     245760 kB
VmallocUsed:       73648 kB
VmallocChunk:      75648 kB
==>Fri Apr  7 23:08:57 2017
MemTotal:        1900556 kB
MemFree:          543912 kB
Buffers:           16268 kB
Cached:           582180 kB
SwapCached:            0 kB
Active:           618608 kB
Inactive:         468728 kB
Active(anon):     489480 kB
Inactive(anon):   100136 kB
Active(file):     129128 kB
Inactive(file):   368592 kB
Unevictable:           0 kB
Mlocked:               0 kB
HighTotal:       1158144 kB
HighFree:          10424 kB
LowTotal:         742412 kB
LowFree:          533488 kB
SwapTotal:             0 kB
SwapFree:              0 kB
Dirty:               108 kB
Writeback:             0 kB
AnonPages:        489208 kB
Mapped:           253992 kB
Shmem:            100180 kB
Slab:              44816 kB
SReclaimable:      19492 kB
SUnreclaim:        25324 kB
KernelStack:       16280 kB
PageTables:        17152 kB
NFS_Unstable:          0 kB
Bounce:                0 kB
WritebackTmp:          0 kB
CommitLimit:      950276 kB
Committed_AS:   42647640 kB
VmallocTotal:     245760 kB
VmallocUsed:       76708 kB
VmallocChunk:      75648 kB
==>Fri Apr  7 23:09:07 2017
MemTotal:        1900556 kB
MemFree:          549500 kB
Buffers:           16276 kB
Cached:           582192 kB
SwapCached:            0 kB
Active:           616372 kB
Inactive:         468736 kB
Active(anon):     487232 kB
Inactive(anon):   100136 kB
Active(file):     129140 kB
Inactive(file):   368600 kB
Unevictable:           0 kB
Mlocked:               0 kB
HighTotal:       1158144 kB
HighFree:           4900 kB
LowTotal:         742412 kB
LowFree:          544600 kB
SwapTotal:             0 kB
SwapFree:              0 kB
Dirty:                56 kB
Writeback:             0 kB
AnonPages:        487236 kB
Mapped:           255092 kB
Shmem:            100180 kB
Slab:              43760 kB
SReclaimable:      19212 kB
SUnreclaim:        24548 kB
KernelStack:       10520 kB
PageTables:        17308 kB
NFS_Unstable:          0 kB
Bounce:                0 kB
WritebackTmp:          0 kB
CommitLimit:      950276 kB
Committed_AS:   42655448 kB
VmallocTotal:     245760 kB
VmallocUsed:       74668 kB
VmallocChunk:      75648 kB
==>Fri Apr  7 23:09:17 2017
MemTotal:        1900556 kB
MemFree:          546020 kB
Buffers:           16316 kB
Cached:           582192 kB
SwapCached:            0 kB
Active:           619300 kB
Inactive:         468668 kB
Active(anon):     490148 kB
Inactive(anon):   100076 kB
Active(file):     129152 kB
Inactive(file):   368592 kB
Unevictable:           0 kB
Mlocked:               0 kB
HighTotal:       1158144 kB
HighFree:           3664 kB
LowTotal:         742412 kB
LowFree:          542356 kB
SwapTotal:             0 kB
SwapFree:              0 kB
Dirty:                80 kB
Writeback:             0 kB
AnonPages:        490156 kB
Mapped:           255128 kB
Shmem:            100120 kB
Slab:              43444 kB
SReclaimable:      19168 kB
SUnreclaim:        24276 kB
KernelStack:       11224 kB
PageTables:        17064 kB
NFS_Unstable:          0 kB
Bounce:                0 kB
WritebackTmp:          0 kB
CommitLimit:      950276 kB
Committed_AS:   42605056 kB
VmallocTotal:     245760 kB
VmallocUsed:       71608 kB
VmallocChunk:      75648 kB
==>Fri Apr  7 23:09:27 2017
MemTotal:        1900556 kB
MemFree:          505536 kB
Buffers:           16332 kB
Cached:           582252 kB
SwapCached:            0 kB
Active:           631620 kB
Inactive:         468696 kB
Active(anon):     502460 kB
Inactive(anon):   100092 kB
Active(file):     129160 kB
Inactive(file):   368604 kB
Unevictable:           0 kB
Mlocked:               0 kB
HighTotal:       1158144 kB
HighFree:           3376 kB
LowTotal:         742412 kB
LowFree:          502160 kB
SwapTotal:             0 kB
SwapFree:              0 kB
Dirty:                28 kB
Writeback:             0 kB
AnonPages:        502468 kB
Mapped:           255200 kB
Shmem:            100140 kB
Slab:              52000 kB
SReclaimable:      20756 kB
SUnreclaim:        31244 kB
KernelStack:       30584 kB
PageTables:        17440 kB
NFS_Unstable:          0 kB
Bounce:                0 kB
WritebackTmp:          0 kB
CommitLimit:      950276 kB
Committed_AS:   42659228 kB
VmallocTotal:     245760 kB
VmallocUsed:       72628 kB
VmallocChunk:      75648 kB
==>Fri Apr  7 23:09:37 2017
MemTotal:        1900556 kB
MemFree:          529512 kB
Buffers:           16340 kB
Cached:           582252 kB
SwapCached:            0 kB
Active:           634496 kB
Inactive:         468704 kB
Active(anon):     505336 kB
Inactive(anon):   100092 kB
Active(file):     129160 kB
Inactive(file):   368612 kB
Unevictable:           0 kB
Mlocked:               0 kB
HighTotal:       1158144 kB
HighFree:           1768 kB
LowTotal:         742412 kB
LowFree:          527744 kB
SwapTotal:             0 kB
SwapFree:              0 kB
Dirty:                20 kB
Writeback:             0 kB
AnonPages:        505268 kB
Mapped:           255392 kB
Shmem:            100140 kB
Slab:              44600 kB
SReclaimable:      19324 kB
SUnreclaim:        25276 kB
KernelStack:       10568 kB
PageTables:        17372 kB
NFS_Unstable:          0 kB
Bounce:                0 kB
WritebackTmp:          0 kB
CommitLimit:      950276 kB
Committed_AS:   42673208 kB
VmallocTotal:     245760 kB
VmallocUsed:       75688 kB
VmallocChunk:      75648 kB
==>Fri Apr  7 23:09:47 2017
MemTotal:        1900556 kB
MemFree:          520524 kB
Buffers:           16340 kB
Cached:           582260 kB
SwapCached:            0 kB
Active:           644212 kB
Inactive:         468712 kB
Active(anon):     515052 kB
Inactive(anon):   100092 kB
Active(file):     129160 kB
Inactive(file):   368620 kB
Unevictable:           0 kB
Mlocked:               0 kB
HighTotal:       1158144 kB
HighFree:           1736 kB
LowTotal:         742412 kB
LowFree:          518788 kB
SwapTotal:             0 kB
SwapFree:              0 kB
Dirty:                 8 kB
Writeback:             0 kB
AnonPages:        514996 kB
Mapped:           255336 kB
Shmem:            100140 kB
Slab:              44260 kB
SReclaimable:      19284 kB
SUnreclaim:        24976 kB
KernelStack:       10616 kB
PageTables:        17404 kB
NFS_Unstable:          0 kB
Bounce:                0 kB
WritebackTmp:          0 kB
CommitLimit:      950276 kB
Committed_AS:   42667864 kB
VmallocTotal:     245760 kB
VmallocUsed:       73648 kB
VmallocChunk:      75648 kB
==>Fri Apr  7 23:09:57 2017
MemTotal:        1900556 kB
MemFree:          504964 kB
Buffers:           16392 kB
Cached:           590676 kB
SwapCached:            0 kB
Active:           649904 kB
Inactive:         477164 kB
Active(anon):     520716 kB
Inactive(anon):   100092 kB
Active(file):     129188 kB
Inactive(file):   377072 kB
Unevictable:           0 kB
Mlocked:               0 kB
HighTotal:       1158144 kB
HighFree:           1804 kB
LowTotal:         742412 kB
LowFree:          503160 kB
SwapTotal:             0 kB
SwapFree:              0 kB
Dirty:                 0 kB
Writeback:             0 kB
AnonPages:        520724 kB
Mapped:           256212 kB
Shmem:            100140 kB
Slab:              44332 kB
SReclaimable:      19368 kB
SUnreclaim:        24964 kB
KernelStack:       11032 kB
PageTables:        17148 kB
NFS_Unstable:          0 kB
Bounce:                0 kB
WritebackTmp:          0 kB
CommitLimit:      950276 kB
Committed_AS:   42638272 kB
VmallocTotal:     245760 kB
VmallocUsed:       76708 kB
VmallocChunk:      75648 kB
==>Fri Apr  7 23:10:07 2017
MemTotal:        1900556 kB
MemFree:          516384 kB
Buffers:           16400 kB
Cached:           590676 kB
SwapCached:            0 kB
Active:           638328 kB
Inactive:         477172 kB
Active(anon):     509140 kB
Inactive(anon):   100092 kB
Active(file):     129188 kB
Inactive(file):   377080 kB
Unevictable:           0 kB
Mlocked:               0 kB
HighTotal:       1158144 kB
HighFree:           1756 kB
LowTotal:         742412 kB
LowFree:          514628 kB
SwapTotal:             0 kB
SwapFree:              0 kB
Dirty:                 0 kB
Writeback:             0 kB
AnonPages:        509284 kB
Mapped:           256648 kB
Shmem:            100140 kB
Slab:              44308 kB
SReclaimable:      19352 kB
SUnreclaim:        24956 kB
KernelStack:       10608 kB
PageTables:        17168 kB
NFS_Unstable:          0 kB
Bounce:                0 kB
WritebackTmp:          0 kB
CommitLimit:      950276 kB
Committed_AS:   42646668 kB
VmallocTotal:     245760 kB
VmallocUsed:       77720 kB
VmallocChunk:      75648 kB
==>Fri Apr  7 23:10:17 2017
MemTotal:        1900556 kB
MemFree:          519896 kB
Buffers:           16428 kB
Cached:           590696 kB
SwapCached:            0 kB
Active:           635384 kB
Inactive:         477204 kB
Active(anon):     506192 kB
Inactive(anon):   100092 kB
Active(file):     129192 kB
Inactive(file):   377112 kB
Unevictable:           0 kB
Mlocked:               0 kB
HighTotal:       1158144 kB
HighFree:           5556 kB
LowTotal:         742412 kB
LowFree:          514340 kB
SwapTotal:             0 kB
SwapFree:              0 kB
Dirty:                32 kB
Writeback:             0 kB
AnonPages:        506108 kB
Mapped:           256656 kB
Shmem:            100140 kB
Slab:              44236 kB
SReclaimable:      19356 kB
SUnreclaim:        24880 kB
KernelStack:       10520 kB
PageTables:        17156 kB
NFS_Unstable:          0 kB
Bounce:                0 kB
WritebackTmp:          0 kB
CommitLimit:      950276 kB
Committed_AS:   42605340 kB
VmallocTotal:     245760 kB
VmallocUsed:       75680 kB
VmallocChunk:      75648 kB
==>Fri Apr  7 23:10:27 2017
MemTotal:        1900556 kB
MemFree:          515672 kB
Buffers:           16436 kB
Cached:           590704 kB
SwapCached:            0 kB
Active:           639448 kB
Inactive:         477224 kB
Active(anon):     510248 kB
Inactive(anon):   100092 kB
Active(file):     129200 kB
Inactive(file):   377132 kB
Unevictable:           0 kB
Mlocked:               0 kB
HighTotal:       1158144 kB
HighFree:           1924 kB
LowTotal:         742412 kB
LowFree:          513748 kB
SwapTotal:             0 kB
SwapFree:              0 kB
Dirty:                 0 kB
Writeback:             0 kB
AnonPages:        510228 kB
Mapped:           256988 kB
Shmem:            100140 kB
Slab:              44136 kB
SReclaimable:      19352 kB
SUnreclaim:        24784 kB
KernelStack:       10528 kB
PageTables:        17172 kB
NFS_Unstable:          0 kB
Bounce:                0 kB
WritebackTmp:          0 kB
CommitLimit:      950276 kB
Committed_AS:   42638472 kB
VmallocTotal:     245760 kB
VmallocUsed:       76700 kB
VmallocChunk:      75648 kB
==>Fri Apr  7 23:10:37 2017
MemTotal:        1900556 kB
MemFree:          512148 kB
Buffers:           16452 kB
Cached:           590696 kB
SwapCached:            0 kB
Active:           642564 kB
Inactive:         477212 kB
Active(anon):     513356 kB
Inactive(anon):   100092 kB
Active(file):     129208 kB
Inactive(file):   377120 kB
Unevictable:           0 kB
Mlocked:               0 kB
HighTotal:       1158144 kB
HighFree:           1820 kB
LowTotal:         742412 kB
LowFree:          510328 kB
SwapTotal:             0 kB
SwapFree:              0 kB
Dirty:                 4 kB
Writeback:             0 kB
AnonPages:        513324 kB
Mapped:           256976 kB
Shmem:            100140 kB
Slab:              44096 kB
SReclaimable:      19352 kB
SUnreclaim:        24744 kB
KernelStack:       10704 kB
PageTables:        17212 kB
NFS_Unstable:          0 kB
Bounce:                0 kB
WritebackTmp:          0 kB
CommitLimit:      950276 kB
Committed_AS:   42642900 kB
VmallocTotal:     245760 kB
VmallocUsed:       77728 kB
VmallocChunk:      75648 kB
==>Fri Apr  7 23:10:47 2017
MemTotal:        1900556 kB
MemFree:          518040 kB
Buffers:           16476 kB
Cached:           590704 kB
SwapCached:            0 kB
Active:           636236 kB
Inactive:         477244 kB
Active(anon):     507028 kB
Inactive(anon):   100092 kB
Active(file):     129208 kB
Inactive(file):   377152 kB
Unevictable:           0 kB
Mlocked:               0 kB
HighTotal:       1158144 kB
HighFree:           2128 kB
LowTotal:         742412 kB
LowFree:          515912 kB
SwapTotal:             0 kB
SwapFree:              0 kB
Dirty:                44 kB
Writeback:             0 kB
AnonPages:        507072 kB
Mapped:           256920 kB
Shmem:            100140 kB
Slab:              44020 kB
SReclaimable:      19348 kB
SUnreclaim:        24672 kB
KernelStack:       10616 kB
PageTables:        17340 kB
NFS_Unstable:          0 kB
Bounce:                0 kB
WritebackTmp:          0 kB
CommitLimit:      950276 kB
Committed_AS:   42654376 kB
VmallocTotal:     245760 kB
VmallocUsed:       75680 kB
VmallocChunk:      75648 kB
==>Fri Apr  7 23:10:57 2017
MemTotal:        1900556 kB
MemFree:          515060 kB
Buffers:           16484 kB
Cached:           590704 kB
SwapCached:            0 kB
Active:           640320 kB
Inactive:         477264 kB
Active(anon):     511112 kB
Inactive(anon):   100092 kB
Active(file):     129208 kB
Inactive(file):   377172 kB
Unevictable:           0 kB
Mlocked:               0 kB
HighTotal:       1158144 kB
HighFree:           1820 kB
LowTotal:         742412 kB
LowFree:          513240 kB
SwapTotal:             0 kB
SwapFree:              0 kB
Dirty:                 0 kB
Writeback:             0 kB
AnonPages:        511168 kB
Mapped:           256948 kB
Shmem:            100140 kB
Slab:              43900 kB
SReclaimable:      19324 kB
SUnreclaim:        24576 kB
KernelStack:       10528 kB
PageTables:        17124 kB
NFS_Unstable:          0 kB
Bounce:                0 kB
WritebackTmp:          0 kB
CommitLimit:      950276 kB
Committed_AS:   42623220 kB
VmallocTotal:     245760 kB
VmallocUsed:       76700 kB
VmallocChunk:      75648 kB
==>Fri Apr  7 23:11:07 2017
MemTotal:        1900556 kB
MemFree:          507932 kB
Buffers:           16484 kB
Cached:           590704 kB
SwapCached:            0 kB
Active:           647812 kB
Inactive:         477252 kB
Active(anon):     518604 kB
Inactive(anon):   100092 kB
Active(file):     129208 kB
Inactive(file):   377160 kB
Unevictable:           0 kB
Mlocked:               0 kB
HighTotal:       1158144 kB
HighFree:           1792 kB
LowTotal:         742412 kB
LowFree:          506140 kB
SwapTotal:             0 kB
SwapFree:              0 kB
Dirty:                 0 kB
Writeback:             0 kB
AnonPages:        518636 kB
Mapped:           256884 kB
Shmem:            100140 kB
Slab:              43904 kB
SReclaimable:      19324 kB
SUnreclaim:        24580 kB
KernelStack:       10472 kB
PageTables:        17296 kB
NFS_Unstable:          0 kB
Bounce:                0 kB
WritebackTmp:          0 kB
CommitLimit:      950276 kB
Committed_AS:   42659008 kB
VmallocTotal:     245760 kB
VmallocUsed:       76708 kB
VmallocChunk:      75648 kB
==>Fri Apr  7 23:11:17 2017
MemTotal:        1900556 kB
MemFree:          505676 kB
Buffers:           16500 kB
Cached:           590704 kB
SwapCached:            0 kB
Active:           648220 kB
Inactive:         477264 kB
Active(anon):     519008 kB
Inactive(anon):   100092 kB
Active(file):     129212 kB
Inactive(file):   377172 kB
Unevictable:           0 kB
Mlocked:               0 kB
HighTotal:       1158144 kB
HighFree:           1788 kB
LowTotal:         742412 kB
LowFree:          503888 kB
SwapTotal:             0 kB
SwapFree:              0 kB
Dirty:                32 kB
Writeback:             0 kB
AnonPages:        518884 kB
Mapped:           256888 kB
Shmem:            100140 kB
Slab:              43896 kB
SReclaimable:      19324 kB
SUnreclaim:        24572 kB
KernelStack:       10512 kB
PageTables:        17144 kB
NFS_Unstable:          0 kB
Bounce:                0 kB
WritebackTmp:          0 kB
CommitLimit:      950276 kB
Committed_AS:   42641888 kB
VmallocTotal:     245760 kB
VmallocUsed:       74668 kB
VmallocChunk:      75648 kB
==>Fri Apr  7 23:11:28 2017
MemTotal:        1900556 kB
MemFree:          516584 kB
Buffers:           16524 kB
Cached:           590732 kB
SwapCached:            0 kB
Active:           638792 kB
Inactive:         477312 kB
Active(anon):     509576 kB
Inactive(anon):   100092 kB
Active(file):     129216 kB
Inactive(file):   377220 kB
Unevictable:           0 kB
Mlocked:               0 kB
HighTotal:       1158144 kB
HighFree:           1772 kB
LowTotal:         742412 kB
LowFree:          514812 kB
SwapTotal:             0 kB
SwapFree:              0 kB
Dirty:                28 kB
Writeback:             0 kB
AnonPages:        509268 kB
Mapped:           256984 kB
Shmem:            100140 kB
Slab:              43764 kB
SReclaimable:      19308 kB
SUnreclaim:        24456 kB
KernelStack:       10528 kB
PageTables:        17132 kB
NFS_Unstable:          0 kB
Bounce:                0 kB
WritebackTmp:          0 kB
CommitLimit:      950276 kB
Committed_AS:   42630408 kB
VmallocTotal:     245760 kB
VmallocUsed:       76700 kB
VmallocChunk:      75648 kB
==>Fri Apr  7 23:11:38 2017
MemTotal:        1900556 kB
MemFree:          511248 kB
Buffers:           16532 kB
Cached:           591944 kB
SwapCached:            0 kB
Active:           642664 kB
Inactive:         478532 kB
Active(anon):     513448 kB
Inactive(anon):   100092 kB
Active(file):     129216 kB
Inactive(file):   378440 kB
Unevictable:           0 kB
Mlocked:               0 kB
HighTotal:       1158144 kB
HighFree:           1804 kB
LowTotal:         742412 kB
LowFree:          509444 kB
SwapTotal:             0 kB
SwapFree:              0 kB
Dirty:                24 kB
Writeback:             0 kB
AnonPages:        513364 kB
Mapped:           257484 kB
Shmem:            100140 kB
Slab:              43984 kB
SReclaimable:      19340 kB
SUnreclaim:        24644 kB
KernelStack:       10624 kB
PageTables:        17132 kB
NFS_Unstable:          0 kB
Bounce:                0 kB
WritebackTmp:          0 kB
CommitLimit:      950276 kB
Committed_AS:   42626416 kB
VmallocTotal:     245760 kB
VmallocUsed:       76700 kB
VmallocChunk:      75648 kB
==>Fri Apr  7 23:11:47 2017
MemTotal:        1900556 kB
MemFree:          505456 kB
Buffers:           16532 kB
Cached:           591944 kB
SwapCached:            0 kB
Active:           647692 kB
Inactive:         478532 kB
Active(anon):     518476 kB
Inactive(anon):   100092 kB
Active(file):     129216 kB
Inactive(file):   378440 kB
Unevictable:           0 kB
Mlocked:               0 kB
HighTotal:       1158144 kB
HighFree:           1652 kB
LowTotal:         742412 kB
LowFree:          503804 kB
SwapTotal:             0 kB
SwapFree:              0 kB
Dirty:                 0 kB
Writeback:             0 kB
AnonPages:        518404 kB
Mapped:           257484 kB
Shmem:            100140 kB
Slab:              43844 kB
SReclaimable:      19324 kB
SUnreclaim:        24520 kB
KernelStack:       10544 kB
PageTables:        17288 kB
NFS_Unstable:          0 kB
Bounce:                0 kB
WritebackTmp:          0 kB
CommitLimit:      950276 kB
Committed_AS:   42633236 kB
VmallocTotal:     245760 kB
VmallocUsed:       75688 kB
VmallocChunk:      75648 kB
==>Fri Apr  7 23:11:58 2017
MemTotal:        1900556 kB
MemFree:          507632 kB
Buffers:           16556 kB
Cached:           591952 kB
SwapCached:            0 kB
Active:           639020 kB
Inactive:         478564 kB
Active(anon):     509804 kB
Inactive(anon):   100092 kB
Active(file):     129216 kB
Inactive(file):   378472 kB
Unevictable:           0 kB
Mlocked:               0 kB
HighTotal:       1158144 kB
HighFree:           1756 kB
LowTotal:         742412 kB
LowFree:          505876 kB
SwapTotal:             0 kB
SwapFree:              0 kB
Dirty:                 4 kB
Writeback:             0 kB
AnonPages:        509832 kB
Mapped:           258808 kB
Shmem:            100140 kB
Slab:              43780 kB
SReclaimable:      19324 kB
SUnreclaim:        24456 kB
KernelStack:       10592 kB
PageTables:        17244 kB
NFS_Unstable:          0 kB
Bounce:                0 kB
WritebackTmp:          0 kB
CommitLimit:      950276 kB
Committed_AS:   42626944 kB
VmallocTotal:     245760 kB
VmallocUsed:       75696 kB
VmallocChunk:      75648 kB
==>Fri Apr  7 23:12:08 2017
MemTotal:        1900556 kB
MemFree:          506456 kB
Buffers:           16580 kB
Cached:           591964 kB
SwapCached:            0 kB
Active:           642176 kB
Inactive:         478600 kB
Active(anon):     512960 kB
Inactive(anon):   100092 kB
Active(file):     129216 kB
Inactive(file):   378508 kB
Unevictable:           0 kB
Mlocked:               0 kB
HighTotal:       1158144 kB
HighFree:           1804 kB
LowTotal:         742412 kB
LowFree:          504652 kB
SwapTotal:             0 kB
SwapFree:              0 kB
Dirty:                44 kB
Writeback:             0 kB
AnonPages:        512968 kB
Mapped:           260364 kB
Shmem:            100140 kB
Slab:              44044 kB
SReclaimable:      19360 kB
SUnreclaim:        24684 kB
KernelStack:       10664 kB
PageTables:        17176 kB
NFS_Unstable:          0 kB
Bounce:                0 kB
WritebackTmp:          0 kB
CommitLimit:      950276 kB
Committed_AS:   42614072 kB
VmallocTotal:     245760 kB
VmallocUsed:       73640 kB
VmallocChunk:      75648 kB
==>Fri Apr  7 23:12:17 2017
MemTotal:        1900556 kB
MemFree:          506144 kB
Buffers:           16596 kB
Cached:           591972 kB
SwapCached:            0 kB
Active:           641104 kB
Inactive:         478628 kB
Active(anon):     511880 kB
Inactive(anon):   100092 kB
Active(file):     129224 kB
Inactive(file):   378536 kB
Unevictable:           0 kB
Mlocked:               0 kB
HighTotal:       1158144 kB
HighFree:           1772 kB
LowTotal:         742412 kB
LowFree:          504372 kB
SwapTotal:             0 kB
SwapFree:              0 kB
Dirty:                16 kB
Writeback:             0 kB
AnonPages:        511836 kB
Mapped:           260348 kB
Shmem:            100140 kB
Slab:              44028 kB
SReclaimable:      19364 kB
SUnreclaim:        24664 kB
KernelStack:       10680 kB
PageTables:        17352 kB
NFS_Unstable:          0 kB
Bounce:                0 kB
WritebackTmp:          0 kB
CommitLimit:      950276 kB
Committed_AS:   42620816 kB
VmallocTotal:     245760 kB
VmallocUsed:       72628 kB
VmallocChunk:      75648 kB
==>Fri Apr  7 23:12:28 2017
MemTotal:        1900556 kB
MemFree:          501568 kB
Buffers:           16608 kB
Cached:           592020 kB
SwapCached:            0 kB
Active:           642204 kB
Inactive:         478652 kB
Active(anon):     512956 kB
Inactive(anon):   100092 kB
Active(file):     129248 kB
Inactive(file):   378560 kB
Unevictable:           0 kB
Mlocked:               0 kB
HighTotal:       1158144 kB
HighFree:           1740 kB
LowTotal:         742412 kB
LowFree:          499828 kB
SwapTotal:             0 kB
SwapFree:              0 kB
Dirty:                 0 kB
Writeback:             0 kB
AnonPages:        512916 kB
Mapped:           260568 kB
Shmem:            100140 kB
Slab:              43920 kB
SReclaimable:      19348 kB
SUnreclaim:        24572 kB
KernelStack:       10624 kB
PageTables:        17400 kB
NFS_Unstable:          0 kB
Bounce:                0 kB
WritebackTmp:          0 kB
CommitLimit:      950276 kB
Committed_AS:   42639000 kB
VmallocTotal:     245760 kB
VmallocUsed:       74676 kB
VmallocChunk:      75648 kB
==>Fri Apr  7 23:12:37 2017
MemTotal:        1900556 kB
MemFree:          490704 kB
Buffers:           16616 kB
Cached:           592024 kB
SwapCached:            0 kB
Active:           652660 kB
Inactive:         478656 kB
Active(anon):     523404 kB
Inactive(anon):   100092 kB
Active(file):     129256 kB
Inactive(file):   378564 kB
Unevictable:           0 kB
Mlocked:               0 kB
HighTotal:       1158144 kB
HighFree:           1704 kB
LowTotal:         742412 kB
LowFree:          489000 kB
SwapTotal:             0 kB
SwapFree:              0 kB
Dirty:                28 kB
Writeback:             0 kB
AnonPages:        523440 kB
Mapped:           260572 kB
Shmem:            100140 kB
Slab:              43948 kB
SReclaimable:      19344 kB
SUnreclaim:        24604 kB
KernelStack:       10696 kB
PageTables:        17468 kB
NFS_Unstable:          0 kB
Bounce:                0 kB
WritebackTmp:          0 kB
CommitLimit:      950276 kB
Committed_AS:   42658724 kB
VmallocTotal:     245760 kB
VmallocUsed:       74676 kB
VmallocChunk:      75648 kB
==>Fri Apr  7 23:12:48 2017
MemTotal:        1900556 kB
MemFree:          493684 kB
Buffers:           16636 kB
Cached:           592096 kB
SwapCached:            0 kB
Active:           642608 kB
Inactive:         478724 kB
Active(anon):     513328 kB
Inactive(anon):   100092 kB
Active(file):     129280 kB
Inactive(file):   378632 kB
Unevictable:           0 kB
Mlocked:               0 kB
HighTotal:       1158144 kB
HighFree:           1796 kB
LowTotal:         742412 kB
LowFree:          491888 kB
SwapTotal:             0 kB
SwapFree:              0 kB
Dirty:                48 kB
Writeback:             0 kB
AnonPages:        513044 kB
Mapped:           261232 kB
Shmem:            100140 kB
Slab:              43800 kB
SReclaimable:      19344 kB
SUnreclaim:        24456 kB
KernelStack:       10584 kB
PageTables:        17344 kB
NFS_Unstable:          0 kB
Bounce:                0 kB
WritebackTmp:          0 kB
CommitLimit:      950276 kB
Committed_AS:   42606600 kB
VmallocTotal:     245760 kB
VmallocUsed:       69612 kB
VmallocChunk:      75648 kB
==>Fri Apr  7 23:12:58 2017
MemTotal:        1900556 kB
MemFree:          503028 kB
Buffers:           16652 kB
Cached:           592096 kB
SwapCached:            0 kB
Active:           644196 kB
Inactive:         478740 kB
Active(anon):     514908 kB
Inactive(anon):   100092 kB
Active(file):     129288 kB
Inactive(file):   378648 kB
Unevictable:           0 kB
Mlocked:               0 kB
HighTotal:       1158144 kB
HighFree:           1764 kB
LowTotal:         742412 kB
LowFree:          501264 kB
SwapTotal:             0 kB
SwapFree:              0 kB
Dirty:                 4 kB
Writeback:             0 kB
AnonPages:        514920 kB
Mapped:           261416 kB
Shmem:            100140 kB
Slab:              43940 kB
SReclaimable:      19360 kB
SUnreclaim:        24580 kB
KernelStack:       10504 kB
PageTables:        17268 kB
NFS_Unstable:          0 kB
Bounce:                0 kB
WritebackTmp:          0 kB
CommitLimit:      950276 kB
Committed_AS:   42631040 kB
VmallocTotal:     245760 kB
VmallocUsed:       70588 kB
VmallocChunk:      75648 kB
==>Fri Apr  7 23:13:08 2017
MemTotal:        1900556 kB
MemFree:          497240 kB
Buffers:           16660 kB
Cached:           592096 kB
SwapCached:            0 kB
Active:           649576 kB
Inactive:         478748 kB
Active(anon):     520288 kB
Inactive(anon):   100092 kB
Active(file):     129288 kB
Inactive(file):   378656 kB
Unevictable:           0 kB
Mlocked:               0 kB
HighTotal:       1158144 kB
HighFree:           1752 kB
LowTotal:         742412 kB
LowFree:          495488 kB
SwapTotal:             0 kB
SwapFree:              0 kB
Dirty:                 4 kB
Writeback:             0 kB
AnonPages:        520276 kB
Mapped:           261436 kB
Shmem:            100140 kB
Slab:              43948 kB
SReclaimable:      19336 kB
SUnreclaim:        24612 kB
KernelStack:       10632 kB
PageTables:        17336 kB
NFS_Unstable:          0 kB
Bounce:                0 kB
WritebackTmp:          0 kB
CommitLimit:      950276 kB
Committed_AS:   42650180 kB
VmallocTotal:     245760 kB
VmallocUsed:       74660 kB
VmallocChunk:      75648 kB
==>Fri Apr  7 23:13:18 2017
MemTotal:        1900556 kB
MemFree:          505420 kB
Buffers:           16676 kB
Cached:           592096 kB
SwapCached:            0 kB
Active:           640556 kB
Inactive:         478768 kB
Active(anon):     511268 kB
Inactive(anon):   100092 kB
Active(file):     129288 kB
Inactive(file):   378676 kB
Unevictable:           0 kB
Mlocked:               0 kB
HighTotal:       1158144 kB
HighFree:           3208 kB
LowTotal:         742412 kB
LowFree:          502212 kB
SwapTotal:             0 kB
SwapFree:              0 kB
Dirty:                28 kB
Writeback:             0 kB
AnonPages:        511188 kB
Mapped:           261416 kB
Shmem:            100140 kB
Slab:              43972 kB
SReclaimable:      19324 kB
SUnreclaim:        24648 kB
KernelStack:       10520 kB
PageTables:        17232 kB
NFS_Unstable:          0 kB
Bounce:                0 kB
WritebackTmp:          0 kB
CommitLimit:      950276 kB
Committed_AS:   42613480 kB
VmallocTotal:     245760 kB
VmallocUsed:       68540 kB
VmallocChunk:      75648 kB
==>Fri Apr  7 23:13:28 2017
MemTotal:        1900556 kB
MemFree:          498448 kB
Buffers:           16700 kB
Cached:           592104 kB
SwapCached:            0 kB
Active:           645068 kB
Inactive:         478788 kB
Active(anon):     515780 kB
Inactive(anon):   100092 kB
Active(file):     129288 kB
Inactive(file):   378696 kB
Unevictable:           0 kB
Mlocked:               0 kB
HighTotal:       1158144 kB
HighFree:           1808 kB
LowTotal:         742412 kB
LowFree:          496640 kB
SwapTotal:             0 kB
SwapFree:              0 kB
Dirty:                24 kB
Writeback:             0 kB
AnonPages:        515740 kB
Mapped:           261320 kB
Shmem:            100140 kB
Slab:              43900 kB
SReclaimable:      19360 kB
SUnreclaim:        24540 kB
KernelStack:       10616 kB
PageTables:        17400 kB
NFS_Unstable:          0 kB
Bounce:                0 kB
WritebackTmp:          0 kB
CommitLimit:      950276 kB
Committed_AS:   42628020 kB
VmallocTotal:     245760 kB
VmallocUsed:       71616 kB
VmallocChunk:      75648 kB
==>Fri Apr  7 23:13:38 2017
MemTotal:        1900556 kB
MemFree:          499832 kB
Buffers:           16716 kB
Cached:           592108 kB
SwapCached:            0 kB
Active:           642328 kB
Inactive:         478808 kB
Active(anon):     513040 kB
Inactive(anon):   100092 kB
Active(file):     129288 kB
Inactive(file):   378716 kB
Unevictable:           0 kB
Mlocked:               0 kB
HighTotal:       1158144 kB
HighFree:           3044 kB
LowTotal:         742412 kB
LowFree:          496788 kB
SwapTotal:             0 kB
SwapFree:              0 kB
Dirty:                72 kB
Writeback:             0 kB
AnonPages:        512888 kB
Mapped:           261380 kB
Shmem:            100140 kB
Slab:              43860 kB
SReclaimable:      19328 kB
SUnreclaim:        24532 kB
KernelStack:       10640 kB
PageTables:        17452 kB
NFS_Unstable:          0 kB
Bounce:                0 kB
WritebackTmp:          0 kB
CommitLimit:      950276 kB
Committed_AS:   42615660 kB
VmallocTotal:     245760 kB
VmallocUsed:       70604 kB
VmallocChunk:      75648 kB
==>Fri Apr  7 23:13:48 2017
MemTotal:        1900556 kB
MemFree:          491376 kB
Buffers:           16732 kB
Cached:           592116 kB
SwapCached:            0 kB
Active:           655764 kB
Inactive:         478832 kB
Active(anon):     526468 kB
Inactive(anon):   100092 kB
Active(file):     129296 kB
Inactive(file):   378740 kB
Unevictable:           0 kB
Mlocked:               0 kB
HighTotal:       1158144 kB
HighFree:           1788 kB
LowTotal:         742412 kB
LowFree:          489588 kB
SwapTotal:             0 kB
SwapFree:              0 kB
Dirty:                48 kB
Writeback:             0 kB
AnonPages:        526364 kB
Mapped:           261652 kB
Shmem:            100140 kB
Slab:              43796 kB
SReclaimable:      19316 kB
SUnreclaim:        24480 kB
KernelStack:       10608 kB
PageTables:        17112 kB
NFS_Unstable:          0 kB
Bounce:                0 kB
WritebackTmp:          0 kB
CommitLimit:      950276 kB
Committed_AS:   42637488 kB
VmallocTotal:     245760 kB
VmallocUsed:       72628 kB
VmallocChunk:      75648 kB
==>Fri Apr  7 23:13:58 2017
MemTotal:        1900556 kB
MemFree:          504040 kB
Buffers:           16740 kB
Cached:           592116 kB
SwapCached:            0 kB
Active:           643424 kB
Inactive:         478840 kB
Active(anon):     514128 kB
Inactive(anon):   100092 kB
Active(file):     129296 kB
Inactive(file):   378748 kB
Unevictable:           0 kB
Mlocked:               0 kB
HighTotal:       1158144 kB
HighFree:           1724 kB
LowTotal:         742412 kB
LowFree:          502316 kB
SwapTotal:             0 kB
SwapFree:              0 kB
Dirty:                 4 kB
Writeback:             0 kB
AnonPages:        514136 kB
Mapped:           261648 kB
Shmem:            100140 kB
Slab:              43724 kB
SReclaimable:      19316 kB
SUnreclaim:        24408 kB
KernelStack:       10528 kB
PageTables:        17328 kB
NFS_Unstable:          0 kB
Bounce:                0 kB
WritebackTmp:          0 kB
CommitLimit:      950276 kB
Committed_AS:   42644832 kB
VmallocTotal:     245760 kB
VmallocUsed:       72628 kB
VmallocChunk:      75648 kB
==>Fri Apr  7 23:14:08 2017
MemTotal:        1900556 kB
MemFree:          504604 kB
Buffers:           16748 kB
Cached:           592084 kB
SwapCached:            0 kB
Active:           641836 kB
Inactive:         478832 kB
Active(anon):     512564 kB
Inactive(anon):   100092 kB
Active(file):     129272 kB
Inactive(file):   378740 kB
Unevictable:           0 kB
Mlocked:               0 kB
HighTotal:       1158144 kB
HighFree:           2232 kB
LowTotal:         742412 kB
LowFree:          502372 kB
SwapTotal:             0 kB
SwapFree:              0 kB
Dirty:                 8 kB
Writeback:             0 kB
AnonPages:        512644 kB
Mapped:           261388 kB
Shmem:            100140 kB
Slab:              43676 kB
SReclaimable:      19316 kB
SUnreclaim:        24360 kB
KernelStack:       10768 kB
PageTables:        17228 kB
NFS_Unstable:          0 kB
Bounce:                0 kB
WritebackTmp:          0 kB
CommitLimit:      950276 kB
Committed_AS:   42614976 kB
VmallocTotal:     245760 kB
VmallocUsed:       69560 kB
VmallocChunk:      75648 kB
==>Fri Apr  7 23:14:18 2017
MemTotal:        1900556 kB
MemFree:          491336 kB
Buffers:           16764 kB
Cached:           592084 kB
SwapCached:            0 kB
Active:           642444 kB
Inactive:         478848 kB
Active(anon):     513172 kB
Inactive(anon):   100092 kB
Active(file):     129272 kB
Inactive(file):   378756 kB
Unevictable:           0 kB
Mlocked:               0 kB
HighTotal:       1158144 kB
HighFree:           1904 kB
LowTotal:         742412 kB
LowFree:          489432 kB
SwapTotal:             0 kB
SwapFree:              0 kB
Dirty:                28 kB
Writeback:             0 kB
AnonPages:        513200 kB
Mapped:           261380 kB
Shmem:            100140 kB
Slab:              45608 kB
SReclaimable:      19804 kB
SUnreclaim:        25804 kB
KernelStack:       18448 kB
PageTables:        17180 kB
NFS_Unstable:          0 kB
Bounce:                0 kB
WritebackTmp:          0 kB
CommitLimit:      950276 kB
Committed_AS:   42586480 kB
VmallocTotal:     245760 kB
VmallocUsed:       69576 kB
VmallocChunk:      75648 kB
==>Fri Apr  7 23:14:28 2017
MemTotal:        1900556 kB
MemFree:          463828 kB
Buffers:           16780 kB
Cached:           592092 kB
SwapCached:            0 kB
Active:           644568 kB
Inactive:         478872 kB
Active(anon):     515296 kB
Inactive(anon):   100092 kB
Active(file):     129272 kB
Inactive(file):   378780 kB
Unevictable:           0 kB
Mlocked:               0 kB
HighTotal:       1158144 kB
HighFree:           1732 kB
LowTotal:         742412 kB
LowFree:          462096 kB
SwapTotal:             0 kB
SwapFree:              0 kB
Dirty:                 8 kB
Writeback:             0 kB
AnonPages:        515212 kB
Mapped:           261420 kB
Shmem:            100140 kB
Slab:              55224 kB
SReclaimable:      21548 kB
SUnreclaim:        33676 kB
KernelStack:       38000 kB
PageTables:        17104 kB
NFS_Unstable:          0 kB
Bounce:                0 kB
WritebackTmp:          0 kB
CommitLimit:      950276 kB
Committed_AS:   42620272 kB
VmallocTotal:     245760 kB
VmallocUsed:       71600 kB
VmallocChunk:      75648 kB
==>Fri Apr  7 23:14:38 2017
MemTotal:        1900556 kB
MemFree:          485952 kB
Buffers:           16788 kB
Cached:           592092 kB
SwapCached:            0 kB
Active:           647944 kB
Inactive:         478884 kB
Active(anon):     518672 kB
Inactive(anon):   100092 kB
Active(file):     129272 kB
Inactive(file):   378792 kB
Unevictable:           0 kB
Mlocked:               0 kB
HighTotal:       1158144 kB
HighFree:           1784 kB
LowTotal:         742412 kB
LowFree:          484168 kB
SwapTotal:             0 kB
SwapFree:              0 kB
Dirty:                28 kB
Writeback:             0 kB
AnonPages:        518660 kB
Mapped:           261472 kB
Shmem:            100140 kB
Slab:              45824 kB
SReclaimable:      19620 kB
SUnreclaim:        26204 kB
KernelStack:       10640 kB
PageTables:        17396 kB
NFS_Unstable:          0 kB
Bounce:                0 kB
WritebackTmp:          0 kB
CommitLimit:      950276 kB
Committed_AS:   42643096 kB
VmallocTotal:     245760 kB
VmallocUsed:       76716 kB
VmallocChunk:      75648 kB
==>Fri Apr  7 23:14:48 2017
MemTotal:        1900556 kB
MemFree:          493948 kB
Buffers:           16812 kB
Cached:           592116 kB
SwapCached:            0 kB
Active:           644164 kB
Inactive:         478928 kB
Active(anon):     514892 kB
Inactive(anon):   100092 kB
Active(file):     129272 kB
Inactive(file):   378836 kB
Unevictable:           0 kB
Mlocked:               0 kB
HighTotal:       1158144 kB
HighFree:           1744 kB
LowTotal:         742412 kB
LowFree:          492204 kB
SwapTotal:             0 kB
SwapFree:              0 kB
Dirty:                56 kB
Writeback:             0 kB
AnonPages:        514944 kB
Mapped:           260880 kB
Shmem:            100140 kB
Slab:              44532 kB
SReclaimable:      19444 kB
SUnreclaim:        25088 kB
KernelStack:       10648 kB
PageTables:        17236 kB
NFS_Unstable:          0 kB
Bounce:                0 kB
WritebackTmp:          0 kB
CommitLimit:      950276 kB
Committed_AS:   42621612 kB
VmallocTotal:     245760 kB
VmallocUsed:       71600 kB
VmallocChunk:      75648 kB
==>Fri Apr  7 23:14:58 2017
MemTotal:        1900556 kB
MemFree:          496916 kB
Buffers:           16820 kB
Cached:           592132 kB
SwapCached:            0 kB
Active:           643008 kB
Inactive:         478940 kB
Active(anon):     513720 kB
Inactive(anon):   100092 kB
Active(file):     129288 kB
Inactive(file):   378848 kB
Unevictable:           0 kB
Mlocked:               0 kB
HighTotal:       1158144 kB
HighFree:           1752 kB
LowTotal:         742412 kB
LowFree:          495164 kB
SwapTotal:             0 kB
SwapFree:              0 kB
Dirty:                 0 kB
Writeback:             0 kB
AnonPages:        513744 kB
Mapped:           260888 kB
Shmem:            100140 kB
Slab:              44076 kB
SReclaimable:      19332 kB
SUnreclaim:        24744 kB
KernelStack:       10576 kB
PageTables:        17124 kB
NFS_Unstable:          0 kB
Bounce:                0 kB
WritebackTmp:          0 kB
CommitLimit:      950276 kB
Committed_AS:   42596604 kB
VmallocTotal:     245760 kB
VmallocUsed:       68540 kB
VmallocChunk:      75648 kB
==>Fri Apr  7 23:15:08 2017
MemTotal:        1900556 kB
MemFree:          491044 kB
Buffers:           16820 kB
Cached:           592132 kB
SwapCached:            0 kB
Active:           648752 kB
Inactive:         478932 kB
Active(anon):     519456 kB
Inactive(anon):   100092 kB
Active(file):     129296 kB
Inactive(file):   378840 kB
Unevictable:           0 kB
Mlocked:               0 kB
HighTotal:       1158144 kB
HighFree:           1804 kB
LowTotal:         742412 kB
LowFree:          489240 kB
SwapTotal:             0 kB
SwapFree:              0 kB
Dirty:                 4 kB
Writeback:             0 kB
AnonPages:        519408 kB
Mapped:           260900 kB
Shmem:            100140 kB
Slab:              44136 kB
SReclaimable:      19332 kB
SUnreclaim:        24804 kB
KernelStack:       10600 kB
PageTables:        17092 kB
NFS_Unstable:          0 kB
Bounce:                0 kB
WritebackTmp:          0 kB
CommitLimit:      950276 kB
Committed_AS:   42596472 kB
VmallocTotal:     245760 kB
VmallocUsed:       70588 kB
VmallocChunk:      75648 kB
==>Fri Apr  7 23:15:18 2017
MemTotal:        1900556 kB
MemFree:          493020 kB
Buffers:           16828 kB
Cached:           592132 kB
SwapCached:            0 kB
Active:           646700 kB
Inactive:         478940 kB
Active(anon):     517404 kB
Inactive(anon):   100092 kB
Active(file):     129296 kB
Inactive(file):   378848 kB
Unevictable:           0 kB
Mlocked:               0 kB
HighTotal:       1158144 kB
HighFree:           1768 kB
LowTotal:         742412 kB
LowFree:          491252 kB
SwapTotal:             0 kB
SwapFree:              0 kB
Dirty:                 0 kB
Writeback:             0 kB
AnonPages:        517360 kB
Mapped:           260928 kB
Shmem:            100140 kB
Slab:              44160 kB
SReclaimable:      19332 kB
SUnreclaim:        24828 kB
KernelStack:       10632 kB
PageTables:        17364 kB
NFS_Unstable:          0 kB
Bounce:                0 kB
WritebackTmp:          0 kB
CommitLimit:      950276 kB
Committed_AS:   42659056 kB
VmallocTotal:     245760 kB
VmallocUsed:       74668 kB
VmallocChunk:      75648 kB
==>Fri Apr  7 23:15:28 2017
MemTotal:        1900556 kB
MemFree:          474744 kB
Buffers:           16892 kB
Cached:           603128 kB
SwapCached:            0 kB
Active:           651748 kB
Inactive:         488824 kB
Active(anon):     521364 kB
Inactive(anon):   100092 kB
Active(file):     130384 kB
Inactive(file):   388732 kB
Unevictable:           0 kB
Mlocked:               0 kB
HighTotal:       1158144 kB
HighFree:           1772 kB
LowTotal:         742412 kB
LowFree:          472972 kB
SwapTotal:             0 kB
SwapFree:              0 kB
Dirty:              6704 kB
Writeback:             0 kB
AnonPages:        521252 kB
Mapped:           262220 kB
Shmem:            100140 kB
Slab:              44236 kB
SReclaimable:      19452 kB
SUnreclaim:        24784 kB
KernelStack:       10600 kB
PageTables:        17284 kB
NFS_Unstable:          0 kB
Bounce:                0 kB
WritebackTmp:          0 kB
CommitLimit:      950276 kB
Committed_AS:   42600400 kB
VmallocTotal:     245760 kB
VmallocUsed:       73648 kB
VmallocChunk:      75648 kB
==>Fri Apr  7 23:15:38 2017
MemTotal:        1900556 kB
MemFree:          458064 kB
Buffers:           16960 kB
Cached:           614604 kB
SwapCached:            0 kB
Active:           658672 kB
Inactive:         500424 kB
Active(anon):     528268 kB
Inactive(anon):   100092 kB
Active(file):     130404 kB
Inactive(file):   400332 kB
Unevictable:           0 kB
Mlocked:               0 kB
HighTotal:       1158144 kB
HighFree:           1784 kB
LowTotal:         742412 kB
LowFree:          456280 kB
SwapTotal:             0 kB
SwapFree:              0 kB
Dirty:                68 kB
Writeback:             0 kB
AnonPages:        528236 kB
Mapped:           261068 kB
Shmem:            100140 kB
Slab:              44768 kB
SReclaimable:      19604 kB
SUnreclaim:        25164 kB
KernelStack:       10648 kB
PageTables:        17580 kB
NFS_Unstable:          0 kB
Bounce:                0 kB
WritebackTmp:          0 kB
CommitLimit:      950276 kB
Committed_AS:   42692328 kB
VmallocTotal:     245760 kB
VmallocUsed:       75688 kB
VmallocChunk:      75648 kB
==>Fri Apr  7 23:15:48 2017
MemTotal:        1900556 kB
MemFree:          469952 kB
Buffers:           16968 kB
Cached:           614604 kB
SwapCached:            0 kB
Active:           646156 kB
Inactive:         500436 kB
Active(anon):     515752 kB
Inactive(anon):   100092 kB
Active(file):     130404 kB
Inactive(file):   400344 kB
Unevictable:           0 kB
Mlocked:               0 kB
HighTotal:       1158144 kB
HighFree:           2456 kB
LowTotal:         742412 kB
LowFree:          467496 kB
SwapTotal:             0 kB
SwapFree:              0 kB
Dirty:                 8 kB
Writeback:             0 kB
AnonPages:        515700 kB
Mapped:           261168 kB
Shmem:            100140 kB
Slab:              44708 kB
SReclaimable:      19604 kB
SUnreclaim:        25104 kB
KernelStack:       11136 kB
PageTables:        17416 kB
NFS_Unstable:          0 kB
Bounce:                0 kB
WritebackTmp:          0 kB
CommitLimit:      950276 kB
Committed_AS:   42665988 kB
VmallocTotal:     245760 kB
VmallocUsed:       74668 kB
VmallocChunk:      75648 kB
==>Fri Apr  7 23:15:58 2017
MemTotal:        1900556 kB
MemFree:          483272 kB
Buffers:           16992 kB
Cached:           614696 kB
SwapCached:            0 kB
Active:           633144 kB
Inactive:         500540 kB
Active(anon):     502724 kB
Inactive(anon):   100076 kB
Active(file):     130420 kB
Inactive(file):   400464 kB
Unevictable:           0 kB
Mlocked:               0 kB
HighTotal:       1158144 kB
HighFree:           6216 kB
LowTotal:         742412 kB
LowFree:          477056 kB
SwapTotal:             0 kB
SwapFree:              0 kB
Dirty:                20 kB
Writeback:             0 kB
AnonPages:        502712 kB
Mapped:           261284 kB
Shmem:            100120 kB
Slab:              44692 kB
SReclaimable:      19612 kB
SUnreclaim:        25080 kB
KernelStack:       10632 kB
PageTables:        17440 kB
NFS_Unstable:          0 kB
Bounce:                0 kB
WritebackTmp:          0 kB
CommitLimit:      950276 kB
Committed_AS:   42683840 kB
VmallocTotal:     245760 kB
VmallocUsed:       76700 kB
VmallocChunk:      75648 kB
==>Fri Apr  7 23:16:08 2017
MemTotal:        1900556 kB
MemFree:          493324 kB
Buffers:           17072 kB
Cached:           614836 kB
SwapCached:            0 kB
Active:           626368 kB
Inactive:         499820 kB
Active(anon):     494908 kB
Inactive(anon):   100076 kB
Active(file):     131460 kB
Inactive(file):   399744 kB
Unevictable:           0 kB
Mlocked:               0 kB
HighTotal:       1158144 kB
HighFree:           2572 kB
LowTotal:         742412 kB
LowFree:          490752 kB
SwapTotal:             0 kB
SwapFree:              0 kB
Dirty:                 8 kB
Writeback:             0 kB
AnonPages:        494836 kB
Mapped:           259872 kB
Shmem:            100120 kB
Slab:              44764 kB
SReclaimable:      19616 kB
SUnreclaim:        25148 kB
KernelStack:       10480 kB
PageTables:        16820 kB
NFS_Unstable:          0 kB
Bounce:                0 kB
WritebackTmp:          0 kB
CommitLimit:      950276 kB
Committed_AS:   41418532 kB
VmallocTotal:     245760 kB
VmallocUsed:       71600 kB
VmallocChunk:      75648 kB
==>Fri Apr  7 23:16:18 2017
MemTotal:        1900556 kB
MemFree:          494036 kB
Buffers:           17088 kB
Cached:           614844 kB
SwapCached:            0 kB
Active:           626132 kB
Inactive:         499844 kB
Active(anon):     494660 kB
Inactive(anon):   100076 kB
Active(file):     131472 kB
Inactive(file):   399768 kB
Unevictable:           0 kB
Mlocked:               0 kB
HighTotal:       1158144 kB
HighFree:           6436 kB
LowTotal:         742412 kB
LowFree:          487600 kB
SwapTotal:             0 kB
SwapFree:              0 kB
Dirty:                 0 kB
Writeback:             0 kB
AnonPages:        494660 kB
Mapped:           259872 kB
Shmem:            100120 kB
Slab:              44764 kB
SReclaimable:      19608 kB
SUnreclaim:        25156 kB
KernelStack:       10496 kB
PageTables:        17072 kB
NFS_Unstable:          0 kB
Bounce:                0 kB
WritebackTmp:          0 kB
CommitLimit:      950276 kB
Committed_AS:   41451140 kB
VmallocTotal:     245760 kB
VmallocUsed:       72620 kB
VmallocChunk:      75648 kB
==>Fri Apr  7 23:16:28 2017
MemTotal:        1900556 kB
MemFree:          488612 kB
Buffers:           17296 kB
Cached:           622240 kB
SwapCached:            0 kB
Active:           624348 kB
Inactive:         507396 kB
Active(anon):     492840 kB
Inactive(anon):   100092 kB
Active(file):     131508 kB
Inactive(file):   407304 kB
Unevictable:           0 kB
Mlocked:               0 kB
HighTotal:       1158144 kB
HighFree:           6884 kB
LowTotal:         742412 kB
LowFree:          481728 kB
SwapTotal:             0 kB
SwapFree:              0 kB
Dirty:               124 kB
Writeback:           224 kB
AnonPages:        492928 kB
Mapped:           257792 kB
Shmem:            100140 kB
Slab:              44500 kB
SReclaimable:      19704 kB
SUnreclaim:        24796 kB
KernelStack:       11232 kB
PageTables:        16952 kB
NFS_Unstable:          0 kB
Bounce:                0 kB
WritebackTmp:          0 kB
CommitLimit:      950276 kB
Committed_AS:   41415864 kB
VmallocTotal:     245760 kB
VmallocUsed:       69568 kB
VmallocChunk:      75648 kB
==>Fri Apr  7 23:16:38 2017
MemTotal:        1900556 kB
MemFree:          487604 kB
Buffers:           17336 kB
Cached:           622456 kB
SwapCached:            0 kB
Active:           625752 kB
Inactive:         507640 kB
Active(anon):     494228 kB
Inactive(anon):   100076 kB
Active(file):     131524 kB
Inactive(file):   407564 kB
Unevictable:           0 kB
Mlocked:               0 kB
HighTotal:       1158144 kB
HighFree:           4064 kB
LowTotal:         742412 kB
LowFree:          483540 kB
SwapTotal:             0 kB
SwapFree:              0 kB
Dirty:                48 kB
Writeback:             0 kB
AnonPages:        494248 kB
Mapped:           259596 kB
Shmem:            100120 kB
Slab:              44332 kB
SReclaimable:      19696 kB
SUnreclaim:        24636 kB
KernelStack:       10544 kB
PageTables:        16988 kB
NFS_Unstable:          0 kB
Bounce:                0 kB
WritebackTmp:          0 kB
CommitLimit:      950276 kB
Committed_AS:   41426360 kB
VmallocTotal:     245760 kB
VmallocUsed:       70588 kB
VmallocChunk:      75648 kB
==>Fri Apr  7 23:16:48 2017
MemTotal:        1900556 kB
MemFree:          482372 kB
Buffers:           17368 kB
Cached:           622456 kB
SwapCached:            0 kB
Active:           630392 kB
Inactive:         507668 kB
Active(anon):     498864 kB
Inactive(anon):   100076 kB
Active(file):     131528 kB
Inactive(file):   407592 kB
Unevictable:           0 kB
Mlocked:               0 kB
HighTotal:       1158144 kB
HighFree:           1812 kB
LowTotal:         742412 kB
LowFree:          480560 kB
SwapTotal:             0 kB
SwapFree:              0 kB
Dirty:                64 kB
Writeback:             0 kB
AnonPages:        498880 kB
Mapped:           259628 kB
Shmem:            100120 kB
Slab:              44416 kB
SReclaimable:      19696 kB
SUnreclaim:        24720 kB
KernelStack:       10720 kB
PageTables:        17040 kB
NFS_Unstable:          0 kB
Bounce:                0 kB
WritebackTmp:          0 kB
CommitLimit:      950276 kB
Committed_AS:   41446924 kB
VmallocTotal:     245760 kB
VmallocUsed:       72620 kB
VmallocChunk:      75648 kB
==>Fri Apr  7 23:16:58 2017
MemTotal:        1900556 kB
MemFree:          475196 kB
Buffers:           17392 kB
Cached:           622472 kB
SwapCached:            0 kB
Active:           637064 kB
Inactive:         507700 kB
Active(anon):     505528 kB
Inactive(anon):   100076 kB
Active(file):     131536 kB
Inactive(file):   407624 kB
Unevictable:           0 kB
Mlocked:               0 kB
HighTotal:       1158144 kB
HighFree:           1772 kB
LowTotal:         742412 kB
LowFree:          473424 kB
SwapTotal:             0 kB
SwapFree:              0 kB
Dirty:                 0 kB
Writeback:             0 kB
AnonPages:        505516 kB
Mapped:           259688 kB
Shmem:            100120 kB
Slab:              44384 kB
SReclaimable:      19696 kB
SUnreclaim:        24688 kB
KernelStack:       11400 kB
PageTables:        16972 kB
NFS_Unstable:          0 kB
Bounce:                0 kB
WritebackTmp:          0 kB
CommitLimit:      950276 kB
Committed_AS:   41441224 kB
VmallocTotal:     245760 kB
VmallocUsed:       73640 kB
VmallocChunk:      75648 kB
==>Fri Apr  7 23:17:08 2017
MemTotal:        1900556 kB
MemFree:          456456 kB
Buffers:           17600 kB
Cached:           624168 kB
SwapCached:            0 kB
Active:           651312 kB
Inactive:         509560 kB
Active(anon):     519768 kB
Inactive(anon):   100076 kB
Active(file):     131544 kB
Inactive(file):   409484 kB
Unevictable:           0 kB
Mlocked:               0 kB
HighTotal:       1158144 kB
HighFree:           1744 kB
LowTotal:         742412 kB
LowFree:          454712 kB
SwapTotal:             0 kB
SwapFree:              0 kB
Dirty:              1668 kB
Writeback:             0 kB
AnonPages:        519900 kB
Mapped:           260680 kB
Shmem:            100120 kB
Slab:              44632 kB
SReclaimable:      19776 kB
SUnreclaim:        24856 kB
KernelStack:       10888 kB
PageTables:        17092 kB
NFS_Unstable:          0 kB
Bounce:                0 kB
WritebackTmp:          0 kB
CommitLimit:      950276 kB
Committed_AS:   41436476 kB
VmallocTotal:     245760 kB
VmallocUsed:       71608 kB
VmallocChunk:      75648 kB
==>Fri Apr  7 23:17:18 2017
MemTotal:        1900556 kB
MemFree:          460444 kB
Buffers:           17728 kB
Cached:           627312 kB
SwapCached:            0 kB
Active:           645216 kB
Inactive:         512844 kB
Active(anon):     513652 kB
Inactive(anon):   100092 kB
Active(file):     131564 kB
Inactive(file):   412752 kB
Unevictable:           0 kB
Mlocked:               0 kB
HighTotal:       1158144 kB
HighFree:           2008 kB
LowTotal:         742412 kB
LowFree:          458436 kB
SwapTotal:             0 kB
SwapFree:              0 kB
Dirty:               520 kB
Writeback:             0 kB
AnonPages:        513612 kB
Mapped:           260084 kB
Shmem:            100140 kB
Slab:              44700 kB
SReclaimable:      19860 kB
SUnreclaim:        24840 kB
KernelStack:       10736 kB
PageTables:        16904 kB
NFS_Unstable:          0 kB
Bounce:                0 kB
WritebackTmp:          0 kB
CommitLimit:      950276 kB
Committed_AS:   41397712 kB
VmallocTotal:     245760 kB
VmallocUsed:       71608 kB
VmallocChunk:      75648 kB
==>Fri Apr  7 23:17:28 2017
MemTotal:        1900556 kB
MemFree:          456672 kB
Buffers:           17768 kB
Cached:           629912 kB
SwapCached:            0 kB
Active:           646436 kB
Inactive:         515476 kB
Active(anon):     514864 kB
Inactive(anon):   100092 kB
Active(file):     131572 kB
Inactive(file):   415384 kB
Unevictable:           0 kB
Mlocked:               0 kB
HighTotal:       1158144 kB
HighFree:           1724 kB
LowTotal:         742412 kB
LowFree:          454948 kB
SwapTotal:             0 kB
SwapFree:              0 kB
Dirty:                60 kB
Writeback:             0 kB
AnonPages:        514872 kB
Mapped:           259460 kB
Shmem:            100140 kB
Slab:              44740 kB
SReclaimable:      19864 kB
SUnreclaim:        24876 kB
KernelStack:       11384 kB
PageTables:        16924 kB
NFS_Unstable:          0 kB
Bounce:                0 kB
WritebackTmp:          0 kB
CommitLimit:      950276 kB
Committed_AS:   41428960 kB
VmallocTotal:     245760 kB
VmallocUsed:       74668 kB
VmallocChunk:      75648 kB
==>Fri Apr  7 23:17:38 2017
MemTotal:        1900556 kB
MemFree:          452048 kB
Buffers:           17984 kB
Cached:           633684 kB
SwapCached:            0 kB
Active:           646508 kB
Inactive:         519416 kB
Active(anon):     514920 kB
Inactive(anon):   100092 kB
Active(file):     131588 kB
Inactive(file):   419324 kB
Unevictable:           0 kB
Mlocked:               0 kB
HighTotal:       1158144 kB
HighFree:           1700 kB
LowTotal:         742412 kB
LowFree:          450348 kB
SwapTotal:             0 kB
SwapFree:              0 kB
Dirty:              3676 kB
Writeback:             0 kB
AnonPages:        514928 kB
Mapped:           259620 kB
Shmem:            100140 kB
Slab:              44804 kB
SReclaimable:      19920 kB
SUnreclaim:        24884 kB
KernelStack:       10920 kB
PageTables:        17204 kB
NFS_Unstable:          0 kB
Bounce:                0 kB
WritebackTmp:          0 kB
CommitLimit:      950276 kB
Committed_AS:   41456628 kB
VmallocTotal:     245760 kB
VmallocUsed:       72628 kB
VmallocChunk:      75648 kB
==>Fri Apr  7 23:17:48 2017
MemTotal:        1900556 kB
MemFree:          577852 kB
Buffers:           18144 kB
Cached:           532332 kB
SwapCached:            0 kB
Active:           625708 kB
Inactive:         419048 kB
Active(anon):     494908 kB
Inactive(anon):      420 kB
Active(file):     130800 kB
Inactive(file):   418628 kB
Unevictable:           0 kB
Mlocked:               0 kB
HighTotal:       1158144 kB
HighFree:          51628 kB
LowTotal:         742412 kB
LowFree:          526224 kB
SwapTotal:             0 kB
SwapFree:              0 kB
Dirty:                 0 kB
Writeback:             0 kB
AnonPages:        494856 kB
Mapped:           157868 kB
Shmem:               464 kB
Slab:              45096 kB
SReclaimable:      19916 kB
SUnreclaim:        25180 kB
KernelStack:       10520 kB
PageTables:        16928 kB
NFS_Unstable:          0 kB
Bounce:                0 kB
WritebackTmp:          0 kB
CommitLimit:      950276 kB
Committed_AS:   41235396 kB
VmallocTotal:     245760 kB
VmallocUsed:       75680 kB
VmallocChunk:      75648 kB
==>Fri Apr  7 23:17:58 2017
MemTotal:        1900556 kB
MemFree:          512752 kB
Buffers:           18328 kB
Cached:           546216 kB
SwapCached:            0 kB
Active:           633248 kB
Inactive:         432784 kB
Active(anon):     502116 kB
Inactive(anon):    13712 kB
Active(file):     131132 kB
Inactive(file):   419072 kB
Unevictable:           0 kB
Mlocked:               0 kB
HighTotal:       1158144 kB
HighFree:           1808 kB
LowTotal:         742412 kB
LowFree:          510944 kB
SwapTotal:             0 kB
SwapFree:              0 kB
Dirty:               240 kB
Writeback:             0 kB
AnonPages:        502244 kB
Mapped:           173552 kB
Shmem:             13756 kB
Slab:              45268 kB
SReclaimable:      19932 kB
SUnreclaim:        25336 kB
KernelStack:       10504 kB
PageTables:        16908 kB
NFS_Unstable:          0 kB
Bounce:                0 kB
WritebackTmp:          0 kB
CommitLimit:      950276 kB
Committed_AS:   41472752 kB
VmallocTotal:     245760 kB
VmallocUsed:       74680 kB
VmallocChunk:      75648 kB
==>Fri Apr  7 23:18:08 2017
MemTotal:        1900556 kB
MemFree:          473868 kB
Buffers:           18352 kB
Cached:           548728 kB
SwapCached:            0 kB
Active:           643980 kB
Inactive:         435196 kB
Active(anon):     512724 kB
Inactive(anon):    15908 kB
Active(file):     131256 kB
Inactive(file):   419288 kB
Unevictable:           0 kB
Mlocked:               0 kB
HighTotal:       1158144 kB
HighFree:           1816 kB
LowTotal:         742412 kB
LowFree:          472052 kB
SwapTotal:             0 kB
SwapFree:              0 kB
Dirty:                44 kB
Writeback:             0 kB
AnonPages:        512728 kB
Mapped:           205144 kB
Shmem:             15952 kB
Slab:              45400 kB
SReclaimable:      19916 kB
SUnreclaim:        25484 kB
KernelStack:       10584 kB
PageTables:        17248 kB
NFS_Unstable:          0 kB
Bounce:                0 kB
WritebackTmp:          0 kB
CommitLimit:      950276 kB
Committed_AS:   41512260 kB
VmallocTotal:     245760 kB
VmallocUsed:       74672 kB
VmallocChunk:      75648 kB
==>Fri Apr  7 23:18:18 2017
MemTotal:        1900556 kB
MemFree:          456148 kB
Buffers:           18384 kB
Cached:           550612 kB
SwapCached:            0 kB
Active:           655012 kB
Inactive:         437076 kB
Active(anon):     523720 kB
Inactive(anon):    17752 kB
Active(file):     131292 kB
Inactive(file):   419324 kB
Unevictable:           0 kB
Mlocked:               0 kB
HighTotal:       1158144 kB
HighFree:           1700 kB
LowTotal:         742412 kB
LowFree:          454448 kB
SwapTotal:             0 kB
SwapFree:              0 kB
Dirty:                36 kB
Writeback:             0 kB
AnonPages:        523700 kB
Mapped:           208796 kB
Shmem:             17796 kB
Slab:              45428 kB
SReclaimable:      19916 kB
SUnreclaim:        25512 kB
KernelStack:       10552 kB
PageTables:        17188 kB
NFS_Unstable:          0 kB
Bounce:                0 kB
WritebackTmp:          0 kB
CommitLimit:      950276 kB
Committed_AS:   41513772 kB
VmallocTotal:     245760 kB
VmallocUsed:       75692 kB
VmallocChunk:      75648 kB
==>Fri Apr  7 23:18:28 2017
MemTotal:        1900556 kB
MemFree:          463336 kB
Buffers:           18448 kB
Cached:           551004 kB
SwapCached:            0 kB
Active:           647084 kB
Inactive:         437532 kB
Active(anon):     515792 kB
Inactive(anon):    18124 kB
Active(file):     131292 kB
Inactive(file):   419408 kB
Unevictable:           0 kB
Mlocked:               0 kB
HighTotal:       1158144 kB
HighFree:           6976 kB
LowTotal:         742412 kB
LowFree:          456360 kB
SwapTotal:             0 kB
SwapFree:              0 kB
Dirty:                52 kB
Writeback:             0 kB
AnonPages:        515564 kB
Mapped:           214588 kB
Shmem:             18168 kB
Slab:              45124 kB
SReclaimable:      19916 kB
SUnreclaim:        25208 kB
KernelStack:       10560 kB
PageTables:        16988 kB
NFS_Unstable:          0 kB
Bounce:                0 kB
WritebackTmp:          0 kB
CommitLimit:      950276 kB
Committed_AS:   41470528 kB
VmallocTotal:     245760 kB
VmallocUsed:       75692 kB
VmallocChunk:      75648 kB
==>Fri Apr  7 23:18:38 2017
MemTotal:        1900556 kB
MemFree:          464052 kB
Buffers:           18528 kB
Cached:           551024 kB
SwapCached:            0 kB
Active:           646416 kB
Inactive:         437644 kB
Active(anon):     515124 kB
Inactive(anon):    18128 kB
Active(file):     131292 kB
Inactive(file):   419516 kB
Unevictable:           0 kB
Mlocked:               0 kB
HighTotal:       1158144 kB
HighFree:           1716 kB
LowTotal:         742412 kB
LowFree:          462336 kB
SwapTotal:             0 kB
SwapFree:              0 kB
Dirty:                44 kB
Writeback:             0 kB
AnonPages:        515060 kB
Mapped:           218248 kB
Shmem:             18172 kB
Slab:              45136 kB
SReclaimable:      19892 kB
SUnreclaim:        25244 kB
KernelStack:       10600 kB
PageTables:        16928 kB
NFS_Unstable:          0 kB
Bounce:                0 kB
WritebackTmp:          0 kB
CommitLimit:      950276 kB
Committed_AS:   41462104 kB
VmallocTotal:     245760 kB
VmallocUsed:       74672 kB
