==>Fri Apr 14 10:15:16 2017
MemTotal:        1900556 kB
MemFree:         1070384 kB
Buffers:            9916 kB
Cached:           283484 kB
SwapCached:            0 kB
Active:           324888 kB
Inactive:         253368 kB
Active(anon):     284880 kB
Inactive(anon):      424 kB
Active(file):      40008 kB
Inactive(file):   252944 kB
Unevictable:           0 kB
Mlocked:               0 kB
HighTotal:       1158144 kB
HighFree:         402976 kB
LowTotal:         742412 kB
LowFree:          667408 kB
SwapTotal:             0 kB
SwapFree:              0 kB
Dirty:               132 kB
Writeback:             0 kB
AnonPages:        284960 kB
Mapped:           112076 kB
Shmem:               464 kB
Slab:              32468 kB
SReclaimable:      13064 kB
SUnreclaim:        19404 kB
KernelStack:        7944 kB
PageTables:        12148 kB
NFS_Unstable:          0 kB
Bounce:                0 kB
WritebackTmp:          0 kB
CommitLimit:      950276 kB
Committed_AS:   35979848 kB
VmallocTotal:     245760 kB
VmallocUsed:       62488 kB
VmallocChunk:      75648 kB
==>Fri Apr 14 10:15:26 2017
MemTotal:        1900556 kB
MemFree:         1041824 kB
Buffers:           10356 kB
Cached:           285348 kB
SwapCached:            0 kB
Active:           342336 kB
Inactive:         255304 kB
Active(anon):     301960 kB
Inactive(anon):      424 kB
Active(file):      40376 kB
Inactive(file):   254880 kB
Unevictable:           0 kB
Mlocked:               0 kB
HighTotal:       1158144 kB
HighFree:         377612 kB
LowTotal:         742412 kB
LowFree:          664212 kB
SwapTotal:             0 kB
SwapFree:              0 kB
Dirty:              1600 kB
Writeback:             0 kB
AnonPages:        302316 kB
Mapped:           115724 kB
Shmem:               464 kB
Slab:              34552 kB
SReclaimable:      14500 kB
SUnreclaim:        20052 kB
KernelStack:        8112 kB
PageTables:        12264 kB
NFS_Unstable:          0 kB
Bounce:                0 kB
WritebackTmp:          0 kB
CommitLimit:      950276 kB
Committed_AS:   35991256 kB
VmallocTotal:     245760 kB
VmallocUsed:       65588 kB
VmallocChunk:      75648 kB
==>Fri Apr 14 10:15:36 2017
MemTotal:        1900556 kB
MemFree:         1046128 kB
Buffers:           10464 kB
Cached:           286732 kB
SwapCached:            0 kB
Active:           345888 kB
Inactive:         256708 kB
Active(anon):     305424 kB
Inactive(anon):      424 kB
Active(file):      40464 kB
Inactive(file):   256284 kB
Unevictable:           0 kB
Mlocked:               0 kB
HighTotal:       1158144 kB
HighFree:         381508 kB
LowTotal:         742412 kB
LowFree:          664620 kB
SwapTotal:             0 kB
SwapFree:              0 kB
Dirty:               292 kB
Writeback:             0 kB
AnonPages:        305352 kB
Mapped:           125804 kB
Shmem:               464 kB
Slab:              35112 kB
SReclaimable:      14556 kB
SUnreclaim:        20556 kB
KernelStack:        8128 kB
PageTables:        12452 kB
NFS_Unstable:          0 kB
Bounce:                0 kB
WritebackTmp:          0 kB
CommitLimit:      950276 kB
Committed_AS:   36055644 kB
VmallocTotal:     245760 kB
VmallocUsed:       62488 kB
VmallocChunk:      75648 kB
==>Fri Apr 14 10:15:46 2017
MemTotal:        1900556 kB
MemFree:         1025184 kB
Buffers:           10496 kB
Cached:           286904 kB
SwapCached:            0 kB
Active:           350900 kB
Inactive:         255940 kB
Active(anon):     309464 kB
Inactive(anon):      424 kB
Active(file):      41436 kB
Inactive(file):   255516 kB
Unevictable:           0 kB
Mlocked:               0 kB
HighTotal:       1158144 kB
HighFree:         361796 kB
LowTotal:         742412 kB
LowFree:          663388 kB
SwapTotal:             0 kB
SwapFree:              0 kB
Dirty:                40 kB
Writeback:             0 kB
AnonPages:        309512 kB
Mapped:           128608 kB
Shmem:               464 kB
Slab:              36300 kB
SReclaimable:      15484 kB
SUnreclaim:        20816 kB
KernelStack:        8064 kB
PageTables:        12312 kB
NFS_Unstable:          0 kB
Bounce:                0 kB
WritebackTmp:          0 kB
CommitLimit:      950276 kB
Committed_AS:   36031112 kB
VmallocTotal:     245760 kB
VmallocUsed:       63612 kB
VmallocChunk:      75648 kB
==>Fri Apr 14 10:15:56 2017
MemTotal:        1900556 kB
MemFree:         1018000 kB
Buffers:           10612 kB
Cached:           286956 kB
SwapCached:            0 kB
Active:           356880 kB
Inactive:         256036 kB
Active(anon):     315372 kB
Inactive(anon):      424 kB
Active(file):      41508 kB
Inactive(file):   255612 kB
Unevictable:           0 kB
Mlocked:               0 kB
HighTotal:       1158144 kB
HighFree:         355656 kB
LowTotal:         742412 kB
LowFree:          662344 kB
SwapTotal:             0 kB
SwapFree:              0 kB
Dirty:                40 kB
Writeback:             0 kB
AnonPages:        315772 kB
Mapped:           128716 kB
Shmem:               464 kB
Slab:              36300 kB
SReclaimable:      15548 kB
SUnreclaim:        20752 kB
KernelStack:        8256 kB
PageTables:        12780 kB
NFS_Unstable:          0 kB
Bounce:                0 kB
WritebackTmp:          0 kB
CommitLimit:      950276 kB
Committed_AS:   36013876 kB
VmallocTotal:     245760 kB
VmallocUsed:       63612 kB
VmallocChunk:      75648 kB
==>Fri Apr 14 10:16:06 2017
MemTotal:        1900556 kB
MemFree:         1030884 kB
Buffers:           10652 kB
Cached:           286988 kB
SwapCached:            0 kB
Active:           344312 kB
Inactive:         256076 kB
Active(anon):     302772 kB
Inactive(anon):      424 kB
Active(file):      41540 kB
Inactive(file):   255652 kB
Unevictable:           0 kB
Mlocked:               0 kB
HighTotal:       1158144 kB
HighFree:         368560 kB
LowTotal:         742412 kB
LowFree:          662324 kB
SwapTotal:             0 kB
SwapFree:              0 kB
Dirty:                 8 kB
Writeback:             0 kB
AnonPages:        302652 kB
Mapped:           128720 kB
Shmem:               464 kB
Slab:              36284 kB
SReclaimable:      15548 kB
SUnreclaim:        20736 kB
KernelStack:        8224 kB
PageTables:        13268 kB
NFS_Unstable:          0 kB
Bounce:                0 kB
WritebackTmp:          0 kB
CommitLimit:      950276 kB
Committed_AS:   35978556 kB
VmallocTotal:     245760 kB
VmallocUsed:       63612 kB
VmallocChunk:      75648 kB
==>Fri Apr 14 10:16:16 2017
MemTotal:        1900556 kB
MemFree:         1029256 kB
Buffers:           10700 kB
Cached:           286988 kB
SwapCached:            0 kB
Active:           344996 kB
Inactive:         256108 kB
Active(anon):     303440 kB
Inactive(anon):      424 kB
Active(file):      41556 kB
Inactive(file):   255684 kB
Unevictable:           0 kB
Mlocked:               0 kB
HighTotal:       1158144 kB
HighFree:         367256 kB
LowTotal:         742412 kB
LowFree:          662000 kB
SwapTotal:             0 kB
SwapFree:              0 kB
Dirty:                36 kB
Writeback:             0 kB
AnonPages:        303440 kB
Mapped:           129060 kB
Shmem:               464 kB
Slab:              36128 kB
SReclaimable:      15508 kB
SUnreclaim:        20620 kB
KernelStack:        8256 kB
PageTables:        13440 kB
NFS_Unstable:          0 kB
Bounce:                0 kB
WritebackTmp:          0 kB
CommitLimit:      950276 kB
Committed_AS:   35981384 kB
VmallocTotal:     245760 kB
VmallocUsed:       62600 kB
VmallocChunk:      75648 kB
==>Fri Apr 14 10:16:26 2017
MemTotal:        1900556 kB
MemFree:         1025104 kB
Buffers:           10796 kB
Cached:           288848 kB
SwapCached:            0 kB
Active:           346276 kB
Inactive:         258048 kB
Active(anon):     304704 kB
Inactive(anon):      424 kB
Active(file):      41572 kB
Inactive(file):   257624 kB
Unevictable:           0 kB
Mlocked:               0 kB
HighTotal:       1158144 kB
HighFree:         362832 kB
LowTotal:         742412 kB
LowFree:          662272 kB
SwapTotal:             0 kB
SwapFree:              0 kB
Dirty:                96 kB
Writeback:             0 kB
AnonPages:        304828 kB
Mapped:           131884 kB
Shmem:               464 kB
Slab:              36068 kB
SReclaimable:      15512 kB
SUnreclaim:        20556 kB
KernelStack:        8264 kB
PageTables:        13536 kB
NFS_Unstable:          0 kB
Bounce:                0 kB
WritebackTmp:          0 kB
CommitLimit:      950276 kB
Committed_AS:   36009260 kB
VmallocTotal:     245760 kB
VmallocUsed:       62600 kB
VmallocChunk:      75648 kB
==>Fri Apr 14 10:16:36 2017
MemTotal:        1900556 kB
MemFree:         1027180 kB
Buffers:           10828 kB
Cached:           288848 kB
SwapCached:            0 kB
Active:           344720 kB
Inactive:         258080 kB
Active(anon):     303148 kB
Inactive(anon):      424 kB
Active(file):      41572 kB
Inactive(file):   257656 kB
Unevictable:           0 kB
Mlocked:               0 kB
HighTotal:       1158144 kB
HighFree:         364844 kB
LowTotal:         742412 kB
LowFree:          662336 kB
SwapTotal:             0 kB
SwapFree:              0 kB
Dirty:                36 kB
Writeback:             0 kB
AnonPages:        302984 kB
Mapped:           131880 kB
Shmem:               464 kB
Slab:              36032 kB
SReclaimable:      15504 kB
SUnreclaim:        20528 kB
KernelStack:        8056 kB
PageTables:        13436 kB
NFS_Unstable:          0 kB
Bounce:                0 kB
WritebackTmp:          0 kB
CommitLimit:      950276 kB
Committed_AS:   35988412 kB
VmallocTotal:     245760 kB
VmallocUsed:       62600 kB
VmallocChunk:      75648 kB
==>Fri Apr 14 10:16:46 2017
MemTotal:        1900556 kB
MemFree:         1028484 kB
Buffers:           10972 kB
Cached:           288848 kB
SwapCached:            0 kB
Active:           343824 kB
Inactive:         258224 kB
Active(anon):     302252 kB
Inactive(anon):      424 kB
Active(file):      41572 kB
Inactive(file):   257800 kB
Unevictable:           0 kB
Mlocked:               0 kB
HighTotal:       1158144 kB
HighFree:         366208 kB
LowTotal:         742412 kB
LowFree:          662276 kB
SwapTotal:             0 kB
SwapFree:              0 kB
Dirty:                16 kB
Writeback:             0 kB
AnonPages:        302216 kB
Mapped:           131012 kB
Shmem:               464 kB
Slab:              36024 kB
SReclaimable:      15512 kB
SUnreclaim:        20512 kB
KernelStack:        8192 kB
PageTables:        13536 kB
NFS_Unstable:          0 kB
Bounce:                0 kB
WritebackTmp:          0 kB
CommitLimit:      950276 kB
Committed_AS:   35990784 kB
VmallocTotal:     245760 kB
VmallocUsed:       62600 kB
VmallocChunk:      75648 kB
==>Fri Apr 14 10:16:56 2017
MemTotal:        1900556 kB
MemFree:         1027560 kB
Buffers:           11060 kB
Cached:           288852 kB
SwapCached:            0 kB
Active:           344312 kB
Inactive:         258308 kB
Active(anon):     302732 kB
Inactive(anon):      428 kB
Active(file):      41580 kB
Inactive(file):   257880 kB
Unevictable:           0 kB
Mlocked:               0 kB
HighTotal:       1158144 kB
HighFree:         365116 kB
LowTotal:         742412 kB
LowFree:          662444 kB
SwapTotal:             0 kB
SwapFree:              0 kB
Dirty:                36 kB
Writeback:             0 kB
AnonPages:        302800 kB
Mapped:           131744 kB
Shmem:               468 kB
Slab:              35908 kB
SReclaimable:      15516 kB
SUnreclaim:        20392 kB
KernelStack:        8200 kB
PageTables:        13540 kB
NFS_Unstable:          0 kB
Bounce:                0 kB
WritebackTmp:          0 kB
CommitLimit:      950276 kB
Committed_AS:   36002516 kB
VmallocTotal:     245760 kB
VmallocUsed:       62600 kB
VmallocChunk:      75648 kB
==>Fri Apr 14 10:17:06 2017
MemTotal:        1900556 kB
MemFree:          998220 kB
Buffers:           11240 kB
Cached:           289148 kB
SwapCached:            0 kB
Active:           350988 kB
Inactive:         258736 kB
Active(anon):     309360 kB
Inactive(anon):      424 kB
Active(file):      41628 kB
Inactive(file):   258312 kB
Unevictable:           0 kB
Mlocked:               0 kB
HighTotal:       1158144 kB
HighFree:         336868 kB
LowTotal:         742412 kB
LowFree:          661352 kB
SwapTotal:             0 kB
SwapFree:              0 kB
Dirty:               324 kB
Writeback:             0 kB
AnonPages:        309456 kB
Mapped:           134296 kB
Shmem:               464 kB
Slab:              35884 kB
SReclaimable:      15520 kB
SUnreclaim:        20364 kB
KernelStack:        8232 kB
PageTables:        13704 kB
NFS_Unstable:          0 kB
Bounce:                0 kB
WritebackTmp:          0 kB
CommitLimit:      950276 kB
Committed_AS:   36043568 kB
VmallocTotal:     245760 kB
VmallocUsed:       63728 kB
VmallocChunk:      75648 kB
==>Fri Apr 14 10:17:16 2017
MemTotal:        1900556 kB
MemFree:          988844 kB
Buffers:           11424 kB
Cached:           289204 kB
SwapCached:            0 kB
Active:           359756 kB
Inactive:         258964 kB
Active(anon):     318116 kB
Inactive(anon):      424 kB
Active(file):      41640 kB
Inactive(file):   258540 kB
Unevictable:           0 kB
Mlocked:               0 kB
HighTotal:       1158144 kB
HighFree:         327724 kB
LowTotal:         742412 kB
LowFree:          661120 kB
SwapTotal:             0 kB
SwapFree:              0 kB
Dirty:               112 kB
Writeback:             0 kB
AnonPages:        318232 kB
Mapped:           134388 kB
Shmem:               464 kB
Slab:              35972 kB
SReclaimable:      15536 kB
SUnreclaim:        20436 kB
KernelStack:        8232 kB
PageTables:        13564 kB
NFS_Unstable:          0 kB
Bounce:                0 kB
WritebackTmp:          0 kB
CommitLimit:      950276 kB
Committed_AS:   36022212 kB
VmallocTotal:     245760 kB
VmallocUsed:       63728 kB
VmallocChunk:      75648 kB
==>Fri Apr 14 10:17:26 2017
MemTotal:        1900556 kB
MemFree:          983452 kB
Buffers:           11744 kB
Cached:           289588 kB
SwapCached:            0 kB
Active:           364884 kB
Inactive:         259636 kB
Active(anon):     323212 kB
Inactive(anon):      424 kB
Active(file):      41672 kB
Inactive(file):   259212 kB
Unevictable:           0 kB
Mlocked:               0 kB
HighTotal:       1158144 kB
HighFree:         322296 kB
LowTotal:         742412 kB
LowFree:          661156 kB
SwapTotal:             0 kB
SwapFree:              0 kB
Dirty:                64 kB
Writeback:             0 kB
AnonPages:        323132 kB
Mapped:           135196 kB
Shmem:               464 kB
Slab:              36160 kB
SReclaimable:      15576 kB
SUnreclaim:        20584 kB
KernelStack:        8224 kB
PageTables:        13496 kB
NFS_Unstable:          0 kB
Bounce:                0 kB
WritebackTmp:          0 kB
CommitLimit:      950276 kB
Committed_AS:   36032636 kB
VmallocTotal:     245760 kB
VmallocUsed:       62716 kB
VmallocChunk:      75648 kB
==>Fri Apr 14 10:17:36 2017
MemTotal:        1900556 kB
MemFree:          988280 kB
Buffers:           11784 kB
Cached:           289588 kB
SwapCached:            0 kB
Active:           359836 kB
Inactive:         259672 kB
Active(anon):     318160 kB
Inactive(anon):      424 kB
Active(file):      41676 kB
Inactive(file):   259248 kB
Unevictable:           0 kB
Mlocked:               0 kB
HighTotal:       1158144 kB
HighFree:         327160 kB
LowTotal:         742412 kB
LowFree:          661120 kB
SwapTotal:             0 kB
SwapFree:              0 kB
Dirty:                40 kB
Writeback:             0 kB
AnonPages:        318284 kB
Mapped:           135240 kB
Shmem:               464 kB
Slab:              36040 kB
SReclaimable:      15584 kB
SUnreclaim:        20456 kB
KernelStack:        8152 kB
PageTables:        13524 kB
NFS_Unstable:          0 kB
Bounce:                0 kB
WritebackTmp:          0 kB
CommitLimit:      950276 kB
Committed_AS:   36017756 kB
VmallocTotal:     245760 kB
VmallocUsed:       62716 kB
VmallocChunk:      75648 kB
==>Fri Apr 14 10:17:46 2017
MemTotal:        1900556 kB
MemFree:          989232 kB
Buffers:           11908 kB
Cached:           289648 kB
SwapCached:            0 kB
Active:           358680 kB
Inactive:         259820 kB
Active(anon):     316968 kB
Inactive(anon):      424 kB
Active(file):      41712 kB
Inactive(file):   259396 kB
Unevictable:           0 kB
Mlocked:               0 kB
HighTotal:       1158144 kB
HighFree:         328288 kB
LowTotal:         742412 kB
LowFree:          660944 kB
SwapTotal:             0 kB
SwapFree:              0 kB
Dirty:                 4 kB
Writeback:             0 kB
AnonPages:        317040 kB
Mapped:           135280 kB
Shmem:               464 kB
Slab:              36080 kB
SReclaimable:      15568 kB
SUnreclaim:        20512 kB
KernelStack:        8144 kB
PageTables:        13432 kB
NFS_Unstable:          0 kB
Bounce:                0 kB
WritebackTmp:          0 kB
CommitLimit:      950276 kB
Committed_AS:   36003232 kB
VmallocTotal:     245760 kB
VmallocUsed:       62716 kB
VmallocChunk:      75648 kB
==>Fri Apr 14 10:17:56 2017
MemTotal:        1900556 kB
MemFree:          987520 kB
Buffers:           12036 kB
Cached:           289656 kB
SwapCached:            0 kB
Active:           359852 kB
Inactive:         259944 kB
Active(anon):     318128 kB
Inactive(anon):      424 kB
Active(file):      41724 kB
Inactive(file):   259520 kB
Unevictable:           0 kB
Mlocked:               0 kB
HighTotal:       1158144 kB
HighFree:         327000 kB
LowTotal:         742412 kB
LowFree:          660520 kB
SwapTotal:             0 kB
SwapFree:              0 kB
Dirty:                48 kB
Writeback:             0 kB
AnonPages:        318204 kB
Mapped:           135196 kB
Shmem:               464 kB
Slab:              36060 kB
SReclaimable:      15572 kB
SUnreclaim:        20488 kB
KernelStack:        8264 kB
PageTables:        13612 kB
NFS_Unstable:          0 kB
Bounce:                0 kB
WritebackTmp:          0 kB
CommitLimit:      950276 kB
Committed_AS:   36048300 kB
VmallocTotal:     245760 kB
VmallocUsed:       62708 kB
VmallocChunk:      75648 kB
==>Fri Apr 14 10:18:06 2017
MemTotal:        1900556 kB
MemFree:          987052 kB
Buffers:           12052 kB
Cached:           289656 kB
SwapCached:            0 kB
Active:           360068 kB
Inactive:         259960 kB
Active(anon):     318344 kB
Inactive(anon):      424 kB
Active(file):      41724 kB
Inactive(file):   259536 kB
Unevictable:           0 kB
Mlocked:               0 kB
HighTotal:       1158144 kB
HighFree:         326740 kB
LowTotal:         742412 kB
LowFree:          660312 kB
SwapTotal:             0 kB
SwapFree:              0 kB
Dirty:                20 kB
Writeback:             0 kB
AnonPages:        318360 kB
Mapped:           135204 kB
Shmem:               464 kB
Slab:              36136 kB
SReclaimable:      15572 kB
SUnreclaim:        20564 kB
KernelStack:        8240 kB
PageTables:        13512 kB
NFS_Unstable:          0 kB
Bounce:                0 kB
WritebackTmp:          0 kB
CommitLimit:      950276 kB
Committed_AS:   36007084 kB
VmallocTotal:     245760 kB
VmallocUsed:       63736 kB
VmallocChunk:      75648 kB
==>Fri Apr 14 10:18:16 2017
MemTotal:        1900556 kB
MemFree:          983880 kB
Buffers:           12180 kB
Cached:           289640 kB
SwapCached:            0 kB
Active:           360792 kB
Inactive:         260068 kB
Active(anon):     319068 kB
Inactive(anon):      424 kB
Active(file):      41724 kB
Inactive(file):   259644 kB
Unevictable:           0 kB
Mlocked:               0 kB
HighTotal:       1158144 kB
HighFree:         323476 kB
LowTotal:         742412 kB
LowFree:          660404 kB
SwapTotal:             0 kB
SwapFree:              0 kB
Dirty:                28 kB
Writeback:             0 kB
AnonPages:        319388 kB
Mapped:           136604 kB
Shmem:               464 kB
Slab:              36180 kB
SReclaimable:      15572 kB
SUnreclaim:        20608 kB
KernelStack:        8224 kB
PageTables:        13412 kB
NFS_Unstable:          0 kB
Bounce:                0 kB
WritebackTmp:          0 kB
CommitLimit:      950276 kB
Committed_AS:   36029868 kB
VmallocTotal:     245760 kB
VmallocUsed:       64776 kB
VmallocChunk:      75648 kB
==>Fri Apr 14 10:18:26 2017
MemTotal:        1900556 kB
MemFree:          985560 kB
Buffers:           12240 kB
Cached:           289656 kB
SwapCached:            0 kB
Active:           359084 kB
Inactive:         260136 kB
Active(anon):     317348 kB
Inactive(anon):      424 kB
Active(file):      41736 kB
Inactive(file):   259712 kB
Unevictable:           0 kB
Mlocked:               0 kB
HighTotal:       1158144 kB
HighFree:         325016 kB
LowTotal:         742412 kB
LowFree:          660544 kB
SwapTotal:             0 kB
SwapFree:              0 kB
Dirty:                 0 kB
Writeback:             0 kB
AnonPages:        317432 kB
Mapped:           136636 kB
Shmem:               464 kB
Slab:              36204 kB
SReclaimable:      15576 kB
SUnreclaim:        20628 kB
KernelStack:        8192 kB
PageTables:        13512 kB
NFS_Unstable:          0 kB
Bounce:                0 kB
WritebackTmp:          0 kB
CommitLimit:      950276 kB
Committed_AS:   35998988 kB
VmallocTotal:     245760 kB
VmallocUsed:       63748 kB
VmallocChunk:      75648 kB
==>Fri Apr 14 10:18:36 2017
MemTotal:        1900556 kB
MemFree:          985908 kB
Buffers:           12264 kB
Cached:           289656 kB
SwapCached:            0 kB
Active:           358876 kB
Inactive:         260160 kB
Active(anon):     317140 kB
Inactive(anon):      424 kB
Active(file):      41736 kB
Inactive(file):   259736 kB
Unevictable:           0 kB
Mlocked:               0 kB
HighTotal:       1158144 kB
HighFree:         325348 kB
LowTotal:         742412 kB
LowFree:          660560 kB
SwapTotal:             0 kB
SwapFree:              0 kB
Dirty:                 4 kB
Writeback:             0 kB
AnonPages:        316968 kB
Mapped:           136716 kB
Shmem:               464 kB
Slab:              36068 kB
SReclaimable:      15576 kB
SUnreclaim:        20492 kB
KernelStack:        8192 kB
PageTables:        13512 kB
NFS_Unstable:          0 kB
Bounce:                0 kB
WritebackTmp:          0 kB
CommitLimit:      950276 kB
Committed_AS:   36010908 kB
VmallocTotal:     245760 kB
VmallocUsed:       62736 kB
VmallocChunk:      75648 kB
==>Fri Apr 14 10:18:46 2017
MemTotal:        1900556 kB
MemFree:          923040 kB
Buffers:           12512 kB
Cached:           311156 kB
SwapCached:            0 kB
Active:           377408 kB
Inactive:         280428 kB
Active(anon):     334196 kB
Inactive(anon):    10200 kB
Active(file):      43212 kB
Inactive(file):   270228 kB
Unevictable:           0 kB
Mlocked:               0 kB
HighTotal:       1158144 kB
HighFree:         263544 kB
LowTotal:         742412 kB
LowFree:          659496 kB
SwapTotal:             0 kB
SwapFree:              0 kB
Dirty:               148 kB
Writeback:             0 kB
AnonPages:        334096 kB
Mapped:           159104 kB
Shmem:             10244 kB
Slab:              36248 kB
SReclaimable:      15628 kB
SUnreclaim:        20620 kB
KernelStack:        8288 kB
PageTables:        13716 kB
NFS_Unstable:          0 kB
Bounce:                0 kB
WritebackTmp:          0 kB
CommitLimit:      950276 kB
Committed_AS:   36302364 kB
VmallocTotal:     245760 kB
VmallocUsed:       62740 kB
VmallocChunk:      75648 kB
==>Fri Apr 14 10:18:56 2017
MemTotal:        1900556 kB
MemFree:          951944 kB
Buffers:           12568 kB
Cached:           303112 kB
SwapCached:            0 kB
Active:           373676 kB
Inactive:         272444 kB
Active(anon):     330464 kB
Inactive(anon):     2008 kB
Active(file):      43212 kB
Inactive(file):   270436 kB
Unevictable:           0 kB
Mlocked:               0 kB
HighTotal:       1158144 kB
HighFree:         292232 kB
LowTotal:         742412 kB
LowFree:          659712 kB
SwapTotal:             0 kB
SwapFree:              0 kB
Dirty:                 0 kB
Writeback:             0 kB
AnonPages:        330408 kB
Mapped:           150956 kB
Shmem:              2048 kB
Slab:              36344 kB
SReclaimable:      15628 kB
SUnreclaim:        20716 kB
KernelStack:        8224 kB
PageTables:        13788 kB
NFS_Unstable:          0 kB
Bounce:                0 kB
WritebackTmp:          0 kB
CommitLimit:      950276 kB
Committed_AS:   36287896 kB
VmallocTotal:     245760 kB
VmallocUsed:       63768 kB
VmallocChunk:      75648 kB
==>Fri Apr 14 10:19:06 2017
MemTotal:        1900556 kB
MemFree:          945576 kB
Buffers:           12780 kB
Cached:           303356 kB
SwapCached:            0 kB
Active:           378568 kB
Inactive:         272844 kB
Active(anon):     335336 kB
Inactive(anon):     2008 kB
Active(file):      43232 kB
Inactive(file):   270836 kB
Unevictable:           0 kB
Mlocked:               0 kB
HighTotal:       1158144 kB
HighFree:         286860 kB
LowTotal:         742412 kB
LowFree:          658716 kB
SwapTotal:             0 kB
SwapFree:              0 kB
Dirty:               212 kB
Writeback:             0 kB
AnonPages:        335140 kB
Mapped:           151244 kB
Shmem:              2048 kB
Slab:              36296 kB
SReclaimable:      15680 kB
SUnreclaim:        20616 kB
KernelStack:        8360 kB
PageTables:        13948 kB
NFS_Unstable:          0 kB
Bounce:                0 kB
WritebackTmp:          0 kB
CommitLimit:      950276 kB
Committed_AS:   36290372 kB
VmallocTotal:     245760 kB
VmallocUsed:       62748 kB
VmallocChunk:      75648 kB
==>Fri Apr 14 10:19:16 2017
MemTotal:        1900556 kB
MemFree:          942936 kB
Buffers:           12868 kB
Cached:           303456 kB
SwapCached:            0 kB
Active:           381436 kB
Inactive:         273064 kB
Active(anon):     338200 kB
Inactive(anon):     2008 kB
Active(file):      43236 kB
Inactive(file):   271056 kB
Unevictable:           0 kB
Mlocked:               0 kB
HighTotal:       1158144 kB
HighFree:         283796 kB
LowTotal:         742412 kB
LowFree:          659140 kB
SwapTotal:             0 kB
SwapFree:              0 kB
Dirty:                52 kB
Writeback:             0 kB
AnonPages:        338172 kB
Mapped:           151540 kB
Shmem:              2048 kB
Slab:              36392 kB
SReclaimable:      15680 kB
SUnreclaim:        20712 kB
KernelStack:        8312 kB
PageTables:        13800 kB
NFS_Unstable:          0 kB
Bounce:                0 kB
WritebackTmp:          0 kB
CommitLimit:      950276 kB
Committed_AS:   36305936 kB
VmallocTotal:     245760 kB
VmallocUsed:       62748 kB
VmallocChunk:      75648 kB
==>Fri Apr 14 10:19:26 2017
MemTotal:        1900556 kB
MemFree:          972356 kB
Buffers:           13060 kB
Cached:           303636 kB
SwapCached:            0 kB
Active:           384684 kB
Inactive:         273432 kB
Active(anon):     341444 kB
Inactive(anon):     2012 kB
Active(file):      43240 kB
Inactive(file):   271420 kB
Unevictable:           0 kB
Mlocked:               0 kB
HighTotal:       1158144 kB
HighFree:         313156 kB
LowTotal:         742412 kB
LowFree:          659200 kB
SwapTotal:             0 kB
SwapFree:              0 kB
Dirty:                 4 kB
Writeback:             0 kB
AnonPages:        341516 kB
Mapped:           151812 kB
Shmem:              2052 kB
Slab:              36352 kB
SReclaimable:      15684 kB
SUnreclaim:        20668 kB
KernelStack:        8272 kB
PageTables:        13728 kB
NFS_Unstable:          0 kB
Bounce:                0 kB
WritebackTmp:          0 kB
CommitLimit:      950276 kB
Committed_AS:   36295464 kB
VmallocTotal:     245760 kB
VmallocUsed:       63568 kB
VmallocChunk:      75648 kB
==>Fri Apr 14 10:19:36 2017
MemTotal:        1900556 kB
MemFree:          973784 kB
Buffers:           13100 kB
Cached:           303632 kB
SwapCached:            0 kB
Active:           382868 kB
Inactive:         273468 kB
Active(anon):     339628 kB
Inactive(anon):     2008 kB
Active(file):      43240 kB
Inactive(file):   271460 kB
Unevictable:           0 kB
Mlocked:               0 kB
HighTotal:       1158144 kB
HighFree:         315072 kB
LowTotal:         742412 kB
LowFree:          658712 kB
SwapTotal:             0 kB
SwapFree:              0 kB
Dirty:                28 kB
Writeback:             0 kB
AnonPages:        339520 kB
Mapped:           151764 kB
Shmem:              2048 kB
Slab:              36460 kB
SReclaimable:      15684 kB
SUnreclaim:        20776 kB
KernelStack:        8272 kB
PageTables:        13732 kB
NFS_Unstable:          0 kB
Bounce:                0 kB
WritebackTmp:          0 kB
CommitLimit:      950276 kB
Committed_AS:   36267832 kB
VmallocTotal:     245760 kB
VmallocUsed:       62548 kB
VmallocChunk:      75648 kB
==>Fri Apr 14 10:19:46 2017
MemTotal:        1900556 kB
MemFree:          954060 kB
Buffers:           13236 kB
Cached:           303716 kB
SwapCached:            0 kB
Active:           386120 kB
Inactive:         273684 kB
Active(anon):     342876 kB
Inactive(anon):     2008 kB
Active(file):      43244 kB
Inactive(file):   271676 kB
Unevictable:           0 kB
Mlocked:               0 kB
HighTotal:       1158144 kB
HighFree:         295896 kB
LowTotal:         742412 kB
LowFree:          658164 kB
SwapTotal:             0 kB
SwapFree:              0 kB
Dirty:               112 kB
Writeback:             0 kB
AnonPages:        342740 kB
Mapped:           152180 kB
Shmem:              2048 kB
Slab:              36472 kB
SReclaimable:      15700 kB
SUnreclaim:        20772 kB
KernelStack:        8504 kB
PageTables:        13692 kB
NFS_Unstable:          0 kB
Bounce:                0 kB
WritebackTmp:          0 kB
CommitLimit:      950276 kB
Committed_AS:   36285956 kB
VmallocTotal:     245760 kB
VmallocUsed:       62632 kB
VmallocChunk:      75648 kB
==>Fri Apr 14 10:19:56 2017
MemTotal:        1900556 kB
MemFree:          882160 kB
Buffers:           13652 kB
Cached:           327504 kB
SwapCached:            0 kB
Active:           391532 kB
Inactive:         297752 kB
Active(anon):     348160 kB
Inactive(anon):    25024 kB
Active(file):      43372 kB
Inactive(file):   272728 kB
Unevictable:           0 kB
Mlocked:               0 kB
HighTotal:       1158144 kB
HighFree:         224172 kB
LowTotal:         742412 kB
LowFree:          657988 kB
SwapTotal:             0 kB
SwapFree:              0 kB
Dirty:                36 kB
Writeback:             0 kB
AnonPages:        348192 kB
Mapped:           179508 kB
Shmem:             25072 kB
Slab:              36732 kB
SReclaimable:      15756 kB
SUnreclaim:        20976 kB
KernelStack:        8336 kB
PageTables:        13884 kB
NFS_Unstable:          0 kB
Bounce:                0 kB
WritebackTmp:          0 kB
CommitLimit:      950276 kB
Committed_AS:   36359356 kB
VmallocTotal:     245760 kB
VmallocUsed:       62632 kB
VmallocChunk:      75648 kB
==>Fri Apr 14 10:20:06 2017
MemTotal:        1900556 kB
MemFree:          866304 kB
Buffers:           13740 kB
Cached:           332104 kB
SwapCached:            0 kB
Active:           392292 kB
Inactive:         302396 kB
Active(anon):     348916 kB
Inactive(anon):    29580 kB
Active(file):      43376 kB
Inactive(file):   272816 kB
Unevictable:           0 kB
Mlocked:               0 kB
HighTotal:       1158144 kB
HighFree:         208704 kB
LowTotal:         742412 kB
LowFree:          657600 kB
SwapTotal:             0 kB
SwapFree:              0 kB
Dirty:                92 kB
Writeback:             0 kB
AnonPages:        348972 kB
Mapped:           191064 kB
Shmem:             29668 kB
Slab:              36960 kB
SReclaimable:      15788 kB
SUnreclaim:        21172 kB
KernelStack:        8408 kB
PageTables:        14000 kB
NFS_Unstable:          0 kB
Bounce:                0 kB
WritebackTmp:          0 kB
CommitLimit:      950276 kB
Committed_AS:   36408932 kB
VmallocTotal:     245760 kB
VmallocUsed:       62624 kB
VmallocChunk:      75648 kB
==>Fri Apr 14 10:20:16 2017
MemTotal:        1900556 kB
MemFree:          863624 kB
Buffers:           13748 kB
Cached:           334684 kB
SwapCached:            0 kB
Active:           392828 kB
Inactive:         305032 kB
Active(anon):     349452 kB
Inactive(anon):    32208 kB
Active(file):      43376 kB
Inactive(file):   272824 kB
Unevictable:           0 kB
Mlocked:               0 kB
HighTotal:       1158144 kB
HighFree:         205968 kB
LowTotal:         742412 kB
LowFree:          657656 kB
SwapTotal:             0 kB
SwapFree:              0 kB
Dirty:                 0 kB
Writeback:             0 kB
AnonPages:        349580 kB
Mapped:           198916 kB
Shmem:             32248 kB
Slab:              36912 kB
SReclaimable:      15780 kB
SUnreclaim:        21132 kB
KernelStack:        8424 kB
PageTables:        13916 kB
NFS_Unstable:          0 kB
Bounce:                0 kB
WritebackTmp:          0 kB
CommitLimit:      950276 kB
Committed_AS:   36348276 kB
VmallocTotal:     245760 kB
VmallocUsed:       62624 kB
VmallocChunk:      75648 kB
==>Fri Apr 14 10:20:26 2017
MemTotal:        1900556 kB
MemFree:          856572 kB
Buffers:           13948 kB
Cached:           337064 kB
SwapCached:            0 kB
Active:           392164 kB
Inactive:         307580 kB
Active(anon):     348756 kB
Inactive(anon):    34556 kB
Active(file):      43408 kB
Inactive(file):   273024 kB
Unevictable:           0 kB
Mlocked:               0 kB
HighTotal:       1158144 kB
HighFree:         199684 kB
LowTotal:         742412 kB
LowFree:          656888 kB
SwapTotal:             0 kB
SwapFree:              0 kB
Dirty:                56 kB
Writeback:             0 kB
AnonPages:        348848 kB
Mapped:           207104 kB
Shmem:             34596 kB
Slab:              36832 kB
SReclaimable:      15792 kB
SUnreclaim:        21040 kB
KernelStack:        8360 kB
PageTables:        13868 kB
NFS_Unstable:          0 kB
Bounce:                0 kB
WritebackTmp:          0 kB
CommitLimit:      950276 kB
Committed_AS:   36335904 kB
VmallocTotal:     245760 kB
VmallocUsed:       62624 kB
VmallocChunk:      75648 kB
==>Fri Apr 14 10:20:36 2017
MemTotal:        1900556 kB
MemFree:          856460 kB
Buffers:           13956 kB
Cached:           337708 kB
SwapCached:            0 kB
Active:           391772 kB
Inactive:         308232 kB
Active(anon):     348364 kB
Inactive(anon):    35200 kB
Active(file):      43408 kB
Inactive(file):   273032 kB
Unevictable:           0 kB
Mlocked:               0 kB
HighTotal:       1158144 kB
HighFree:         199460 kB
LowTotal:         742412 kB
LowFree:          657000 kB
SwapTotal:             0 kB
SwapFree:              0 kB
Dirty:                 0 kB
Writeback:             0 kB
AnonPages:        348492 kB
Mapped:           207704 kB
Shmem:             35240 kB
Slab:              36948 kB
SReclaimable:      15784 kB
SUnreclaim:        21164 kB
KernelStack:        8360 kB
PageTables:        13836 kB
NFS_Unstable:          0 kB
Bounce:                0 kB
WritebackTmp:          0 kB
CommitLimit:      950276 kB
Committed_AS:   36340112 kB
VmallocTotal:     245760 kB
VmallocUsed:       62632 kB
VmallocChunk:      75648 kB
==>Fri Apr 14 10:20:46 2017
MemTotal:        1900556 kB
MemFree:          856296 kB
Buffers:           13972 kB
Cached:           339468 kB
SwapCached:            0 kB
Active:           391280 kB
Inactive:         310008 kB
Active(anon):     347872 kB
Inactive(anon):    36936 kB
Active(file):      43408 kB
Inactive(file):   273072 kB
Unevictable:           0 kB
Mlocked:               0 kB
HighTotal:       1158144 kB
HighFree:         199072 kB
LowTotal:         742412 kB
LowFree:          657224 kB
SwapTotal:             0 kB
SwapFree:              0 kB
Dirty:                60 kB
Writeback:             0 kB
AnonPages:        347776 kB
Mapped:           214624 kB
Shmem:             36976 kB
Slab:              36916 kB
SReclaimable:      15784 kB
SUnreclaim:        21132 kB
KernelStack:        8416 kB
PageTables:        13948 kB
NFS_Unstable:          0 kB
Bounce:                0 kB
WritebackTmp:          0 kB
CommitLimit:      950276 kB
Committed_AS:   36339584 kB
VmallocTotal:     245760 kB
VmallocUsed:       62624 kB
VmallocChunk:      75648 kB
==>Fri Apr 14 10:20:56 2017
MemTotal:        1900556 kB
MemFree:          856200 kB
Buffers:           13980 kB
Cached:           339472 kB
SwapCached:            0 kB
Active:           391252 kB
Inactive:         310020 kB
Active(anon):     347844 kB
Inactive(anon):    36940 kB
Active(file):      43408 kB
Inactive(file):   273080 kB
Unevictable:           0 kB
Mlocked:               0 kB
HighTotal:       1158144 kB
HighFree:         198940 kB
LowTotal:         742412 kB
LowFree:          657260 kB
SwapTotal:             0 kB
SwapFree:              0 kB
Dirty:                36 kB
Writeback:             0 kB
AnonPages:        347936 kB
Mapped:           214628 kB
Shmem:             36980 kB
Slab:              36984 kB
SReclaimable:      15784 kB
SUnreclaim:        21200 kB
KernelStack:        8400 kB
PageTables:        13944 kB
NFS_Unstable:          0 kB
Bounce:                0 kB
WritebackTmp:          0 kB
CommitLimit:      950276 kB
Committed_AS:   36368324 kB
VmallocTotal:     245760 kB
VmallocUsed:       62624 kB
VmallocChunk:      75648 kB
==>Fri Apr 14 10:21:06 2017
MemTotal:        1900556 kB
MemFree:          843048 kB
Buffers:           14020 kB
Cached:           339644 kB
SwapCached:            0 kB
Active:           400336 kB
Inactive:         310064 kB
Active(anon):     356760 kB
Inactive(anon):    36940 kB
Active(file):      43576 kB
Inactive(file):   273124 kB
Unevictable:           0 kB
Mlocked:               0 kB
HighTotal:       1158144 kB
HighFree:         186144 kB
LowTotal:         742412 kB
LowFree:          656904 kB
SwapTotal:             0 kB
SwapFree:              0 kB
Dirty:               112 kB
Writeback:             0 kB
AnonPages:        356832 kB
Mapped:           217400 kB
Shmem:             36980 kB
Slab:              36980 kB
SReclaimable:      15784 kB
SUnreclaim:        21196 kB
KernelStack:        8272 kB
PageTables:        13864 kB
NFS_Unstable:          0 kB
Bounce:                0 kB
WritebackTmp:          0 kB
CommitLimit:      950276 kB
Committed_AS:   36369788 kB
VmallocTotal:     245760 kB
VmallocUsed:       62640 kB
VmallocChunk:      75648 kB
==>Fri Apr 14 10:21:16 2017
MemTotal:        1900556 kB
MemFree:          847308 kB
Buffers:           14028 kB
Cached:           339644 kB
SwapCached:            0 kB
Active:           395752 kB
Inactive:         310072 kB
Active(anon):     352176 kB
Inactive(anon):    36944 kB
Active(file):      43576 kB
Inactive(file):   273128 kB
Unevictable:           0 kB
Mlocked:               0 kB
HighTotal:       1158144 kB
HighFree:         190448 kB
LowTotal:         742412 kB
LowFree:          656860 kB
SwapTotal:             0 kB
SwapFree:              0 kB
Dirty:                 0 kB
Writeback:             0 kB
AnonPages:        352140 kB
Mapped:           218860 kB
Shmem:             36984 kB
Slab:              36960 kB
SReclaimable:      15784 kB
SUnreclaim:        21176 kB
KernelStack:        8432 kB
PageTables:        13936 kB
NFS_Unstable:          0 kB
Bounce:                0 kB
WritebackTmp:          0 kB
CommitLimit:      950276 kB
Committed_AS:   36350392 kB
VmallocTotal:     245760 kB
VmallocUsed:       62640 kB
VmallocChunk:      75648 kB
==>Fri Apr 14 10:21:26 2017
MemTotal:        1900556 kB
MemFree:          845868 kB
Buffers:           14028 kB
Cached:           339644 kB
SwapCached:            0 kB
Active:           397764 kB
Inactive:         310056 kB
Active(anon):     354172 kB
Inactive(anon):    36944 kB
Active(file):      43592 kB
Inactive(file):   273112 kB
Unevictable:           0 kB
Mlocked:               0 kB
HighTotal:       1158144 kB
HighFree:         189016 kB
LowTotal:         742412 kB
LowFree:          656852 kB
SwapTotal:             0 kB
SwapFree:              0 kB
Dirty:                 0 kB
Writeback:             0 kB
AnonPages:        353736 kB
Mapped:           220456 kB
Shmem:             36984 kB
Slab:              37040 kB
SReclaimable:      15784 kB
SUnreclaim:        21256 kB
KernelStack:        8224 kB
PageTables:        13860 kB
NFS_Unstable:          0 kB
Bounce:                0 kB
WritebackTmp:          0 kB
CommitLimit:      950276 kB
Committed_AS:   36364344 kB
VmallocTotal:     245760 kB
VmallocUsed:       62648 kB
VmallocChunk:      75648 kB
==>Fri Apr 14 10:21:36 2017
MemTotal:        1900556 kB
MemFree:          819836 kB
Buffers:           14060 kB
Cached:           339644 kB
SwapCached:            0 kB
Active:           397912 kB
Inactive:         310088 kB
Active(anon):     354320 kB
Inactive(anon):    36944 kB
Active(file):      43592 kB
Inactive(file):   273144 kB
Unevictable:           0 kB
Mlocked:               0 kB
HighTotal:       1158144 kB
HighFree:         163124 kB
LowTotal:         742412 kB
LowFree:          656712 kB
SwapTotal:             0 kB
SwapFree:              0 kB
Dirty:                36 kB
Writeback:             0 kB
AnonPages:        354328 kB
Mapped:           221256 kB
Shmem:             36984 kB
Slab:              36896 kB
SReclaimable:      15784 kB
SUnreclaim:        21112 kB
KernelStack:        8440 kB
PageTables:        13928 kB
NFS_Unstable:          0 kB
Bounce:                0 kB
WritebackTmp:          0 kB
CommitLimit:      950276 kB
Committed_AS:   36365436 kB
VmallocTotal:     245760 kB
VmallocUsed:       62788 kB
VmallocChunk:      75648 kB
==>Fri Apr 14 10:21:46 2017
MemTotal:        1900556 kB
MemFree:          843404 kB
Buffers:           14180 kB
Cached:           339644 kB
SwapCached:            0 kB
Active:           398516 kB
Inactive:         310208 kB
Active(anon):     354924 kB
Inactive(anon):    36944 kB
Active(file):      43592 kB
Inactive(file):   273264 kB
Unevictable:           0 kB
Mlocked:               0 kB
HighTotal:       1158144 kB
HighFree:         186416 kB
LowTotal:         742412 kB
LowFree:          656988 kB
SwapTotal:             0 kB
SwapFree:              0 kB
Dirty:                80 kB
Writeback:             0 kB
AnonPages:        355040 kB
Mapped:           221356 kB
Shmem:             36984 kB
Slab:              36996 kB
SReclaimable:      15792 kB
SUnreclaim:        21204 kB
KernelStack:        8392 kB
PageTables:        13964 kB
NFS_Unstable:          0 kB
Bounce:                0 kB
WritebackTmp:          0 kB
CommitLimit:      950276 kB
Committed_AS:   36350508 kB
VmallocTotal:     245760 kB
VmallocUsed:       62640 kB
VmallocChunk:      75648 kB
==>Fri Apr 14 10:21:56 2017
MemTotal:        1900556 kB
MemFree:          843084 kB
Buffers:           14244 kB
Cached:           339628 kB
SwapCached:            0 kB
Active:           398612 kB
Inactive:         310240 kB
Active(anon):     355012 kB
Inactive(anon):    36944 kB
Active(file):      43600 kB
Inactive(file):   273296 kB
Unevictable:           0 kB
Mlocked:               0 kB
HighTotal:       1158144 kB
HighFree:         186432 kB
LowTotal:         742412 kB
LowFree:          656652 kB
SwapTotal:             0 kB
SwapFree:              0 kB
Dirty:                36 kB
Writeback:             0 kB
AnonPages:        355140 kB
Mapped:           221440 kB
Shmem:             36984 kB
Slab:              36956 kB
SReclaimable:      15792 kB
SUnreclaim:        21164 kB
KernelStack:        8312 kB
PageTables:        13964 kB
NFS_Unstable:          0 kB
Bounce:                0 kB
WritebackTmp:          0 kB
CommitLimit:      950276 kB
Committed_AS:   36358808 kB
VmallocTotal:     245760 kB
VmallocUsed:       62640 kB
VmallocChunk:      75648 kB
==>Fri Apr 14 10:22:06 2017
MemTotal:        1900556 kB
MemFree:          844372 kB
Buffers:           14276 kB
Cached:           339848 kB
SwapCached:            0 kB
Active:           397820 kB
Inactive:         310352 kB
Active(anon):     354072 kB
Inactive(anon):    36944 kB
Active(file):      43748 kB
Inactive(file):   273408 kB
Unevictable:           0 kB
Mlocked:               0 kB
HighTotal:       1158144 kB
HighFree:         187264 kB
LowTotal:         742412 kB
LowFree:          657108 kB
SwapTotal:             0 kB
SwapFree:              0 kB
Dirty:                 0 kB
Writeback:             0 kB
AnonPages:        354200 kB
Mapped:           221612 kB
Shmem:             36984 kB
Slab:              36980 kB
SReclaimable:      15800 kB
SUnreclaim:        21180 kB
KernelStack:        8248 kB
PageTables:        13868 kB
NFS_Unstable:          0 kB
Bounce:                0 kB
WritebackTmp:          0 kB
CommitLimit:      950276 kB
Committed_AS:   36371960 kB
VmallocTotal:     245760 kB
VmallocUsed:       62648 kB
VmallocChunk:      75648 kB
==>Fri Apr 14 10:22:16 2017
MemTotal:        1900556 kB
MemFree:          843752 kB
Buffers:           14284 kB
Cached:           339848 kB
SwapCached:            0 kB
Active:           398340 kB
Inactive:         310360 kB
Active(anon):     354592 kB
Inactive(anon):    36944 kB
Active(file):      43748 kB
Inactive(file):   273416 kB
Unevictable:           0 kB
Mlocked:               0 kB
HighTotal:       1158144 kB
HighFree:         186900 kB
LowTotal:         742412 kB
LowFree:          656852 kB
SwapTotal:             0 kB
SwapFree:              0 kB
Dirty:                12 kB
Writeback:             0 kB
AnonPages:        354512 kB
Mapped:           221540 kB
Shmem:             36984 kB
Slab:              37064 kB
SReclaimable:      15808 kB
SUnreclaim:        21256 kB
KernelStack:        8248 kB
PageTables:        13968 kB
NFS_Unstable:          0 kB
Bounce:                0 kB
WritebackTmp:          0 kB
CommitLimit:      950276 kB
Committed_AS:   36361432 kB
VmallocTotal:     245760 kB
VmallocUsed:       62648 kB
VmallocChunk:      75648 kB
==>Fri Apr 14 10:22:26 2017
MemTotal:        1900556 kB
MemFree:          843392 kB
Buffers:           14284 kB
Cached:           339848 kB
SwapCached:            0 kB
Active:           398448 kB
Inactive:         310360 kB
Active(anon):     354700 kB
Inactive(anon):    36944 kB
Active(file):      43748 kB
Inactive(file):   273416 kB
Unevictable:           0 kB
Mlocked:               0 kB
HighTotal:       1158144 kB
HighFree:         186656 kB
LowTotal:         742412 kB
LowFree:          656736 kB
SwapTotal:             0 kB
SwapFree:              0 kB
Dirty:                 0 kB
Writeback:             0 kB
AnonPages:        354688 kB
Mapped:           221792 kB
Shmem:             36984 kB
Slab:              37124 kB
SReclaimable:      15816 kB
SUnreclaim:        21308 kB
KernelStack:        8384 kB
PageTables:        13968 kB
NFS_Unstable:          0 kB
Bounce:                0 kB
WritebackTmp:          0 kB
CommitLimit:      950276 kB
Committed_AS:   36365076 kB
VmallocTotal:     245760 kB
VmallocUsed:       62640 kB
VmallocChunk:      75648 kB
==>Fri Apr 14 10:22:36 2017
MemTotal:        1900556 kB
MemFree:          843188 kB
Buffers:           14284 kB
Cached:           339848 kB
SwapCached:            0 kB
Active:           398408 kB
Inactive:         310360 kB
Active(anon):     354660 kB
Inactive(anon):    36944 kB
Active(file):      43748 kB
Inactive(file):   273416 kB
Unevictable:           0 kB
Mlocked:               0 kB
HighTotal:       1158144 kB
HighFree:         186432 kB
LowTotal:         742412 kB
LowFree:          656756 kB
SwapTotal:             0 kB
SwapFree:              0 kB
Dirty:                 0 kB
Writeback:             0 kB
AnonPages:        354684 kB
Mapped:           222152 kB
Shmem:             36984 kB
Slab:              37180 kB
SReclaimable:      15808 kB
SUnreclaim:        21372 kB
KernelStack:        8256 kB
PageTables:        13968 kB
NFS_Unstable:          0 kB
Bounce:                0 kB
WritebackTmp:          0 kB
CommitLimit:      950276 kB
Committed_AS:   36364468 kB
VmallocTotal:     245760 kB
VmallocUsed:       62648 kB
VmallocChunk:      75648 kB
==>Fri Apr 14 10:22:46 2017
MemTotal:        1900556 kB
MemFree:          843472 kB
Buffers:           14364 kB
Cached:           339852 kB
SwapCached:            0 kB
Active:           398460 kB
Inactive:         310444 kB
Active(anon):     354712 kB
Inactive(anon):    36948 kB
Active(file):      43748 kB
Inactive(file):   273496 kB
Unevictable:           0 kB
Mlocked:               0 kB
HighTotal:       1158144 kB
HighFree:         186604 kB
LowTotal:         742412 kB
LowFree:          656868 kB
SwapTotal:             0 kB
SwapFree:              0 kB
Dirty:                24 kB
Writeback:             0 kB
AnonPages:        354724 kB
Mapped:           222256 kB
Shmem:             36988 kB
Slab:              37100 kB
SReclaimable:      15792 kB
SUnreclaim:        21308 kB
KernelStack:        8256 kB
PageTables:        14060 kB
NFS_Unstable:          0 kB
Bounce:                0 kB
WritebackTmp:          0 kB
CommitLimit:      950276 kB
Committed_AS:   36385656 kB
VmallocTotal:     245760 kB
VmallocUsed:       62640 kB
VmallocChunk:      75648 kB
==>Fri Apr 14 10:22:56 2017
MemTotal:        1900556 kB
MemFree:          843456 kB
Buffers:           14364 kB
Cached:           339852 kB
SwapCached:            0 kB
Active:           398960 kB
Inactive:         310444 kB
Active(anon):     355212 kB
Inactive(anon):    36948 kB
Active(file):      43748 kB
Inactive(file):   273496 kB
Unevictable:           0 kB
Mlocked:               0 kB
HighTotal:       1158144 kB
HighFree:         186660 kB
LowTotal:         742412 kB
LowFree:          656796 kB
SwapTotal:             0 kB
SwapFree:              0 kB
Dirty:                 0 kB
Writeback:             0 kB
AnonPages:        355204 kB
Mapped:           222124 kB
Shmem:             36988 kB
Slab:              37040 kB
SReclaimable:      15792 kB
SUnreclaim:        21248 kB
KernelStack:        8392 kB
PageTables:        13956 kB
NFS_Unstable:          0 kB
Bounce:                0 kB
WritebackTmp:          0 kB
CommitLimit:      950276 kB
Committed_AS:   36366168 kB
VmallocTotal:     245760 kB
VmallocUsed:       63668 kB
VmallocChunk:      75648 kB
==>Fri Apr 14 10:23:06 2017
MemTotal:        1900556 kB
MemFree:          843304 kB
Buffers:           14372 kB
Cached:           339856 kB
SwapCached:            0 kB
Active:           399156 kB
Inactive:         310456 kB
Active(anon):     355408 kB
Inactive(anon):    36948 kB
Active(file):      43748 kB
Inactive(file):   273508 kB
Unevictable:           0 kB
Mlocked:               0 kB
HighTotal:       1158144 kB
HighFree:         186588 kB
LowTotal:         742412 kB
LowFree:          656716 kB
SwapTotal:             0 kB
SwapFree:              0 kB
Dirty:                36 kB
Writeback:             0 kB
AnonPages:        355316 kB
Mapped:           222160 kB
Shmem:             36988 kB
Slab:              37164 kB
SReclaimable:      15816 kB
SUnreclaim:        21348 kB
KernelStack:        8392 kB
PageTables:        14056 kB
NFS_Unstable:          0 kB
Bounce:                0 kB
WritebackTmp:          0 kB
CommitLimit:      950276 kB
Committed_AS:   36398060 kB
VmallocTotal:     245760 kB
VmallocUsed:       62640 kB
VmallocChunk:      75648 kB
==>Fri Apr 14 10:23:16 2017
MemTotal:        1900556 kB
MemFree:          843908 kB
Buffers:           14380 kB
Cached:           339852 kB
SwapCached:            0 kB
Active:           398768 kB
Inactive:         310460 kB
Active(anon):     355020 kB
Inactive(anon):    36948 kB
Active(file):      43748 kB
Inactive(file):   273512 kB
Unevictable:           0 kB
Mlocked:               0 kB
HighTotal:       1158144 kB
HighFree:         187164 kB
LowTotal:         742412 kB
LowFree:          656744 kB
SwapTotal:             0 kB
SwapFree:              0 kB
Dirty:                 0 kB
Writeback:             0 kB
AnonPages:        355000 kB
Mapped:           221680 kB
Shmem:             36988 kB
Slab:              37100 kB
SReclaimable:      15816 kB
SUnreclaim:        21284 kB
KernelStack:        8392 kB
PageTables:        13952 kB
NFS_Unstable:          0 kB
Bounce:                0 kB
WritebackTmp:          0 kB
CommitLimit:      950276 kB
Committed_AS:   36357764 kB
VmallocTotal:     245760 kB
VmallocUsed:       62640 kB
VmallocChunk:      75648 kB
==>Fri Apr 14 10:23:26 2017
MemTotal:        1900556 kB
MemFree:          845148 kB
Buffers:           14380 kB
Cached:           339852 kB
SwapCached:            0 kB
Active:           397632 kB
Inactive:         310460 kB
Active(anon):     353884 kB
Inactive(anon):    36948 kB
Active(file):      43748 kB
Inactive(file):   273512 kB
Unevictable:           0 kB
Mlocked:               0 kB
HighTotal:       1158144 kB
HighFree:         188244 kB
LowTotal:         742412 kB
LowFree:          656904 kB
SwapTotal:             0 kB
SwapFree:              0 kB
Dirty:                 0 kB
Writeback:             0 kB
AnonPages:        353988 kB
Mapped:           221680 kB
Shmem:             36988 kB
Slab:              37112 kB
SReclaimable:      15832 kB
SUnreclaim:        21280 kB
KernelStack:        8248 kB
PageTables:        13852 kB
NFS_Unstable:          0 kB
Bounce:                0 kB
WritebackTmp:          0 kB
CommitLimit:      950276 kB
Committed_AS:   36343232 kB
VmallocTotal:     245760 kB
VmallocUsed:       62640 kB
VmallocChunk:      75648 kB
==>Fri Apr 14 10:23:37 2017
MemTotal:        1900556 kB
MemFree:          843032 kB
Buffers:           14492 kB
Cached:           339852 kB
SwapCached:            0 kB
Active:           399324 kB
Inactive:         310572 kB
Active(anon):     355576 kB
Inactive(anon):    36948 kB
Active(file):      43748 kB
Inactive(file):   273624 kB
Unevictable:           0 kB
Mlocked:               0 kB
HighTotal:       1158144 kB
HighFree:         186676 kB
LowTotal:         742412 kB
LowFree:          656356 kB
SwapTotal:             0 kB
SwapFree:              0 kB
Dirty:                 4 kB
Writeback:             0 kB
AnonPages:        355676 kB
Mapped:           221696 kB
Shmem:             36988 kB
Slab:              37032 kB
SReclaimable:      15804 kB
SUnreclaim:        21228 kB
KernelStack:        8240 kB
PageTables:        13852 kB
NFS_Unstable:          0 kB
Bounce:                0 kB
WritebackTmp:          0 kB
CommitLimit:      950276 kB
Committed_AS:   36377488 kB
VmallocTotal:     245760 kB
VmallocUsed:       62640 kB
VmallocChunk:      75648 kB
==>Fri Apr 14 10:23:47 2017
MemTotal:        1900556 kB
MemFree:          843160 kB
Buffers:           14508 kB
Cached:           339856 kB
SwapCached:            0 kB
Active:           399616 kB
Inactive:         310592 kB
Active(anon):     355868 kB
Inactive(anon):    36952 kB
Active(file):      43748 kB
Inactive(file):   273640 kB
Unevictable:           0 kB
Mlocked:               0 kB
HighTotal:       1158144 kB
HighFree:         186632 kB
LowTotal:         742412 kB
LowFree:          656528 kB
SwapTotal:             0 kB
SwapFree:              0 kB
Dirty:                12 kB
Writeback:             0 kB
AnonPages:        355884 kB
Mapped:           222276 kB
Shmem:             36992 kB
Slab:              37068 kB
SReclaimable:      15804 kB
SUnreclaim:        21264 kB
KernelStack:        8424 kB
PageTables:        13852 kB
NFS_Unstable:          0 kB
Bounce:                0 kB
WritebackTmp:          0 kB
CommitLimit:      950276 kB
Committed_AS:   36370088 kB
VmallocTotal:     245760 kB
VmallocUsed:       62640 kB
VmallocChunk:      75648 kB
==>Fri Apr 14 10:23:57 2017
MemTotal:        1900556 kB
MemFree:          843700 kB
Buffers:           14508 kB
Cached:           339856 kB
SwapCached:            0 kB
Active:           399164 kB
Inactive:         310592 kB
Active(anon):     355416 kB
Inactive(anon):    36952 kB
Active(file):      43748 kB
Inactive(file):   273640 kB
Unevictable:           0 kB
Mlocked:               0 kB
HighTotal:       1158144 kB
HighFree:         187052 kB
LowTotal:         742412 kB
LowFree:          656648 kB
SwapTotal:             0 kB
SwapFree:              0 kB
Dirty:                 0 kB
Writeback:             0 kB
AnonPages:        355500 kB
Mapped:           222276 kB
Shmem:             36992 kB
Slab:              37140 kB
SReclaimable:      15804 kB
SUnreclaim:        21336 kB
KernelStack:        8360 kB
PageTables:        13852 kB
NFS_Unstable:          0 kB
Bounce:                0 kB
WritebackTmp:          0 kB
CommitLimit:      950276 kB
Committed_AS:   36365180 kB
VmallocTotal:     245760 kB
VmallocUsed:       62640 kB
VmallocChunk:      75648 kB
==>Fri Apr 14 10:24:07 2017
MemTotal:        1900556 kB
MemFree:          843540 kB
Buffers:           14508 kB
Cached:           339860 kB
SwapCached:            0 kB
Active:           398976 kB
Inactive:         310596 kB
Active(anon):     355228 kB
Inactive(anon):    36956 kB
Active(file):      43748 kB
Inactive(file):   273640 kB
Unevictable:           0 kB
Mlocked:               0 kB
HighTotal:       1158144 kB
HighFree:         187004 kB
LowTotal:         742412 kB
LowFree:          656536 kB
SwapTotal:             0 kB
SwapFree:              0 kB
Dirty:                 0 kB
Writeback:             0 kB
AnonPages:        355280 kB
Mapped:           222280 kB
Shmem:             36996 kB
Slab:              37180 kB
SReclaimable:      15804 kB
SUnreclaim:        21376 kB
KernelStack:        8352 kB
PageTables:        13948 kB
NFS_Unstable:          0 kB
Bounce:                0 kB
WritebackTmp:          0 kB
CommitLimit:      950276 kB
Committed_AS:   36369584 kB
VmallocTotal:     245760 kB
VmallocUsed:       62640 kB
VmallocChunk:      75648 kB
==>Fri Apr 14 10:24:17 2017
MemTotal:        1900556 kB
MemFree:          843096 kB
Buffers:           14508 kB
Cached:           339860 kB
SwapCached:            0 kB
Active:           398676 kB
Inactive:         310596 kB
Active(anon):     354928 kB
Inactive(anon):    36956 kB
Active(file):      43748 kB
Inactive(file):   273640 kB
Unevictable:           0 kB
Mlocked:               0 kB
HighTotal:       1158144 kB
HighFree:         186824 kB
LowTotal:         742412 kB
LowFree:          656272 kB
SwapTotal:             0 kB
SwapFree:              0 kB
Dirty:                 0 kB
Writeback:             0 kB
AnonPages:        354992 kB
Mapped:           222648 kB
Shmem:             36996 kB
Slab:              37116 kB
SReclaimable:      15804 kB
SUnreclaim:        21312 kB
KernelStack:        8352 kB
PageTables:        14152 kB
NFS_Unstable:          0 kB
Bounce:                0 kB
WritebackTmp:          0 kB
CommitLimit:      950276 kB
Committed_AS:   36422056 kB
VmallocTotal:     245760 kB
VmallocUsed:       62640 kB
VmallocChunk:      75648 kB
==>Fri Apr 14 10:24:27 2017
MemTotal:        1900556 kB
MemFree:          843048 kB
Buffers:           14508 kB
Cached:           339860 kB
SwapCached:            0 kB
Active:           398936 kB
Inactive:         310596 kB
Active(anon):     355188 kB
Inactive(anon):    36956 kB
Active(file):      43748 kB
Inactive(file):   273640 kB
Unevictable:           0 kB
Mlocked:               0 kB
HighTotal:       1158144 kB
HighFree:         186796 kB
LowTotal:         742412 kB
LowFree:          656252 kB
SwapTotal:             0 kB
SwapFree:              0 kB
Dirty:                 0 kB
Writeback:             0 kB
AnonPages:        355024 kB
Mapped:           222680 kB
Shmem:             36996 kB
Slab:              37144 kB
SReclaimable:      15804 kB
SUnreclaim:        21340 kB
KernelStack:        8368 kB
PageTables:        13856 kB
NFS_Unstable:          0 kB
Bounce:                0 kB
WritebackTmp:          0 kB
CommitLimit:      950276 kB
Committed_AS:   36349976 kB
VmallocTotal:     245760 kB
VmallocUsed:       62640 kB
VmallocChunk:      75648 kB
==>Fri Apr 14 10:24:37 2017
MemTotal:        1900556 kB
MemFree:          843384 kB
Buffers:           14508 kB
Cached:           339860 kB
SwapCached:            0 kB
Active:           398660 kB
Inactive:         310596 kB
Active(anon):     354912 kB
Inactive(anon):    36956 kB
Active(file):      43748 kB
Inactive(file):   273640 kB
Unevictable:           0 kB
Mlocked:               0 kB
HighTotal:       1158144 kB
HighFree:         187128 kB
LowTotal:         742412 kB
LowFree:          656256 kB
SwapTotal:             0 kB
SwapFree:              0 kB
Dirty:                 0 kB
Writeback:             0 kB
AnonPages:        355068 kB
Mapped:           222680 kB
Shmem:             36996 kB
Slab:              37076 kB
SReclaimable:      15804 kB
SUnreclaim:        21272 kB
KernelStack:        8336 kB
PageTables:        13956 kB
NFS_Unstable:          0 kB
Bounce:                0 kB
WritebackTmp:          0 kB
CommitLimit:      950276 kB
Committed_AS:   36377364 kB
VmallocTotal:     245760 kB
VmallocUsed:       62640 kB
VmallocChunk:      75648 kB
==>Fri Apr 14 10:24:47 2017
MemTotal:        1900556 kB
MemFree:          837924 kB
Buffers:           14548 kB
Cached:           339860 kB
SwapCached:            0 kB
Active:           403776 kB
Inactive:         310636 kB
Active(anon):     360028 kB
Inactive(anon):    36956 kB
Active(file):      43748 kB
Inactive(file):   273680 kB
Unevictable:           0 kB
Mlocked:               0 kB
HighTotal:       1158144 kB
HighFree:         181316 kB
LowTotal:         742412 kB
LowFree:          656608 kB
SwapTotal:             0 kB
SwapFree:              0 kB
Dirty:                44 kB
Writeback:             0 kB
AnonPages:        360144 kB
Mapped:           222944 kB
Shmem:             36996 kB
Slab:              37044 kB
SReclaimable:      15804 kB
SUnreclaim:        21240 kB
KernelStack:        8208 kB
PageTables:        13964 kB
NFS_Unstable:          0 kB
Bounce:                0 kB
WritebackTmp:          0 kB
CommitLimit:      950276 kB
Committed_AS:   36386196 kB
VmallocTotal:     245760 kB
VmallocUsed:       62640 kB
VmallocChunk:      75648 kB
==>Fri Apr 14 10:24:57 2017
MemTotal:        1900556 kB
MemFree:          841888 kB
Buffers:           14556 kB
Cached:           339860 kB
SwapCached:            0 kB
Active:           399544 kB
Inactive:         310644 kB
Active(anon):     355796 kB
Inactive(anon):    36956 kB
Active(file):      43748 kB
Inactive(file):   273688 kB
Unevictable:           0 kB
Mlocked:               0 kB
HighTotal:       1158144 kB
HighFree:         185592 kB
LowTotal:         742412 kB
LowFree:          656296 kB
SwapTotal:             0 kB
SwapFree:              0 kB
Dirty:                20 kB
Writeback:             0 kB
AnonPages:        355884 kB
Mapped:           222728 kB
Shmem:             36996 kB
Slab:              37112 kB
SReclaimable:      15812 kB
SUnreclaim:        21300 kB
KernelStack:        8344 kB
PageTables:        13968 kB
NFS_Unstable:          0 kB
Bounce:                0 kB
WritebackTmp:          0 kB
CommitLimit:      950276 kB
Committed_AS:   36362628 kB
VmallocTotal:     245760 kB
VmallocUsed:       63660 kB
VmallocChunk:      75648 kB
==>Fri Apr 14 10:25:07 2017
MemTotal:        1900556 kB
MemFree:          841504 kB
Buffers:           14628 kB
Cached:           339864 kB
SwapCached:            0 kB
Active:           400156 kB
Inactive:         310720 kB
Active(anon):     356408 kB
Inactive(anon):    36956 kB
Active(file):      43748 kB
Inactive(file):   273764 kB
Unevictable:           0 kB
Mlocked:               0 kB
HighTotal:       1158144 kB
HighFree:         185276 kB
LowTotal:         742412 kB
LowFree:          656228 kB
SwapTotal:             0 kB
SwapFree:              0 kB
Dirty:                48 kB
Writeback:             0 kB
AnonPages:        356156 kB
Mapped:           222728 kB
Shmem:             36996 kB
Slab:              37092 kB
SReclaimable:      15804 kB
SUnreclaim:        21288 kB
KernelStack:        8256 kB
PageTables:        13968 kB
NFS_Unstable:          0 kB
Bounce:                0 kB
WritebackTmp:          0 kB
CommitLimit:      950276 kB
Committed_AS:   36380960 kB
VmallocTotal:     245760 kB
VmallocUsed:       62640 kB
VmallocChunk:      75648 kB
==>Fri Apr 14 10:25:17 2017
MemTotal:        1900556 kB
MemFree:          841976 kB
Buffers:           14716 kB
Cached:           339864 kB
SwapCached:            0 kB
Active:           399304 kB
Inactive:         310808 kB
Active(anon):     355556 kB
Inactive(anon):    36960 kB
Active(file):      43748 kB
Inactive(file):   273848 kB
Unevictable:           0 kB
Mlocked:               0 kB
HighTotal:       1158144 kB
HighFree:         185536 kB
LowTotal:         742412 kB
LowFree:          656440 kB
SwapTotal:             0 kB
SwapFree:              0 kB
Dirty:                80 kB
Writeback:             0 kB
AnonPages:        355668 kB
Mapped:           222964 kB
Shmem:             37000 kB
Slab:              36964 kB
SReclaimable:      15808 kB
SUnreclaim:        21156 kB
KernelStack:        8304 kB
PageTables:        13868 kB
NFS_Unstable:          0 kB
Bounce:                0 kB
WritebackTmp:          0 kB
CommitLimit:      950276 kB
Committed_AS:   36355212 kB
VmallocTotal:     245760 kB
VmallocUsed:       62640 kB
VmallocChunk:      75648 kB
==>Fri Apr 14 10:25:27 2017
MemTotal:        1900556 kB
MemFree:          840340 kB
Buffers:           14724 kB
Cached:           339864 kB
SwapCached:            0 kB
Active:           400200 kB
Inactive:         310816 kB
Active(anon):     356452 kB
Inactive(anon):    36960 kB
Active(file):      43748 kB
Inactive(file):   273856 kB
Unevictable:           0 kB
Mlocked:               0 kB
HighTotal:       1158144 kB
HighFree:         184616 kB
LowTotal:         742412 kB
LowFree:          655724 kB
SwapTotal:             0 kB
SwapFree:              0 kB
Dirty:                 0 kB
Writeback:             0 kB
AnonPages:        356592 kB
Mapped:           222964 kB
Shmem:             37000 kB
Slab:              37140 kB
SReclaimable:      15808 kB
SUnreclaim:        21332 kB
KernelStack:        8448 kB
PageTables:        14068 kB
NFS_Unstable:          0 kB
Bounce:                0 kB
WritebackTmp:          0 kB
CommitLimit:      950276 kB
Committed_AS:   36385812 kB
VmallocTotal:     245760 kB
VmallocUsed:       62648 kB
VmallocChunk:      75648 kB
==>Fri Apr 14 10:25:37 2017
MemTotal:        1900556 kB
MemFree:          838032 kB
Buffers:           14740 kB
Cached:           339864 kB
SwapCached:            0 kB
Active:           400244 kB
Inactive:         310832 kB
Active(anon):     356496 kB
Inactive(anon):    36960 kB
Active(file):      43748 kB
Inactive(file):   273872 kB
Unevictable:           0 kB
Mlocked:               0 kB
HighTotal:       1158144 kB
HighFree:         182092 kB
LowTotal:         742412 kB
LowFree:          655940 kB
SwapTotal:             0 kB
SwapFree:              0 kB
Dirty:                28 kB
Writeback:             0 kB
AnonPages:        356576 kB
Mapped:           223420 kB
Shmem:             37000 kB
Slab:              37012 kB
SReclaimable:      15808 kB
SUnreclaim:        21204 kB
KernelStack:        8304 kB
PageTables:        13876 kB
NFS_Unstable:          0 kB
Bounce:                0 kB
WritebackTmp:          0 kB
CommitLimit:      950276 kB
Committed_AS:   36364832 kB
VmallocTotal:     245760 kB
VmallocUsed:       63660 kB
VmallocChunk:      75648 kB
==>Fri Apr 14 10:25:47 2017
MemTotal:        1900556 kB
MemFree:          837072 kB
Buffers:           14748 kB
Cached:           339872 kB
SwapCached:            0 kB
Active:           399840 kB
Inactive:         310848 kB
Active(anon):     356092 kB
Inactive(anon):    36968 kB
Active(file):      43748 kB
Inactive(file):   273880 kB
Unevictable:           0 kB
Mlocked:               0 kB
HighTotal:       1158144 kB
HighFree:         181412 kB
LowTotal:         742412 kB
LowFree:          655660 kB
SwapTotal:             0 kB
SwapFree:              0 kB
Dirty:                 0 kB
Writeback:             0 kB
AnonPages:        355928 kB
Mapped:           223200 kB
Shmem:             37008 kB
Slab:              37044 kB
SReclaimable:      15808 kB
SUnreclaim:        21236 kB
KernelStack:        8280 kB
PageTables:        13968 kB
NFS_Unstable:          0 kB
Bounce:                0 kB
WritebackTmp:          0 kB
CommitLimit:      950276 kB
Committed_AS:   36339692 kB
VmallocTotal:     245760 kB
VmallocUsed:       62648 kB
VmallocChunk:      75648 kB
==>Fri Apr 14 10:25:57 2017
MemTotal:        1900556 kB
MemFree:          836940 kB
Buffers:           14748 kB
Cached:           339876 kB
SwapCached:            0 kB
Active:           400788 kB
Inactive:         310852 kB
Active(anon):     357040 kB
Inactive(anon):    36972 kB
Active(file):      43748 kB
Inactive(file):   273880 kB
Unevictable:           0 kB
Mlocked:               0 kB
HighTotal:       1158144 kB
HighFree:         180924 kB
LowTotal:         742412 kB
LowFree:          656016 kB
SwapTotal:             0 kB
SwapFree:              0 kB
Dirty:                 0 kB
Writeback:             0 kB
AnonPages:        357224 kB
Mapped:           223360 kB
Shmem:             37012 kB
Slab:              37072 kB
SReclaimable:      15800 kB
SUnreclaim:        21272 kB
KernelStack:        8328 kB
PageTables:        13964 kB
NFS_Unstable:          0 kB
Bounce:                0 kB
WritebackTmp:          0 kB
CommitLimit:      950276 kB
Committed_AS:   36386304 kB
VmallocTotal:     245760 kB
VmallocUsed:       63668 kB
VmallocChunk:      75648 kB
==>Fri Apr 14 10:26:07 2017
MemTotal:        1900556 kB
MemFree:          837616 kB
Buffers:           14748 kB
Cached:           339880 kB
SwapCached:            0 kB
Active:           400556 kB
Inactive:         310856 kB
Active(anon):     356808 kB
Inactive(anon):    36976 kB
Active(file):      43748 kB
Inactive(file):   273880 kB
Unevictable:           0 kB
Mlocked:               0 kB
HighTotal:       1158144 kB
HighFree:         181452 kB
LowTotal:         742412 kB
LowFree:          656164 kB
SwapTotal:             0 kB
SwapFree:              0 kB
Dirty:                 0 kB
Writeback:             0 kB
AnonPages:        356876 kB
Mapped:           226244 kB
Shmem:             37016 kB
Slab:              37128 kB
SReclaimable:      15800 kB
SUnreclaim:        21328 kB
KernelStack:        8272 kB
PageTables:        14092 kB
NFS_Unstable:          0 kB
Bounce:                0 kB
WritebackTmp:          0 kB
CommitLimit:      950276 kB
Committed_AS:   36405712 kB
VmallocTotal:     245760 kB
VmallocUsed:       62648 kB
VmallocChunk:      75648 kB
==>Fri Apr 14 10:26:17 2017
MemTotal:        1900556 kB
MemFree:          837272 kB
Buffers:           14748 kB
Cached:           339880 kB
SwapCached:            0 kB
Active:           400848 kB
Inactive:         310856 kB
Active(anon):     357100 kB
Inactive(anon):    36976 kB
Active(file):      43748 kB
Inactive(file):   273880 kB
Unevictable:           0 kB
Mlocked:               0 kB
HighTotal:       1158144 kB
HighFree:         181192 kB
LowTotal:         742412 kB
LowFree:          656080 kB
SwapTotal:             0 kB
SwapFree:              0 kB
Dirty:                 0 kB
Writeback:             0 kB
AnonPages:        357124 kB
Mapped:           226244 kB
Shmem:             37016 kB
Slab:              37140 kB
SReclaimable:      15800 kB
SUnreclaim:        21340 kB
KernelStack:        8400 kB
PageTables:        13868 kB
NFS_Unstable:          0 kB
Bounce:                0 kB
WritebackTmp:          0 kB
CommitLimit:      950276 kB
Committed_AS:   36386928 kB
VmallocTotal:     245760 kB
VmallocUsed:       64680 kB
VmallocChunk:      75648 kB
==>Fri Apr 14 10:26:27 2017
MemTotal:        1900556 kB
MemFree:          837344 kB
Buffers:           14844 kB
Cached:           339880 kB
SwapCached:            0 kB
Active:           400392 kB
Inactive:         310952 kB
Active(anon):     356644 kB
Inactive(anon):    36976 kB
Active(file):      43748 kB
Inactive(file):   273976 kB
Unevictable:           0 kB
Mlocked:               0 kB
HighTotal:       1158144 kB
HighFree:         181576 kB
LowTotal:         742412 kB
LowFree:          655768 kB
SwapTotal:             0 kB
SwapFree:              0 kB
Dirty:                 4 kB
Writeback:             0 kB
AnonPages:        356752 kB
Mapped:           226244 kB
Shmem:             37016 kB
Slab:              37124 kB
SReclaimable:      15800 kB
SUnreclaim:        21324 kB
KernelStack:        8376 kB
PageTables:        13864 kB
NFS_Unstable:          0 kB
Bounce:                0 kB
WritebackTmp:          0 kB
CommitLimit:      950276 kB
Committed_AS:   36341104 kB
VmallocTotal:     245760 kB
VmallocUsed:       62640 kB
VmallocChunk:      75648 kB
==>Fri Apr 14 10:26:37 2017
MemTotal:        1900556 kB
MemFree:          835956 kB
Buffers:           14932 kB
Cached:           339800 kB
SwapCached:            0 kB
Active:           400876 kB
Inactive:         310960 kB
Active(anon):     357128 kB
Inactive(anon):    36976 kB
Active(file):      43748 kB
Inactive(file):   273984 kB
Unevictable:           0 kB
Mlocked:               0 kB
HighTotal:       1158144 kB
HighFree:         180652 kB
LowTotal:         742412 kB
LowFree:          655304 kB
SwapTotal:             0 kB
SwapFree:              0 kB
Dirty:                 0 kB
Writeback:             0 kB
AnonPages:        357140 kB
Mapped:           226580 kB
Shmem:             37016 kB
Slab:              37128 kB
SReclaimable:      15816 kB
SUnreclaim:        21312 kB
KernelStack:        8248 kB
PageTables:        14092 kB
NFS_Unstable:          0 kB
Bounce:                0 kB
WritebackTmp:          0 kB
CommitLimit:      950276 kB
Committed_AS:   36378732 kB
VmallocTotal:     245760 kB
VmallocUsed:       62640 kB
VmallocChunk:      75648 kB
==>Fri Apr 14 10:26:47 2017
MemTotal:        1900556 kB
MemFree:          836968 kB
Buffers:           14940 kB
Cached:           339884 kB
SwapCached:            0 kB
Active:           400400 kB
Inactive:         311052 kB
Active(anon):     356652 kB
Inactive(anon):    36980 kB
Active(file):      43748 kB
Inactive(file):   274072 kB
Unevictable:           0 kB
Mlocked:               0 kB
HighTotal:       1158144 kB
HighFree:         181044 kB
LowTotal:         742412 kB
LowFree:          655924 kB
SwapTotal:             0 kB
SwapFree:              0 kB
Dirty:                36 kB
Writeback:             0 kB
AnonPages:        356804 kB
Mapped:           226584 kB
Shmem:             37020 kB
Slab:              37052 kB
SReclaimable:      15828 kB
SUnreclaim:        21224 kB
KernelStack:        8376 kB
PageTables:        13872 kB
NFS_Unstable:          0 kB
Bounce:                0 kB
WritebackTmp:          0 kB
CommitLimit:      950276 kB
Committed_AS:   36365376 kB
VmallocTotal:     245760 kB
VmallocUsed:       62648 kB
VmallocChunk:      75648 kB
==>Fri Apr 14 10:26:57 2017
MemTotal:        1900556 kB
MemFree:          834304 kB
Buffers:           14940 kB
Cached:           339884 kB
SwapCached:            0 kB
Active:           402988 kB
Inactive:         311044 kB
Active(anon):     359232 kB
Inactive(anon):    36980 kB
Active(file):      43756 kB
Inactive(file):   274064 kB
Unevictable:           0 kB
Mlocked:               0 kB
HighTotal:       1158144 kB
HighFree:         178480 kB
LowTotal:         742412 kB
LowFree:          655824 kB
SwapTotal:             0 kB
SwapFree:              0 kB
Dirty:                 0 kB
Writeback:             0 kB
AnonPages:        359460 kB
Mapped:           226720 kB
Shmem:             37020 kB
Slab:              36976 kB
SReclaimable:      15836 kB
SUnreclaim:        21140 kB
KernelStack:        8384 kB
PageTables:        13976 kB
NFS_Unstable:          0 kB
Bounce:                0 kB
WritebackTmp:          0 kB
CommitLimit:      950276 kB
Committed_AS:   36370412 kB
VmallocTotal:     245760 kB
VmallocUsed:       63660 kB
VmallocChunk:      75648 kB
==>Fri Apr 14 10:27:07 2017
MemTotal:        1900556 kB
MemFree:          834500 kB
Buffers:           15028 kB
Cached:           339888 kB
SwapCached:            0 kB
Active:           402960 kB
Inactive:         311132 kB
Active(anon):     359200 kB
Inactive(anon):    36980 kB
Active(file):      43760 kB
Inactive(file):   274152 kB
Unevictable:           0 kB
Mlocked:               0 kB
HighTotal:       1158144 kB
HighFree:         178608 kB
LowTotal:         742412 kB
LowFree:          655892 kB
SwapTotal:             0 kB
SwapFree:              0 kB
Dirty:                92 kB
Writeback:             0 kB
AnonPages:        359232 kB
Mapped:           226752 kB
Shmem:             37020 kB
Slab:              37116 kB
SReclaimable:      15836 kB
SUnreclaim:        21280 kB
KernelStack:        8376 kB
PageTables:        14076 kB
NFS_Unstable:          0 kB
Bounce:                0 kB
WritebackTmp:          0 kB
CommitLimit:      950276 kB
Committed_AS:   36401660 kB
VmallocTotal:     245760 kB
VmallocUsed:       62648 kB
VmallocChunk:      75648 kB
==>Fri Apr 14 10:27:17 2017
MemTotal:        1900556 kB
MemFree:          834344 kB
Buffers:           15036 kB
Cached:           339884 kB
SwapCached:            0 kB
Active:           403304 kB
Inactive:         311140 kB
Active(anon):     359548 kB
Inactive(anon):    36980 kB
Active(file):      43756 kB
Inactive(file):   274160 kB
Unevictable:           0 kB
Mlocked:               0 kB
HighTotal:       1158144 kB
HighFree:         178420 kB
LowTotal:         742412 kB
LowFree:          655924 kB
SwapTotal:             0 kB
SwapFree:              0 kB
Dirty:                 0 kB
Writeback:             0 kB
AnonPages:        359400 kB
Mapped:           226756 kB
Shmem:             37020 kB
Slab:              37064 kB
SReclaimable:      15820 kB
SUnreclaim:        21244 kB
KernelStack:        8376 kB
PageTables:        13976 kB
NFS_Unstable:          0 kB
Bounce:                0 kB
WritebackTmp:          0 kB
CommitLimit:      950276 kB
Committed_AS:   36356360 kB
VmallocTotal:     245760 kB
VmallocUsed:       62640 kB
VmallocChunk:      75648 kB
==>Fri Apr 14 10:27:27 2017
MemTotal:        1900556 kB
MemFree:          834468 kB
Buffers:           15036 kB
Cached:           339884 kB
SwapCached:            0 kB
Active:           402840 kB
Inactive:         311140 kB
Active(anon):     359084 kB
Inactive(anon):    36980 kB
Active(file):      43756 kB
Inactive(file):   274160 kB
Unevictable:           0 kB
Mlocked:               0 kB
HighTotal:       1158144 kB
HighFree:         178908 kB
LowTotal:         742412 kB
LowFree:          655560 kB
SwapTotal:             0 kB
SwapFree:              0 kB
Dirty:                 0 kB
Writeback:             0 kB
AnonPages:        359108 kB
Mapped:           226756 kB
Shmem:             37020 kB
Slab:              37112 kB
SReclaimable:      15820 kB
SUnreclaim:        21292 kB
KernelStack:        8240 kB
PageTables:        13976 kB
NFS_Unstable:          0 kB
Bounce:                0 kB
WritebackTmp:          0 kB
CommitLimit:      950276 kB
Committed_AS:   36341452 kB
VmallocTotal:     245760 kB
VmallocUsed:       62640 kB
VmallocChunk:      75648 kB
==>Fri Apr 14 10:27:37 2017
MemTotal:        1900556 kB
MemFree:          834324 kB
Buffers:           15116 kB
Cached:           339876 kB
SwapCached:            0 kB
Active:           403388 kB
Inactive:         311204 kB
Active(anon):     359624 kB
Inactive(anon):    36984 kB
Active(file):      43764 kB
Inactive(file):   274220 kB
Unevictable:           0 kB
Mlocked:               0 kB
HighTotal:       1158144 kB
HighFree:         178296 kB
LowTotal:         742412 kB
LowFree:          656028 kB
SwapTotal:             0 kB
SwapFree:              0 kB
Dirty:                80 kB
Writeback:             0 kB
AnonPages:        359552 kB
Mapped:           226744 kB
Shmem:             37024 kB
Slab:              36928 kB
SReclaimable:      15820 kB
SUnreclaim:        21108 kB
KernelStack:        8312 kB
PageTables:        14076 kB
NFS_Unstable:          0 kB
Bounce:                0 kB
WritebackTmp:          0 kB
CommitLimit:      950276 kB
Committed_AS:   36385200 kB
VmallocTotal:     245760 kB
VmallocUsed:       62648 kB
VmallocChunk:      75648 kB
==>Fri Apr 14 10:27:47 2017
MemTotal:        1900556 kB
MemFree:          817108 kB
Buffers:           15336 kB
Cached:           340000 kB
SwapCached:            0 kB
Active:           415084 kB
Inactive:         311540 kB
Active(anon):     371312 kB
Inactive(anon):    36984 kB
Active(file):      43772 kB
Inactive(file):   274556 kB
Unevictable:           0 kB
Mlocked:               0 kB
HighTotal:       1158144 kB
HighFree:         161432 kB
LowTotal:         742412 kB
LowFree:          655676 kB
SwapTotal:             0 kB
SwapFree:              0 kB
Dirty:                40 kB
Writeback:             0 kB
AnonPages:        371296 kB
Mapped:           229184 kB
Shmem:             37024 kB
Slab:              37096 kB
SReclaimable:      15836 kB
SUnreclaim:        21260 kB
KernelStack:        8360 kB
PageTables:        13896 kB
NFS_Unstable:          0 kB
Bounce:                0 kB
WritebackTmp:          0 kB
CommitLimit:      950276 kB
Committed_AS:   36370180 kB
VmallocTotal:     245760 kB
VmallocUsed:       62672 kB
VmallocChunk:      75648 kB
==>Fri Apr 14 10:27:57 2017
MemTotal:        1900556 kB
MemFree:          823084 kB
Buffers:           15344 kB
Cached:           340004 kB
SwapCached:            0 kB
Active:           409276 kB
Inactive:         311540 kB
Active(anon):     365492 kB
Inactive(anon):    36988 kB
Active(file):      43784 kB
Inactive(file):   274552 kB
Unevictable:           0 kB
Mlocked:               0 kB
HighTotal:       1158144 kB
HighFree:         167832 kB
LowTotal:         742412 kB
LowFree:          655252 kB
SwapTotal:             0 kB
SwapFree:              0 kB
Dirty:                24 kB
Writeback:             0 kB
AnonPages:        365036 kB
Mapped:           228732 kB
Shmem:             37028 kB
Slab:              37076 kB
SReclaimable:      15836 kB
SUnreclaim:        21240 kB
KernelStack:        8328 kB
PageTables:        13996 kB
NFS_Unstable:          0 kB
Bounce:                0 kB
WritebackTmp:          0 kB
CommitLimit:      950276 kB
Committed_AS:   36361800 kB
VmallocTotal:     245760 kB
VmallocUsed:       62672 kB
VmallocChunk:      75648 kB
==>Fri Apr 14 10:28:07 2017
MemTotal:        1900556 kB
MemFree:          821732 kB
Buffers:           15400 kB
Cached:           340004 kB
SwapCached:            0 kB
Active:           409268 kB
Inactive:         311596 kB
Active(anon):     365484 kB
Inactive(anon):    36988 kB
Active(file):      43784 kB
Inactive(file):   274608 kB
Unevictable:           0 kB
Mlocked:               0 kB
HighTotal:       1158144 kB
HighFree:         166384 kB
LowTotal:         742412 kB
LowFree:          655348 kB
SwapTotal:             0 kB
SwapFree:              0 kB
Dirty:                16 kB
Writeback:             0 kB
AnonPages:        365532 kB
Mapped:           229492 kB
Shmem:             37028 kB
Slab:              37152 kB
SReclaimable:      15840 kB
SUnreclaim:        21312 kB
KernelStack:        8328 kB
PageTables:        14096 kB
NFS_Unstable:          0 kB
Bounce:                0 kB
WritebackTmp:          0 kB
CommitLimit:      950276 kB
Committed_AS:   36372208 kB
VmallocTotal:     245760 kB
VmallocUsed:       62672 kB
VmallocChunk:      75648 kB
==>Fri Apr 14 10:28:17 2017
MemTotal:        1900556 kB
MemFree:          821688 kB
Buffers:           15400 kB
Cached:           340004 kB
SwapCached:            0 kB
Active:           409444 kB
Inactive:         311596 kB
Active(anon):     365660 kB
Inactive(anon):    36988 kB
Active(file):      43784 kB
Inactive(file):   274608 kB
Unevictable:           0 kB
Mlocked:               0 kB
HighTotal:       1158144 kB
HighFree:         166444 kB
LowTotal:         742412 kB
LowFree:          655244 kB
SwapTotal:             0 kB
SwapFree:              0 kB
Dirty:                 0 kB
Writeback:             0 kB
AnonPages:        365824 kB
Mapped:           228936 kB
Shmem:             37028 kB
Slab:              37248 kB
SReclaimable:      15840 kB
SUnreclaim:        21408 kB
KernelStack:        8192 kB
PageTables:        13996 kB
NFS_Unstable:          0 kB
Bounce:                0 kB
WritebackTmp:          0 kB
CommitLimit:      950276 kB
Committed_AS:   36380252 kB
VmallocTotal:     245760 kB
VmallocUsed:       62680 kB
VmallocChunk:      75648 kB
==>Fri Apr 14 10:28:27 2017
MemTotal:        1900556 kB
MemFree:          822068 kB
Buffers:           15400 kB
Cached:           340008 kB
SwapCached:            0 kB
Active:           409180 kB
Inactive:         311600 kB
Active(anon):     365396 kB
Inactive(anon):    36992 kB
Active(file):      43784 kB
Inactive(file):   274608 kB
Unevictable:           0 kB
Mlocked:               0 kB
HighTotal:       1158144 kB
HighFree:         166892 kB
LowTotal:         742412 kB
LowFree:          655176 kB
SwapTotal:             0 kB
SwapFree:              0 kB
Dirty:                 0 kB
Writeback:             0 kB
AnonPages:        365488 kB
Mapped:           228940 kB
Shmem:             37032 kB
Slab:              37184 kB
SReclaimable:      15840 kB
SUnreclaim:        21344 kB
KernelStack:        8328 kB
PageTables:        14000 kB
NFS_Unstable:          0 kB
Bounce:                0 kB
WritebackTmp:          0 kB
CommitLimit:      950276 kB
Committed_AS:   36380316 kB
VmallocTotal:     245760 kB
VmallocUsed:       62672 kB
VmallocChunk:      75648 kB
==>Fri Apr 14 10:28:37 2017
MemTotal:        1900556 kB
MemFree:          820416 kB
Buffers:           15472 kB
Cached:           340008 kB
SwapCached:            0 kB
Active:           409200 kB
Inactive:         311672 kB
Active(anon):     365416 kB
Inactive(anon):    36992 kB
Active(file):      43784 kB
Inactive(file):   274680 kB
Unevictable:           0 kB
Mlocked:               0 kB
HighTotal:       1158144 kB
HighFree:         165044 kB
LowTotal:         742412 kB
LowFree:          655372 kB
SwapTotal:             0 kB
SwapFree:              0 kB
Dirty:                24 kB
Writeback:             0 kB
AnonPages:        365116 kB
Mapped:           229180 kB
Shmem:             37032 kB
Slab:              37188 kB
SReclaimable:      15844 kB
SUnreclaim:        21344 kB
KernelStack:        8328 kB
PageTables:        14000 kB
NFS_Unstable:          0 kB
Bounce:                0 kB
WritebackTmp:          0 kB
CommitLimit:      950276 kB
Committed_AS:   36366672 kB
VmallocTotal:     245760 kB
VmallocUsed:       62696 kB
VmallocChunk:      75648 kB
==>Fri Apr 14 10:28:47 2017
MemTotal:        1900556 kB
MemFree:          819552 kB
Buffers:           15536 kB
Cached:           340084 kB
SwapCached:            0 kB
Active:           409584 kB
Inactive:         311808 kB
Active(anon):     365796 kB
Inactive(anon):    36992 kB
Active(file):      43788 kB
Inactive(file):   274816 kB
Unevictable:           0 kB
Mlocked:               0 kB
HighTotal:       1158144 kB
HighFree:         164252 kB
LowTotal:         742412 kB
LowFree:          655300 kB
SwapTotal:             0 kB
SwapFree:              0 kB
Dirty:                60 kB
Writeback:             0 kB
AnonPages:        365788 kB
Mapped:           228528 kB
Shmem:             37032 kB
Slab:              37292 kB
SReclaimable:      15836 kB
SUnreclaim:        21456 kB
KernelStack:        8336 kB
PageTables:        13896 kB
NFS_Unstable:          0 kB
Bounce:                0 kB
WritebackTmp:          0 kB
CommitLimit:      950276 kB
Committed_AS:   36366220 kB
VmallocTotal:     245760 kB
VmallocUsed:       62696 kB
VmallocChunk:      75648 kB
==>Fri Apr 14 10:28:57 2017
MemTotal:        1900556 kB
MemFree:          820048 kB
Buffers:           15560 kB
Cached:           340088 kB
SwapCached:            0 kB
Active:           409120 kB
Inactive:         311836 kB
Active(anon):     365332 kB
Inactive(anon):    36996 kB
Active(file):      43788 kB
Inactive(file):   274840 kB
Unevictable:           0 kB
Mlocked:               0 kB
HighTotal:       1158144 kB
HighFree:         164936 kB
LowTotal:         742412 kB
LowFree:          655112 kB
SwapTotal:             0 kB
SwapFree:              0 kB
Dirty:                 0 kB
Writeback:             0 kB
AnonPages:        365280 kB
Mapped:           228548 kB
Shmem:             37036 kB
Slab:              37240 kB
SReclaimable:      15836 kB
SUnreclaim:        21404 kB
KernelStack:        8360 kB
PageTables:        13996 kB
NFS_Unstable:          0 kB
Bounce:                0 kB
WritebackTmp:          0 kB
CommitLimit:      950276 kB
Committed_AS:   36372136 kB
VmallocTotal:     245760 kB
VmallocUsed:       62688 kB
VmallocChunk:      75648 kB
==>Fri Apr 14 10:29:07 2017
MemTotal:        1900556 kB
MemFree:          819540 kB
Buffers:           15576 kB
Cached:           340088 kB
SwapCached:            0 kB
Active:           409340 kB
Inactive:         311852 kB
Active(anon):     365552 kB
Inactive(anon):    36996 kB
Active(file):      43788 kB
Inactive(file):   274856 kB
Unevictable:           0 kB
Mlocked:               0 kB
HighTotal:       1158144 kB
HighFree:         164612 kB
LowTotal:         742412 kB
LowFree:          654928 kB
SwapTotal:             0 kB
SwapFree:              0 kB
Dirty:                40 kB
Writeback:             0 kB
AnonPages:        365664 kB
Mapped:           228508 kB
Shmem:             37036 kB
Slab:              37300 kB
SReclaimable:      15836 kB
SUnreclaim:        21464 kB
KernelStack:        8344 kB
PageTables:        13896 kB
NFS_Unstable:          0 kB
Bounce:                0 kB
WritebackTmp:          0 kB
CommitLimit:      950276 kB
Committed_AS:   36359416 kB
VmallocTotal:     245760 kB
VmallocUsed:       62688 kB
VmallocChunk:      75648 kB
==>Fri Apr 14 10:29:17 2017
MemTotal:        1900556 kB
MemFree:          820160 kB
Buffers:           15584 kB
Cached:           340152 kB
SwapCached:            0 kB
Active:           409308 kB
Inactive:         311924 kB
Active(anon):     365520 kB
Inactive(anon):    37064 kB
Active(file):      43788 kB
Inactive(file):   274860 kB
Unevictable:           0 kB
Mlocked:               0 kB
HighTotal:       1158144 kB
HighFree:         165128 kB
LowTotal:         742412 kB
LowFree:          655032 kB
SwapTotal:             0 kB
SwapFree:              0 kB
Dirty:                28 kB
Writeback:             0 kB
AnonPages:        365528 kB
Mapped:           228596 kB
Shmem:             37104 kB
Slab:              37240 kB
SReclaimable:      15828 kB
SUnreclaim:        21412 kB
KernelStack:        8312 kB
PageTables:        13996 kB
NFS_Unstable:          0 kB
Bounce:                0 kB
WritebackTmp:          0 kB
CommitLimit:      950276 kB
Committed_AS:   36359624 kB
VmallocTotal:     245760 kB
VmallocUsed:       62688 kB
VmallocChunk:      75648 kB
==>Fri Apr 14 10:29:27 2017
MemTotal:        1900556 kB
MemFree:          820168 kB
Buffers:           15592 kB
Cached:           340152 kB
SwapCached:            0 kB
Active:           409200 kB
Inactive:         311932 kB
Active(anon):     365412 kB
Inactive(anon):    37064 kB
Active(file):      43788 kB
Inactive(file):   274868 kB
Unevictable:           0 kB
Mlocked:               0 kB
HighTotal:       1158144 kB
HighFree:         165212 kB
LowTotal:         742412 kB
LowFree:          654956 kB
SwapTotal:             0 kB
SwapFree:              0 kB
Dirty:                 4 kB
Writeback:             0 kB
AnonPages:        365472 kB
Mapped:           228896 kB
Shmem:             37104 kB
Slab:              37208 kB
SReclaimable:      15828 kB
SUnreclaim:        21380 kB
KernelStack:        8312 kB
PageTables:        13996 kB
NFS_Unstable:          0 kB
Bounce:                0 kB
WritebackTmp:          0 kB
CommitLimit:      950276 kB
Committed_AS:   36379700 kB
VmallocTotal:     245760 kB
VmallocUsed:       62696 kB
VmallocChunk:      75648 kB
==>Fri Apr 14 10:29:37 2017
MemTotal:        1900556 kB
MemFree:          821256 kB
Buffers:           15600 kB
Cached:           340152 kB
SwapCached:            0 kB
Active:           408748 kB
Inactive:         311940 kB
Active(anon):     364960 kB
Inactive(anon):    37064 kB
Active(file):      43788 kB
Inactive(file):   274876 kB
Unevictable:           0 kB
Mlocked:               0 kB
HighTotal:       1158144 kB
HighFree:         165984 kB
LowTotal:         742412 kB
LowFree:          655272 kB
SwapTotal:             0 kB
SwapFree:              0 kB
Dirty:                 0 kB
Writeback:             0 kB
AnonPages:        365032 kB
Mapped:           228900 kB
Shmem:             37104 kB
Slab:              37256 kB
SReclaimable:      15836 kB
SUnreclaim:        21420 kB
KernelStack:        8160 kB
PageTables:        13896 kB
NFS_Unstable:          0 kB
Bounce:                0 kB
WritebackTmp:          0 kB
CommitLimit:      950276 kB
Committed_AS:   36386112 kB
VmallocTotal:     245760 kB
VmallocUsed:       62688 kB
VmallocChunk:      75648 kB
==>Fri Apr 14 10:29:47 2017
MemTotal:        1900556 kB
MemFree:          819228 kB
Buffers:           15684 kB
Cached:           340152 kB
SwapCached:            0 kB
Active:           410172 kB
Inactive:         312012 kB
Active(anon):     366372 kB
Inactive(anon):    37064 kB
Active(file):      43800 kB
Inactive(file):   274948 kB
Unevictable:           0 kB
Mlocked:               0 kB
HighTotal:       1158144 kB
HighFree:         164184 kB
LowTotal:         742412 kB
LowFree:          655044 kB
SwapTotal:             0 kB
SwapFree:              0 kB
Dirty:                72 kB
Writeback:             4 kB
AnonPages:        366388 kB
Mapped:           228908 kB
Shmem:             37104 kB
Slab:              37208 kB
SReclaimable:      15844 kB
SUnreclaim:        21364 kB
KernelStack:        8272 kB
PageTables:        13956 kB
NFS_Unstable:          0 kB
Bounce:                0 kB
WritebackTmp:          0 kB
CommitLimit:      950276 kB
Committed_AS:   36368752 kB
VmallocTotal:     245760 kB
VmallocUsed:       62688 kB
VmallocChunk:      75648 kB
==>Fri Apr 14 10:29:57 2017
MemTotal:        1900556 kB
MemFree:          819960 kB
Buffers:           15692 kB
Cached:           340160 kB
SwapCached:            0 kB
Active:           409648 kB
Inactive:         312032 kB
Active(anon):     365852 kB
Inactive(anon):    37068 kB
Active(file):      43796 kB
Inactive(file):   274964 kB
Unevictable:           0 kB
Mlocked:               0 kB
HighTotal:       1158144 kB
HighFree:         164688 kB
LowTotal:         742412 kB
LowFree:          655272 kB
SwapTotal:             0 kB
SwapFree:              0 kB
Dirty:                32 kB
Writeback:             0 kB
AnonPages:        365952 kB
Mapped:           228904 kB
Shmem:             37108 kB
Slab:              37188 kB
SReclaimable:      15844 kB
SUnreclaim:        21344 kB
KernelStack:        8320 kB
PageTables:        13996 kB
NFS_Unstable:          0 kB
Bounce:                0 kB
WritebackTmp:          0 kB
CommitLimit:      950276 kB
Committed_AS:   36384080 kB
VmallocTotal:     245760 kB
VmallocUsed:       62688 kB
VmallocChunk:      75648 kB
==>Fri Apr 14 10:30:07 2017
MemTotal:        1900556 kB
MemFree:          819940 kB
Buffers:           15692 kB
Cached:           340160 kB
SwapCached:            0 kB
Active:           409164 kB
Inactive:         312032 kB
Active(anon):     365368 kB
Inactive(anon):    37068 kB
Active(file):      43796 kB
Inactive(file):   274964 kB
Unevictable:           0 kB
Mlocked:               0 kB
HighTotal:       1158144 kB
HighFree:         164680 kB
LowTotal:         742412 kB
LowFree:          655260 kB
SwapTotal:             0 kB
SwapFree:              0 kB
Dirty:                 0 kB
Writeback:             0 kB
AnonPages:        365508 kB
Mapped:           228684 kB
Shmem:             37108 kB
Slab:              37156 kB
SReclaimable:      15844 kB
SUnreclaim:        21312 kB
KernelStack:        8184 kB
PageTables:        14000 kB
NFS_Unstable:          0 kB
Bounce:                0 kB
WritebackTmp:          0 kB
CommitLimit:      950276 kB
Committed_AS:   36398760 kB
VmallocTotal:     245760 kB
VmallocUsed:       62688 kB
VmallocChunk:      75648 kB
==>Fri Apr 14 10:30:17 2017
MemTotal:        1900556 kB
MemFree:          819520 kB
Buffers:           15692 kB
Cached:           340160 kB
SwapCached:            0 kB
Active:           409836 kB
Inactive:         312032 kB
Active(anon):     366040 kB
Inactive(anon):    37068 kB
Active(file):      43796 kB
Inactive(file):   274964 kB
Unevictable:           0 kB
Mlocked:               0 kB
HighTotal:       1158144 kB
HighFree:         164244 kB
LowTotal:         742412 kB
LowFree:          655276 kB
SwapTotal:             0 kB
SwapFree:              0 kB
Dirty:                 0 kB
Writeback:             0 kB
AnonPages:        366080 kB
Mapped:           229028 kB
Shmem:             37108 kB
Slab:              37192 kB
SReclaimable:      15844 kB
SUnreclaim:        21348 kB
KernelStack:        8168 kB
PageTables:        14000 kB
NFS_Unstable:          0 kB
Bounce:                0 kB
WritebackTmp:          0 kB
CommitLimit:      950276 kB
Committed_AS:   36383532 kB
VmallocTotal:     245760 kB
VmallocUsed:       62696 kB
VmallocChunk:      75648 kB
==>Fri Apr 14 10:30:27 2017
MemTotal:        1900556 kB
MemFree:          819592 kB
Buffers:           15780 kB
Cached:           340152 kB
SwapCached:            0 kB
Active:           409436 kB
Inactive:         312112 kB
Active(anon):     365640 kB
Inactive(anon):    37068 kB
Active(file):      43796 kB
Inactive(file):   275044 kB
Unevictable:           0 kB
Mlocked:               0 kB
HighTotal:       1158144 kB
HighFree:         164476 kB
LowTotal:         742412 kB
LowFree:          655116 kB
SwapTotal:             0 kB
SwapFree:              0 kB
Dirty:                 0 kB
Writeback:             0 kB
AnonPages:        365660 kB
Mapped:           229032 kB
Shmem:             37108 kB
Slab:              37144 kB
SReclaimable:      15856 kB
SUnreclaim:        21288 kB
KernelStack:        8168 kB
PageTables:        13900 kB
NFS_Unstable:          0 kB
Bounce:                0 kB
WritebackTmp:          0 kB
CommitLimit:      950276 kB
Committed_AS:   36350968 kB
VmallocTotal:     245760 kB
VmallocUsed:       62688 kB
VmallocChunk:      75648 kB
==>Fri Apr 14 10:30:37 2017
MemTotal:        1900556 kB
MemFree:          819492 kB
Buffers:           15780 kB
Cached:           340160 kB
SwapCached:            0 kB
Active:           409940 kB
Inactive:         312120 kB
Active(anon):     366144 kB
Inactive(anon):    37068 kB
Active(file):      43796 kB
Inactive(file):   275052 kB
Unevictable:           0 kB
Mlocked:               0 kB
HighTotal:       1158144 kB
HighFree:         164548 kB
LowTotal:         742412 kB
LowFree:          654944 kB
SwapTotal:             0 kB
SwapFree:              0 kB
Dirty:                 0 kB
Writeback:             0 kB
AnonPages:        366004 kB
Mapped:           229044 kB
Shmem:             37108 kB
Slab:              37140 kB
SReclaimable:      15848 kB
SUnreclaim:        21292 kB
KernelStack:        8304 kB
PageTables:        13936 kB
NFS_Unstable:          0 kB
Bounce:                0 kB
WritebackTmp:          0 kB
CommitLimit:      950276 kB
Committed_AS:   36367288 kB
VmallocTotal:     245760 kB
VmallocUsed:       62688 kB
VmallocChunk:      75648 kB
==>Fri Apr 14 10:30:47 2017
MemTotal:        1900556 kB
MemFree:          819468 kB
Buffers:           15780 kB
Cached:           340160 kB
SwapCached:            0 kB
Active:           409644 kB
Inactive:         312120 kB
Active(anon):     365848 kB
Inactive(anon):    37068 kB
Active(file):      43796 kB
Inactive(file):   275052 kB
Unevictable:           0 kB
Mlocked:               0 kB
HighTotal:       1158144 kB
HighFree:         164808 kB
LowTotal:         742412 kB
LowFree:          654660 kB
SwapTotal:             0 kB
SwapFree:              0 kB
Dirty:                 0 kB
Writeback:             0 kB
AnonPages:        365936 kB
Mapped:           229032 kB
Shmem:             37108 kB
Slab:              37200 kB
SReclaimable:      15840 kB
SUnreclaim:        21360 kB
KernelStack:        8312 kB
PageTables:        14096 kB
NFS_Unstable:          0 kB
Bounce:                0 kB
WritebackTmp:          0 kB
CommitLimit:      950276 kB
Committed_AS:   36407760 kB
VmallocTotal:     245760 kB
VmallocUsed:       62688 kB
