==>Fri Apr  7 18:46:07 2017
MemTotal:        1900556 kB
MemFree:          941024 kB
Buffers:           11584 kB
Cached:           334556 kB
SwapCached:            0 kB
Active:           440724 kB
Inactive:         279208 kB
Active(anon):     373860 kB
Inactive(anon):      416 kB
Active(file):      66864 kB
Inactive(file):   278792 kB
Unevictable:           0 kB
Mlocked:               0 kB
HighTotal:       1158144 kB
HighFree:         278368 kB
LowTotal:         742412 kB
LowFree:          662656 kB
SwapTotal:             0 kB
SwapFree:              0 kB
Dirty:               196 kB
Writeback:             0 kB
AnonPages:        373916 kB
Mapped:           119560 kB
Shmem:               460 kB
Slab:              33652 kB
SReclaimable:      12740 kB
SUnreclaim:        20912 kB
KernelStack:        9208 kB
PageTables:        14340 kB
NFS_Unstable:          0 kB
Bounce:                0 kB
WritebackTmp:          0 kB
CommitLimit:      950276 kB
Committed_AS:   45756056 kB
VmallocTotal:     245760 kB
VmallocUsed:       68332 kB
VmallocChunk:      75648 kB
==>Fri Apr  7 18:46:17 2017
MemTotal:        1900556 kB
MemFree:          918772 kB
Buffers:           11816 kB
Cached:           336928 kB
SwapCached:            0 kB
Active:           459088 kB
Inactive:         279968 kB
Active(anon):     390376 kB
Inactive(anon):      416 kB
Active(file):      68712 kB
Inactive(file):   279552 kB
Unevictable:           0 kB
Mlocked:               0 kB
HighTotal:       1158144 kB
HighFree:         259472 kB
LowTotal:         742412 kB
LowFree:          659300 kB
SwapTotal:             0 kB
SwapFree:              0 kB
Dirty:                40 kB
Writeback:             0 kB
AnonPages:        390116 kB
Mapped:           122048 kB
Shmem:               460 kB
Slab:              35904 kB
SReclaimable:      14056 kB
SUnreclaim:        21848 kB
KernelStack:        9584 kB
PageTables:        14440 kB
NFS_Unstable:          0 kB
Bounce:                0 kB
WritebackTmp:          0 kB
CommitLimit:      950276 kB
Committed_AS:   44580936 kB
VmallocTotal:     245760 kB
VmallocUsed:       69352 kB
VmallocChunk:      75648 kB
==>Fri Apr  7 18:46:27 2017
MemTotal:        1900556 kB
MemFree:          906832 kB
Buffers:           11936 kB
Cached:           339468 kB
SwapCached:            0 kB
Active:           465864 kB
Inactive:         280936 kB
Active(anon):     395504 kB
Inactive(anon):      416 kB
Active(file):      70360 kB
Inactive(file):   280520 kB
Unevictable:           0 kB
Mlocked:               0 kB
HighTotal:       1158144 kB
HighFree:         249820 kB
LowTotal:         742412 kB
LowFree:          657012 kB
SwapTotal:             0 kB
SwapFree:              0 kB
Dirty:               152 kB
Writeback:             0 kB
AnonPages:        395492 kB
Mapped:           122368 kB
Shmem:               460 kB
Slab:              38012 kB
SReclaimable:      15672 kB
SUnreclaim:        22340 kB
KernelStack:        9456 kB
PageTables:        14820 kB
NFS_Unstable:          0 kB
Bounce:                0 kB
WritebackTmp:          0 kB
CommitLimit:      950276 kB
Committed_AS:   41061000 kB
VmallocTotal:     245760 kB
VmallocUsed:       69360 kB
VmallocChunk:      75648 kB
==>Fri Apr  7 18:46:37 2017
MemTotal:        1900556 kB
MemFree:          890852 kB
Buffers:           12340 kB
Cached:           342172 kB
SwapCached:            0 kB
Active:           479164 kB
Inactive:         283248 kB
Active(anon):     408120 kB
Inactive(anon):      416 kB
Active(file):      71044 kB
Inactive(file):   282832 kB
Unevictable:           0 kB
Mlocked:               0 kB
HighTotal:       1158144 kB
HighFree:         234844 kB
LowTotal:         742412 kB
LowFree:          656008 kB
SwapTotal:             0 kB
SwapFree:              0 kB
Dirty:              1304 kB
Writeback:             0 kB
AnonPages:        408168 kB
Mapped:           123216 kB
Shmem:               460 kB
Slab:              38568 kB
SReclaimable:      15908 kB
SUnreclaim:        22660 kB
KernelStack:       10128 kB
PageTables:        14640 kB
NFS_Unstable:          0 kB
Bounce:                0 kB
WritebackTmp:          0 kB
CommitLimit:      950276 kB
Committed_AS:   41028304 kB
VmallocTotal:     245760 kB
VmallocUsed:       68332 kB
VmallocChunk:      75648 kB
==>Fri Apr  7 18:46:47 2017
MemTotal:        1900556 kB
MemFree:          838292 kB
Buffers:           12516 kB
Cached:           380920 kB
SwapCached:            0 kB
Active:           538892 kB
Inactive:         273108 kB
Active(anon):     418852 kB
Inactive(anon):      416 kB
Active(file):     120040 kB
Inactive(file):   272692 kB
Unevictable:           0 kB
Mlocked:               0 kB
HighTotal:       1158144 kB
HighFree:         184504 kB
LowTotal:         742412 kB
LowFree:          653788 kB
SwapTotal:             0 kB
SwapFree:              0 kB
Dirty:               148 kB
Writeback:             0 kB
AnonPages:        418896 kB
Mapped:           124348 kB
Shmem:               460 kB
Slab:              40244 kB
SReclaimable:      17000 kB
SUnreclaim:        23244 kB
KernelStack:        9776 kB
PageTables:        14396 kB
NFS_Unstable:          0 kB
Bounce:                0 kB
WritebackTmp:          0 kB
CommitLimit:      950276 kB
Committed_AS:   41029188 kB
VmallocTotal:     245760 kB
VmallocUsed:       69352 kB
VmallocChunk:      75648 kB
==>Fri Apr  7 18:46:57 2017
MemTotal:        1900556 kB
MemFree:          809664 kB
Buffers:           12700 kB
Cached:           384724 kB
SwapCached:            0 kB
Active:           560820 kB
Inactive:         276116 kB
Active(anon):     439788 kB
Inactive(anon):      416 kB
Active(file):     121032 kB
Inactive(file):   275700 kB
Unevictable:           0 kB
Mlocked:               0 kB
HighTotal:       1158144 kB
HighFree:         156528 kB
LowTotal:         742412 kB
LowFree:          653136 kB
SwapTotal:             0 kB
SwapFree:              0 kB
Dirty:               176 kB
Writeback:             0 kB
AnonPages:        439840 kB
Mapped:           126220 kB
Shmem:               460 kB
Slab:              40356 kB
SReclaimable:      17120 kB
SUnreclaim:        23236 kB
KernelStack:        9928 kB
PageTables:        14572 kB
NFS_Unstable:          0 kB
Bounce:                0 kB
WritebackTmp:          0 kB
CommitLimit:      950276 kB
Committed_AS:   41028348 kB
VmallocTotal:     245760 kB
VmallocUsed:       66304 kB
VmallocChunk:      75648 kB
==>Fri Apr  7 18:47:07 2017
MemTotal:        1900556 kB
MemFree:          774520 kB
Buffers:           12816 kB
Cached:           384932 kB
SwapCached:            0 kB
Active:           592252 kB
Inactive:         276340 kB
Active(anon):     471120 kB
Inactive(anon):      416 kB
Active(file):     121132 kB
Inactive(file):   275924 kB
Unevictable:           0 kB
Mlocked:               0 kB
HighTotal:       1158144 kB
HighFree:         124308 kB
LowTotal:         742412 kB
LowFree:          650212 kB
SwapTotal:             0 kB
SwapFree:              0 kB
Dirty:                 4 kB
Writeback:             0 kB
AnonPages:        471180 kB
Mapped:           127308 kB
Shmem:               460 kB
Slab:              40816 kB
SReclaimable:      17260 kB
SUnreclaim:        23556 kB
KernelStack:       12176 kB
PageTables:        14720 kB
NFS_Unstable:          0 kB
Bounce:                0 kB
WritebackTmp:          0 kB
CommitLimit:      950276 kB
Committed_AS:   41014932 kB
VmallocTotal:     245760 kB
VmallocUsed:       68352 kB
VmallocChunk:      75648 kB
==>Fri Apr  7 18:47:17 2017
MemTotal:        1900556 kB
MemFree:          710148 kB
Buffers:           13120 kB
Cached:           410292 kB
SwapCached:            0 kB
Active:           631684 kB
Inactive:         300460 kB
Active(anon):     509012 kB
Inactive(anon):      432 kB
Active(file):     122672 kB
Inactive(file):   300028 kB
Unevictable:           0 kB
Mlocked:               0 kB
HighTotal:       1158144 kB
HighFree:          60440 kB
LowTotal:         742412 kB
LowFree:          649708 kB
SwapTotal:             0 kB
SwapFree:              0 kB
Dirty:                68 kB
Writeback:             0 kB
AnonPages:        508996 kB
Mapped:           133380 kB
Shmem:               480 kB
Slab:              42872 kB
SReclaimable:      17772 kB
SUnreclaim:        25100 kB
KernelStack:       10312 kB
PageTables:        15088 kB
NFS_Unstable:          0 kB
Bounce:                0 kB
WritebackTmp:          0 kB
CommitLimit:      950276 kB
Committed_AS:   41115868 kB
VmallocTotal:     245760 kB
VmallocUsed:       70380 kB
VmallocChunk:      75648 kB
==>Fri Apr  7 18:47:27 2017
MemTotal:        1900556 kB
MemFree:          705472 kB
Buffers:           13132 kB
Cached:           410292 kB
SwapCached:            0 kB
Active:           634332 kB
Inactive:         300472 kB
Active(anon):     511660 kB
Inactive(anon):      432 kB
Active(file):     122672 kB
Inactive(file):   300040 kB
Unevictable:           0 kB
Mlocked:               0 kB
HighTotal:       1158144 kB
HighFree:          56008 kB
LowTotal:         742412 kB
LowFree:          649464 kB
SwapTotal:             0 kB
SwapFree:              0 kB
Dirty:                 8 kB
Writeback:             0 kB
AnonPages:        511648 kB
Mapped:           133856 kB
Shmem:               480 kB
Slab:              42848 kB
SReclaimable:      17772 kB
SUnreclaim:        25076 kB
KernelStack:       10352 kB
PageTables:        15172 kB
NFS_Unstable:          0 kB
Bounce:                0 kB
WritebackTmp:          0 kB
CommitLimit:      950276 kB
Committed_AS:   41166592 kB
VmallocTotal:     245760 kB
VmallocUsed:       72432 kB
VmallocChunk:      75648 kB
==>Fri Apr  7 18:47:37 2017
MemTotal:        1900556 kB
MemFree:          704700 kB
Buffers:           13156 kB
Cached:           414396 kB
SwapCached:            0 kB
Active:           631720 kB
Inactive:         303936 kB
Active(anon):     508384 kB
Inactive(anon):      432 kB
Active(file):     123336 kB
Inactive(file):   303504 kB
Unevictable:           0 kB
Mlocked:               0 kB
HighTotal:       1158144 kB
HighFree:          55504 kB
LowTotal:         742412 kB
LowFree:          649196 kB
SwapTotal:             0 kB
SwapFree:              0 kB
Dirty:                32 kB
Writeback:             0 kB
AnonPages:        508428 kB
Mapped:           133856 kB
Shmem:               480 kB
Slab:              42888 kB
SReclaimable:      17800 kB
SUnreclaim:        25088 kB
KernelStack:       10192 kB
PageTables:        15216 kB
NFS_Unstable:          0 kB
Bounce:                0 kB
WritebackTmp:          0 kB
CommitLimit:      950276 kB
Committed_AS:   41165296 kB
VmallocTotal:     245760 kB
VmallocUsed:       74472 kB
VmallocChunk:      75648 kB
==>Fri Apr  7 18:47:47 2017
MemTotal:        1900556 kB
MemFree:          702424 kB
Buffers:           13180 kB
Cached:           414396 kB
SwapCached:            0 kB
Active:           635616 kB
Inactive:         303956 kB
Active(anon):     512276 kB
Inactive(anon):      432 kB
Active(file):     123340 kB
Inactive(file):   303524 kB
Unevictable:           0 kB
Mlocked:               0 kB
HighTotal:       1158144 kB
HighFree:          53248 kB
LowTotal:         742412 kB
LowFree:          649176 kB
SwapTotal:             0 kB
SwapFree:              0 kB
Dirty:                28 kB
Writeback:             0 kB
AnonPages:        512252 kB
Mapped:           133240 kB
Shmem:               480 kB
Slab:              42868 kB
SReclaimable:      17800 kB
SUnreclaim:        25068 kB
KernelStack:       10392 kB
PageTables:        15500 kB
NFS_Unstable:          0 kB
Bounce:                0 kB
WritebackTmp:          0 kB
CommitLimit:      950276 kB
Committed_AS:   42386252 kB
VmallocTotal:     245760 kB
VmallocUsed:       77520 kB
VmallocChunk:      75648 kB
==>Fri Apr  7 18:47:57 2017
MemTotal:        1900556 kB
MemFree:          694676 kB
Buffers:           13204 kB
Cached:           418596 kB
SwapCached:            0 kB
Active:           639468 kB
Inactive:         307512 kB
Active(anon):     515460 kB
Inactive(anon):      432 kB
Active(file):     124008 kB
Inactive(file):   307080 kB
Unevictable:           0 kB
Mlocked:               0 kB
HighTotal:       1158144 kB
HighFree:          45844 kB
LowTotal:         742412 kB
LowFree:          648832 kB
SwapTotal:             0 kB
SwapFree:              0 kB
Dirty:               104 kB
Writeback:             0 kB
AnonPages:        515472 kB
Mapped:           133712 kB
Shmem:               480 kB
Slab:              42912 kB
SReclaimable:      17844 kB
SUnreclaim:        25068 kB
KernelStack:       10528 kB
PageTables:        15524 kB
NFS_Unstable:          0 kB
Bounce:                0 kB
WritebackTmp:          0 kB
CommitLimit:      950276 kB
Committed_AS:   42370880 kB
VmallocTotal:     245760 kB
VmallocUsed:       76500 kB
VmallocChunk:      75648 kB
==>Fri Apr  7 18:48:07 2017
MemTotal:        1900556 kB
MemFree:          691860 kB
Buffers:           13220 kB
Cached:           418600 kB
SwapCached:            0 kB
Active:           642992 kB
Inactive:         307532 kB
Active(anon):     518984 kB
Inactive(anon):      432 kB
Active(file):     124008 kB
Inactive(file):   307100 kB
Unevictable:           0 kB
Mlocked:               0 kB
HighTotal:       1158144 kB
HighFree:          42728 kB
LowTotal:         742412 kB
LowFree:          649132 kB
SwapTotal:             0 kB
SwapFree:              0 kB
Dirty:                28 kB
Writeback:             0 kB
AnonPages:        519000 kB
Mapped:           133416 kB
Shmem:               480 kB
Slab:              42908 kB
SReclaimable:      17844 kB
SUnreclaim:        25064 kB
KernelStack:       10432 kB
PageTables:        15480 kB
NFS_Unstable:          0 kB
Bounce:                0 kB
WritebackTmp:          0 kB
CommitLimit:      950276 kB
Committed_AS:   42395036 kB
VmallocTotal:     245760 kB
VmallocUsed:       77520 kB
VmallocChunk:      75648 kB
==>Fri Apr  7 18:48:17 2017
MemTotal:        1900556 kB
MemFree:          692596 kB
Buffers:           13284 kB
Cached:           419724 kB
SwapCached:            0 kB
Active:           638224 kB
Inactive:         308712 kB
Active(anon):     514208 kB
Inactive(anon):      432 kB
Active(file):     124016 kB
Inactive(file):   308280 kB
Unevictable:           0 kB
Mlocked:               0 kB
HighTotal:       1158144 kB
HighFree:          44100 kB
LowTotal:         742412 kB
LowFree:          648496 kB
SwapTotal:             0 kB
SwapFree:              0 kB
Dirty:              1148 kB
Writeback:             0 kB
AnonPages:        514308 kB
Mapped:           135036 kB
Shmem:               480 kB
Slab:              42656 kB
SReclaimable:      17876 kB
SUnreclaim:        24780 kB
KernelStack:       10512 kB
PageTables:        15408 kB
NFS_Unstable:          0 kB
Bounce:                0 kB
WritebackTmp:          0 kB
CommitLimit:      950276 kB
Committed_AS:   42352692 kB
VmallocTotal:     245760 kB
VmallocUsed:       76512 kB
VmallocChunk:      75648 kB
==>Fri Apr  7 18:48:27 2017
MemTotal:        1900556 kB
MemFree:          688504 kB
Buffers:           13328 kB
Cached:           423900 kB
SwapCached:            0 kB
Active:           640040 kB
Inactive:         312268 kB
Active(anon):     515360 kB
Inactive(anon):      432 kB
Active(file):     124680 kB
Inactive(file):   311836 kB
Unevictable:           0 kB
Mlocked:               0 kB
HighTotal:       1158144 kB
HighFree:          39392 kB
LowTotal:         742412 kB
LowFree:          649112 kB
SwapTotal:             0 kB
SwapFree:              0 kB
Dirty:              2092 kB
Writeback:             0 kB
AnonPages:        515368 kB
Mapped:           134800 kB
Shmem:               480 kB
Slab:              42768 kB
SReclaimable:      17900 kB
SUnreclaim:        24868 kB
KernelStack:       10448 kB
PageTables:        15540 kB
NFS_Unstable:          0 kB
Bounce:                0 kB
WritebackTmp:          0 kB
CommitLimit:      950276 kB
Committed_AS:   42371244 kB
VmallocTotal:     245760 kB
VmallocUsed:       76512 kB
VmallocChunk:      75648 kB
==>Fri Apr  7 18:48:37 2017
MemTotal:        1900556 kB
MemFree:          684988 kB
Buffers:           13340 kB
Cached:           424020 kB
SwapCached:            0 kB
Active:           642840 kB
Inactive:         312376 kB
Active(anon):     518136 kB
Inactive(anon):      432 kB
Active(file):     124704 kB
Inactive(file):   311944 kB
Unevictable:           0 kB
Mlocked:               0 kB
HighTotal:       1158144 kB
HighFree:          35852 kB
LowTotal:         742412 kB
LowFree:          649136 kB
SwapTotal:             0 kB
SwapFree:              0 kB
Dirty:                 8 kB
Writeback:             0 kB
AnonPages:        518160 kB
Mapped:           135252 kB
Shmem:               480 kB
Slab:              42708 kB
SReclaimable:      17900 kB
SUnreclaim:        24808 kB
KernelStack:       10424 kB
PageTables:        15540 kB
NFS_Unstable:          0 kB
Bounce:                0 kB
WritebackTmp:          0 kB
CommitLimit:      950276 kB
Committed_AS:   42394948 kB
VmallocTotal:     245760 kB
VmallocUsed:       77532 kB
VmallocChunk:      75648 kB
==>Fri Apr  7 18:48:47 2017
MemTotal:        1900556 kB
MemFree:          681636 kB
Buffers:           13348 kB
Cached:           426068 kB
SwapCached:            0 kB
Active:           644096 kB
Inactive:         314104 kB
Active(anon):     519064 kB
Inactive(anon):      432 kB
Active(file):     125032 kB
Inactive(file):   313672 kB
Unevictable:           0 kB
Mlocked:               0 kB
HighTotal:       1158144 kB
HighFree:          32728 kB
LowTotal:         742412 kB
LowFree:          648908 kB
SwapTotal:             0 kB
SwapFree:              0 kB
Dirty:              1028 kB
Writeback:             0 kB
AnonPages:        519140 kB
Mapped:           135188 kB
Shmem:               480 kB
Slab:              42764 kB
SReclaimable:      17916 kB
SUnreclaim:        24848 kB
KernelStack:       10480 kB
PageTables:        15508 kB
NFS_Unstable:          0 kB
Bounce:                0 kB
WritebackTmp:          0 kB
CommitLimit:      950276 kB
Committed_AS:   42398452 kB
VmallocTotal:     245760 kB
VmallocUsed:       77532 kB
VmallocChunk:      75648 kB
==>Fri Apr  7 18:48:57 2017
MemTotal:        1900556 kB
MemFree:          717948 kB
Buffers:           13372 kB
Cached:           426112 kB
SwapCached:            0 kB
Active:           610192 kB
Inactive:         314152 kB
Active(anon):     485148 kB
Inactive(anon):      416 kB
Active(file):     125044 kB
Inactive(file):   313736 kB
Unevictable:           0 kB
Mlocked:               0 kB
HighTotal:       1158144 kB
HighFree:          68444 kB
LowTotal:         742412 kB
LowFree:          649504 kB
SwapTotal:             0 kB
SwapFree:              0 kB
Dirty:               128 kB
Writeback:             0 kB
AnonPages:        485120 kB
Mapped:           134856 kB
Shmem:               460 kB
Slab:              42588 kB
SReclaimable:      17928 kB
SUnreclaim:        24660 kB
KernelStack:       10048 kB
PageTables:        15916 kB
NFS_Unstable:          0 kB
Bounce:                0 kB
WritebackTmp:          0 kB
CommitLimit:      950276 kB
Committed_AS:   42406072 kB
VmallocTotal:     245760 kB
VmallocUsed:       74484 kB
VmallocChunk:      75648 kB
==>Fri Apr  7 18:49:07 2017
MemTotal:        1900556 kB
MemFree:          692256 kB
Buffers:           13412 kB
Cached:           430372 kB
SwapCached:            0 kB
Active:           620728 kB
Inactive:         317580 kB
Active(anon):     494812 kB
Inactive(anon):      416 kB
Active(file):     125916 kB
Inactive(file):   317164 kB
Unevictable:           0 kB
Mlocked:               0 kB
HighTotal:       1158144 kB
HighFree:          43876 kB
LowTotal:         742412 kB
LowFree:          648380 kB
SwapTotal:             0 kB
SwapFree:              0 kB
Dirty:              2152 kB
Writeback:             0 kB
AnonPages:        494824 kB
Mapped:           134804 kB
Shmem:               460 kB
Slab:              43720 kB
SReclaimable:      18100 kB
SUnreclaim:        25620 kB
KernelStack:       10128 kB
PageTables:        15216 kB
NFS_Unstable:          0 kB
Bounce:                0 kB
WritebackTmp:          0 kB
CommitLimit:      950276 kB
Committed_AS:   41138652 kB
VmallocTotal:     245760 kB
VmallocUsed:       74536 kB
VmallocChunk:      75648 kB
==>Fri Apr  7 18:49:17 2017
MemTotal:        1900556 kB
MemFree:          684488 kB
Buffers:           13484 kB
Cached:           438680 kB
SwapCached:            0 kB
Active:           623712 kB
Inactive:         324568 kB
Active(anon):     496408 kB
Inactive(anon):      432 kB
Active(file):     127304 kB
Inactive(file):   324136 kB
Unevictable:           0 kB
Mlocked:               0 kB
HighTotal:       1158144 kB
HighFree:          40952 kB
LowTotal:         742412 kB
LowFree:          643536 kB
SwapTotal:             0 kB
SwapFree:              0 kB
Dirty:              3160 kB
Writeback:             0 kB
AnonPages:        496444 kB
Mapped:           135540 kB
Shmem:               480 kB
Slab:              43896 kB
SReclaimable:      18260 kB
SUnreclaim:        25636 kB
KernelStack:       14608 kB
PageTables:        15968 kB
NFS_Unstable:          0 kB
Bounce:                0 kB
WritebackTmp:          0 kB
CommitLimit:      950276 kB
Committed_AS:   41166724 kB
VmallocTotal:     245760 kB
VmallocUsed:       75516 kB
VmallocChunk:      75648 kB
==>Fri Apr  7 18:49:27 2017
MemTotal:        1900556 kB
MemFree:          717132 kB
Buffers:           13672 kB
Cached:           438852 kB
SwapCached:            0 kB
Active:           591840 kB
Inactive:         324956 kB
Active(anon):     464524 kB
Inactive(anon):      416 kB
Active(file):     127316 kB
Inactive(file):   324540 kB
Unevictable:           0 kB
Mlocked:               0 kB
HighTotal:       1158144 kB
HighFree:          69340 kB
LowTotal:         742412 kB
LowFree:          647792 kB
SwapTotal:             0 kB
SwapFree:              0 kB
Dirty:               224 kB
Writeback:             0 kB
AnonPages:        464488 kB
Mapped:           135292 kB
Shmem:               460 kB
Slab:              43496 kB
SReclaimable:      18136 kB
SUnreclaim:        25360 kB
KernelStack:       10504 kB
PageTables:        15736 kB
NFS_Unstable:          0 kB
Bounce:                0 kB
WritebackTmp:          0 kB
CommitLimit:      950276 kB
Committed_AS:   41149604 kB
VmallocTotal:     245760 kB
VmallocUsed:       74516 kB
VmallocChunk:      75648 kB
==>Fri Apr  7 18:49:37 2017
MemTotal:        1900556 kB
MemFree:          679060 kB
Buffers:           13728 kB
Cached:           447296 kB
SwapCached:            0 kB
Active:           622156 kB
Inactive:         332116 kB
Active(anon):     493528 kB
Inactive(anon):      432 kB
Active(file):     128628 kB
Inactive(file):   331684 kB
Unevictable:           0 kB
Mlocked:               0 kB
HighTotal:       1158144 kB
HighFree:          32680 kB
LowTotal:         742412 kB
LowFree:          646380 kB
SwapTotal:             0 kB
SwapFree:              0 kB
Dirty:                92 kB
Writeback:             0 kB
AnonPages:        493552 kB
Mapped:           138232 kB
Shmem:               480 kB
Slab:              43656 kB
SReclaimable:      18212 kB
SUnreclaim:        25444 kB
KernelStack:       11376 kB
PageTables:        15728 kB
NFS_Unstable:          0 kB
Bounce:                0 kB
WritebackTmp:          0 kB
CommitLimit:      950276 kB
Committed_AS:   41147436 kB
VmallocTotal:     245760 kB
VmallocUsed:       74496 kB
VmallocChunk:      75648 kB
==>Fri Apr  7 18:49:47 2017
MemTotal:        1900556 kB
MemFree:          650604 kB
Buffers:           13736 kB
Cached:           447296 kB
SwapCached:            0 kB
Active:           622776 kB
Inactive:         332116 kB
Active(anon):     494140 kB
Inactive(anon):      432 kB
Active(file):     128636 kB
Inactive(file):   331684 kB
Unevictable:           0 kB
Mlocked:               0 kB
HighTotal:       1158144 kB
HighFree:          31040 kB
LowTotal:         742412 kB
LowFree:          619564 kB
SwapTotal:             0 kB
SwapFree:              0 kB
Dirty:                 0 kB
Writeback:             0 kB
AnonPages:        494192 kB
Mapped:           138480 kB
Shmem:               480 kB
Slab:              51144 kB
SReclaimable:      19640 kB
SUnreclaim:        31504 kB
KernelStack:       30808 kB
PageTables:        15784 kB
NFS_Unstable:          0 kB
Bounce:                0 kB
WritebackTmp:          0 kB
CommitLimit:      950276 kB
Committed_AS:   41149004 kB
VmallocTotal:     245760 kB
VmallocUsed:       75528 kB
VmallocChunk:      75648 kB
==>Fri Apr  7 18:49:57 2017
MemTotal:        1900556 kB
MemFree:          678536 kB
Buffers:           13752 kB
Cached:           447364 kB
SwapCached:            0 kB
Active:           621132 kB
Inactive:         332184 kB
Active(anon):     492488 kB
Inactive(anon):      432 kB
Active(file):     128644 kB
Inactive(file):   331752 kB
Unevictable:           0 kB
Mlocked:               0 kB
HighTotal:       1158144 kB
HighFree:          32248 kB
LowTotal:         742412 kB
LowFree:          646288 kB
SwapTotal:             0 kB
SwapFree:              0 kB
Dirty:                88 kB
Writeback:             0 kB
AnonPages:        492520 kB
Mapped:           139844 kB
Shmem:               480 kB
Slab:              44264 kB
SReclaimable:      18300 kB
SUnreclaim:        25964 kB
KernelStack:       10600 kB
PageTables:        15868 kB
NFS_Unstable:          0 kB
Bounce:                0 kB
WritebackTmp:          0 kB
CommitLimit:      950276 kB
Committed_AS:   41136988 kB
VmallocTotal:     245760 kB
VmallocUsed:       74508 kB
VmallocChunk:      75648 kB
==>Fri Apr  7 18:50:07 2017
MemTotal:        1900556 kB
MemFree:          674068 kB
Buffers:           13776 kB
Cached:           449408 kB
SwapCached:            0 kB
Active:           623288 kB
Inactive:         333956 kB
Active(anon):     494328 kB
Inactive(anon):      432 kB
Active(file):     128960 kB
Inactive(file):   333524 kB
Unevictable:           0 kB
Mlocked:               0 kB
HighTotal:       1158144 kB
HighFree:          27992 kB
LowTotal:         742412 kB
LowFree:          646076 kB
SwapTotal:             0 kB
SwapFree:              0 kB
Dirty:              1112 kB
Writeback:             0 kB
AnonPages:        494328 kB
Mapped:           140200 kB
Shmem:               480 kB
Slab:              44380 kB
SReclaimable:      18304 kB
SUnreclaim:        26076 kB
KernelStack:       10744 kB
PageTables:        16016 kB
NFS_Unstable:          0 kB
Bounce:                0 kB
WritebackTmp:          0 kB
CommitLimit:      950276 kB
Committed_AS:   41157428 kB
VmallocTotal:     245760 kB
VmallocUsed:       75528 kB
VmallocChunk:      75648 kB
==>Fri Apr  7 18:50:17 2017
MemTotal:        1900556 kB
MemFree:          660296 kB
Buffers:           13784 kB
Cached:           451468 kB
SwapCached:            0 kB
Active:           624760 kB
Inactive:         335688 kB
Active(anon):     495484 kB
Inactive(anon):      432 kB
Active(file):     129276 kB
Inactive(file):   335256 kB
Unevictable:           0 kB
Mlocked:               0 kB
HighTotal:       1158144 kB
HighFree:          24384 kB
LowTotal:         742412 kB
LowFree:          635912 kB
SwapTotal:             0 kB
SwapFree:              0 kB
Dirty:                56 kB
Writeback:             0 kB
AnonPages:        495476 kB
Mapped:           140212 kB
Shmem:               480 kB
Slab:              45956 kB
SReclaimable:      18788 kB
SUnreclaim:        27168 kB
KernelStack:       19504 kB
PageTables:        16008 kB
NFS_Unstable:          0 kB
Bounce:                0 kB
WritebackTmp:          0 kB
CommitLimit:      950276 kB
Committed_AS:   41158304 kB
VmallocTotal:     245760 kB
VmallocUsed:       76548 kB
VmallocChunk:      75648 kB
==>Fri Apr  7 18:50:27 2017
MemTotal:        1900556 kB
MemFree:          669548 kB
Buffers:           13784 kB
Cached:           451468 kB
SwapCached:            0 kB
Active:           625528 kB
Inactive:         335688 kB
Active(anon):     496252 kB
Inactive(anon):      432 kB
Active(file):     129276 kB
Inactive(file):   335256 kB
Unevictable:           0 kB
Mlocked:               0 kB
HighTotal:       1158144 kB
HighFree:          23444 kB
LowTotal:         742412 kB
LowFree:          646104 kB
SwapTotal:             0 kB
SwapFree:              0 kB
Dirty:                 0 kB
Writeback:             0 kB
AnonPages:        496172 kB
Mapped:           140212 kB
Shmem:               480 kB
Slab:              44368 kB
SReclaimable:      18364 kB
SUnreclaim:        26004 kB
KernelStack:       10592 kB
PageTables:        15872 kB
NFS_Unstable:          0 kB
Bounce:                0 kB
WritebackTmp:          0 kB
CommitLimit:      950276 kB
Committed_AS:   41134536 kB
VmallocTotal:     245760 kB
VmallocUsed:       76548 kB
VmallocChunk:      75648 kB
==>Fri Apr  7 18:50:37 2017
MemTotal:        1900556 kB
MemFree:          691200 kB
Buffers:           13824 kB
Cached:           455568 kB
SwapCached:            0 kB
Active:           595680 kB
Inactive:         339196 kB
Active(anon):     465760 kB
Inactive(anon):      416 kB
Active(file):     129920 kB
Inactive(file):   338780 kB
Unevictable:           0 kB
Mlocked:               0 kB
HighTotal:       1158144 kB
HighFree:          44300 kB
LowTotal:         742412 kB
LowFree:          646900 kB
SwapTotal:             0 kB
SwapFree:              0 kB
Dirty:                52 kB
Writeback:             0 kB
AnonPages:        465768 kB
Mapped:           138544 kB
Shmem:               460 kB
Slab:              44052 kB
SReclaimable:      18360 kB
SUnreclaim:        25692 kB
KernelStack:       10256 kB
PageTables:        16180 kB
NFS_Unstable:          0 kB
Bounce:                0 kB
WritebackTmp:          0 kB
CommitLimit:      950276 kB
Committed_AS:   41130152 kB
VmallocTotal:     245760 kB
VmallocUsed:       75572 kB
VmallocChunk:      75648 kB
==>Fri Apr  7 18:50:47 2017
MemTotal:        1900556 kB
MemFree:          651356 kB
Buffers:           13880 kB
Cached:           463960 kB
SwapCached:            0 kB
Active:           624100 kB
Inactive:         346300 kB
Active(anon):     492860 kB
Inactive(anon):      432 kB
Active(file):     131240 kB
Inactive(file):   345868 kB
Unevictable:           0 kB
Mlocked:               0 kB
HighTotal:       1158144 kB
HighFree:           4968 kB
LowTotal:         742412 kB
LowFree:          646388 kB
SwapTotal:             0 kB
SwapFree:              0 kB
Dirty:              4380 kB
Writeback:             0 kB
AnonPages:        492732 kB
Mapped:           141032 kB
Shmem:               480 kB
Slab:              43676 kB
SReclaimable:      18416 kB
SUnreclaim:        25260 kB
KernelStack:       10664 kB
PageTables:        16228 kB
NFS_Unstable:          0 kB
Bounce:                0 kB
WritebackTmp:          0 kB
CommitLimit:      950276 kB
Committed_AS:   41111536 kB
VmallocTotal:     245760 kB
VmallocUsed:       74572 kB
VmallocChunk:      75648 kB
==>Fri Apr  7 18:50:57 2017
MemTotal:        1900556 kB
MemFree:          657888 kB
Buffers:           13888 kB
Cached:           463984 kB
SwapCached:            0 kB
Active:           627064 kB
Inactive:         346340 kB
Active(anon):     495824 kB
Inactive(anon):      432 kB
Active(file):     131240 kB
Inactive(file):   345908 kB
Unevictable:           0 kB
Mlocked:               0 kB
HighTotal:       1158144 kB
HighFree:          11676 kB
LowTotal:         742412 kB
LowFree:          646212 kB
SwapTotal:             0 kB
SwapFree:              0 kB
Dirty:                 8 kB
Writeback:             0 kB
AnonPages:        495812 kB
Mapped:           141424 kB
Shmem:               480 kB
Slab:              43564 kB
SReclaimable:      18416 kB
SUnreclaim:        25148 kB
KernelStack:       10496 kB
PageTables:        16308 kB
NFS_Unstable:          0 kB
Bounce:                0 kB
WritebackTmp:          0 kB
CommitLimit:      950276 kB
Committed_AS:   41123820 kB
VmallocTotal:     245760 kB
VmallocUsed:       74520 kB
VmallocChunk:      75648 kB
==>Fri Apr  7 18:51:08 2017
MemTotal:        1900556 kB
MemFree:          647752 kB
Buffers:           13912 kB
Cached:           463992 kB
SwapCached:            0 kB
Active:           637188 kB
Inactive:         346372 kB
Active(anon):     505948 kB
Inactive(anon):      432 kB
Active(file):     131240 kB
Inactive(file):   345940 kB
Unevictable:           0 kB
Mlocked:               0 kB
HighTotal:       1158144 kB
HighFree:           1704 kB
LowTotal:         742412 kB
LowFree:          646048 kB
SwapTotal:             0 kB
SwapFree:              0 kB
Dirty:                32 kB
Writeback:             0 kB
AnonPages:        505956 kB
Mapped:           141604 kB
Shmem:               480 kB
Slab:              43488 kB
SReclaimable:      18416 kB
SUnreclaim:        25072 kB
KernelStack:       10528 kB
PageTables:        16344 kB
NFS_Unstable:          0 kB
Bounce:                0 kB
WritebackTmp:          0 kB
CommitLimit:      950276 kB
Committed_AS:   41141216 kB
VmallocTotal:     245760 kB
VmallocUsed:       74520 kB
VmallocChunk:      75648 kB
==>Fri Apr  7 18:51:18 2017
MemTotal:        1900556 kB
MemFree:          658164 kB
Buffers:           13920 kB
Cached:           464000 kB
SwapCached:            0 kB
Active:           626752 kB
Inactive:         346380 kB
Active(anon):     495504 kB
Inactive(anon):      432 kB
Active(file):     131248 kB
Inactive(file):   345948 kB
Unevictable:           0 kB
Mlocked:               0 kB
HighTotal:       1158144 kB
HighFree:          12788 kB
LowTotal:         742412 kB
LowFree:          645376 kB
SwapTotal:             0 kB
SwapFree:              0 kB
Dirty:                 8 kB
Writeback:             0 kB
AnonPages:        495532 kB
Mapped:           141620 kB
Shmem:               480 kB
Slab:              43488 kB
SReclaimable:      18416 kB
SUnreclaim:        25072 kB
KernelStack:       10456 kB
PageTables:        16580 kB
NFS_Unstable:          0 kB
Bounce:                0 kB
WritebackTmp:          0 kB
CommitLimit:      950276 kB
Committed_AS:   41177460 kB
VmallocTotal:     245760 kB
VmallocUsed:       74520 kB
VmallocChunk:      75648 kB
==>Fri Apr  7 18:51:28 2017
MemTotal:        1900556 kB
MemFree:          662072 kB
Buffers:           14032 kB
Cached:           466204 kB
SwapCached:            0 kB
Active:           613488 kB
Inactive:         348356 kB
Active(anon):     481852 kB
Inactive(anon):      416 kB
Active(file):     131636 kB
Inactive(file):   347940 kB
Unevictable:           0 kB
Mlocked:               0 kB
HighTotal:       1158144 kB
HighFree:          16064 kB
LowTotal:         742412 kB
LowFree:          646008 kB
SwapTotal:             0 kB
SwapFree:              0 kB
Dirty:              1084 kB
Writeback:             0 kB
AnonPages:        481848 kB
Mapped:           141084 kB
Shmem:               460 kB
Slab:              43620 kB
SReclaimable:      18416 kB
SUnreclaim:        25204 kB
KernelStack:       10616 kB
PageTables:        16192 kB
NFS_Unstable:          0 kB
Bounce:                0 kB
WritebackTmp:          0 kB
CommitLimit:      950276 kB
Committed_AS:   41117132 kB
VmallocTotal:     245760 kB
VmallocUsed:       74584 kB
VmallocChunk:      75648 kB
==>Fri Apr  7 18:51:38 2017
MemTotal:        1900556 kB
MemFree:          637984 kB
Buffers:           14064 kB
Cached:           474644 kB
SwapCached:            0 kB
Active:           630300 kB
Inactive:         352188 kB
Active(anon):     494412 kB
Inactive(anon):      432 kB
Active(file):     135888 kB
Inactive(file):   351756 kB
Unevictable:           0 kB
Mlocked:               0 kB
HighTotal:       1158144 kB
HighFree:          13676 kB
LowTotal:         742412 kB
LowFree:          624308 kB
SwapTotal:             0 kB
SwapFree:              0 kB
Dirty:                 8 kB
Writeback:             0 kB
AnonPages:        494408 kB
Mapped:           142972 kB
Shmem:               480 kB
Slab:              43548 kB
SReclaimable:      18568 kB
SUnreclaim:        24980 kB
KernelStack:       10488 kB
PageTables:        16372 kB
NFS_Unstable:          0 kB
Bounce:                0 kB
WritebackTmp:          0 kB
CommitLimit:      950276 kB
Committed_AS:   41129072 kB
VmallocTotal:     245760 kB
VmallocUsed:       71524 kB
VmallocChunk:      75648 kB
==>Fri Apr  7 18:51:48 2017
MemTotal:        1900556 kB
MemFree:          653212 kB
Buffers:           14088 kB
Cached:           474624 kB
SwapCached:            0 kB
Active:           616432 kB
Inactive:         350072 kB
Active(anon):     478540 kB
Inactive(anon):      416 kB
Active(file):     137892 kB
Inactive(file):   349656 kB
Unevictable:           0 kB
Mlocked:               0 kB
HighTotal:       1158144 kB
HighFree:          23336 kB
LowTotal:         742412 kB
LowFree:          629876 kB
SwapTotal:             0 kB
SwapFree:              0 kB
Dirty:                 4 kB
Writeback:             0 kB
AnonPages:        478556 kB
Mapped:           141644 kB
Shmem:               460 kB
Slab:              43616 kB
SReclaimable:      18568 kB
SUnreclaim:        25048 kB
KernelStack:       12504 kB
PageTables:        16372 kB
NFS_Unstable:          0 kB
Bounce:                0 kB
WritebackTmp:          0 kB
CommitLimit:      950276 kB
Committed_AS:   41151516 kB
VmallocTotal:     245760 kB
VmallocUsed:       74584 kB
VmallocChunk:      75648 kB
==>Fri Apr  7 18:51:58 2017
MemTotal:        1900556 kB
MemFree:          633292 kB
Buffers:           14112 kB
Cached:           476712 kB
SwapCached:            0 kB
Active:           634760 kB
Inactive:         351868 kB
Active(anon):     496556 kB
Inactive(anon):      432 kB
Active(file):     138204 kB
Inactive(file):   351436 kB
Unevictable:           0 kB
Mlocked:               0 kB
HighTotal:       1158144 kB
HighFree:           4132 kB
LowTotal:         742412 kB
LowFree:          629160 kB
SwapTotal:             0 kB
SwapFree:              0 kB
Dirty:                 0 kB
Writeback:             0 kB
AnonPages:        496596 kB
Mapped:           143028 kB
Shmem:               480 kB
Slab:              43616 kB
SReclaimable:      18572 kB
SUnreclaim:        25044 kB
KernelStack:       10536 kB
PageTables:        16268 kB
NFS_Unstable:          0 kB
Bounce:                0 kB
WritebackTmp:          0 kB
CommitLimit:      950276 kB
Committed_AS:   41124280 kB
VmallocTotal:     245760 kB
VmallocUsed:       74584 kB
VmallocChunk:      75648 kB
==>Fri Apr  7 18:52:08 2017
MemTotal:        1900556 kB
MemFree:          627628 kB
Buffers:           14144 kB
Cached:           476800 kB
SwapCached:            0 kB
Active:           641692 kB
Inactive:         350340 kB
Active(anon):     502104 kB
Inactive(anon):      432 kB
Active(file):     139588 kB
Inactive(file):   349908 kB
Unevictable:           0 kB
Mlocked:               0 kB
HighTotal:       1158144 kB
HighFree:           1716 kB
LowTotal:         742412 kB
LowFree:          625912 kB
SwapTotal:             0 kB
SwapFree:              0 kB
Dirty:                20 kB
Writeback:             0 kB
AnonPages:        502108 kB
Mapped:           142888 kB
Shmem:               480 kB
Slab:              43600 kB
SReclaimable:      18564 kB
SUnreclaim:        25036 kB
KernelStack:       10632 kB
PageTables:        16328 kB
NFS_Unstable:          0 kB
Bounce:                0 kB
WritebackTmp:          0 kB
CommitLimit:      950276 kB
Committed_AS:   41152288 kB
VmallocTotal:     245760 kB
VmallocUsed:       75604 kB
VmallocChunk:      75648 kB
==>Fri Apr  7 18:52:18 2017
MemTotal:        1900556 kB
MemFree:          658588 kB
Buffers:           14160 kB
Cached:           476968 kB
SwapCached:            0 kB
Active:           613184 kB
Inactive:         350528 kB
Active(anon):     473596 kB
Inactive(anon):      416 kB
Active(file):     139588 kB
Inactive(file):   350112 kB
Unevictable:           0 kB
Mlocked:               0 kB
HighTotal:       1158144 kB
HighFree:          21176 kB
LowTotal:         742412 kB
LowFree:          637412 kB
SwapTotal:             0 kB
SwapFree:              0 kB
Dirty:                 0 kB
Writeback:             0 kB
AnonPages:        473560 kB
Mapped:           141880 kB
Shmem:               460 kB
Slab:              43692 kB
SReclaimable:      18564 kB
SUnreclaim:        25128 kB
KernelStack:       10312 kB
PageTables:        16488 kB
NFS_Unstable:          0 kB
Bounce:                0 kB
WritebackTmp:          0 kB
CommitLimit:      950276 kB
Committed_AS:   41181288 kB
VmallocTotal:     245760 kB
VmallocUsed:       75596 kB
VmallocChunk:      75648 kB
==>Fri Apr  7 18:52:28 2017
MemTotal:        1900556 kB
MemFree:          641240 kB
Buffers:           14232 kB
Cached:           485288 kB
SwapCached:            0 kB
Active:           625432 kB
Inactive:         357528 kB
Active(anon):     484440 kB
Inactive(anon):      416 kB
Active(file):     140992 kB
Inactive(file):   357112 kB
Unevictable:           0 kB
Mlocked:               0 kB
HighTotal:       1158144 kB
HighFree:           5688 kB
LowTotal:         742412 kB
LowFree:          635552 kB
SwapTotal:             0 kB
SwapFree:              0 kB
Dirty:                96 kB
Writeback:             0 kB
AnonPages:        484392 kB
Mapped:           142908 kB
Shmem:               460 kB
Slab:              43624 kB
SReclaimable:      18660 kB
SUnreclaim:        24964 kB
KernelStack:       10376 kB
PageTables:        16284 kB
NFS_Unstable:          0 kB
Bounce:                0 kB
WritebackTmp:          0 kB
CommitLimit:      950276 kB
Committed_AS:   41132184 kB
VmallocTotal:     245760 kB
VmallocUsed:       74584 kB
VmallocChunk:      75648 kB
==>Fri Apr  7 18:52:38 2017
MemTotal:        1900556 kB
MemFree:          620336 kB
Buffers:           14280 kB
Cached:           493584 kB
SwapCached:            0 kB
Active:           636168 kB
Inactive:         364556 kB
Active(anon):     493864 kB
Inactive(anon):      432 kB
Active(file):     142304 kB
Inactive(file):   364124 kB
Unevictable:           0 kB
Mlocked:               0 kB
HighTotal:       1158144 kB
HighFree:           3752 kB
LowTotal:         742412 kB
LowFree:          616584 kB
SwapTotal:             0 kB
SwapFree:              0 kB
Dirty:              4324 kB
Writeback:             0 kB
AnonPages:        493780 kB
Mapped:           144068 kB
Shmem:               480 kB
Slab:              43652 kB
SReclaimable:      18720 kB
SUnreclaim:        24932 kB
KernelStack:       10664 kB
PageTables:        16496 kB
NFS_Unstable:          0 kB
Bounce:                0 kB
WritebackTmp:          0 kB
CommitLimit:      950276 kB
Committed_AS:   41180720 kB
VmallocTotal:     245760 kB
VmallocUsed:       74584 kB
VmallocChunk:      75648 kB
==>Fri Apr  7 18:52:48 2017
MemTotal:        1900556 kB
MemFree:          621808 kB
Buffers:           14368 kB
Cached:           499976 kB
SwapCached:            0 kB
Active:           634620 kB
Inactive:         370012 kB
Active(anon):     491292 kB
Inactive(anon):      432 kB
Active(file):     143328 kB
Inactive(file):   369580 kB
Unevictable:           0 kB
Mlocked:               0 kB
HighTotal:       1158144 kB
HighFree:          19764 kB
LowTotal:         742412 kB
LowFree:          602044 kB
SwapTotal:             0 kB
SwapFree:              0 kB
Dirty:                88 kB
Writeback:             0 kB
AnonPages:        491264 kB
Mapped:           144528 kB
Shmem:               480 kB
Slab:              43828 kB
SReclaimable:      18784 kB
SUnreclaim:        25044 kB
KernelStack:       10576 kB
PageTables:        16408 kB
NFS_Unstable:          0 kB
Bounce:                0 kB
WritebackTmp:          0 kB
CommitLimit:      950276 kB
Committed_AS:   41145568 kB
VmallocTotal:     245760 kB
VmallocUsed:       74552 kB
VmallocChunk:      75648 kB
==>Fri Apr  7 18:52:58 2017
MemTotal:        1900556 kB
MemFree:          628648 kB
Buffers:           14388 kB
Cached:           499968 kB
SwapCached:            0 kB
Active:           624688 kB
Inactive:         370028 kB
Active(anon):     481360 kB
Inactive(anon):      416 kB
Active(file):     143328 kB
Inactive(file):   369612 kB
Unevictable:           0 kB
Mlocked:               0 kB
HighTotal:       1158144 kB
HighFree:           8988 kB
LowTotal:         742412 kB
LowFree:          619660 kB
SwapTotal:             0 kB
SwapFree:              0 kB
Dirty:                28 kB
Writeback:             0 kB
AnonPages:        481444 kB
Mapped:           143076 kB
Shmem:               460 kB
Slab:              43816 kB
SReclaimable:      18784 kB
SUnreclaim:        25032 kB
KernelStack:       10528 kB
PageTables:        16456 kB
NFS_Unstable:          0 kB
Bounce:                0 kB
WritebackTmp:          0 kB
CommitLimit:      950276 kB
Committed_AS:   41170424 kB
VmallocTotal:     245760 kB
VmallocUsed:       74584 kB
VmallocChunk:      75648 kB
==>Fri Apr  7 18:53:08 2017
MemTotal:        1900556 kB
MemFree:          608348 kB
Buffers:           14412 kB
Cached:           506356 kB
SwapCached:            0 kB
Active:           642496 kB
Inactive:         375444 kB
Active(anon):     498180 kB
Inactive(anon):      432 kB
Active(file):     144316 kB
Inactive(file):   375012 kB
Unevictable:           0 kB
Mlocked:               0 kB
HighTotal:       1158144 kB
HighFree:           2576 kB
LowTotal:         742412 kB
LowFree:          605772 kB
SwapTotal:             0 kB
SwapFree:              0 kB
Dirty:              1124 kB
Writeback:             0 kB
AnonPages:        498148 kB
Mapped:           145576 kB
Shmem:               480 kB
Slab:              43892 kB
SReclaimable:      18860 kB
SUnreclaim:        25032 kB
KernelStack:       10648 kB
PageTables:        16344 kB
NFS_Unstable:          0 kB
Bounce:                0 kB
WritebackTmp:          0 kB
CommitLimit:      950276 kB
Committed_AS:   41146776 kB
VmallocTotal:     245760 kB
VmallocUsed:       74576 kB
VmallocChunk:      75648 kB
==>Fri Apr  7 18:53:18 2017
MemTotal:        1900556 kB
MemFree:          607728 kB
Buffers:           14436 kB
Cached:           506356 kB
SwapCached:            0 kB
Active:           642964 kB
Inactive:         375456 kB
Active(anon):     498648 kB
Inactive(anon):      432 kB
Active(file):     144316 kB
Inactive(file):   375024 kB
Unevictable:           0 kB
Mlocked:               0 kB
HighTotal:       1158144 kB
HighFree:           2004 kB
LowTotal:         742412 kB
LowFree:          605724 kB
SwapTotal:             0 kB
SwapFree:              0 kB
Dirty:                 0 kB
Writeback:             0 kB
AnonPages:        498544 kB
Mapped:           145796 kB
Shmem:               480 kB
Slab:              43868 kB
SReclaimable:      18860 kB
SUnreclaim:        25008 kB
KernelStack:       10608 kB
PageTables:        16500 kB
NFS_Unstable:          0 kB
Bounce:                0 kB
WritebackTmp:          0 kB
CommitLimit:      950276 kB
Committed_AS:   41151080 kB
VmallocTotal:     245760 kB
VmallocUsed:       75596 kB
VmallocChunk:      75648 kB
==>Fri Apr  7 18:53:28 2017
MemTotal:        1900556 kB
MemFree:          606580 kB
Buffers:           14436 kB
Cached:           506364 kB
SwapCached:            0 kB
Active:           642724 kB
Inactive:         375456 kB
Active(anon):     498400 kB
Inactive(anon):      432 kB
Active(file):     144324 kB
Inactive(file):   375024 kB
Unevictable:           0 kB
Mlocked:               0 kB
HighTotal:       1158144 kB
HighFree:           2000 kB
LowTotal:         742412 kB
LowFree:          604580 kB
SwapTotal:             0 kB
SwapFree:              0 kB
Dirty:                 8 kB
Writeback:             0 kB
AnonPages:        498384 kB
Mapped:           145940 kB
Shmem:               480 kB
Slab:              43864 kB
SReclaimable:      18860 kB
SUnreclaim:        25004 kB
KernelStack:       10632 kB
PageTables:        16316 kB
NFS_Unstable:          0 kB
Bounce:                0 kB
WritebackTmp:          0 kB
CommitLimit:      950276 kB
Committed_AS:   41151596 kB
VmallocTotal:     245760 kB
VmallocUsed:       75608 kB
VmallocChunk:      75648 kB
==>Fri Apr  7 18:53:38 2017
MemTotal:        1900556 kB
MemFree:          600924 kB
Buffers:           14452 kB
Cached:           506356 kB
SwapCached:            0 kB
Active:           647520 kB
Inactive:         375464 kB
Active(anon):     503196 kB
Inactive(anon):      432 kB
Active(file):     144324 kB
Inactive(file):   375032 kB
Unevictable:           0 kB
Mlocked:               0 kB
HighTotal:       1158144 kB
HighFree:           1780 kB
LowTotal:         742412 kB
LowFree:          599144 kB
SwapTotal:             0 kB
SwapFree:              0 kB
Dirty:                 0 kB
Writeback:             0 kB
AnonPages:        503168 kB
Mapped:           147196 kB
Shmem:               480 kB
Slab:              43864 kB
SReclaimable:      18860 kB
SUnreclaim:        25004 kB
KernelStack:       10544 kB
PageTables:        16392 kB
NFS_Unstable:          0 kB
Bounce:                0 kB
WritebackTmp:          0 kB
CommitLimit:      950276 kB
Committed_AS:   41156176 kB
VmallocTotal:     245760 kB
VmallocUsed:       74600 kB
VmallocChunk:      75648 kB
==>Fri Apr  7 18:53:48 2017
MemTotal:        1900556 kB
MemFree:          603876 kB
Buffers:           14460 kB
Cached:           506464 kB
SwapCached:            0 kB
Active:           644524 kB
Inactive:         375568 kB
Active(anon):     500188 kB
Inactive(anon):      432 kB
Active(file):     144336 kB
Inactive(file):   375136 kB
Unevictable:           0 kB
Mlocked:               0 kB
HighTotal:       1158144 kB
HighFree:           2368 kB
LowTotal:         742412 kB
LowFree:          601508 kB
SwapTotal:             0 kB
SwapFree:              0 kB
Dirty:                60 kB
Writeback:             0 kB
AnonPages:        500080 kB
Mapped:           147288 kB
Shmem:               480 kB
Slab:              43856 kB
SReclaimable:      18860 kB
SUnreclaim:        24996 kB
KernelStack:       10608 kB
PageTables:        16760 kB
NFS_Unstable:          0 kB
Bounce:                0 kB
WritebackTmp:          0 kB
CommitLimit:      950276 kB
Committed_AS:   42351812 kB
VmallocTotal:     245760 kB
VmallocUsed:       74588 kB
VmallocChunk:      75648 kB
==>Fri Apr  7 18:53:58 2017
MemTotal:        1900556 kB
MemFree:          588960 kB
Buffers:           14544 kB
Cached:           516056 kB
SwapCached:            0 kB
Active:           653772 kB
Inactive:         378972 kB
Active(anon):     503148 kB
Inactive(anon):      432 kB
Active(file):     150624 kB
Inactive(file):   378540 kB
Unevictable:           0 kB
Mlocked:               0 kB
HighTotal:       1158144 kB
HighFree:           1820 kB
LowTotal:         742412 kB
LowFree:          587140 kB
SwapTotal:             0 kB
SwapFree:              0 kB
Dirty:              4300 kB
Writeback:             0 kB
AnonPages:        503116 kB
Mapped:           148168 kB
Shmem:               480 kB
Slab:              43880 kB
SReclaimable:      18904 kB
SUnreclaim:        24976 kB
KernelStack:       10488 kB
PageTables:        16088 kB
NFS_Unstable:          0 kB
Bounce:                0 kB
WritebackTmp:          0 kB
CommitLimit:      950276 kB
Committed_AS:   41146224 kB
VmallocTotal:     245760 kB
VmallocUsed:       72560 kB
VmallocChunk:      75648 kB
==>Fri Apr  7 18:54:08 2017
MemTotal:        1900556 kB
MemFree:          576692 kB
Buffers:           14568 kB
Cached:           516064 kB
SwapCached:            0 kB
Active:           665388 kB
Inactive:         378996 kB
Active(anon):     514756 kB
Inactive(anon):      432 kB
Active(file):     150632 kB
Inactive(file):   378564 kB
Unevictable:           0 kB
Mlocked:               0 kB
HighTotal:       1158144 kB
HighFree:           1796 kB
LowTotal:         742412 kB
LowFree:          574896 kB
SwapTotal:             0 kB
SwapFree:              0 kB
Dirty:                12 kB
Writeback:             0 kB
AnonPages:        514704 kB
Mapped:           148644 kB
Shmem:               480 kB
Slab:              43856 kB
SReclaimable:      18904 kB
SUnreclaim:        24952 kB
KernelStack:       10432 kB
PageTables:        16204 kB
NFS_Unstable:          0 kB
Bounce:                0 kB
WritebackTmp:          0 kB
CommitLimit:      950276 kB
Committed_AS:   41125656 kB
VmallocTotal:     245760 kB
VmallocUsed:       73580 kB
VmallocChunk:      75648 kB
==>Fri Apr  7 18:54:18 2017
MemTotal:        1900556 kB
MemFree:          571916 kB
Buffers:           14584 kB
Cached:           516064 kB
SwapCached:            0 kB
Active:           670144 kB
Inactive:         379012 kB
Active(anon):     519512 kB
Inactive(anon):      432 kB
Active(file):     150632 kB
Inactive(file):   378580 kB
Unevictable:           0 kB
Mlocked:               0 kB
HighTotal:       1158144 kB
HighFree:           1768 kB
LowTotal:         742412 kB
LowFree:          570148 kB
SwapTotal:             0 kB
SwapFree:              0 kB
Dirty:                20 kB
Writeback:             0 kB
AnonPages:        519520 kB
Mapped:           148644 kB
Shmem:               480 kB
Slab:              43836 kB
SReclaimable:      18904 kB
SUnreclaim:        24932 kB
KernelStack:       10376 kB
PageTables:        16412 kB
NFS_Unstable:          0 kB
Bounce:                0 kB
WritebackTmp:          0 kB
CommitLimit:      950276 kB
Committed_AS:   41167392 kB
VmallocTotal:     245760 kB
VmallocUsed:       73580 kB
VmallocChunk:      75648 kB
==>Fri Apr  7 18:54:28 2017
MemTotal:        1900556 kB
MemFree:          583720 kB
Buffers:           14600 kB
Cached:           516068 kB
SwapCached:            0 kB
Active:           653976 kB
Inactive:         379012 kB
Active(anon):     503328 kB
Inactive(anon):      432 kB
Active(file):     150648 kB
Inactive(file):   378580 kB
Unevictable:           0 kB
Mlocked:               0 kB
HighTotal:       1158144 kB
HighFree:          12468 kB
LowTotal:         742412 kB
LowFree:          571252 kB
SwapTotal:             0 kB
SwapFree:              0 kB
Dirty:                40 kB
Writeback:             0 kB
AnonPages:        503244 kB
Mapped:           148536 kB
Shmem:               480 kB
Slab:              43836 kB
SReclaimable:      18904 kB
SUnreclaim:        24932 kB
KernelStack:       10528 kB
PageTables:        16200 kB
NFS_Unstable:          0 kB
Bounce:                0 kB
WritebackTmp:          0 kB
CommitLimit:      950276 kB
Committed_AS:   41110848 kB
VmallocTotal:     245760 kB
VmallocUsed:       73600 kB
VmallocChunk:      75648 kB
==>Fri Apr  7 18:54:38 2017
MemTotal:        1900556 kB
MemFree:          585768 kB
Buffers:           14608 kB
Cached:           516088 kB
SwapCached:            0 kB
Active:           652688 kB
Inactive:         379036 kB
Active(anon):     502040 kB
Inactive(anon):      432 kB
Active(file):     150648 kB
Inactive(file):   378604 kB
Unevictable:           0 kB
Mlocked:               0 kB
HighTotal:       1158144 kB
HighFree:          11764 kB
LowTotal:         742412 kB
LowFree:          574004 kB
SwapTotal:             0 kB
SwapFree:              0 kB
Dirty:                 4 kB
Writeback:             0 kB
AnonPages:        501732 kB
Mapped:           148352 kB
Shmem:               480 kB
Slab:              43832 kB
SReclaimable:      18904 kB
SUnreclaim:        24928 kB
KernelStack:       10456 kB
PageTables:        16312 kB
NFS_Unstable:          0 kB
Bounce:                0 kB
WritebackTmp:          0 kB
CommitLimit:      950276 kB
Committed_AS:   41133784 kB
VmallocTotal:     245760 kB
VmallocUsed:       75640 kB
VmallocChunk:      75648 kB
==>Fri Apr  7 18:54:48 2017
MemTotal:        1900556 kB
MemFree:          621004 kB
Buffers:           14640 kB
Cached:           516224 kB
SwapCached:            0 kB
Active:           618216 kB
Inactive:         379108 kB
Active(anon):     467468 kB
Inactive(anon):      420 kB
Active(file):     150748 kB
Inactive(file):   378688 kB
Unevictable:           0 kB
Mlocked:               0 kB
HighTotal:       1158144 kB
HighFree:          15664 kB
LowTotal:         742412 kB
LowFree:          605340 kB
SwapTotal:             0 kB
SwapFree:              0 kB
Dirty:               112 kB
Writeback:             0 kB
AnonPages:        467484 kB
Mapped:           148216 kB
Shmem:               464 kB
Slab:              43752 kB
SReclaimable:      18904 kB
SUnreclaim:        24848 kB
KernelStack:       10240 kB
PageTables:        16416 kB
NFS_Unstable:          0 kB
Bounce:                0 kB
WritebackTmp:          0 kB
CommitLimit:      950276 kB
Committed_AS:   41152808 kB
VmallocTotal:     245760 kB
VmallocUsed:       74632 kB
VmallocChunk:      75648 kB
==>Fri Apr  7 18:54:58 2017
MemTotal:        1900556 kB
MemFree:          599080 kB
Buffers:           14688 kB
Cached:           524464 kB
SwapCached:            0 kB
Active:           635912 kB
Inactive:         386120 kB
Active(anon):     483904 kB
Inactive(anon):      432 kB
Active(file):     152008 kB
Inactive(file):   385688 kB
Unevictable:           0 kB
Mlocked:               0 kB
HighTotal:       1158144 kB
HighFree:          13060 kB
LowTotal:         742412 kB
LowFree:          586020 kB
SwapTotal:             0 kB
SwapFree:              0 kB
Dirty:                96 kB
Writeback:             0 kB
AnonPages:        483928 kB
Mapped:           149460 kB
Shmem:               480 kB
Slab:              43796 kB
SReclaimable:      18976 kB
SUnreclaim:        24820 kB
KernelStack:       10504 kB
PageTables:        16368 kB
NFS_Unstable:          0 kB
Bounce:                0 kB
WritebackTmp:          0 kB
CommitLimit:      950276 kB
Committed_AS:   41146044 kB
VmallocTotal:     245760 kB
VmallocUsed:       73580 kB
VmallocChunk:      75648 kB
==>Fri Apr  7 18:55:08 2017
MemTotal:        1900556 kB
MemFree:          599028 kB
Buffers:           14696 kB
Cached:           524464 kB
SwapCached:            0 kB
Active:           636188 kB
Inactive:         386128 kB
Active(anon):     484180 kB
Inactive(anon):      432 kB
Active(file):     152008 kB
Inactive(file):   385696 kB
Unevictable:           0 kB
Mlocked:               0 kB
HighTotal:       1158144 kB
HighFree:           1704 kB
LowTotal:         742412 kB
LowFree:          597324 kB
SwapTotal:             0 kB
SwapFree:              0 kB
Dirty:                 4 kB
Writeback:             0 kB
AnonPages:        484124 kB
Mapped:           149468 kB
Shmem:               480 kB
Slab:              43760 kB
SReclaimable:      18976 kB
SUnreclaim:        24784 kB
KernelStack:       10496 kB
PageTables:        16592 kB
NFS_Unstable:          0 kB
Bounce:                0 kB
WritebackTmp:          0 kB
CommitLimit:      950276 kB
Committed_AS:   41191144 kB
VmallocTotal:     245760 kB
VmallocUsed:       74600 kB
VmallocChunk:      75648 kB
==>Fri Apr  7 18:55:18 2017
MemTotal:        1900556 kB
MemFree:          572652 kB
Buffers:           14712 kB
Cached:           524456 kB
SwapCached:            0 kB
Active:           644304 kB
Inactive:         382796 kB
Active(anon):     489484 kB
Inactive(anon):      432 kB
Active(file):     154820 kB
Inactive(file):   382364 kB
Unevictable:           0 kB
Mlocked:               0 kB
HighTotal:       1158144 kB
HighFree:           1792 kB
LowTotal:         742412 kB
LowFree:          570860 kB
SwapTotal:             0 kB
SwapFree:              0 kB
Dirty:                 0 kB
Writeback:             0 kB
AnonPages:        489472 kB
Mapped:           149128 kB
Shmem:               480 kB
Slab:              47564 kB
SReclaimable:      19640 kB
SUnreclaim:        27924 kB
KernelStack:       22904 kB
PageTables:        16284 kB
NFS_Unstable:          0 kB
Bounce:                0 kB
WritebackTmp:          0 kB
CommitLimit:      950276 kB
Committed_AS:   41151960 kB
VmallocTotal:     245760 kB
VmallocUsed:       75652 kB
VmallocChunk:      75648 kB
==>Fri Apr  7 18:55:28 2017
MemTotal:        1900556 kB
MemFree:          599332 kB
Buffers:           14728 kB
Cached:           524444 kB
SwapCached:            0 kB
Active:           631172 kB
Inactive:         382800 kB
Active(anon):     476348 kB
Inactive(anon):      416 kB
Active(file):     154824 kB
Inactive(file):   382384 kB
Unevictable:           0 kB
Mlocked:               0 kB
HighTotal:       1158144 kB
HighFree:           7132 kB
LowTotal:         742412 kB
LowFree:          592200 kB
SwapTotal:             0 kB
SwapFree:              0 kB
Dirty:                 8 kB
Writeback:             0 kB
AnonPages:        476348 kB
Mapped:           148608 kB
Shmem:               460 kB
Slab:              44324 kB
SReclaimable:      19036 kB
SUnreclaim:        25288 kB
KernelStack:       10272 kB
PageTables:        16232 kB
NFS_Unstable:          0 kB
Bounce:                0 kB
WritebackTmp:          0 kB
CommitLimit:      950276 kB
Committed_AS:   41158864 kB
VmallocTotal:     245760 kB
VmallocUsed:       74652 kB
VmallocChunk:      75648 kB
==>Fri Apr  7 18:55:38 2017
MemTotal:        1900556 kB
MemFree:          579496 kB
Buffers:           14796 kB
Cached:           532844 kB
SwapCached:            0 kB
Active:           650832 kB
Inactive:         389848 kB
Active(anon):     494736 kB
Inactive(anon):      432 kB
Active(file):     156096 kB
Inactive(file):   389416 kB
Unevictable:           0 kB
Mlocked:               0 kB
HighTotal:       1158144 kB
HighFree:           1792 kB
LowTotal:         742412 kB
LowFree:          577704 kB
SwapTotal:             0 kB
SwapFree:              0 kB
Dirty:              4300 kB
Writeback:             0 kB
AnonPages:        494780 kB
Mapped:           148704 kB
Shmem:               480 kB
Slab:              44336 kB
SReclaimable:      19068 kB
SUnreclaim:        25268 kB
KernelStack:       10488 kB
PageTables:        16388 kB
NFS_Unstable:          0 kB
Bounce:                0 kB
WritebackTmp:          0 kB
CommitLimit:      950276 kB
Committed_AS:   41165348 kB
VmallocTotal:     245760 kB
VmallocUsed:       74600 kB
VmallocChunk:      75648 kB
==>Fri Apr  7 18:55:48 2017
MemTotal:        1900556 kB
MemFree:          577484 kB
Buffers:           14836 kB
Cached:           533080 kB
SwapCached:            0 kB
Active:           648952 kB
Inactive:         390172 kB
Active(anon):     492756 kB
Inactive(anon):      436 kB
Active(file):     156196 kB
Inactive(file):   389736 kB
Unevictable:           0 kB
Mlocked:               0 kB
HighTotal:       1158144 kB
HighFree:           2696 kB
LowTotal:         742412 kB
LowFree:          574788 kB
SwapTotal:             0 kB
SwapFree:              0 kB
Dirty:                 0 kB
Writeback:             0 kB
AnonPages:        492752 kB
Mapped:           152176 kB
Shmem:               484 kB
Slab:              44340 kB
SReclaimable:      19084 kB
SUnreclaim:        25256 kB
KernelStack:       10496 kB
PageTables:        16360 kB
NFS_Unstable:          0 kB
Bounce:                0 kB
WritebackTmp:          0 kB
CommitLimit:      950276 kB
Committed_AS:   41135044 kB
VmallocTotal:     245760 kB
VmallocUsed:       74636 kB
VmallocChunk:      75648 kB
==>Fri Apr  7 18:55:58 2017
MemTotal:        1900556 kB
MemFree:          567868 kB
Buffers:           14844 kB
Cached:           533076 kB
SwapCached:            0 kB
Active:           658476 kB
Inactive:         390160 kB
Active(anon):     502264 kB
Inactive(anon):      432 kB
Active(file):     156212 kB
Inactive(file):   389728 kB
Unevictable:           0 kB
Mlocked:               0 kB
HighTotal:       1158144 kB
HighFree:           1796 kB
LowTotal:         742412 kB
LowFree:          566072 kB
SwapTotal:             0 kB
SwapFree:              0 kB
Dirty:                 4 kB
Writeback:             0 kB
AnonPages:        502240 kB
Mapped:           152744 kB
Shmem:               480 kB
Slab:              44240 kB
SReclaimable:      19080 kB
SUnreclaim:        25160 kB
KernelStack:       10840 kB
PageTables:        16480 kB
NFS_Unstable:          0 kB
Bounce:                0 kB
WritebackTmp:          0 kB
CommitLimit:      950276 kB
Committed_AS:   41155496 kB
VmallocTotal:     245760 kB
VmallocUsed:       74624 kB
VmallocChunk:      75648 kB
==>Fri Apr  7 18:56:08 2017
MemTotal:        1900556 kB
MemFree:          574044 kB
Buffers:           14852 kB
Cached:           533076 kB
SwapCached:            0 kB
Active:           650704 kB
Inactive:         390172 kB
Active(anon):     494488 kB
Inactive(anon):      432 kB
Active(file):     156216 kB
Inactive(file):   389740 kB
Unevictable:           0 kB
Mlocked:               0 kB
HighTotal:       1158144 kB
HighFree:           8164 kB
LowTotal:         742412 kB
LowFree:          565880 kB
SwapTotal:             0 kB
SwapFree:              0 kB
Dirty:                 4 kB
Writeback:             0 kB
AnonPages:        494488 kB
Mapped:           154220 kB
Shmem:               480 kB
Slab:              44256 kB
SReclaimable:      19080 kB
SUnreclaim:        25176 kB
KernelStack:       10440 kB
PageTables:        16408 kB
NFS_Unstable:          0 kB
Bounce:                0 kB
WritebackTmp:          0 kB
CommitLimit:      950276 kB
Committed_AS:   41128844 kB
VmallocTotal:     245760 kB
VmallocUsed:       74624 kB
VmallocChunk:      75648 kB
==>Fri Apr  7 18:56:18 2017
MemTotal:        1900556 kB
MemFree:          581852 kB
Buffers:           14872 kB
Cached:           533056 kB
SwapCached:            0 kB
Active:           641768 kB
Inactive:         390164 kB
Active(anon):     485552 kB
Inactive(anon):      420 kB
Active(file):     156216 kB
Inactive(file):   389744 kB
Unevictable:           0 kB
Mlocked:               0 kB
HighTotal:       1158144 kB
HighFree:           2396 kB
LowTotal:         742412 kB
LowFree:          579456 kB
SwapTotal:             0 kB
SwapFree:              0 kB
Dirty:                 0 kB
Writeback:             0 kB
AnonPages:        485428 kB
Mapped:           152084 kB
Shmem:               464 kB
Slab:              44240 kB
SReclaimable:      19080 kB
SUnreclaim:        25160 kB
KernelStack:       10272 kB
PageTables:        16464 kB
NFS_Unstable:          0 kB
Bounce:                0 kB
WritebackTmp:          0 kB
CommitLimit:      950276 kB
Committed_AS:   41159880 kB
VmallocTotal:     245760 kB
VmallocUsed:       74656 kB
VmallocChunk:      75648 kB
==>Fri Apr  7 18:56:28 2017
MemTotal:        1900556 kB
MemFree:          562380 kB
Buffers:           14960 kB
Cached:           541324 kB
SwapCached:            0 kB
Active:           651276 kB
Inactive:         396992 kB
Active(anon):     493532 kB
Inactive(anon):      416 kB
Active(file):     157744 kB
Inactive(file):   396576 kB
Unevictable:           0 kB
Mlocked:               0 kB
HighTotal:       1158144 kB
HighFree:           1788 kB
LowTotal:         742412 kB
LowFree:          560592 kB
SwapTotal:             0 kB
SwapFree:              0 kB
Dirty:               148 kB
Writeback:             0 kB
AnonPages:        493560 kB
Mapped:           152540 kB
Shmem:               460 kB
Slab:              45768 kB
SReclaimable:      19492 kB
SUnreclaim:        26276 kB
KernelStack:       17664 kB
PageTables:        16284 kB
NFS_Unstable:          0 kB
Bounce:                0 kB
WritebackTmp:          0 kB
CommitLimit:      950276 kB
Committed_AS:   41183736 kB
VmallocTotal:     245760 kB
VmallocUsed:       74616 kB
VmallocChunk:      75648 kB
==>Fri Apr  7 18:56:38 2017
MemTotal:        1900556 kB
MemFree:          549696 kB
Buffers:           14968 kB
Cached:           541396 kB
SwapCached:            0 kB
Active:           671132 kB
Inactive:         392812 kB
Active(anon):     510764 kB
Inactive(anon):      416 kB
Active(file):     160368 kB
Inactive(file):   392396 kB
Unevictable:           0 kB
Mlocked:               0 kB
HighTotal:       1158144 kB
HighFree:           1816 kB
LowTotal:         742412 kB
LowFree:          547880 kB
SwapTotal:             0 kB
SwapFree:              0 kB
Dirty:                48 kB
Writeback:             0 kB
AnonPages:        510788 kB
Mapped:           153644 kB
Shmem:               460 kB
Slab:              44832 kB
SReclaimable:      19224 kB
SUnreclaim:        25608 kB
KernelStack:       12928 kB
PageTables:        16464 kB
NFS_Unstable:          0 kB
Bounce:                0 kB
WritebackTmp:          0 kB
CommitLimit:      950276 kB
Committed_AS:   41211384 kB
VmallocTotal:     245760 kB
VmallocUsed:       74616 kB
VmallocChunk:      75648 kB
==>Fri Apr  7 18:56:48 2017
MemTotal:        1900556 kB
MemFree:          501804 kB
Buffers:           14992 kB
Cached:           541432 kB
SwapCached:            0 kB
Active:           688348 kB
Inactive:         392836 kB
Active(anon):     527956 kB
Inactive(anon):      432 kB
Active(file):     160392 kB
Inactive(file):   392404 kB
Unevictable:           0 kB
Mlocked:               0 kB
HighTotal:       1158144 kB
HighFree:           1800 kB
LowTotal:         742412 kB
LowFree:          500004 kB
SwapTotal:             0 kB
SwapFree:              0 kB
Dirty:                56 kB
Writeback:             0 kB
AnonPages:        527916 kB
Mapped:           155520 kB
Shmem:               480 kB
Slab:              52844 kB
SReclaimable:      20692 kB
SUnreclaim:        32152 kB
KernelStack:       32392 kB
PageTables:        16404 kB
NFS_Unstable:          0 kB
Bounce:                0 kB
WritebackTmp:          0 kB
CommitLimit:      950276 kB
Committed_AS:   41207284 kB
VmallocTotal:     245760 kB
VmallocUsed:       75644 kB
VmallocChunk:      75648 kB
==>Fri Apr  7 18:56:58 2017
MemTotal:        1900556 kB
MemFree:          469204 kB
Buffers:           15008 kB
Cached:           541424 kB
SwapCached:            0 kB
Active:           690564 kB
Inactive:         392836 kB
Active(anon):     530164 kB
Inactive(anon):      432 kB
Active(file):     160400 kB
Inactive(file):   392404 kB
Unevictable:           0 kB
Mlocked:               0 kB
HighTotal:       1158144 kB
HighFree:           1732 kB
LowTotal:         742412 kB
LowFree:          467472 kB
SwapTotal:             0 kB
SwapFree:              0 kB
Dirty:                56 kB
Writeback:             0 kB
AnonPages:        530080 kB
Mapped:           156268 kB
Shmem:               480 kB
Slab:              63020 kB
SReclaimable:      22416 kB
SUnreclaim:        40604 kB
KernelStack:       51960 kB
PageTables:        16400 kB
NFS_Unstable:          0 kB
Bounce:                0 kB
WritebackTmp:          0 kB
CommitLimit:      950276 kB
Committed_AS:   41201636 kB
VmallocTotal:     245760 kB
VmallocUsed:       76664 kB
VmallocChunk:      75648 kB
==>Fri Apr  7 18:57:08 2017
MemTotal:        1900556 kB
MemFree:          445300 kB
Buffers:           15016 kB
Cached:           541424 kB
SwapCached:            0 kB
Active:           686276 kB
Inactive:         392844 kB
Active(anon):     525876 kB
Inactive(anon):      432 kB
Active(file):     160400 kB
Inactive(file):   392412 kB
Unevictable:           0 kB
Mlocked:               0 kB
HighTotal:       1158144 kB
HighFree:           2820 kB
LowTotal:         742412 kB
LowFree:          442480 kB
SwapTotal:             0 kB
SwapFree:              0 kB
Dirty:                 0 kB
Writeback:             0 kB
AnonPages:        525824 kB
Mapped:           155428 kB
Shmem:               480 kB
Slab:              72956 kB
SReclaimable:      24132 kB
SUnreclaim:        48824 kB
KernelStack:       71152 kB
PageTables:        16392 kB
NFS_Unstable:          0 kB
Bounce:                0 kB
WritebackTmp:          0 kB
CommitLimit:      950276 kB
Committed_AS:   41210864 kB
VmallocTotal:     245760 kB
VmallocUsed:       77684 kB
VmallocChunk:      75648 kB
==>Fri Apr  7 18:57:18 2017
MemTotal:        1900556 kB
MemFree:          415828 kB
Buffers:           15016 kB
Cached:           541440 kB
SwapCached:            0 kB
Active:           686952 kB
Inactive:         392860 kB
Active(anon):     526552 kB
Inactive(anon):      432 kB
Active(file):     160400 kB
Inactive(file):   392428 kB
Unevictable:           0 kB
Mlocked:               0 kB
HighTotal:       1158144 kB
HighFree:           1828 kB
LowTotal:         742412 kB
LowFree:          414000 kB
SwapTotal:             0 kB
SwapFree:              0 kB
Dirty:                 8 kB
Writeback:             0 kB
AnonPages:        526528 kB
Mapped:           155432 kB
Shmem:               480 kB
Slab:              82508 kB
SReclaimable:      25880 kB
SUnreclaim:        56628 kB
KernelStack:       90416 kB
PageTables:        16412 kB
NFS_Unstable:          0 kB
Bounce:                0 kB
WritebackTmp:          0 kB
CommitLimit:      950276 kB
Committed_AS:   41219556 kB
VmallocTotal:     245760 kB
VmallocUsed:       77684 kB
VmallocChunk:      75648 kB
==>Fri Apr  7 18:57:28 2017
MemTotal:        1900556 kB
MemFree:          521872 kB
Buffers:           15056 kB
Cached:           549768 kB
SwapCached:            0 kB
Active:           690400 kB
Inactive:         399912 kB
Active(anon):     528684 kB
Inactive(anon):      432 kB
Active(file):     161716 kB
Inactive(file):   399480 kB
Unevictable:           0 kB
Mlocked:               0 kB
HighTotal:       1158144 kB
HighFree:           1780 kB
LowTotal:         742412 kB
LowFree:          520092 kB
SwapTotal:             0 kB
SwapFree:              0 kB
Dirty:              2156 kB
Writeback:             0 kB
AnonPages:        528668 kB
Mapped:           155428 kB
Shmem:               480 kB
Slab:              45992 kB
SReclaimable:      19472 kB
SUnreclaim:        26520 kB
KernelStack:       10616 kB
PageTables:        16404 kB
NFS_Unstable:          0 kB
Bounce:                0 kB
WritebackTmp:          0 kB
CommitLimit:      950276 kB
Committed_AS:   41211268 kB
VmallocTotal:     245760 kB
VmallocUsed:       76664 kB
VmallocChunk:      75648 kB
==>Fri Apr  7 18:57:38 2017
MemTotal:        1900556 kB
MemFree:          522812 kB
Buffers:           15072 kB
Cached:           549776 kB
SwapCached:            0 kB
Active:           689672 kB
Inactive:         399928 kB
Active(anon):     527948 kB
Inactive(anon):      432 kB
Active(file):     161724 kB
Inactive(file):   399496 kB
Unevictable:           0 kB
Mlocked:               0 kB
HighTotal:       1158144 kB
HighFree:           1728 kB
LowTotal:         742412 kB
LowFree:          521084 kB
SwapTotal:             0 kB
SwapFree:              0 kB
Dirty:                 0 kB
Writeback:             0 kB
AnonPages:        527916 kB
Mapped:           155420 kB
Shmem:               480 kB
Slab:              45816 kB
SReclaimable:      19436 kB
SUnreclaim:        26380 kB
KernelStack:       10608 kB
PageTables:        16396 kB
NFS_Unstable:          0 kB
Bounce:                0 kB
WritebackTmp:          0 kB
CommitLimit:      950276 kB
Committed_AS:   41213008 kB
VmallocTotal:     245760 kB
VmallocUsed:       75644 kB
VmallocChunk:      75648 kB
==>Fri Apr  7 18:57:48 2017
MemTotal:        1900556 kB
MemFree:          523032 kB
Buffers:           15096 kB
Cached:           549784 kB
SwapCached:            0 kB
Active:           689036 kB
Inactive:         399960 kB
Active(anon):     527312 kB
Inactive(anon):      432 kB
Active(file):     161724 kB
Inactive(file):   399528 kB
Unevictable:           0 kB
Mlocked:               0 kB
HighTotal:       1158144 kB
HighFree:           1796 kB
LowTotal:         742412 kB
LowFree:          521236 kB
SwapTotal:             0 kB
SwapFree:              0 kB
Dirty:                 4 kB
Writeback:             0 kB
AnonPages:        527360 kB
Mapped:           155528 kB
Shmem:               480 kB
Slab:              45676 kB
SReclaimable:      19420 kB
SUnreclaim:        26256 kB
KernelStack:       10624 kB
PageTables:        16428 kB
NFS_Unstable:          0 kB
Bounce:                0 kB
WritebackTmp:          0 kB
CommitLimit:      950276 kB
Committed_AS:   41212456 kB
VmallocTotal:     245760 kB
VmallocUsed:       77684 kB
VmallocChunk:      75648 kB
==>Fri Apr  7 18:57:58 2017
MemTotal:        1900556 kB
MemFree:          516412 kB
Buffers:           15120 kB
Cached:           553892 kB
SwapCached:            0 kB
Active:           692388 kB
Inactive:         403404 kB
Active(anon):     529976 kB
Inactive(anon):      432 kB
Active(file):     162412 kB
Inactive(file):   402972 kB
Unevictable:           0 kB
Mlocked:               0 kB
HighTotal:       1158144 kB
HighFree:           1788 kB
LowTotal:         742412 kB
LowFree:          514624 kB
SwapTotal:             0 kB
SwapFree:              0 kB
Dirty:              2136 kB
Writeback:             0 kB
AnonPages:        529688 kB
Mapped:           155524 kB
Shmem:               480 kB
Slab:              45676 kB
SReclaimable:      19436 kB
SUnreclaim:        26240 kB
KernelStack:       10592 kB
PageTables:        16432 kB
NFS_Unstable:          0 kB
Bounce:                0 kB
WritebackTmp:          0 kB
CommitLimit:      950276 kB
Committed_AS:   41203816 kB
VmallocTotal:     245760 kB
VmallocUsed:       75644 kB
VmallocChunk:      75648 kB
==>Fri Apr  7 18:58:08 2017
MemTotal:        1900556 kB
MemFree:          518572 kB
Buffers:           15128 kB
Cached:           553892 kB
SwapCached:            0 kB
Active:           690436 kB
Inactive:         403412 kB
Active(anon):     528024 kB
Inactive(anon):      432 kB
Active(file):     162412 kB
Inactive(file):   402980 kB
Unevictable:           0 kB
Mlocked:               0 kB
HighTotal:       1158144 kB
HighFree:           1768 kB
LowTotal:         742412 kB
LowFree:          516804 kB
SwapTotal:             0 kB
SwapFree:              0 kB
Dirty:                 8 kB
Writeback:             0 kB
AnonPages:        527992 kB
Mapped:           155524 kB
Shmem:               480 kB
Slab:              45664 kB
SReclaimable:      19440 kB
SUnreclaim:        26224 kB
KernelStack:       10536 kB
PageTables:        16460 kB
NFS_Unstable:          0 kB
Bounce:                0 kB
WritebackTmp:          0 kB
CommitLimit:      950276 kB
Committed_AS:   41216808 kB
VmallocTotal:     245760 kB
VmallocUsed:       76664 kB
VmallocChunk:      75648 kB
==>Fri Apr  7 18:58:18 2017
MemTotal:        1900556 kB
MemFree:          517480 kB
Buffers:           15136 kB
Cached:           553892 kB
SwapCached:            0 kB
Active:           691152 kB
Inactive:         403412 kB
Active(anon):     528732 kB
Inactive(anon):      432 kB
Active(file):     162420 kB
Inactive(file):   402980 kB
Unevictable:           0 kB
Mlocked:               0 kB
HighTotal:       1158144 kB
HighFree:           1808 kB
LowTotal:         742412 kB
LowFree:          515672 kB
SwapTotal:             0 kB
SwapFree:              0 kB
Dirty:                 4 kB
Writeback:             0 kB
AnonPages:        528712 kB
Mapped:           155520 kB
Shmem:               480 kB
Slab:              45568 kB
SReclaimable:      19440 kB
SUnreclaim:        26128 kB
KernelStack:       10880 kB
PageTables:        16404 kB
NFS_Unstable:          0 kB
Bounce:                0 kB
WritebackTmp:          0 kB
CommitLimit:      950276 kB
Committed_AS:   41208448 kB
VmallocTotal:     245760 kB
VmallocUsed:       75644 kB
VmallocChunk:      75648 kB
==>Fri Apr  7 18:58:28 2017
MemTotal:        1900556 kB
MemFree:          518568 kB
Buffers:           15152 kB
Cached:           553892 kB
SwapCached:            0 kB
Active:           689740 kB
Inactive:         403428 kB
Active(anon):     527320 kB
Inactive(anon):      432 kB
Active(file):     162420 kB
Inactive(file):   402996 kB
Unevictable:           0 kB
Mlocked:               0 kB
HighTotal:       1158144 kB
HighFree:           1780 kB
LowTotal:         742412 kB
LowFree:          516788 kB
SwapTotal:             0 kB
SwapFree:              0 kB
Dirty:                 0 kB
Writeback:             0 kB
AnonPages:        527336 kB
Mapped:           155488 kB
Shmem:               480 kB
Slab:              45988 kB
SReclaimable:      19484 kB
SUnreclaim:        26504 kB
KernelStack:       10872 kB
PageTables:        16640 kB
NFS_Unstable:          0 kB
Bounce:                0 kB
WritebackTmp:          0 kB
CommitLimit:      950276 kB
Committed_AS:   41237564 kB
VmallocTotal:     245760 kB
VmallocUsed:       75644 kB
VmallocChunk:      75648 kB
==>Fri Apr  7 18:58:38 2017
MemTotal:        1900556 kB
MemFree:          511084 kB
Buffers:           15160 kB
Cached:           553900 kB
SwapCached:            0 kB
Active:           690432 kB
Inactive:         403444 kB
Active(anon):     528012 kB
Inactive(anon):      432 kB
Active(file):     162420 kB
Inactive(file):   403012 kB
Unevictable:           0 kB
Mlocked:               0 kB
HighTotal:       1158144 kB
HighFree:           1788 kB
LowTotal:         742412 kB
LowFree:          509296 kB
SwapTotal:             0 kB
SwapFree:              0 kB
Dirty:                 4 kB
Writeback:             0 kB
AnonPages:        527980 kB
Mapped:           155492 kB
Shmem:               480 kB
Slab:              46520 kB
SReclaimable:      19716 kB
SUnreclaim:        26804 kB
KernelStack:       16992 kB
PageTables:        16508 kB
NFS_Unstable:          0 kB
Bounce:                0 kB
WritebackTmp:          0 kB
CommitLimit:      950276 kB
Committed_AS:   41234620 kB
VmallocTotal:     245760 kB
VmallocUsed:       76656 kB
VmallocChunk:      75648 kB
==>Fri Apr  7 18:58:48 2017
MemTotal:        1900556 kB
MemFree:          514660 kB
Buffers:           15192 kB
Cached:           557992 kB
SwapCached:            0 kB
Active:           690332 kB
Inactive:         406952 kB
Active(anon):     527284 kB
Inactive(anon):      432 kB
Active(file):     163048 kB
Inactive(file):   406520 kB
Unevictable:           0 kB
Mlocked:               0 kB
HighTotal:       1158144 kB
HighFree:           1688 kB
LowTotal:         742412 kB
LowFree:          512972 kB
SwapTotal:             0 kB
SwapFree:              0 kB
Dirty:              2104 kB
Writeback:             0 kB
AnonPages:        527280 kB
Mapped:           155532 kB
Shmem:               480 kB
Slab:              45728 kB
SReclaimable:      19448 kB
SUnreclaim:        26280 kB
KernelStack:       10560 kB
PageTables:        16356 kB
NFS_Unstable:          0 kB
Bounce:                0 kB
WritebackTmp:          0 kB
CommitLimit:      950276 kB
Committed_AS:   41185964 kB
VmallocTotal:     245760 kB
VmallocUsed:       74624 kB
VmallocChunk:      75648 kB
==>Fri Apr  7 18:58:58 2017
MemTotal:        1900556 kB
MemFree:          507648 kB
Buffers:           15216 kB
Cached:           562168 kB
SwapCached:            0 kB
Active:           691572 kB
Inactive:         410448 kB
Active(anon):     527832 kB
Inactive(anon):      432 kB
Active(file):     163740 kB
Inactive(file):   410016 kB
Unevictable:           0 kB
Mlocked:               0 kB
HighTotal:       1158144 kB
HighFree:           1752 kB
LowTotal:         742412 kB
LowFree:          505896 kB
SwapTotal:             0 kB
SwapFree:              0 kB
Dirty:                56 kB
Writeback:             0 kB
AnonPages:        527864 kB
Mapped:           156144 kB
Shmem:               480 kB
Slab:              45568 kB
SReclaimable:      19492 kB
SUnreclaim:        26076 kB
KernelStack:       12952 kB
PageTables:        16364 kB
NFS_Unstable:          0 kB
Bounce:                0 kB
WritebackTmp:          0 kB
CommitLimit:      950276 kB
Committed_AS:   41169120 kB
VmallocTotal:     245760 kB
VmallocUsed:       74624 kB
VmallocChunk:      75648 kB
==>Fri Apr  7 18:59:08 2017
MemTotal:        1900556 kB
MemFree:          502472 kB
Buffers:           15224 kB
Cached:           562168 kB
SwapCached:            0 kB
Active:           693068 kB
Inactive:         410448 kB
Active(anon):     529320 kB
Inactive(anon):      432 kB
Active(file):     163748 kB
Inactive(file):   410016 kB
Unevictable:           0 kB
Mlocked:               0 kB
HighTotal:       1158144 kB
HighFree:           1808 kB
LowTotal:         742412 kB
LowFree:          500664 kB
SwapTotal:             0 kB
SwapFree:              0 kB
Dirty:                 4 kB
Writeback:             0 kB
AnonPages:        529284 kB
Mapped:           157080 kB
Shmem:               480 kB
Slab:              45860 kB
SReclaimable:      19516 kB
SUnreclaim:        26344 kB
KernelStack:       10512 kB
PageTables:        16376 kB
NFS_Unstable:          0 kB
Bounce:                0 kB
WritebackTmp:          0 kB
CommitLimit:      950276 kB
Committed_AS:   41187452 kB
VmallocTotal:     245760 kB
VmallocUsed:       75668 kB
VmallocChunk:      75648 kB
==>Fri Apr  7 18:59:18 2017
MemTotal:        1900556 kB
MemFree:          499676 kB
Buffers:           15232 kB
Cached:           562168 kB
SwapCached:            0 kB
Active:           695312 kB
Inactive:         410456 kB
Active(anon):     531564 kB
Inactive(anon):      432 kB
Active(file):     163748 kB
Inactive(file):   410024 kB
Unevictable:           0 kB
Mlocked:               0 kB
HighTotal:       1158144 kB
HighFree:           1792 kB
LowTotal:         742412 kB
LowFree:          497884 kB
SwapTotal:             0 kB
SwapFree:              0 kB
Dirty:                 4 kB
Writeback:             0 kB
AnonPages:        531460 kB
Mapped:           157052 kB
Shmem:               480 kB
Slab:              45848 kB
SReclaimable:      19508 kB
SUnreclaim:        26340 kB
KernelStack:       10792 kB
PageTables:        16380 kB
NFS_Unstable:          0 kB
Bounce:                0 kB
WritebackTmp:          0 kB
CommitLimit:      950276 kB
Committed_AS:   41186996 kB
VmallocTotal:     245760 kB
VmallocUsed:       75668 kB
VmallocChunk:      75648 kB
==>Fri Apr  7 18:59:28 2017
MemTotal:        1900556 kB
MemFree:          541604 kB
Buffers:           15232 kB
Cached:           562168 kB
SwapCached:            0 kB
Active:           661272 kB
Inactive:         410456 kB
Active(anon):     497524 kB
Inactive(anon):      432 kB
Active(file):     163748 kB
Inactive(file):   410024 kB
Unevictable:           0 kB
Mlocked:               0 kB
HighTotal:       1158144 kB
HighFree:           7844 kB
LowTotal:         742412 kB
LowFree:          533760 kB
SwapTotal:             0 kB
SwapFree:              0 kB
Dirty:                 0 kB
Writeback:             0 kB
AnonPages:        497200 kB
Mapped:           155692 kB
Shmem:               480 kB
Slab:              45624 kB
SReclaimable:      19484 kB
SUnreclaim:        26140 kB
KernelStack:       10296 kB
PageTables:        16312 kB
NFS_Unstable:          0 kB
Bounce:                0 kB
WritebackTmp:          0 kB
CommitLimit:      950276 kB
Committed_AS:   41192040 kB
VmallocTotal:     245760 kB
VmallocUsed:       74624 kB
VmallocChunk:      75648 kB
==>Fri Apr  7 18:59:38 2017
MemTotal:        1900556 kB
MemFree:          536152 kB
Buffers:           15264 kB
Cached:           562244 kB
SwapCached:            0 kB
Active:           665488 kB
Inactive:         410536 kB
Active(anon):     501708 kB
Inactive(anon):      416 kB
Active(file):     163780 kB
Inactive(file):   410120 kB
Unevictable:           0 kB
Mlocked:               0 kB
HighTotal:       1158144 kB
HighFree:           2044 kB
LowTotal:         742412 kB
LowFree:          534108 kB
SwapTotal:             0 kB
SwapFree:              0 kB
Dirty:               240 kB
Writeback:             0 kB
AnonPages:        501740 kB
Mapped:           156404 kB
Shmem:               460 kB
Slab:              45464 kB
SReclaimable:      19476 kB
SUnreclaim:        25988 kB
KernelStack:       10368 kB
PageTables:        16416 kB
NFS_Unstable:          0 kB
Bounce:                0 kB
WritebackTmp:          0 kB
CommitLimit:      950276 kB
Committed_AS:   41202224 kB
VmallocTotal:     245760 kB
VmallocUsed:       74624 kB
VmallocChunk:      75648 kB
==>Fri Apr  7 18:59:48 2017
MemTotal:        1900556 kB
MemFree:          500112 kB
Buffers:           15292 kB
Cached:           562760 kB
SwapCached:            0 kB
Active:           695416 kB
Inactive:         410760 kB
Active(anon):     531320 kB
Inactive(anon):      456 kB
Active(file):     164096 kB
Inactive(file):   410304 kB
Unevictable:           0 kB
Mlocked:               0 kB
HighTotal:       1158144 kB
HighFree:           1780 kB
LowTotal:         742412 kB
LowFree:          498332 kB
SwapTotal:             0 kB
SwapFree:              0 kB
Dirty:                80 kB
Writeback:             0 kB
AnonPages:        531344 kB
Mapped:           158420 kB
Shmem:               504 kB
Slab:              45372 kB
SReclaimable:      19488 kB
SUnreclaim:        25884 kB
KernelStack:       11648 kB
PageTables:        16944 kB
NFS_Unstable:          0 kB
Bounce:                0 kB
WritebackTmp:          0 kB
CommitLimit:      950276 kB
Committed_AS:   42491408 kB
VmallocTotal:     245760 kB
VmallocUsed:       75804 kB
VmallocChunk:      75648 kB
==>Fri Apr  7 18:59:58 2017
MemTotal:        1900556 kB
MemFree:          435468 kB
Buffers:           15336 kB
Cached:           562868 kB
SwapCached:            0 kB
Active:           731164 kB
Inactive:         411816 kB
Active(anon):     567020 kB
Inactive(anon):      472 kB
Active(file):     164144 kB
Inactive(file):   411344 kB
Unevictable:           0 kB
Mlocked:               0 kB
HighTotal:       1158144 kB
HighFree:           1728 kB
LowTotal:         742412 kB
LowFree:          433740 kB
SwapTotal:             0 kB
SwapFree:              0 kB
Dirty:                28 kB
Writeback:             0 kB
AnonPages:        566744 kB
Mapped:           159900 kB
Shmem:               524 kB
Slab:              52308 kB
SReclaimable:      20868 kB
SUnreclaim:        31440 kB
KernelStack:       31688 kB
PageTables:        16888 kB
NFS_Unstable:          0 kB
Bounce:                0 kB
WritebackTmp:          0 kB
CommitLimit:      950276 kB
Committed_AS:   42478412 kB
VmallocTotal:     245760 kB
VmallocUsed:       76832 kB
VmallocChunk:      75648 kB
==>Fri Apr  7 19:00:08 2017
MemTotal:        1900556 kB
MemFree:          407376 kB
Buffers:           15352 kB
Cached:           562868 kB
SwapCached:            0 kB
Active:           729220 kB
Inactive:         411832 kB
Active(anon):     565076 kB
Inactive(anon):      472 kB
Active(file):     164144 kB
Inactive(file):   411360 kB
Unevictable:           0 kB
Mlocked:               0 kB
HighTotal:       1158144 kB
HighFree:           1808 kB
LowTotal:         742412 kB
LowFree:          405568 kB
SwapTotal:             0 kB
SwapFree:              0 kB
Dirty:                 0 kB
Writeback:             0 kB
AnonPages:        565044 kB
Mapped:           160248 kB
Shmem:               524 kB
Slab:              61468 kB
SReclaimable:      22604 kB
SUnreclaim:        38864 kB
KernelStack:       51024 kB
PageTables:        16904 kB
NFS_Unstable:          0 kB
Bounce:                0 kB
WritebackTmp:          0 kB
CommitLimit:      950276 kB
Committed_AS:   42463876 kB
VmallocTotal:     245760 kB
VmallocUsed:       76844 kB
VmallocChunk:      75648 kB
==>Fri Apr  7 19:00:18 2017
MemTotal:        1900556 kB
MemFree:          378744 kB
Buffers:           15360 kB
Cached:           562868 kB
SwapCached:            0 kB
Active:           729480 kB
Inactive:         411840 kB
Active(anon):     565336 kB
Inactive(anon):      472 kB
Active(file):     164144 kB
Inactive(file):   411368 kB
Unevictable:           0 kB
Mlocked:               0 kB
HighTotal:       1158144 kB
HighFree:           1716 kB
LowTotal:         742412 kB
LowFree:          377028 kB
SwapTotal:             0 kB
SwapFree:              0 kB
Dirty:                 0 kB
Writeback:             0 kB
AnonPages:        565168 kB
Mapped:           160244 kB
Shmem:               524 kB
Slab:              70652 kB
SReclaimable:      24336 kB
SUnreclaim:        46316 kB
KernelStack:       70440 kB
PageTables:        16912 kB
NFS_Unstable:          0 kB
Bounce:                0 kB
WritebackTmp:          0 kB
CommitLimit:      950276 kB
Committed_AS:   42478036 kB
VmallocTotal:     245760 kB
VmallocUsed:       76844 kB
VmallocChunk:      75648 kB
==>Fri Apr  7 19:00:28 2017
MemTotal:        1900556 kB
MemFree:          459364 kB
Buffers:           15360 kB
Cached:           562868 kB
SwapCached:            0 kB
Active:           729644 kB
Inactive:         411840 kB
Active(anon):     565500 kB
Inactive(anon):      472 kB
Active(file):     164144 kB
Inactive(file):   411368 kB
Unevictable:           0 kB
Mlocked:               0 kB
HighTotal:       1158144 kB
HighFree:           1700 kB
LowTotal:         742412 kB
LowFree:          457664 kB
SwapTotal:             0 kB
SwapFree:              0 kB
Dirty:                 4 kB
Writeback:             0 kB
AnonPages:        565460 kB
Mapped:           160256 kB
Shmem:               524 kB
Slab:              46780 kB
SReclaimable:      19672 kB
SUnreclaim:        27108 kB
KernelStack:       13464 kB
PageTables:        17180 kB
NFS_Unstable:          0 kB
Bounce:                0 kB
WritebackTmp:          0 kB
CommitLimit:      950276 kB
Committed_AS:   42515088 kB
VmallocTotal:     245760 kB
VmallocUsed:       76844 kB
VmallocChunk:      75648 kB
==>Fri Apr  7 19:00:38 2017
MemTotal:        1900556 kB
MemFree:          457136 kB
Buffers:           15368 kB
Cached:           562876 kB
SwapCached:            0 kB
Active:           733948 kB
Inactive:         409280 kB
Active(anon):     568352 kB
Inactive(anon):      472 kB
Active(file):     165596 kB
Inactive(file):   408808 kB
Unevictable:           0 kB
Mlocked:               0 kB
HighTotal:       1158144 kB
HighFree:           1792 kB
LowTotal:         742412 kB
LowFree:          455344 kB
SwapTotal:             0 kB
SwapFree:              0 kB
Dirty:                 8 kB
Writeback:             0 kB
AnonPages:        568324 kB
Mapped:           160292 kB
Shmem:               524 kB
Slab:              46668 kB
SReclaimable:      19660 kB
SUnreclaim:        27008 kB
KernelStack:       12744 kB
PageTables:        16892 kB
NFS_Unstable:          0 kB
Bounce:                0 kB
WritebackTmp:          0 kB
CommitLimit:      950276 kB
Committed_AS:   42470456 kB
VmallocTotal:     245760 kB
VmallocUsed:       77864 kB
VmallocChunk:      75648 kB
==>Fri Apr  7 19:00:48 2017
MemTotal:        1900556 kB
MemFree:          467756 kB
Buffers:           15376 kB
Cached:           562876 kB
SwapCached:            0 kB
Active:           726832 kB
Inactive:         409288 kB
Active(anon):     561236 kB
Inactive(anon):      472 kB
Active(file):     165596 kB
Inactive(file):   408816 kB
Unevictable:           0 kB
Mlocked:               0 kB
HighTotal:       1158144 kB
HighFree:           3124 kB
LowTotal:         742412 kB
LowFree:          464632 kB
SwapTotal:             0 kB
SwapFree:              0 kB
Dirty:                 0 kB
Writeback:             0 kB
AnonPages:        561132 kB
Mapped:           160296 kB
Shmem:               524 kB
Slab:              46420 kB
SReclaimable:      19636 kB
SUnreclaim:        26784 kB
KernelStack:       10696 kB
PageTables:        17156 kB
NFS_Unstable:          0 kB
Bounce:                0 kB
WritebackTmp:          0 kB
CommitLimit:      950276 kB
Committed_AS:   42502532 kB
VmallocTotal:     245760 kB
VmallocUsed:       76824 kB
VmallocChunk:      75648 kB
==>Fri Apr  7 19:00:58 2017
MemTotal:        1900556 kB
MemFree:          443684 kB
Buffers:           15520 kB
Cached:           571120 kB
SwapCached:            0 kB
Active:           736380 kB
Inactive:         416256 kB
Active(anon):     569364 kB
Inactive(anon):      472 kB
Active(file):     167016 kB
Inactive(file):   415784 kB
Unevictable:           0 kB
Mlocked:               0 kB
HighTotal:       1158144 kB
HighFree:           1840 kB
LowTotal:         742412 kB
LowFree:          441844 kB
SwapTotal:             0 kB
SwapFree:              0 kB
Dirty:              4128 kB
Writeback:             0 kB
AnonPages:        568604 kB
Mapped:           160504 kB
Shmem:               524 kB
Slab:              45864 kB
SReclaimable:      19644 kB
SUnreclaim:        26220 kB
KernelStack:       12648 kB
PageTables:        16892 kB
NFS_Unstable:          0 kB
Bounce:                0 kB
WritebackTmp:          0 kB
CommitLimit:      950276 kB
Committed_AS:   42464456 kB
VmallocTotal:     245760 kB
VmallocUsed:       75856 kB
VmallocChunk:      75648 kB
==>Fri Apr  7 19:01:08 2017
MemTotal:        1900556 kB
MemFree:          439520 kB
Buffers:           15536 kB
Cached:           571128 kB
SwapCached:            0 kB
Active:           747608 kB
Inactive:         416280 kB
Active(anon):     580592 kB
Inactive(anon):      472 kB
Active(file):     167016 kB
Inactive(file):   415808 kB
Unevictable:           0 kB
Mlocked:               0 kB
HighTotal:       1158144 kB
HighFree:           1820 kB
LowTotal:         742412 kB
LowFree:          437700 kB
SwapTotal:             0 kB
SwapFree:              0 kB
Dirty:                24 kB
Writeback:             0 kB
AnonPages:        580604 kB
Mapped:           160552 kB
Shmem:               524 kB
Slab:              45880 kB
SReclaimable:      19660 kB
SUnreclaim:        26220 kB
KernelStack:       10648 kB
PageTables:        17172 kB
NFS_Unstable:          0 kB
Bounce:                0 kB
WritebackTmp:          0 kB
CommitLimit:      950276 kB
Committed_AS:   42518840 kB
VmallocTotal:     245760 kB
VmallocUsed:       76844 kB
VmallocChunk:      75648 kB
==>Fri Apr  7 19:01:18 2017
MemTotal:        1900556 kB
MemFree:          444436 kB
Buffers:           15560 kB
Cached:           575232 kB
SwapCached:            0 kB
Active:           738624 kB
Inactive:         419752 kB
Active(anon):     570952 kB
Inactive(anon):      472 kB
Active(file):     167672 kB
Inactive(file):   419280 kB
Unevictable:           0 kB
Mlocked:               0 kB
HighTotal:       1158144 kB
HighFree:           1740 kB
LowTotal:         742412 kB
LowFree:          442696 kB
SwapTotal:             0 kB
SwapFree:              0 kB
Dirty:                 0 kB
Writeback:          2040 kB
AnonPages:        570916 kB
Mapped:           160404 kB
Shmem:               524 kB
Slab:              46220 kB
SReclaimable:      19688 kB
SUnreclaim:        26532 kB
KernelStack:       10576 kB
PageTables:        17040 kB
NFS_Unstable:          0 kB
Bounce:                0 kB
WritebackTmp:          0 kB
CommitLimit:      950276 kB
Committed_AS:   42498388 kB
VmallocTotal:     245760 kB
VmallocUsed:       76844 kB
VmallocChunk:      75648 kB
==>Fri Apr  7 19:01:28 2017
MemTotal:        1900556 kB
MemFree:          448756 kB
Buffers:           15576 kB
Cached:           575232 kB
SwapCached:            0 kB
Active:           734508 kB
Inactive:         419768 kB
Active(anon):     566836 kB
Inactive(anon):      472 kB
Active(file):     167672 kB
Inactive(file):   419296 kB
Unevictable:           0 kB
Mlocked:               0 kB
HighTotal:       1158144 kB
HighFree:           1816 kB
LowTotal:         742412 kB
LowFree:          446940 kB
SwapTotal:             0 kB
SwapFree:              0 kB
Dirty:                 0 kB
Writeback:             0 kB
AnonPages:        566812 kB
Mapped:           160648 kB
Shmem:               524 kB
Slab:              45988 kB
SReclaimable:      19676 kB
SUnreclaim:        26312 kB
KernelStack:       10632 kB
PageTables:        16912 kB
NFS_Unstable:          0 kB
Bounce:                0 kB
WritebackTmp:          0 kB
CommitLimit:      950276 kB
Committed_AS:   42465040 kB
VmallocTotal:     245760 kB
VmallocUsed:       76844 kB
VmallocChunk:      75648 kB
==>Fri Apr  7 19:01:38 2017
MemTotal:        1900556 kB
MemFree:          452340 kB
Buffers:           15584 kB
Cached:           575232 kB
SwapCached:            0 kB
Active:           731384 kB
Inactive:         419776 kB
Active(anon):     563712 kB
Inactive(anon):      472 kB
Active(file):     167672 kB
Inactive(file):   419304 kB
Unevictable:           0 kB
Mlocked:               0 kB
HighTotal:       1158144 kB
HighFree:           1776 kB
LowTotal:         742412 kB
LowFree:          450564 kB
SwapTotal:             0 kB
SwapFree:              0 kB
Dirty:                 0 kB
Writeback:             0 kB
AnonPages:        563724 kB
Mapped:           160472 kB
Shmem:               524 kB
Slab:              46052 kB
SReclaimable:      19676 kB
SUnreclaim:        26376 kB
KernelStack:       10648 kB
PageTables:        16932 kB
NFS_Unstable:          0 kB
Bounce:                0 kB
WritebackTmp:          0 kB
CommitLimit:      950276 kB
Committed_AS:   42465680 kB
VmallocTotal:     245760 kB
VmallocUsed:       76844 kB
