========================================================
== dumpstate: 2017-04-14 18:41:53
========================================================

Build: aosp_hammerhead-eng 5.1.1 LMY48B eng.test.20170307.012313 test-keys
Build fingerprint: 'Android/aosp_hammerhead/hammerhead:5.1.1/LMY48B/test03070124:eng/test-keys'
Bootloader: HHZ12h
Radio: msm
Network: (unknown)
Kernel: Linux version 3.4.0-gbebb36b (android-build@vpbs1.mtv.corp.google.com) (gcc version 4.7 (GCC) ) #1 SMP PREEMPT Tue Mar 10 18:17:45 UTC 2015
Command line: console=ttyHSL0,115200,n8 androidboot.hardware=hammerhead user_debug=31 maxcpus=2 msm_watchdog_v2.enable=1 uart_console=enable gpt=enable lge.kcal=0|0|0|x lge.rev=rev_11 androidboot.laf androidboot.emmc=true androidboot.serialno=0779991543a78265 androidboot.bootloader=HHZ12h androidboot.baseband=msm bootreason=power_on androidboot.hardware.sku=D821 androidboot.hardware.ddr=hynix androidboot.hardware.display=orise

------ UPTIME (uptime) ------
up time: 00:02:25, idle time: 00:02:52, sleep time: 00:00:00
[uptime: 0.100s elapsed]

------ MMC PERF (/sys/block/mmcblk0/stat) ------
    5608     1414   604388    17100     1125     3055    32588     6050        0     8800    23120

------ MEMORY INFO (/proc/meminfo) ------
MemTotal:        1900556 kB
MemFree:         1009952 kB
Buffers:            9688 kB
Cached:           299372 kB
SwapCached:            0 kB
Active:           359232 kB
Inactive:         243116 kB
Active(anon):     293320 kB
Inactive(anon):      420 kB
Active(file):      65912 kB
Inactive(file):   242696 kB
Unevictable:           0 kB
Mlocked:               0 kB
HighTotal:       1158144 kB
HighFree:         340304 kB
LowTotal:         742412 kB
LowFree:          669648 kB
SwapTotal:             0 kB
SwapFree:              0 kB
Dirty:                44 kB
Writeback:             0 kB
AnonPages:        293252 kB
Mapped:           109812 kB
Shmem:               464 kB
Slab:              31932 kB
SReclaimable:      11520 kB
SUnreclaim:        20412 kB
KernelStack:        8000 kB
PageTables:        11560 kB
NFS_Unstable:          0 kB
Bounce:                0 kB
WritebackTmp:          0 kB
CommitLimit:      950276 kB
Committed_AS:   35953496 kB
VmallocTotal:     245760 kB
VmallocUsed:       62400 kB
VmallocChunk:      80544 kB

------ CPU INFO (top -n 1 -d 1 -m 30 -t) ------



User 51%, System 12%, IOW 0%, IRQ 0%
User 174 + Nice 4 + Sys 44 + Idle 125 + IOW 0 + IRQ 0 + SIRQ 1 = 348

  PID   TID PR CPU% S     VSS     RSS PCY UID      Thread          Proc
 2121  5044  2  28% R 1643024K 100404K  fg u0_a54   pool-6-thread-6 com.zhihu.android
 2121  2121  0   9% S 1643024K 100404K  fg u0_a54   m.zhihu.android com.zhihu.android
  874   874  3   6% R 1583588K 107020K  fg u0_a13   ndroid.systemui com.android.systemui
 2121  5038  0   5% S 1643024K 100404K  fg u0_a54   RenderThread    com.zhihu.android
 5174  5174  1   4% R  10672K   1428K  fg shell    top             top
  174   174  0   2% S 132180K  11508K  fg system   surfaceflinger  /system/bin/surfaceflinger
  710   774  3   2% S 1645684K  87780K  bg system   android.bg      system_server
 2121  5057  0   0% S 1643024K 100404K  fg u0_a54   hwuiTask1       com.zhihu.android
 2719  2719  3   0% S      0K      0K  fg root     kworker/u:5     
  174   228  3   0% S 132180K  11508K  fg system   DispSync        /system/bin/surfaceflinger
 2121  5009  0   0% S 1643024K 100404K  bg u0_a54   GAThread        com.zhihu.android
  131   131  0   0% S   8852K    580K  fg root     ueventd         /sbin/ueventd
 1138  1456  0   0% S 1493528K  55436K  fg radio    Binder_5        com.android.phone
 2722  2722  3   0% S      0K      0K  fg root     kworker/u:8     
  174   320  0   0% S 132180K  11508K  fg system   EventThread     /system/bin/surfaceflinger
  710   727  0   0% S 1645684K  87780K  fg system   Binder_2        system_server
  710   728  0   0% S 1645684K  87780K  fg system   system_server   system_server
  169   218  0   0% S  27848K   1908K  fg logd     logd.writer     /system/bin/logd
  710   778  0   0% S 1645684K  87780K  fg system   android.ui      system_server
  710  1184  1   0% S 1645684K  87780K  fg system   Binder_5        system_server
 2121  5049  3   0% S 1643024K 100404K  fg u0_a54   Binder_3        com.zhihu.android
  174   322  3   0% S 132180K  11508K  fg system   EventThread     /system/bin/surfaceflinger
 2121  5050  0   0% S 1643024K 100404K  fg u0_a54   GL updater      com.zhihu.android
  710  1226  1   0% S 1645684K  87780K  fg system   Binder_7        system_server
  710   780  1   0% S 1645684K  87780K  fg system   android.display system_server
  710   782  0   0% S 1645684K  87780K  fg system   PowerManagerSer system_server
  169  5099  1   0% S  27848K   1908K  fg logd     logd.reader.per /system/bin/logd
  174  1441  3   0% S 132180K  11508K  fg system   Binder_4        /system/bin/surfaceflinger
 4992  4992  1   0% S      0K      0K  fg root     ksoftirqd/1     
 1489  1506  0   0% S  20256K    884K  fg root     mpdecision      /system/bin/mpdecision
[top: 1.402s elapsed]

------ PROCRANK (procrank) ------
  PID       Vss      Rss      Pss      Uss  cmdline
  874  1565456K  109376K   65327K   61240K  com.android.systemui
 2121  1643020K  106924K   61115K   56704K  com.zhihu.android
  710  1645680K   92096K   44728K   38544K  system_server
 1180  1516192K   65524K   21985K   18816K  com.android.launcher3
 1043  1518900K   61680K   19347K   16772K  com.android.inputmethod.latin
 1138  1493524K   56688K   17174K   14900K  com.android.phone
 4987  1295744K   27780K   11202K    7996K  com.android.commands.monkey
  202  1456288K   60328K   11170K    4692K  zygote
 1769  1479940K   46836K    8798K    7136K  com.android.email
 1259  1471884K   46520K    8326K    6576K  android.process.acore
  836  1469784K   46588K    8064K    6164K  android.process.media
  192   107972K   11100K    7964K    7296K  /system/bin/mediaserver
 1087  1485992K   46492K    7606K    5748K  com.android.nfc
 1632  1475764K   44248K    6803K    5040K  com.android.mms
 1719  1480852K   43376K    6711K    5176K  com.android.calendar
  927  1481864K   43236K    6706K    5156K  com.android.settings
  174   140820K   11588K    6597K    5096K  /system/bin/surfaceflinger
 1747  1468864K   43996K    6446K    4840K  com.android.deskclock
 1577  1469488K   43816K    6124K    4492K  com.android.providers.calendar
 1791  1469480K   41884K    5538K    4048K  com.android.exchange
 1337  1467400K   41896K    5266K    3688K  com.android.music
 1557  1469908K   41368K    5215K    3496K  com.android.dialer
 4651  1467176K   41340K    5143K    3512K  com.android.quicksearchbox
 1605  1465404K   40184K    4531K    3080K  com.android.managedprovisioning
 1700  1464820K   39860K    4302K    2852K  com.android.voicedialer
 1507  1464792K   39840K    4291K    2832K  com.android.keychain
  204    16296K    4904K    4279K    4252K  /system/bin/mm-qcamera-daemon
 1678  1464708K   39880K    4274K    2828K  com.android.onetimeinitializer
 1307  1464712K   39584K    4255K    2796K  com.android.smspush
 4810  1464808K   39696K    4097K    2488K  com.android.musicfx
  190    35980K    5920K    4028K    3768K  /system/bin/rild
  198    59908K    2468K    1698K    1648K  /system/bin/sensors.qcom
  169    27844K    2320K    1666K    1640K  /system/bin/logd
  191    23296K    4136K    1543K    1192K  /system/bin/drmserver
  852    12564K    2724K    1436K    1232K  /system/bin/wpa_supplicant
  173    18024K    1976K     911K     832K  /system/bin/vold
  188    22824K    1548K     881K     824K  /system/bin/netd
  189    10104K    1324K     714K     696K  /system/bin/debuggerd
  194    12532K    1764K     697K     628K  /system/bin/keystore
  197    20032K    1240K     693K     636K  /system/bin/netmgrd
  205    20496K    1424K     675K     632K  /system/bin/time_daemon
 5201     9180K     976K     641K     628K  procrank
  195    18852K    1140K     625K     580K  /system/bin/bridgemgrd
  196    24056K    1076K     623K     600K  /system/bin/qmuxd
    1     8852K     720K     557K     428K  /init
  178    19788K    1124K     487K     460K  /system/bin/rmt_storage
  206    24144K     492K     472K     472K  /sbin/adbd
  131     8848K     580K     448K     320K  /sbin/ueventd
 1489    20252K    1060K     436K     416K  /system/bin/mpdecision
  171    10616K    1244K     423K     348K  /system/bin/lmkd
  203    15396K     780K     399K     392K  /system/bin/sdcard
 5098     9424K     812K     392K     384K  /system/bin/dumpstate
 1911     9340K     756K     372K     360K  /system/bin/dhcpcd
  185     9312K     760K     368K     300K  /system/bin/sh
  170     9828K     352K     348K     348K  /sbin/healthd
 5080     9220K     704K     345K     336K  logcat
 5082     9220K     684K     325K     316K  logcat
 5086     9200K     680K     321K     312K  logcat
 5088     9200K     668K     309K     300K  logcat
 5090     9200K     668K     309K     300K  logcat
 5092     9312K     716K     306K     260K  /system/bin/sh
  172     9448K     684K     301K     292K  /system/bin/servicemanager
  193     9404K     696K     300K     292K  /system/bin/installd
 5094     9240K     572K     214K     208K  bugreport
  187     9196K     548K     211K     204K  /system/bin/subsystem_ramdump
                           ------   ------  ------
                          407891K  340840K  TOTAL

RAM: 1900556K total, 1000488K free, 9688K buffers, 299564K cached, 464K shmem, 34088K slab
[procrank: 1.402s elapsed]

------ VIRTUAL MEMORY STATS (/proc/vmstat) ------
nr_free_pages 250146
nr_inactive_anon 105
nr_active_anon 74921
nr_inactive_file 60701
nr_active_file 16500
nr_unevictable 0
nr_mlock 0
nr_anon_pages 74931
nr_mapped 27515
nr_file_pages 77313
nr_dirty 16
nr_writeback 0
nr_slab_reclaimable 3302
nr_slab_unreclaimable 5220
nr_page_table_pages 2947
nr_kernel_stack 1030
nr_unstable 0
nr_bounce 0
nr_vmscan_write 0
nr_vmscan_immediate_reclaim 0
nr_writeback_temp 0
nr_isolated_anon 0
nr_isolated_file 0
nr_shmem 116
nr_dirtied 2794
nr_written 2661
nr_anon_transparent_hugepages 0
nr_free_cma 22712
nr_dirty_threshold 31775
nr_dirty_background_threshold 7943
pgpgin 302258
pgpgout 16294
pswpin 0
pswpout 0
pgalloc_normal 120736
pgalloc_high 445913
pgalloc_movable 0
pgfree 819824
pgactivate 17428
pgdeactivate 0
pgfault 903837
pgmajfault 2060
pgrefill_normal 0
pgrefill_high 0
pgrefill_movable 0
pgsteal_kswapd_normal 0
pgsteal_kswapd_high 0
pgsteal_kswapd_movable 0
pgsteal_direct_normal 0
pgsteal_direct_high 0
pgsteal_direct_movable 0
pgscan_kswapd_normal 0
pgscan_kswapd_high 0
pgscan_kswapd_movable 0
pgscan_direct_normal 0
pgscan_direct_high 0
pgscan_direct_movable 0
pginodesteal 0
slabs_scanned 0
kswapd_inodesteal 0
kswapd_low_wmark_hit_quickly 0
kswapd_high_wmark_hit_quickly 0
kswapd_skip_congestion_wait 0
pageoutrun 1
allocstall 0
pgrotated 5
compact_blocks_moved 0
compact_pages_moved 0
compact_pagemigrate_failed 0
compact_stall 0
compact_fail 0
compact_success 0
unevictable_pgs_culled 0
unevictable_pgs_scanned 0
unevictable_pgs_rescued 0
unevictable_pgs_mlocked 0
unevictable_pgs_munlocked 0
unevictable_pgs_cleared 0
unevictable_pgs_stranded 0
unevictable_pgs_mlockfreed 0

------ VMALLOC INFO (/proc/vmallocinfo) ------
0xee800000-0xef800000 16777216 iotable_init+0x0/0xb8 phys=36c00000 ioremap
0xf0000000-0xf0002000    8192 of_iomap+0x40/0x48 ioremap
0xf0002000-0xf0004000    8192 _kgsl_sharedmem_page_alloc+0x198/0x208 pages=1 vmalloc
0xf0006000-0xf0008000    8192 _kgsl_sharedmem_page_alloc+0x198/0x208 pages=1 vmalloc
0xf000a000-0xf000c000    8192 msm_pm_setup_saved_state+0xdc/0x1bc ioremap
0xf000c000-0xf000e000    8192 devm_ioremap+0x40/0x7c ioremap
0xf000e000-0xf0010000    8192 devm_ioremap+0x40/0x7c ioremap
0xf0010000-0xf0012000    8192 devm_ioremap+0x40/0x7c ioremap
0xf0012000-0xf0014000    8192 devm_ioremap+0x40/0x7c ioremap
0xf0014000-0xf0016000    8192 remote_spinlock_init_address_hw+0x108/0x164 ioremap
0xf0016000-0xf0018000    8192 devm_ioremap+0x40/0x7c ioremap
0xf0018000-0xf001d000   20480 msm_smd_probe+0x644/0x121c ioremap
0xf001e000-0xf0020000    8192 devm_ioremap+0x40/0x7c ioremap
0xf0020000-0xf0022000    8192 devm_ioremap+0x40/0x7c ioremap
0xf0022000-0xf0024000    8192 devm_ioremap+0x40/0x7c ioremap
0xf0024000-0xf0026000    8192 devm_ioremap+0x40/0x7c ioremap
0xf0028000-0xf002a000    8192 devm_ioremap+0x40/0x7c ioremap
0xf002a000-0xf002c000    8192 devm_ioremap+0x40/0x7c ioremap
0xf002c000-0xf002f000   12288 devm_ioremap+0x40/0x7c ioremap
0xf0030000-0xf0033000   12288 devm_ioremap+0x40/0x7c ioremap
0xf0034000-0xf0036000    8192 devm_ioremap+0x40/0x7c ioremap
0xf0036000-0xf0038000    8192 devm_ioremap+0x40/0x7c ioremap
0xf0038000-0xf003b000   12288 devm_ioremap+0x40/0x7c ioremap
0xf003c000-0xf003f000   12288 devm_ioremap+0x40/0x7c ioremap
0xf0040000-0xf0045000   20480 msm8974_clock_pre_init+0x20/0x2d0 ioremap
0xf0046000-0xf0048000    8192 mdss_clk_ctrl_pre_init+0x2c/0x170 ioremap
0xf0048000-0xf004a000    8192 mdss_clk_ctrl_pre_init+0x5c/0x170 ioremap
0xf004a000-0xf004c000    8192 mdss_clk_ctrl_pre_init+0x90/0x170 ioremap
0xf004c000-0xf004e000    8192 mdss_clk_ctrl_pre_init+0xbc/0x170 ioremap
0xf004e000-0xf0050000    8192 tsens_tm_probe+0x4a4/0xf2c ioremap
0xf0050000-0xf0053000   12288 tsens_tm_probe+0x3f8/0xf2c ioremap
0xf0054000-0xf0057000   12288 devm_ioremap_nocache+0x40/0x7c ioremap
0xf0058000-0xf005a000    8192 qup_i2c_probe+0x310/0xa70 ioremap
0xf005a000-0xf005c000    8192 qup_i2c_probe+0x310/0xa70 ioremap
0xf005c000-0xf005e000    8192 qup_i2c_probe+0x310/0xa70 ioremap
0xf005e000-0xf0060000    8192 devm_ioremap+0x40/0x7c ioremap
0xf0060000-0xf0076000   90112 sps_device_init+0x284/0x710 ioremap
0xf0076000-0xf0078000    8192 devm_ioremap+0x40/0x7c ioremap
0xf0078000-0xf007a000    8192 devm_ioremap+0x40/0x7c ioremap
0xf007a000-0xf007c000    8192 devm_ioremap+0x40/0x7c ioremap
0xf007c000-0xf007e000    8192 devm_ioremap+0x40/0x7c ioremap
0xf007e000-0xf0080000    8192 devm_ioremap+0x40/0x7c ioremap
0xf0080000-0xf00c1000  266240 msm8974_clock_pre_init+0x4c/0x2d0 ioremap
0xf00c2000-0xf00c4000    8192 devm_ioremap+0x40/0x7c ioremap
0xf00c4000-0xf00c7000   12288 devm_ioremap_nocache+0x40/0x7c ioremap
0xf00c8000-0xf00cd000   20480 msm_bus_noc_allocate_noc_data+0x148/0x290 ioremap
0xf00ce000-0xf00d0000    8192 devm_ioremap_nocache+0x40/0x7c ioremap
0xf00d0000-0xf00dc000   49152 sps_device_init+0x3e0/0x710 ioremap
0xf00dc000-0xf00df000   12288 devm_ioremap_nocache+0x40/0x7c ioremap
0xf00e0000-0xf00e5000   20480 msm_bus_noc_allocate_noc_data+0x148/0x290 ioremap
0xf00e6000-0xf00e8000    8192 devm_ioremap+0x40/0x7c ioremap
0xf00e8000-0xf00ed000   20480 msm_bus_noc_allocate_noc_data+0x148/0x290 ioremap
0xf00ee000-0xf00f0000    8192 devm_ioremap_nocache+0x40/0x7c ioremap
0xf00f0000-0xf00f5000   20480 msm_bus_noc_allocate_noc_data+0x148/0x290 ioremap
0xf00f6000-0xf00f8000    8192 devm_ioremap+0x40/0x7c ioremap
0xf00f8000-0xf00fd000   20480 msm_bus_noc_allocate_noc_data+0x148/0x290 ioremap
0xf00fe000-0xf0100000    8192 devm_ioremap_nocache+0x40/0x7c ioremap
0xf0100000-0xf0141000  266240 msm8974_clock_pre_init+0x70/0x2d0 ioremap
0xf0141000-0xf0182000  266240 persistent_ram_init_ringbuffer+0x148/0x4f4 vmap
0xf0182000-0xf01c3000  266240 persistent_ram_init_ringbuffer+0x148/0x4f4 vmap
0xf01c4000-0xf01c6000    8192 devm_ioremap_nocache+0x40/0x7c ioremap
0xf01c6000-0xf01c8000    8192 devm_ioremap+0x40/0x7c ioremap
0xf01c8000-0xf01ca000    8192 devm_ioremap_nocache+0x40/0x7c ioremap
0xf01ca000-0xf01cc000    8192 devm_ioremap_nocache+0x40/0x7c ioremap
0xf01cc000-0xf01ce000    8192 devm_ioremap_nocache+0x40/0x7c ioremap
0xf01ce000-0xf01d0000    8192 msm_cpu_status_probe+0xd4/0x228 ioremap
0xf01d0000-0xf01d5000   20480 devm_ioremap_nocache+0x40/0x7c ioremap
0xf01d6000-0xf01d8000    8192 msm_cpu_status_probe+0xd4/0x228 ioremap
0xf01d8000-0xf01da000    8192 msm_cpu_status_probe+0xd4/0x228 ioremap
0xf01da000-0xf01dc000    8192 msm_cpu_status_probe+0xd4/0x228 ioremap
0xf01de000-0xf01e0000    8192 acpuclk_krait_init+0x268/0x590 ioremap
0xf01e0000-0xf01f1000   69632 devm_ioremap+0x40/0x7c ioremap
0xf01f2000-0xf01f4000    8192 per_cpu_init+0x38/0x3d8 ioremap
0xf01f4000-0xf01f6000    8192 per_cpu_init+0x38/0x3d8 ioremap
0xf01f8000-0xf01fb000   12288 devm_ioremap_nocache+0x40/0x7c ioremap
0xf01fc000-0xf01ff000   12288 devm_ioremap_nocache+0x40/0x7c ioremap
0xf0200000-0xf026b000  438272 msm_bus_bimc_allocate_bimc_data+0x154/0x2a0 ioremap
0xf026c000-0xf026e000    8192 devm_ioremap_nocache+0x40/0x7c ioremap
0xf026e000-0xf0270000    8192 devm_ioremap+0x40/0x7c ioremap
0xf0270000-0xf0276000   24576 msm_rpm_log_probe+0xa4/0x3ac ioremap
0xf0276000-0xf027f000   36864 ion_cma_allocate+0xa4/0x1d8 phys=6b400000 user
0xf0280000-0xf0291000   69632 devm_ioremap+0x40/0x7c ioremap
0xf0291000-0xf0295000   16384 gen_pool_add_virt+0xa0/0xbc pages=3 vmalloc
0xf0295000-0xf029b000   24576 gen_pool_add_virt+0xa0/0xbc pages=5 vmalloc
0xf029c000-0xf029e000    8192 devm_ioremap+0x40/0x7c ioremap
0xf029e000-0xf02a0000    8192 devm_ioremap+0x40/0x7c ioremap
0xf02a0000-0xf02b1000   69632 devm_ioremap+0x40/0x7c ioremap
0xf02b1000-0xf02b7000   24576 gen_pool_add_virt+0xa0/0xbc pages=5 vmalloc
0xf02b8000-0xf02ba000    8192 devm_ioremap+0x40/0x7c ioremap
0xf02ba000-0xf02bc000    8192 devm_ioremap+0x40/0x7c ioremap
0xf02bc000-0xf02be000    8192 devm_ioremap+0x40/0x7c ioremap
0xf02be000-0xf02c0000    8192 devm_ioremap+0x40/0x7c ioremap
0xf02c0000-0xf02d1000   69632 devm_ioremap+0x40/0x7c ioremap
0xf02d2000-0xf02d4000    8192 devm_ioremap+0x40/0x7c ioremap
0xf02d4000-0xf02d6000    8192 devm_ioremap+0x40/0x7c ioremap
0xf02d6000-0xf02d8000    8192 of_iomap+0x40/0x48 ioremap
0xf02d8000-0xf02da000    8192 devm_ioremap+0x40/0x7c ioremap
0xf02da000-0xf02dc000    8192 mdss_dsi_ctrl_probe+0x150/0x6dc ioremap
0xf02dc000-0xf02df000   12288 mdss_dsi_ctrl_probe+0x150/0x6dc ioremap
0xf02e0000-0xf02f1000   69632 devm_ioremap+0x40/0x7c ioremap
0xf02f1000-0xf0302000   69632 gen_pool_add_virt+0xa0/0xbc pages=16 vmalloc
0xf0302000-0xf030c000   40960 gen_pool_add_virt+0xa0/0xbc pages=9 vmalloc
0xf030c000-0xf0316000   40960 gen_pool_add_virt+0xa0/0xbc pages=9 vmalloc
0xf0316000-0xf0318000    8192 mdss_dsi_retrieve_ctrl_resources+0x8c/0x180 ioremap
0xf0318000-0xf031a000    8192 msm_dss_ioremap_byname+0x64/0xf0 ioremap
0xf031a000-0xf031c000    8192 msm_dss_ioremap_byname+0x64/0xf0 ioremap
0xf031e000-0xf0320000    8192 msm_hs_probe+0x214/0xe30 ioremap
0xf0320000-0xf0328000   32768 msm_dss_ioremap_byname+0x64/0xf0 ioremap
0xf0328000-0xf032a000    8192 msm_hsl_request_port+0x80/0x188 ioremap
0xf032a000-0xf032c000    8192 msm_rng_probe+0x8c/0x2a4 ioremap
0xf032c000-0xf032e000    8192 devm_ioremap+0x40/0x7c ioremap
0xf032e000-0xf0330000    8192 devm_ioremap_nocache+0x40/0x7c ioremap
0xf0330000-0xf0332000    8192 msm_cci_probe+0x138/0x60c ioremap
0xf0332000-0xf0335000   12288 _kgsl_sharedmem_page_alloc+0x198/0x208 pages=2 vmalloc
0xf0335000-0xf0338000   12288 _kgsl_sharedmem_page_alloc+0x198/0x208 pages=2 vmalloc
0xf0338000-0xf033a000    8192 msmsdcc_probe+0x6d4/0x2338 ioremap
0xf033a000-0xf033c000    8192 msmsdcc_dml_init+0x6c/0xc0 ioremap
0xf033c000-0xf033e000    8192 sdhci_pltfm_init+0x10c/0x1ec ioremap
0xf033e000-0xf0340000    8192 devm_ioremap+0x40/0x7c ioremap
0xf0340000-0xf0364000  147456 devm_ioremap+0x40/0x7c ioremap
0xf0364000-0xf0376000   73728 gen_pool_add_virt+0xa0/0xbc pages=17 vmalloc
0xf0376000-0xf0378000    8192 devm_ioremap+0x40/0x7c ioremap
0xf0378000-0xf0380000   32768 msmsdcc_sps_init+0x44/0x1e8 ioremap
0xf0380000-0xf039a000  106496 msm_hs_probe+0x250/0xe30 ioremap
0xf039a000-0xf039c000    8192 msm8974_asoc_machine_probe+0x4fc/0x73c ioremap
0xf039c000-0xf039e000    8192 msm8974_asoc_machine_probe+0x554/0x73c ioremap
0xf039e000-0xf03a0000    8192 ebt_register_table+0xa0/0x2d0 pages=1 vmalloc
0xf03a0000-0xf03b1000   69632 devm_ioremap+0x40/0x7c ioremap
0xf03b1000-0xf03b3000    8192 ebt_register_table+0xb0/0x2d0 pages=1 vmalloc
0xf03b4000-0xf03b6000    8192 ion_carveout_heap_map_kernel+0x2c/0x30 ioremap
0xf03b6000-0xf03b8000    8192 ion_carveout_heap_map_kernel+0x2c/0x30 ioremap
0xf03b8000-0xf03be000   24576 devm_ioremap+0x40/0x7c ioremap
0xf03be000-0xf03c0000    8192 msm8974_pwm_vibrator_probe+0x1dc/0x58c ioremap
0xf03c0000-0xf03d1000   69632 kgsl_iommu_init+0x304/0x8c4 ioremap
0xf03d1000-0xf03e3000   73728 gen_pool_add_virt+0xa0/0xbc pages=17 vmalloc
0xf03e3000-0xf03f5000   73728 gen_pool_add_virt+0xa0/0xbc pages=17 vmalloc
0xf03f8000-0xf03fb000   12288 ion_carveout_heap_map_kernel+0x2c/0x30 ioremap
0xf0400000-0xf0581000 1576960 devm_ioremap_nocache+0x40/0x7c ioremap
0xf0581000-0xf0593000   73728 gen_pool_add_virt+0xa0/0xbc pages=17 vmalloc
0xf0593000-0xf05a5000   73728 gen_pool_add_virt+0xa0/0xbc pages=17 vmalloc
0xf05a5000-0xf05ad000   32768 gen_pool_add_virt+0xa0/0xbc pages=7 vmalloc
0xf05ad000-0xf05cf000  139264 gen_pool_add_virt+0xa0/0xbc pages=33 vmalloc
0xf05d6000-0xf05de000   32768 gen_pool_add_virt+0xa0/0xbc pages=7 vmalloc
0xf05e0000-0xf05f2000   73728 devm_ioremap+0x40/0x7c ioremap
0xf0600000-0xf06fd000 1036288 devm_ioremap_nocache+0x40/0x7c ioremap
0xf0700000-0xf07f1000  987136 devm_ioremap_nocache+0x40/0x7c ioremap
0xf0800000-0xf0900000 1048576 venus_hfi_initialize+0x170/0x11b4 ioremap
0xf0900000-0xf0922000  139264 gen_pool_add_virt+0xa0/0xbc pages=33 vmalloc
0xf0932000-0xf094b000  102400 sps_bam_pipe_set_params+0x198/0x3a4 pages=24 vmalloc
0xf094b000-0xf0964000  102400 sps_bam_pipe_set_params+0x198/0x3a4 pages=24 vmalloc
0xf0a00000-0xf0aff000 1044480 binder_mmap+0xbc/0x254 ioremap
0xf0b00000-0xf0bff000 1044480 binder_mmap+0xbc/0x254 ioremap
0xf0c00000-0xf0cff000 1044480 binder_mmap+0xbc/0x254 ioremap
0xf0d00000-0xf0dff000 1044480 binder_mmap+0xbc/0x254 ioremap
0xf0e00000-0xf0eff000 1044480 binder_mmap+0xbc/0x254 ioremap
0xf0f00000-0xf0fff000 1044480 binder_mmap+0xbc/0x254 ioremap
0xf1000000-0xf2001000 16781312 allocate_contiguous_memory+0x98/0x128 ioremap
0xf2100000-0xf21ff000 1044480 binder_mmap+0xbc/0x254 ioremap
0xf2200000-0xf22ff000 1044480 binder_mmap+0xbc/0x254 ioremap
0xf2300000-0xf23ff000 1044480 binder_mmap+0xbc/0x254 ioremap
0xf2400000-0xf24ff000 1044480 binder_mmap+0xbc/0x254 ioremap
0xf2500000-0xf25ff000 1044480 binder_mmap+0xbc/0x254 ioremap
0xf2600000-0xf26ff000 1044480 binder_mmap+0xbc/0x254 ioremap
0xf2700000-0xf27ff000 1044480 binder_mmap+0xbc/0x254 ioremap
0xf2800000-0xf28ff000 1044480 binder_mmap+0xbc/0x254 ioremap
0xf2900000-0xf29ff000 1044480 binder_mmap+0xbc/0x254 ioremap
0xf2a00000-0xf2aff000 1044480 binder_mmap+0xbc/0x254 ioremap
0xf2b00000-0xf2bff000 1044480 binder_mmap+0xbc/0x254 ioremap
0xf2c00000-0xf2cff000 1044480 binder_mmap+0xbc/0x254 ioremap
0xf2d00000-0xf2dff000 1044480 binder_mmap+0xbc/0x254 ioremap
0xf2e60000-0xf2e68000   32768 gen_pool_add_virt+0xa0/0xbc pages=7 vmalloc
0xf2e68000-0xf2e8a000  139264 gen_pool_add_virt+0xa0/0xbc pages=33 vmalloc
0xf2e8a000-0xf2e8c000    8192 _kgsl_sharedmem_page_alloc+0x198/0x208 pages=1 vmalloc
0xf2e8c000-0xf2e8f000   12288 _kgsl_sharedmem_page_alloc+0x198/0x208 pages=2 vmalloc
0xf2e92000-0xf2e9a000   32768 gen_pool_add_virt+0xa0/0xbc pages=7 vmalloc
0xf2e9a000-0xf2ebc000  139264 gen_pool_add_virt+0xa0/0xbc pages=33 vmalloc
0xf2ece000-0xf2ed0000    8192 _kgsl_sharedmem_page_alloc+0x198/0x208 pages=1 vmalloc
0xf2ed0000-0xf2ed3000   12288 _kgsl_sharedmem_page_alloc+0x198/0x208 pages=2 vmalloc
0xf2f48000-0xf2f4a000    8192 per_cpu_init+0x38/0x3d8 ioremap
0xf2f4c000-0xf2f4e000    8192 per_cpu_init+0x38/0x3d8 ioremap
0xf2f80000-0xf2fb6000  221184 ngd_slim_probe+0x19c/0x634 ioremap
0xf2fc0000-0xf2fe1000  135168 ngd_slim_probe+0x1d4/0x634 ioremap
0xf3000000-0xf30ff000 1044480 binder_mmap+0xbc/0x254 ioremap
0xf3100000-0xf31ff000 1044480 binder_mmap+0xbc/0x254 ioremap
0xf3200000-0xf32ff000 1044480 binder_mmap+0xbc/0x254 ioremap
0xf33c0000-0xf33e1000  135168 binder_mmap+0xbc/0x254 ioremap
0xf33f2000-0xf33fa000   32768 gen_pool_add_virt+0xa0/0xbc pages=7 vmalloc
0xf3400000-0xf34ff000 1044480 binder_mmap+0xbc/0x254 ioremap
0xf3549000-0xf356b000  139264 gen_pool_add_virt+0xa0/0xbc pages=33 vmalloc
0xf356b000-0xf3573000   32768 gen_pool_add_virt+0xa0/0xbc pages=7 vmalloc
0xf3573000-0xf3595000  139264 gen_pool_add_virt+0xa0/0xbc pages=33 vmalloc
0xf35c8000-0xf35d0000   32768 bam_dmux_smsm_cb+0x248/0x18e0 ioremap
0xf3600000-0xf36ff000 1044480 binder_mmap+0xbc/0x254 ioremap
0xf3783000-0xf378b000   32768 gen_pool_add_virt+0xa0/0xbc pages=7 vmalloc
0xf378b000-0xf37ad000  139264 gen_pool_add_virt+0xa0/0xbc pages=33 vmalloc
0xf3800000-0xf38ff000 1044480 binder_mmap+0xbc/0x254 ioremap
0xf3900000-0xf39ff000 1044480 binder_mmap+0xbc/0x254 ioremap
0xf3a00000-0xf3aff000 1044480 binder_mmap+0xbc/0x254 ioremap
0xf3b00000-0xf3bff000 1044480 binder_mmap+0xbc/0x254 ioremap
0xf3c00000-0xf3cff000 1044480 binder_mmap+0xbc/0x254 ioremap
0xf3d00000-0xf3d6b000  438272 ion_carveout_heap_map_kernel+0x2c/0x30 ioremap
0xf3d96000-0xf3d9a000   16384 ion_cma_allocate+0xa4/0x1d8 phys=6b408000 user
0xf3e00000-0xf3eff000 1044480 binder_mmap+0xbc/0x254 ioremap
0xf3f00000-0xf3fff000 1044480 binder_mmap+0xbc/0x254 ioremap
0xf4000000-0xf40ff000 1044480 binder_mmap+0xbc/0x254 ioremap
0xf4200000-0xf42ff000 1044480 binder_mmap+0xbc/0x254 ioremap
0xf4400000-0xf44ff000 1044480 binder_mmap+0xbc/0x254 ioremap
0xf4500000-0xf45ff000 1044480 binder_mmap+0xbc/0x254 ioremap
0xf4700000-0xf47ff000 1044480 binder_mmap+0xbc/0x254 ioremap
0xf4d00000-0xf4dff000 1044480 binder_mmap+0xbc/0x254 ioremap
0xf4e00000-0xf4eff000 1044480 binder_mmap+0xbc/0x254 ioremap
0xf50f0000-0xf50f3000   12288 xt_alloc_table_info+0xbc/0xfc pages=2 vmalloc
0xf50f3000-0xf50f6000   12288 xt_alloc_table_info+0xbc/0xfc pages=2 vmalloc
0xf50f6000-0xf50f9000   12288 xt_alloc_table_info+0xbc/0xfc pages=2 vmalloc
0xf50f9000-0xf50fc000   12288 xt_alloc_table_info+0xbc/0xfc pages=2 vmalloc
0xf5146000-0xf514a000   16384 xt_alloc_table_info+0xbc/0xfc pages=3 vmalloc
0xf514c000-0xf5150000   16384 xt_alloc_table_info+0xbc/0xfc pages=3 vmalloc
0xf5152000-0xf5156000   16384 xt_alloc_table_info+0xbc/0xfc pages=3 vmalloc
0xf5156000-0xf515a000   16384 xt_alloc_table_info+0xbc/0xfc pages=3 vmalloc
0xfa002000-0xfa003000    4096 iotable_init+0x0/0xb8 phys=f9000000 ioremap
0xfa003000-0xfa004000    4096 iotable_init+0x0/0xb8 phys=f9002000 ioremap
0xfa006000-0xfa007000    4096 iotable_init+0x0/0xb8 phys=f9011000 ioremap
0xfa00a000-0xfa00b000    4096 iotable_init+0x0/0xb8 phys=fe805000 ioremap
0xfa017000-0xfa01b000   16384 iotable_init+0x0/0xb8 phys=fd510000 ioremap
0xfa107000-0xfa108000    4096 iotable_init+0x0/0xb8 phys=fc4ab000 ioremap
0xfa400000-0xfa600000 2097152 iotable_init+0x0/0xb8 phys=fa00000 ioremap
0xfefe0000-0xff000000  131072 pcpu_get_vm_areas+0x0/0x5fc vmalloc

------ SLAB INFO (/proc/slabinfo) ------
slabinfo - version: 2.1
# name            <active_objs> <num_objs> <objsize> <objperslab> <pagesperslab> : tunables <limit> <batchcount> <sharedfactor> : slabdata <active_slabs> <num_slabs> <sharedavail>
ext4_groupinfo_4k    118    156    104   39    1 : tunables    0    0    0 : slabdata      4      4      0
UDPLITEv6              0      0    768   21    4 : tunables    0    0    0 : slabdata      0      0      0
UDPv6                 63     84    768   21    4 : tunables    0    0    0 : slabdata      4      4      0
tw_sock_TCPv6         23     42    192   21    1 : tunables    0    0    0 : slabdata      2      2      0
TCPv6                 58     88   1472   22    8 : tunables    0    0    0 : slabdata      4      4      0
nf_conntrack_expect      0      0    176   23    1 : tunables    0    0    0 : slabdata      0      0      0
nf_conntrack_c12ae1c0    102    128    256   16    1 : tunables    0    0    0 : slabdata      8      8      0
ashmem_area_cache    135    162    296   27    2 : tunables    0    0    0 : slabdata      6      6      0
dm_crypt_io            0      0    104   39    1 : tunables    0    0    0 : slabdata      0      0      0
kcopyd_job             0      0   2880   11    8 : tunables    0    0    0 : slabdata      0      0      0
dm_rq_clone_bio_info      0      0      8  512    1 : tunables    0    0    0 : slabdata      0      0      0
dm_rq_target_io        0      0    248   16    1 : tunables    0    0    0 : slabdata      0      0      0
bsg_cmd                0      0    288   28    2 : tunables    0    0    0 : slabdata      0      0      0
fuse_inode            38     72    448   18    2 : tunables    0    0    0 : slabdata      4      4      0
cifs_request           4      4  16512    1    8 : tunables    0    0    0 : slabdata      4      4      0
cifs_inode_cache       0      0    440   18    2 : tunables    0    0    0 : slabdata      0      0      0
fat_inode_cache       34     72    432   18    2 : tunables    0    0    0 : slabdata      4      4      0
fat_cache            181    680     24  170    1 : tunables    0    0    0 : slabdata      4      4      0
jbd2_transaction_s     64    105    192   21    1 : tunables    0    0    0 : slabdata      5      5      0
jbd2_revoke_record_s      0      0     32  128    1 : tunables    0    0    0 : slabdata      0      0      0
journal_handle       510   1020     24  170    1 : tunables    0    0    0 : slabdata      6      6      0
revoke_record          8    256     16  256    1 : tunables    0    0    0 : slabdata      1      1      0
ext4_inode_cache    1742   1782    600   27    4 : tunables    0    0    0 : slabdata     66     66      0
ext4_free_data       204    408     40  102    1 : tunables    0    0    0 : slabdata      4      4      0
ext4_allocation_context    144    216    112   36    1 : tunables    0    0    0 : slabdata      6      6      0
ext4_prealloc_space    169    224     72   56    1 : tunables    0    0    0 : slabdata      4      4      0
ext4_io_end            0      0    576   28    4 : tunables    0    0    0 : slabdata      0      0      0
ext4_io_page           0      0      8  512    1 : tunables    0    0    0 : slabdata      0      0      0
ext2_inode_cache       0      0    504   16    2 : tunables    0    0    0 : slabdata      0      0      0
ext3_inode_cache       0      0    520   31    4 : tunables    0    0    0 : slabdata      0      0      0
ext3_xattr            73    146     56   73    1 : tunables    0    0    0 : slabdata      2      2      0
dnotify_mark         110    204     80   51    1 : tunables    0    0    0 : slabdata      4      4      0
UDP-Lite               0      0    640   25    4 : tunables    0    0    0 : slabdata      0      0      0
xfrm_dst_cache         0      0    320   25    2 : tunables    0    0    0 : slabdata      0      0      0
ip_fib_trie          398    768     32  128    1 : tunables    0    0    0 : slabdata      6      6      0
RAW                   50    100    640   25    4 : tunables    0    0    0 : slabdata      4      4      0
UDP                   75    125    640   25    4 : tunables    0    0    0 : slabdata      5      5      0
tw_sock_TCP           32     32    128   32    1 : tunables    0    0    0 : slabdata      1      1      0
TCP                   25     75   1280   25    8 : tunables    0    0    0 : slabdata      3      3      0
eventpoll_pwq        386    612     40  102    1 : tunables    0    0    0 : slabdata      6      6      0
blkdev_queue          29     54   1208   27    8 : tunables    0    0    0 : slabdata      2      2      0
blkdev_requests       72     90    216   18    1 : tunables    0    0    0 : slabdata      5      5      0
fsnotify_event_holder   5888   6144     16  256    1 : tunables    0    0    0 : slabdata     24     24      0
biovec-256            10     10   3072   10    8 : tunables    0    0    0 : slabdata      1      1      0
biovec-128             0      0   1536   21    8 : tunables    0    0    0 : slabdata      0      0      0
biovec-64             63    126    768   21    4 : tunables    0    0    0 : slabdata      6      6      0
sock_inode_cache     487    546    384   21    2 : tunables    0    0    0 : slabdata     26     26      0
skbuff_fclone_cache     63    126    384   21    2 : tunables    0    0    0 : slabdata      6      6      0
file_lock_cache      148    216    112   36    1 : tunables    0    0    0 : slabdata      6      6      0
net_namespace          0      0   1600   20    8 : tunables    0    0    0 : slabdata      0      0      0
shmem_inode_cache   1531   1554    384   21    2 : tunables    0    0    0 : slabdata     74     74      0
proc_inode_cache    7833   7833    384   21    2 : tunables    0    0    0 : slabdata    373    373      0
sigqueue             140    140    144   28    1 : tunables    0    0    0 : slabdata      5      5      0
bdev_cache            27     32    512   16    2 : tunables    0    0    0 : slabdata      2      2      0
inode_cache        12988  13018    352   23    2 : tunables    0    0    0 : slabdata    566    566      0
dentry             25696  25696    128   32    1 : tunables    0    0    0 : slabdata    803    803      0
avc_node             820   1190     48   85    1 : tunables    0    0    0 : slabdata     14     14      0
selinux_inode_security  24634  24674     56   73    1 : tunables    0    0    0 : slabdata    338    338      0
buffer_head         3568   3584     64   64    1 : tunables    0    0    0 : slabdata     56     56      0
vm_area_struct     22862  22862     88   46    1 : tunables    0    0    0 : slabdata    497    497      0
mm_struct            252    252    448   18    2 : tunables    0    0    0 : slabdata     14     14      0
signal_cache         587    672    576   28    4 : tunables    0    0    0 : slabdata     24     24      0
sighand_cache        276    288   1344   24    8 : tunables    0    0    0 : slabdata     12     12      0
task_struct         1075   1075   1280   25    8 : tunables    0    0    0 : slabdata     43     43      0
anon_vma_chain     18700  18700     24  170    1 : tunables    0    0    0 : slabdata    110    110      0
anon_vma           10030  10030     48   85    1 : tunables    0    0    0 : slabdata    118    118      0
radix_tree_node     2644   2678    304   26    2 : tunables    0    0    0 : slabdata    103    103      0
idr_layer_cache      880    910    152   26    1 : tunables    0    0    0 : slabdata     35     35      0
kmalloc-8192          92    104   8192    4    8 : tunables    0    0    0 : slabdata     26     26      0
kmalloc-4096         240    240   4096    8    8 : tunables    0    0    0 : slabdata     30     30      0
kmalloc-2048         217    224   2048   16    8 : tunables    0    0    0 : slabdata     14     14      0
kmalloc-1024         832    832   1024   16    4 : tunables    0    0    0 : slabdata     52     52      0
kmalloc-512         1948   2048    512   16    2 : tunables    0    0    0 : slabdata    128    128      0
kmalloc-256         1108   1168    256   16    1 : tunables    0    0    0 : slabdata     73     73      0
kmalloc-128         8733   9344    128   32    1 : tunables    0    0    0 : slabdata    292    292      0
kmalloc-64         92096  92096     64   64    1 : tunables    0    0    0 : slabdata   1439   1439      0
kmalloc-192         6245   6384    192   21    1 : tunables    0    0    0 : slabdata    304    304      0
kmem_cache            32     32    128   32    1 : tunables    0    0    0 : slabdata      1      1      0
kmem_cache_node      129    256     32  128    1 : tunables    0    0    0 : slabdata      2      2      0

------ ZONEINFO (/proc/zoneinfo) ------
Node 0, zone   Normal
  pages free     166727
        min      878
        low      1097
        high     1317
        scanned  0
        spanned  228352
        present  192776
    nr_free_pages 166727
    nr_inactive_anon 0
    nr_active_anon 0
    nr_inactive_file 1575
    nr_active_file 867
    nr_unevictable 0
    nr_mlock     0
    nr_anon_pages 0
    nr_mapped    35
    nr_file_pages 2436
    nr_dirty     12
    nr_writeback 0
    nr_slab_reclaimable 3302
    nr_slab_unreclaimable 5220
    nr_page_table_pages 2947
    nr_kernel_stack 1030
    nr_unstable  0
    nr_bounce    0
    nr_vmscan_write 0
    nr_vmscan_immediate_reclaim 0
    nr_writeback_temp 0
    nr_isolated_anon 0
    nr_isolated_file 0
    nr_shmem     0
    nr_dirtied   1197
    nr_written   1185
    nr_anon_transparent_hugepages 0
    nr_free_cma  3908
        protection: (0, 8975, 8975)
  pagesets
    cpu: 0
              count: 45
              high:  186
              batch: 31
  vm stats threshold: 24
    cpu: 1
              count: 92
              high:  186
              batch: 31
  vm stats threshold: 24
    cpu: 2
              count: 112
              high:  186
              batch: 31
  vm stats threshold: 24
    cpu: 3
              count: 25
              high:  186
              batch: 31
  vm stats threshold: 24
  all_unreclaimable: 0
  start_pfn:         0
  inactive_ratio:    1
Node 0, zone  HighMem
  pages free     83419
        min      128
        low      455
        high     782
        scanned  0
        spanned  295936
        present  287224
    nr_free_pages 83419
    nr_inactive_anon 105
    nr_active_anon 74952
    nr_inactive_file 59126
    nr_active_file 15633
    nr_unevictable 0
    nr_mlock     0
    nr_anon_pages 74977
    nr_mapped    27480
    nr_file_pages 74877
    nr_dirty     4
    nr_writeback 0
    nr_slab_reclaimable 0
    nr_slab_unreclaimable 0
    nr_page_table_pages 0
    nr_kernel_stack 0
    nr_unstable  0
    nr_bounce    0
    nr_vmscan_write 0
    nr_vmscan_immediate_reclaim 0
    nr_writeback_temp 0
    nr_isolated_anon 0
    nr_isolated_file 0
    nr_shmem     116
    nr_dirtied   1597
    nr_written   1476
    nr_anon_transparent_hugepages 0
    nr_free_cma  18804
        protection: (0, 0, 0)
  pagesets
    cpu: 0
              count: 29
              high:  186
              batch: 31
  vm stats threshold: 30
    cpu: 1
              count: 109
              high:  186
              batch: 31
  vm stats threshold: 30
    cpu: 2
              count: 33
              high:  186
              batch: 31
  vm stats threshold: 30
    cpu: 3
              count: 3
              high:  186
              batch: 31
  vm stats threshold: 30
  all_unreclaimable: 0
  start_pfn:         228352
  inactive_ratio:    3

------ PAGETYPEINFO (/proc/pagetypeinfo) ------
Page block order: 10
Pages per block:  1024

Free pages count per migrate type at order       0      1      2      3      4      5      6      7      8      9     10 
Node    0, zone   Normal, type    Unmovable      0      0      3      2      3     13     11      4      1      0      0 
Node    0, zone   Normal, type  Reclaimable      0      1      1      1      0      0      1      1      0      1      0 
Node    0, zone   Normal, type      Movable      1      1      3      2      1      1      1      2      6      5    151 
Node    0, zone   Normal, type      Reserve      0      0      0      0      0      0      0      0      0      0      1 
Node    0, zone   Normal, type          CMA      0      0      1      0      0      0      1      0      1      1      3 
Node    0, zone   Normal, type      Isolate      0      0      0      0      0      0      0      0      0      0      0 
Node    0, zone  HighMem, type    Unmovable     56     29      8      2      3      1     27     27     17      6      9 
Node    0, zone  HighMem, type  Reclaimable      0      0      0      0      0      0      0      0      0      0      0 
Node    0, zone  HighMem, type      Movable      1      1      0      1      1      1      0      6      3      2     38 
Node    0, zone  HighMem, type      Reserve      0      0      0      0      0      0      0      0      0      0      1 
Node    0, zone  HighMem, type          CMA     80     12     12      3      2      4     17      8      2      1     15 
Node    0, zone  HighMem, type      Isolate      0      0      0      0      0      0      0      0      0      0      0 

Number of blocks type     Unmovable  Reclaimable      Movable      Reserve          CMA      Isolate 
Node 0, zone   Normal           16            4          165            1            4            0 
Node 0, zone  HighMem           77            0          129            1           76            0 

------ BUDDYINFO (/proc/buddyinfo) ------
Node 0, zone   Normal      1      2      8      5      4     14     14      7      8      7    155 
Node 0, zone  HighMem    137     42     20      6      6      6     44     41     22      9     63 

------ FRAGMENTATION INFO (/d/extfrag/unusable_index: 1970-01-01 08:00:00) ------
Node 0, zone   Normal 0.000 0.000 0.000 0.000 0.000 0.000 0.003 0.008 0.014 0.026 0.048 
Node 0, zone  HighMem 0.000 0.001 0.002 0.003 0.004 0.005 0.007 0.041 0.104 0.171 0.226 

------ KERNEL WAKELOCKS (/proc/wakelocks) ------
*** /proc/wakelocks: No such file or directory

------ KERNEL WAKE SOURCES (/d/wakeup_sources: 1970-01-01 08:00:00) ------
name		active_count	event_count	wakeup_count	expire_count	active_since	total_time	max_time	last_change	prevent_suspend_time
PowerManagerService.Broadcasts	2		2		0		0		0		583		303		129545		0
ipc000000ae_Loc_hal_worker	1		1		0		0		0		0		0		113964		0
ipc000000ad_Loc_hal_worker	138		142		0		0		0		4		0		48259		0
ipc000000ac_Loc_hal_worker	0		0		0		0		0		0		0		21901		0
ipc000000a9_sensors.qcom	1		1		0		0		0		0		0		113964		0
ipc000000a8_sensors.qcom	2409		2419		0		0		0		242		8		148498		0
ipc000000a7_sensors.qcom	1		1		0		0		0		0		0		113964		0
ipc000000a6_sensors.qcom	11		11		0		0		0		0		0		139283		0
PowerManagerService.WakeLocks	15		15		0		0		0		67434		50794		145680		0
event2-710  	0		0		0		0		0		0		0		17547		0
event0-710  	2		2		0		0		0		0		0		129398		0
event1-710  	163		163		0		0		0		8		0		130674		0
event3-710  	0		0		0		0		0		0		0		17545		0
event4-710  	0		0		0		0		0		0		0		17543		0
event5-710  	0		0		0		0		0		0		0		17541		0
KeyEvents   	178		178		0		0		0		230		179		141503		0
PowerManagerService.Display	2		2		0		0		19237		107869		88632		129280		0
ipc000000a3_sensors.qcom	1		1		0		0		0		0		0		113964		0
ipc000000a2_sensors.qcom	1		1		0		0		0		0		0		10999		0
ipc000000a1_sensors.qcom	1		1		0		0		0		0		0		113964		0
ipc000000a0_sensors.qcom	1		1		0		0		0		0		0		10997		0
ipc0000009f_sensors.qcom	1		1		0		0		0		0		0		113964		0
ipc0000009e_sensors.qcom	1		1		0		0		0		1		1		10995		0
ipc0000009d_sensors.qcom	1		1		0		0		0		0		0		113964		0
ipc0000009c_sensors.qcom	1		1		0		0		0		0		0		10992		0
ipc0000009b_sensors.qcom	1		1		0		0		0		0		0		113964		0
ipc0000009a_sensors.qcom	1		1		0		0		0		0		0		10990		0
ipc00000099_sensors.qcom	1		1		0		0		0		0		0		113964		0
ipc00000098_sensors.qcom	1		1		0		0		0		0		0		10988		0
ipc00000097_sensors.qcom	1		1		0		0		0		0		0		113964		0
ipc00000096_sensors.qcom	1		1		0		0		0		0		0		10986		0
ipc00000095_sensors.qcom	1		1		0		0		0		0		0		113964		0
ipc00000094_sensors.qcom	1		1		0		0		0		0		0		10984		0
ipc00000093_sensors.qcom	1		1		0		0		0		0		0		113964		0
ipc00000092_sensors.qcom	1		1		0		0		0		0		0		10982		0
ipc00000091_sensors.qcom	1		1		0		0		0		0		0		113964		0
ipc00000090_sensors.qcom	1		1		0		0		0		0		0		10980		0
ipc0000008f_sensors.qcom	1		1		0		0		0		0		0		113964		0
ipc0000008e_sensors.qcom	1		1		0		0		0		0		0		10978		0
ipc0000008d_sensors.qcom	1		1		0		0		0		0		0		113964		0
ipc0000008c_sensors.qcom	1		1		0		0		0		0		0		10976		0
ipc0000008b_sensors.qcom	1		1		0		0		0		0		0		113964		0
ipc0000008a_sensors.qcom	1		1		0		0		0		0		0		10974		0
ipc00000089_sensors.qcom	1		1		0		0		0		0		0		113964		0
ipc00000088_sensors.qcom	1		1		0		0		0		0		0		10972		0
ipc00000087_sensors.qcom	1		1		0		0		0		0		0		113964		0
ipc00000086_sensors.qcom	1		1		0		0		0		0		0		10970		0
ipc00000085_sensors.qcom	1		1		0		0		0		0		0		113964		0
ipc00000084_sensors.qcom	1		1		0		0		0		0		0		10968		0
ipc00000083_sensors.qcom	1		1		0		0		0		0		0		113964		0
ipc00000082_sensors.qcom	1		1		0		0		0		0		0		10967		0
ipc00000081_sensors.qcom	1		1		0		0		0		0		0		113964		0
ipc00000080_sensors.qcom	1		1		0		0		0		0		0		10965		0
ipc0000007f_sensors.qcom	1		1		0		0		0		0		0		113964		0
ipc0000007e_sensors.qcom	8		8		0		0		0		0		0		11012		0
ipc0000007d_sensors.qcom	1		1		0		0		0		0		0		113964		0
ipc0000007c_sensors.qcom	0		0		0		0		0		0		0		8152		0
ipc00000079_time_daemon	1		1		0		0		0		0		0		113964		0
ipc00000078_time_daemon	1		1		0		0		0		0		0		6826		0
ipc00000077_rild	1		1		0		0		0		0		0		113964		0
ipc00000076_rild	0		0		0		0		0		0		0		6405		0
ipc00000075_rild	0		0		0		0		0		0		0		6399		0
ipc00000074_rild	1		1		0		0		0		0		0		113964		0
ipc00000073_rild	0		0		0		0		0		0		0		6399		0
qcril       	48		48		0		0		0		905		680		129598		0
ipc0000002c_sensors.qcom	1		1		0		0		0		0		0		113964		0
ipc0000002b_sensors.qcom	0		0		0		0		0		0		0		6066		0
ipc0000002a_sensors.qcom	1		1		0		0		0		0		0		113964		0
ipc00000029_sensors.qcom	1		1		0		0		0		0		0		96069		0
ipc00000028_sensors.qcom	1		1		0		0		0		0		0		113964		0
ipc00000027_sensors.qcom	1		1		0		0		0		0		0		6047		0
ipc00000026_sensors.qcom	1		1		0		0		0		0		0		113964		0
ipc00000025_sensors.qcom	0		0		0		0		0		0		0		6027		0
ipc00000024_sensors.qcom	1		1		0		0		0		0		0		113964		0
ipc00000023_sensors.qcom	0		0		0		0		0		0		0		6026		0
ipc00000022_sensors.qcom	1		1		0		0		0		0		0		113964		0
ipc00000021_sensors.qcom	0		0		0		0		0		0		0		6025		0
ipc00000020_sensors.qcom	1		1		0		0		0		0		0		113964		0
ipc0000001f_sensors.qcom	0		0		0		0		0		0		0		6025		0
ipc0000001e_sensors.qcom	1		1		0		0		0		0		0		113964		0
ipc0000001d_sensors.qcom	0		0		0		0		0		0		0		6024		0
ipc0000001c_sensors.qcom	1		1		0		0		0		0		0		113964		0
ipc0000001b_sensors.qcom	0		0		0		0		0		0		0		6023		0
ipc0000001a_sensors.qcom	1		1		0		0		0		0		0		113964		0
ipc00000019_sensors.qcom	0		0		0		0		0		0		0		6022		0
ipc00000018_sensors.qcom	1		1		0		0		0		0		0		113964		0
ipc00000017_sensors.qcom	0		0		0		0		0		0		0		6022		0
ipc00000016_sensors.qcom	1		1		0		0		0		0		0		113963		0
ipc00000015_sensors.qcom	0		0		0		0		0		0		0		6021		0
ipc00000014_sensors.qcom	1		1		0		0		0		0		0		113963		0
ipc00000013_sensors.qcom	9		9		0		0		0		0		0		6020		0
ipc00000010_sensors.qcom	1		1		0		0		0		0		0		113963		0
ipc0000000f_sensors.qcom	8		8		0		0		0		0		0		6014		0
qmuxd_port_wl_7	8		8		0		0		0		0		0		22092		0
smdcntl7    	8		10		0		0		0		0		0		22092		0
qmuxd_port_wl_6	8		8		0		0		0		0		0		22086		0
smdcntl6    	8		10		0		0		0		1		0		22086		0
qmuxd_port_wl_5	8		8		0		0		0		0		0		22081		0
smdcntl5    	8		11		0		0		0		0		0		22081		0
qmuxd_port_wl_4	8		8		0		0		0		0		0		22077		0
smdcntl4    	8		10		0		0		0		0		0		22077		0
qmuxd_port_wl_3	8		8		0		0		0		0		0		22074		0
qmuxd_port_wl_2	8		8		0		0		0		0		0		22070		0
smdcntl3    	8		10		0		0		0		0		0		22074		0
smdcntl2    	7		11		0		0		0		1		0		22070		0
qmuxd_port_wl_1	73		73		0		0		0		29		17		129589		0
smdcntl1    	69		88		0		0		0		21		5		129589		0
qmuxd_port_wl_0	281		281		0		0		0		76		2		147040		0
rmt_storage_-1236802816	3		3		0		0		0		135		108		113961		0
rmt_storage_-1236803456	2		2		0		0		0		77		76		5646		0
ipc0000000e_sensors.qcom	0		0		0		0		0		0		0		4845		0
ipc0000000b_sensors.qcom	44		44		0		0		0		1		0		113963		0
ipc0000000a_sensors.qcom	3		3		0		0		0		0		0		129282		0
ipc_rtr_smd_ipcrtr	181		188		0		0		0		3		0		113963		0
radio-interface	10		41		0		0		0		18010		4720		130586		0
ipc00000009_sensors.qcom	44		44		0		0		0		4		0		113963		0
ipc00000008_sensors.qcom	53		59		0		0		0		30		18		11012		0
ipc00000007_time_daemon	0		0		0		0		0		0		0		3165		0
ipc00000006_time_daemon	44		44		0		0		0		2		0		113963		0
ipc00000005_time_daemon	0		0		0		0		0		0		0		3165		0
smdcntl0    	203		496		0		0		0		84		34		147040		0
taiko-slim-pgd	0		0		0		0		0		0		0		3124		0
ipc00000004_rmt_storage	44		44		0		0		0		3		0		113963		0
ipc00000003_rmt_storage	10		10		0		0		0		0		0		113852		0
ipc00000001_kworker/1:1	11		11		0		0		0		0		0		135121		0
ipc_rtr_q6_ipcrtr	2533		2556		0		0		0		57		1		148498		0
ear_hook    	0		0		0		0		0		0		0		1728		0
power-supply	1		1		0		0		0		0		0		1715		0
batt_tm_wake_lock	0		0		0		0		0		0		0		1715		0
gpio_keys.70	0		0		0		0		0		0		0		1714		0
wlan_wd_wake	253		253		0		0		0		26869		1026		148514		0
wlan_ctrl_wake	10		135		0		10		0		8880		1286		131830		0
wlan_rx_wake	62		1148		0		61		59		61691		8105		148458		0
wlan_wake   	1652		1652		0		0		0		4499		912		148458		0
qpnp-chg-eoc-lock	0		0		0		0		0		0		0		1203		0
qpnp-charger-ee169a00	0		0		0		0		0		0		0		1203		0
max17048_alert	2		2		0		0		0		39		23		34774		0
power-supply	3		3		0		0		0		60		26		68792		0
bam_dmux_wakelock	2		2		0		0		0		4001		2001		10159		0
mmc1_detect 	1		1		0		1		0		495		495		1850		0
mmc0        	0		0		0		0		0		0		0		1131		0
mmc0        	0		0		0		0		0		0		0		1131		0
mmc0_detect 	1		1		0		1		0		499		499		2120		0
bluesleep   	0		0		0		0		0		0		0		1125		0
qpnp-iadc-ee16a400	15		15		0		0		0		75		8		69201		0
qpnp-vadc-ee16a200	38		38		0		0		0		197		21		69197		0
extra_chg_lock	0		0		0		0		0		0		0		1071		0
bq24192irq  	2		4		0		2		0		6135		4006		70760		0
icl_wake_lock	0		0		0		0		0		0		0		1071		0
bq24192     	0		0		0		0		0		0		0		1071		0
power-supply	3		6		0		0		0		79		56		69174		0
power-supply	1		1		0		0		0		0		0		1062		0
qpnp-rtc-ee16a000	0		0		0		0		0		0		0		747		0
alarm       	12		24		0		0		0		267		67		134351		0
alarm_rtc   	2		2		0		0		0		0		0		129287		0
power-supply	1		1		0		0		0		0		0		746		0
msm_dwc3    	2		2		0		0		79557		81721		79557		68960		0
NFCWAKE     	34		35		0		0		0		87		9		130990		0
slimport_wake_lock	1		1		0		1		0		1994		1994		31960		0
power-supply	3		5		0		0		0		8		7		69118		0
diag_nrt_wcnss_read	0		0		0		0		0		0		0		455		0
diag_nrt_lpass_read	0		0		0		0		0		0		0		455		0
diag_nrt_modem_read	0		0		0		0		0		0		0		455		0
msm_serial_hs_dma	0		0		0		0		0		0		0		450		0
msm_serial_hs_rx	0		0		0		0		0		0		0		450		0
qmi2        	0		0		0		0		0		0		0		380		0
qmi1        	0		0		0		0		0		0		0		380		0
qmi0        	0		0		0		0		0		0		0		380		0
ssr(venus)  	0		0		0		0		0		0		0		379		0
pil-venus   	9		9		0		0		0		466		61		21815		0
ssr(modem)  	0		0		0		0		0		0		0		377		0
pil-modem   	1		1		0		0		0		242		242		4820		0
pil-mba     	1		1		0		0		0		1712		1712		4821		0
ssr(adsp)   	0		0		0		0		0		0		0		375		0
pil-adsp    	1		1		0		0		0		192		192		2711		0
qpnp-power-on-ee168e00	0		0		0		0		0		0		0		250		0
msm_tsens_lock	0		0		0		0		0		0		0		170		0
smsm_snapshot	9		9		0		0		0		10		9		10159		0
autosleep   	0		0		0		0		0		0		0		40		0

------ KERNEL CPUFREQ (/sys/devices/system/cpu/cpu0/cpufreq/stats/time_in_state) ------
300000 4349
422400 15
652800 82
729600 11
883200 53
960000 966
1036800 13
1190400 8
1267200 2147
1497600 66
1574400 59
1728000 131
1958400 110
2265600 6729

------ KERNEL SYNC (/d/sync: 1970-01-01 08:00:01) ------
objs:
--------------
mdss_fb0_retire sw_sync: 2064
  pt signaled@147.856038: 2025
  pt signaled@148.509222: 2064
  pt active: 2065

mdss_fb_0 sw_sync: 2065
  pt signaled@48.446355: 722
  pt signaled@136.244814: 1502
  pt signaled@136.428680: 1512
  pt signaled@136.445405: 1513
  pt signaled@147.871718: 2027
  pt active: 2066
  pt active: 2067
  pt active: 2067
  pt active: 2067
  pt active: 2067

mdss_fb_1 sw_sync: 0

mdss_fb_2 sw_sync: 0

kgsl-timeline kgsl-timeline
  pt signaled@22.569773
  pt signaled@136.399359
  pt signaled@136.416091
  pt signaled@136.432803
  pt signaled@147.845043
  pt signaled@148.497771
  pt signaled@148.508414
  pt signaled@148.514745

kgsl-timeline kgsl-timeline

kgsl-timeline kgsl-timeline
  pt signaled@130.999553
  pt signaled@147.855677
  pt signaled@147.845044
  pt signaled@148.508468
  pt signaled@148.508495

kgsl-timeline kgsl-timeline
  pt signaled@28.041101
  pt signaled@136.227280

kgsl-timeline kgsl-timeline

kgsl-timeline kgsl-timeline

kgsl-timeline kgsl-timeline
  pt signaled@148.495594
  pt signaled@148.514240
  pt signaled@148.497771
  pt active
  pt signaled@148.508448

fences:
--------------
[eb5f8a80] StrictModeFlash:0: signaled
  kgsl-timeline_pt signaled@22.569773

[eb2c3100] kgsl-fence: signaled
  kgsl-timeline_pt signaled@28.041101

[eb0a0380] StrictModeFlash:1: signaled
  mdss_fb_0_pt signaled@48.446355: 722 / 2065

[e9fda280] kgsl-fence: signaled
  kgsl-timeline_pt signaled@130.999553

[ed23f400] com.android.systemui.ImageWa:0: signaled
  mdss_fb_0_pt signaled@136.244814: 1502 / 2065
  kgsl-timeline_pt signaled@136.227280

[ecb6ae00] FramebufferSurface:0: signaled
  mdss_fb_0_pt signaled@136.428680: 1512 / 2065
  kgsl-timeline_pt signaled@136.399359

[eb2e6d80] FramebufferSurface:1: signaled
  mdss_fb_0_pt signaled@136.445405: 1513 / 2065
  kgsl-timeline_pt signaled@136.416091

[eb2e6100] kgsl-fence: signaled
  kgsl-timeline_pt signaled@136.432803

[eab65880] kgsl-fence: signaled
  kgsl-timeline_pt signaled@147.855677

[eab65000] mdp-retire: signaled
  mdss_fb0_retire_pt signaled@147.856038: 2025 / 2064

[ea4a7c00] StatusBar:1: signaled
  kgsl-timeline_pt signaled@147.845043
  kgsl-timeline_pt signaled@147.845044
  mdss_fb_0_pt signaled@147.871718: 2027 / 2065

[eb7f7a00] kgsl-fence: signaled
  kgsl-timeline_pt signaled@148.495594

[eb5f9680] mdp-retire: signaled
  mdss_fb0_retire_pt signaled@148.509222: 2064 / 2064

[ed2d0480] kgsl-fence: signaled
  kgsl-timeline_pt signaled@148.514240

[ed20f280] com.zhihu.android/com.zhihu.:1: active
  kgsl-timeline_pt signaled@148.497771
  kgsl-timeline_pt signaled@148.497771
  mdss_fb_0_pt active: 2066 / 2065

[ec90d780] kgsl-fence: active
  kgsl-timeline_pt active

[eb7f7000] mdp-retire: active
  mdss_fb0_retire_pt active: 2065 / 2064

[eb7f7100] FramebufferSurface:0: active
  kgsl-timeline_pt signaled@148.508414
  mdss_fb_0_pt active: 2067 / 2065

[eb5f9380] com.zhihu.android/com.zhihu.:2: active
  mdss_fb_0_pt active: 2067 / 2065
  kgsl-timeline_pt signaled@148.508448

[eb5f9900] StatusBar:0: active
  kgsl-timeline_pt signaled@148.508468
  mdss_fb_0_pt active: 2067 / 2065

[eb5f9a80] NavigationBar:0: active
  mdss_fb_0_pt active: 2067 / 2065
  kgsl-timeline_pt signaled@148.508495

[ec150580] kgsl-fence: signaled
  kgsl-timeline_pt signaled@148.514745


------ KERNEL BLUEDROID (/d/bluedroid: 1970-01-01 08:00:01) ------
1492166516.447764: current time
host can sleep: 0
BT_EXT_WAKE bit: 0
bsi->uport not null 0









------ PROCESSES (ps -P) ------
USER     PID   PPID  VSIZE  RSS    PCY  WCHAN    PC        NAME
root      1     0     8856   720   fg  ffffffff 00000000 S /init
root      2     0     0      0     fg  ffffffff 00000000 S kthreadd
root      3     2     0      0     fg  ffffffff 00000000 S ksoftirqd/0
root      4     2     0      0     fg  ffffffff 00000000 S kworker/0:0
root      5     2     0      0     fg  ffffffff 00000000 S kworker/0:0H
root      6     2     0      0     fg  ffffffff 00000000 S kworker/u:0
root      7     2     0      0     fg  ffffffff 00000000 D kworker/u:0H
root      8     2     0      0     fg  ffffffff 00000000 S migration/0
root      13    2     0      0     fg  ffffffff 00000000 S khelper
root      14    2     0      0     fg  ffffffff 00000000 S netns
root      15    2     0      0     fg  ffffffff 00000000 S kworker/0:1
root      17    2     0      0     fg  ffffffff 00000000 S kworker/0:1H
root      18    2     0      0     fg  ffffffff 00000000 S modem_notifier
root      19    2     0      0     fg  ffffffff 00000000 S smd_channel_clo
root      20    2     0      0     fg  ffffffff 00000000 S smsm_cb_wq
root      21    2     0      0     fg  ffffffff 00000000 S kworker/u:1
root      22    2     0      0     fg  ffffffff 00000000 S rpm-smd
root      23    2     0      0     fg  ffffffff 00000000 S kworker/u:1H
root      24    2     0      0     fg  ffffffff 00000000 S irq/317-earjack
root      25    2     0      0     fg  ffffffff 00000000 S sync_supers
root      26    2     0      0     fg  ffffffff 00000000 S bdi-default
root      27    2     0      0     fg  ffffffff 00000000 S kblockd
root      28    2     0      0     fg  ffffffff 00000000 S vmalloc
root      29    2     0      0     fg  ffffffff 00000000 S khubd
root      30    2     0      0     fg  ffffffff 00000000 S irq/102-msm_iom
root      31    2     0      0     fg  ffffffff 00000000 S irq/102-msm_iom
root      32    2     0      0     fg  ffffffff 00000000 S irq/102-msm_iom
root      33    2     0      0     fg  ffffffff 00000000 S irq/79-msm_iomm
root      34    2     0      0     fg  ffffffff 00000000 S irq/78-msm_iomm
root      35    2     0      0     fg  ffffffff 00000000 S irq/78-msm_iomm
root      36    2     0      0     fg  ffffffff 00000000 S irq/74-msm_iomm
root      37    2     0      0     fg  ffffffff 00000000 S irq/75-msm_iomm
root      38    2     0      0     fg  ffffffff 00000000 S irq/75-msm_iomm
root      39    2     0      0     fg  ffffffff 00000000 S irq/75-msm_iomm
root      40    2     0      0     fg  ffffffff 00000000 S irq/75-msm_iomm
root      41    2     0      0     fg  ffffffff 00000000 S irq/273-msm_iom
root      42    2     0      0     fg  ffffffff 00000000 S irq/273-msm_iom
root      43    2     0      0     fg  ffffffff 00000000 S irq/97-msm_iomm
root      44    2     0      0     fg  ffffffff 00000000 S irq/97-msm_iomm
root      45    2     0      0     fg  ffffffff 00000000 S irq/97-msm_iomm
root      46    2     0      0     fg  ffffffff 00000000 S l2cap
root      47    2     0      0     fg  ffffffff 00000000 S a2mp
root      48    2     0      0     fg  ffffffff 00000000 S cfg80211
root      50    2     0      0     fg  ffffffff 00000000 S qmi
root      51    2     0      0     fg  ffffffff 00000000 S nmea
root      52    2     0      0     fg  ffffffff 00000000 S msm_ipc_router
root      53    2     0      0     fg  ffffffff 00000000 S apr_driver
root      55    2     0      0     fg  ffffffff 00000000 S kswapd0
root      56    2     0      0     fg  ffffffff 00000000 S fsnotify_mark
root      57    2     0      0     fg  ffffffff 00000000 S cifsiod
root      58    2     0      0     fg  ffffffff 00000000 S crypto
root      76    2     0      0     fg  ffffffff 00000000 S ad_calc_wq
root      77    2     0      0     fg  ffffffff 00000000 S hdmi_tx_workq
root      78    2     0      0     fg  ffffffff 00000000 S anx7808_work
root      79    2     0      0     fg  ffffffff 00000000 S k_hsuart
root      80    2     0      0     fg  ffffffff 00000000 S diag_wq
root      81    2     0      0     fg  ffffffff 00000000 S diag_cntl_wq
root      82    2     0      0     fg  ffffffff 00000000 S diag_dci_wq
root      83    2     0      0     fg  ffffffff 00000000 S kgsl-3d0
root      84    2     0      0     fg  ffffffff 00000000 S kworker/u:2
root      85    2     0      0     fg  ffffffff 00000000 S f9966000.spi
root      89    2     0      0     fg  ffffffff 00000000 S usbnet
root      90    2     0      0     fg  ffffffff 00000000 S irq/329-anx7808
root      91    2     0      0     fg  ffffffff 00000000 S k_rmnet_mux_wor
root      92    2     0      0     fg  ffffffff 00000000 S f_mtp
root      93    2     0      0     fg  ffffffff 00000000 S file-storage
root      94    2     0      0     fg  ffffffff 00000000 S uether
root      95    2     0      0     fg  ffffffff 00000000 S synaptics_wq
root      96    2     0      0     fg  ffffffff 00000000 S irq/362-s3350
root      97    2     0      0     fg  ffffffff 00000000 S kworker/0:2
root      98    2     0      0     fg  ffffffff 00000000 S msm_vidc_worker
root      99    2     0      0     fg  ffffffff 00000000 S msm_vidc_worker
root      100   2     0      0     fg  ffffffff 00000000 S msm_cpp_workque
root      101   2     0      0     fg  ffffffff 00000000 S irq/350-bq51013
root      102   2     0      0     fg  ffffffff 00000000 S kworker/0:3
root      103   2     0      0     fg  ffffffff 00000000 S dm_bufio_cache
root      104   2     0      0     fg  ffffffff 00000000 D dbs_sync/0
root      105   2     0      0     fg  ffffffff 00000000 D dbs_sync/1
root      106   2     0      0     fg  ffffffff 00000000 D dbs_sync/2
root      107   2     0      0     fg  ffffffff 00000000 D dbs_sync/3
root      108   2     0      0     fg  ffffffff 00000000 S cfinteractive
root      109   2     0      0     fg  ffffffff 00000000 S irq/170-msm_sdc
root      110   2     0      0     fg  ffffffff 00000000 S binder
root      111   2     0      0     fg  ffffffff 00000000 S usb_bam_wq
root      112   2     0      0     fg  ffffffff 00000000 S krfcommd
root      113   2     0      0     fg  ffffffff 00000000 S bam_dmux_rx
root      114   2     0      0     fg  ffffffff 00000000 S bam_dmux_tx
root      115   2     0      0     fg  ffffffff 00000000 S rq_stats
root      116   2     0      0     fg  ffffffff 00000000 S deferwq
root      117   2     0      0     fg  ffffffff 00000000 S kworker/u:3
root      118   2     0      0     fg  ffffffff 00000000 S irq/361-MAX1704
root      119   2     0      0     fg  ffffffff 00000000 S kworker/0:4
root      120   2     0      0     fg  ffffffff 00000000 S mmcqd/1
root      121   2     0      0     fg  ffffffff 00000000 S mmcqd/1rpmb
root      122   2     0      0     fg  ffffffff 00000000 S wl_event_handle
root      123   2     0      0     fg  ffffffff 00000000 S dhd_watchdog_th
root      124   2     0      0     fg  ffffffff 00000000 S dhd_dpc
root      125   2     0      0     fg  ffffffff 00000000 S dhd_rxf
root      126   2     0      0     fg  ffffffff 00000000 S dhd_sysioc
root      127   2     0      0     fg  ffffffff 00000000 S vibrator
root      128   2     0      0     fg  ffffffff 00000000 S max1462x
root      129   2     0      0     fg  ffffffff 00000000 S irq/310-maxim_m
root      130   2     0      0     fg  ffffffff 00000000 S irq/311-maxim_m
root      131   1     8852   580   fg  ffffffff 00000000 S /sbin/ueventd
root      133   2     0      0     fg  ffffffff 00000000 S jbd2/mmcblk0p25
root      134   2     0      0     fg  ffffffff 00000000 S ext4-dio-unwrit
root      137   2     0      0     fg  ffffffff 00000000 S flush-179:0
root      139   2     0      0     fg  ffffffff 00000000 S jbd2/mmcblk0p28
root      140   2     0      0     fg  ffffffff 00000000 S ext4-dio-unwrit
root      144   2     0      0     fg  ffffffff 00000000 S jbd2/mmcblk0p27
root      145   2     0      0     fg  ffffffff 00000000 S ext4-dio-unwrit
root      146   2     0      0     fg  ffffffff 00000000 S jbd2/mmcblk0p16
root      147   2     0      0     fg  ffffffff 00000000 S ext4-dio-unwrit
logd      169   1     27848  1908  fg  ffffffff 00000000 S /system/bin/logd
root      170   1     9832   304   fg  ffffffff 00000000 S /sbin/healthd
root      171   1     10620  1104  fg  ffffffff 00000000 S /system/bin/lmkd
system    172   1     9452   660   fg  ffffffff 00000000 S /system/bin/servicemanager
root      173   1     18028  1752  fg  ffffffff 00000000 S /system/bin/vold
system    174   1     115764 11508 fg  ffffffff 00000000 D /system/bin/surfaceflinger
root      176   2     0      0     fg  ffffffff 00000000 S kworker/0:2H
nobody    178   1     19792  956   fg  ffffffff 00000000 S /system/bin/rmt_storage
root      180   2     0      0     fg  ffffffff 00000000 S IPCRTR
root      181   2     0      0     fg  ffffffff 00000000 S ipc_rtr_q6_ipcr
root      182   2     0      0     fg  ffffffff 00000000 S kworker/u:4
root      183   2     0      0     fg  ffffffff 00000000 S sb-1
root      184   2     0      0     fg  ffffffff 00000000 S ngd_msm_ctrl_ng
shell     185   1     9316   736   fg  c0475934 b6ee71f8 S /system/bin/sh
root      187   1     9200   380   fg  ffffffff 00000000 S /system/bin/subsystem_ramdump
root      188   1     22828  1268  fg  ffffffff 00000000 S /system/bin/netd
root      189   1     10108  1324  fg  ffffffff 00000000 S /system/bin/debuggerd
radio     190   1     35984  5244  fg  ffffffff 00000000 S /system/bin/rild
drm       191   1     23300  3964  fg  ffffffff 00000000 S /system/bin/drmserver
media     192   1     107976 10584 fg  ffffffff 00000000 S /system/bin/mediaserver
install   193   1     9408   688   fg  ffffffff 00000000 S /system/bin/installd
keystore  194   1     12536  1652  fg  ffffffff 00000000 S /system/bin/keystore
radio     195   1     18856  828   fg  ffffffff 00000000 S /system/bin/bridgemgrd
radio     196   1     24060  792   fg  ffffffff 00000000 S /system/bin/qmuxd
radio     197   1     20036  768   fg  ffffffff 00000000 S /system/bin/netmgrd
nobody    198   1     59912  1964  fg  ffffffff 00000000 S /system/bin/sensors.qcom
root      202   1     1456292 60260 fg  ffffffff 00000000 S zygote
media_rw  203   1     15400  416   fg  ffffffff 00000000 S /system/bin/sdcard
camera    204   1     16300  4904  fg  ffffffff 00000000 S /system/bin/mm-qcamera-daemon
system    205   1     20500  1292  fg  ffffffff 00000000 S /system/bin/time_daemon
root      206   1     31316  456   fg  ffffffff 00000000 R /sbin/adbd
root      210   2     0      0     fg  ffffffff 00000000 S msm_slim_qmi_cl
root      211   2     0      0     fg  ffffffff 00000000 S msm_qmi_rtx_q
root      214   2     0      0     fg  ffffffff 00000000 S irq/288-wcd9xxx
root      220   2     0      0     fg  ffffffff 00000000 S kauditd
root      287   2     0      0     fg  ffffffff 00000000 R mdss_fb0
root      512   2     0      0     fg  ffffffff 00000000 S IPCRTR
root      513   2     0      0     fg  ffffffff 00000000 S ipc_rtr_smd_ipc
system    710   202   1645804 87780 fg  ffffffff 00000000 S system_server
root      787   2     0      0     fg  ffffffff 00000000 S kworker/0:3H
u0_a5     836   202   1469788 45704 bg  ffffffff 00000000 S android.process.media
wifi      852   1     12568  2600  fg  ffffffff 00000000 S /system/bin/wpa_supplicant
u0_a13    874   202   1567692 107852 fg  ffffffff 00000000 S com.android.systemui
system    927   202   1481868 42772 bg  ffffffff 00000000 S com.android.settings
u0_a34    1043  202   1518904 60292 bg  ffffffff 00000000 S com.android.inputmethod.latin
nfc       1087  202   1485996 45428 fg  ffffffff 00000000 S com.android.nfc
radio     1138  202   1493528 55436 fg  ffffffff 00000000 S com.android.phone
u0_a35    1180  202   1516196 64488 bg  ffffffff 00000000 S com.android.launcher3
u0_a2     1259  202   1471888 45964 bg  ffffffff 00000000 S android.process.acore
u0_a52    1307  202   1464716 39300 fg  ffffffff 00000000 S com.android.smspush
u0_a38    1337  202   1467404 41276 bg  ffffffff 00000000 S com.android.music
root      1489  1     20256  884   fg  ffffffff 00000000 S /system/bin/mpdecision
system    1507  202   1464796 39416 bg  ffffffff 00000000 S com.android.keychain
u0_a4     1557  202   1469912 40816 bg  ffffffff 00000000 S com.android.dialer
u0_a1     1577  202   1469492 43408 bg  ffffffff 00000000 S com.android.providers.calendar
u0_a7     1605  202   1465408 39764 bg  ffffffff 00000000 S com.android.managedprovisioning
u0_a8     1632  202   1475768 43520 bg  ffffffff 00000000 S com.android.mms
u0_a10    1678  202   1464712 39384 bg  ffffffff 00000000 S com.android.onetimeinitializer
u0_a15    1700  202   1464824 39384 bg  ffffffff 00000000 S com.android.voicedialer
u0_a21    1719  202   1480856 42236 bg  ffffffff 00000000 S com.android.calendar
u0_a25    1747  202   1468868 43416 bg  ffffffff 00000000 S com.android.deskclock
u0_a28    1769  202   1479944 46352 bg  ffffffff 00000000 S com.android.email
u0_a29    1791  202   1469484 41360 bg  ffffffff 00000000 S com.android.exchange
dhcp      1911  1     9344   656   fg  ffffffff 00000000 S /system/bin/dhcpcd
u0_a54    2121  202   1643024 102284 fg  ffffffff 00000000 S com.zhihu.android
root      2719  2     0      0     fg  ffffffff 00000000 S kworker/u:5
root      2720  2     0      0     fg  ffffffff 00000000 S kworker/u:6
root      2721  2     0      0     fg  ffffffff 00000000 S kworker/u:7
root      2722  2     0      0     fg  ffffffff 00000000 S kworker/u:8
root      2723  2     0      0     fg  ffffffff 00000000 S kworker/u:9
root      2724  2     0      0     fg  ffffffff 00000000 S kworker/u:10
root      2725  2     0      0     fg  ffffffff 00000000 S kworker/u:11
root      2726  2     0      0     fg  ffffffff 00000000 S kworker/u:12
root      2727  2     0      0     fg  ffffffff 00000000 S kworker/u:13
root      2728  2     0      0     fg  ffffffff 00000000 S kworker/u:14
root      2729  2     0      0     fg  ffffffff 00000000 S kworker/u:15
root      2730  2     0      0     fg  ffffffff 00000000 S kworker/u:16
root      2731  2     0      0     fg  ffffffff 00000000 S kworker/u:17
u0_a48    4651  202   1467180 40920 bg  ffffffff 00000000 S com.android.quicksearchbox
u0_a9     4810  202   1464812 39292 bg  ffffffff 00000000 S com.android.musicfx
root      4987  206   1295748 27548 fg  ffffffff 00000000 S com.android.commands.monkey
root      4989  2     0      0     fg  ffffffff 00000000 S migration/1
root      4990  2     0      0     fg  ffffffff 00000000 S kworker/1:0
root      4991  2     0      0     fg  ffffffff 00000000 S kworker/1:0H
root      4992  2     0      0     fg  ffffffff 00000000 S ksoftirqd/1
root      4993  2     0      0     fg  ffffffff 00000000 S kworker/1:1H
root      5000  2     0      0     fg  ffffffff 00000000 S kworker/1:2H
root      5006  2     0      0     fg  ffffffff 00000000 S kworker/1:1
root      5080  206   9224   600   fg  ffffffff 00000000 S logcat
root      5082  206   9224   600   fg  ffffffff 00000000 S logcat
root      5086  206   9204   624   fg  ffffffff 00000000 S logcat
root      5088  206   9204   624   fg  ffffffff 00000000 S logcat
root      5090  206   9204   624   fg  ffffffff 00000000 S logcat
root      5092  206   9316   620   fg  ffffffff 00000000 S /system/bin/sh
root      5094  206   9244   400   fg  ffffffff 00000000 R bugreport
shell     5098  1     9428   812   fg  ffffffff 00000000 S /system/bin/dumpstate
root      5102  2     0      0     fg  ffffffff 00000000 S kworker/1:2
root      5189  2     0      0     fg  ffffffff 00000000 S migration/2
root      5190  2     0      0     fg  ffffffff 00000000 S kworker/2:0
root      5191  2     0      0     fg  ffffffff 00000000 S kworker/2:0H
root      5192  2     0      0     fg  ffffffff 00000000 S ksoftirqd/2
root      5198  2     0      0     fg  ffffffff 00000000 S kworker/2:1H
root      5205  2     0      0     fg  ffffffff 00000000 S kworker/2:1
root      5209  2     0      0     fg  ffffffff 00000000 S kworker/2:2H
root      5215  206   11208  1004  fg  ffffffff 00000000 S dumpsys
root      5217  206   11208  1004  fg  ffffffff 00000000 S dumpsys
root      5219  206   11208  1004  fg  ffffffff 00000000 S dumpsys
root      5223  206   11208  1004  fg  ffffffff 00000000 S dumpsys
root      5225  206   9184   656   fg  ffffffff 00000000 R procrank
root      5227  206   11208  1004  fg  ffffffff 00000000 S dumpsys
root      5229  206   11208  1004  fg  ffffffff 00000000 S dumpsys
root      5235  2     0      0     fg  ffffffff 00000000 S migration/3
root      5236  2     0      0     fg  ffffffff 00000000 S kworker/3:0
root      5237  2     0      0     fg  ffffffff 00000000 S kworker/3:0H
root      5238  2     0      0     fg  ffffffff 00000000 S ksoftirqd/3
root      5239  2     0      0     fg  ffffffff 00000000 S kworker/3:1
root      5242  2     0      0     fg  ffffffff 00000000 S kworker/3:1H
root      5243  2     0      0     fg  ffffffff 00000000 S kworker/3:2H
shell     5244  5098  10672  1020  fg  00000000 b6f041f8 R ps
[ps: 0.100s elapsed]

------ PROCESSES AND THREADS (ps -t -p -P) ------
USER     PID   PPID  VSIZE  RSS   PRIO  NICE  RTPRI SCHED  PCY  WCHAN    PC        NAME
root      1     0     8856   720   20    0     0     0     fg  ffffffff 00000000 S /init
root      2     0     0      0     -2    0     1     1     fg  ffffffff 00000000 S kthreadd
root      3     2     0      0     20    0     0     0     fg  ffffffff 00000000 S ksoftirqd/0
root      4     2     0      0     20    0     0     0     fg  ffffffff 00000000 S kworker/0:0
root      5     2     0      0     0     -20   0     0     fg  ffffffff 00000000 S kworker/0:0H
root      6     2     0      0     20    0     0     0     fg  ffffffff 00000000 S kworker/u:0
root      7     2     0      0     0     -20   0     0     fg  ffffffff 00000000 D kworker/u:0H
root      8     2     0      0     -100  0     99    1     fg  ffffffff 00000000 S migration/0
root      13    2     0      0     0     -20   0     0     fg  ffffffff 00000000 S khelper
root      14    2     0      0     0     -20   0     0     fg  ffffffff 00000000 S netns
root      15    2     0      0     20    0     0     0     fg  ffffffff 00000000 S kworker/0:1
root      17    2     0      0     0     -20   0     0     fg  ffffffff 00000000 S kworker/0:1H
root      18    2     0      0     0     -20   0     0     fg  ffffffff 00000000 S modem_notifier
root      19    2     0      0     0     -20   0     0     fg  ffffffff 00000000 S smd_channel_clo
root      20    2     0      0     0     -20   0     0     fg  ffffffff 00000000 S smsm_cb_wq
root      21    2     0      0     20    0     0     0     fg  ffffffff 00000000 S kworker/u:1
root      22    2     0      0     0     -20   0     0     fg  ffffffff 00000000 S rpm-smd
root      23    2     0      0     0     -20   0     0     fg  ffffffff 00000000 S kworker/u:1H
root      24    2     0      0     -51   0     50    1     fg  ffffffff 00000000 S irq/317-earjack
root      25    2     0      0     20    0     0     0     fg  ffffffff 00000000 S sync_supers
root      26    2     0      0     20    0     0     0     fg  ffffffff 00000000 S bdi-default
root      27    2     0      0     0     -20   0     0     fg  ffffffff 00000000 S kblockd
root      28    2     0      0     20    0     0     5     fg  ffffffff 00000000 S vmalloc
root      29    2     0      0     20    0     0     0     fg  ffffffff 00000000 S khubd
root      30    2     0      0     -51   0     50    1     fg  ffffffff 00000000 S irq/102-msm_iom
root      31    2     0      0     -51   0     50    1     fg  ffffffff 00000000 S irq/102-msm_iom
root      32    2     0      0     -51   0     50    1     fg  ffffffff 00000000 S irq/102-msm_iom
root      33    2     0      0     -51   0     50    1     fg  ffffffff 00000000 S irq/79-msm_iomm
root      34    2     0      0     -51   0     50    1     fg  ffffffff 00000000 S irq/78-msm_iomm
root      35    2     0      0     -51   0     50    1     fg  ffffffff 00000000 S irq/78-msm_iomm
root      36    2     0      0     -51   0     50    1     fg  ffffffff 00000000 S irq/74-msm_iomm
root      37    2     0      0     -51   0     50    1     fg  ffffffff 00000000 S irq/75-msm_iomm
root      38    2     0      0     -51   0     50    1     fg  ffffffff 00000000 S irq/75-msm_iomm
root      39    2     0      0     -51   0     50    1     fg  ffffffff 00000000 S irq/75-msm_iomm
root      40    2     0      0     -51   0     50    1     fg  ffffffff 00000000 S irq/75-msm_iomm
root      41    2     0      0     -51   0     50    1     fg  ffffffff 00000000 S irq/273-msm_iom
root      42    2     0      0     -51   0     50    1     fg  ffffffff 00000000 S irq/273-msm_iom
root      43    2     0      0     -51   0     50    1     fg  ffffffff 00000000 S irq/97-msm_iomm
root      44    2     0      0     -51   0     50    1     fg  ffffffff 00000000 S irq/97-msm_iomm
root      45    2     0      0     -51   0     50    1     fg  ffffffff 00000000 S irq/97-msm_iomm
root      46    2     0      0     0     -20   0     0     fg  ffffffff 00000000 S l2cap
root      47    2     0      0     0     -20   0     0     fg  ffffffff 00000000 S a2mp
root      48    2     0      0     0     -20   0     0     fg  ffffffff 00000000 S cfg80211
root      50    2     0      0     0     -20   0     0     fg  ffffffff 00000000 S qmi
root      51    2     0      0     0     -20   0     0     fg  ffffffff 00000000 S nmea
root      52    2     0      0     0     -20   0     0     fg  ffffffff 00000000 S msm_ipc_router
root      53    2     0      0     0     -20   0     0     fg  ffffffff 00000000 S apr_driver
root      55    2     0      0     20    0     0     0     fg  ffffffff 00000000 S kswapd0
root      56    2     0      0     20    0     0     0     fg  ffffffff 00000000 S fsnotify_mark
root      57    2     0      0     0     -20   0     0     fg  ffffffff 00000000 S cifsiod
root      58    2     0      0     0     -20   0     0     fg  ffffffff 00000000 S crypto
root      76    2     0      0     0     -20   0     0     fg  ffffffff 00000000 S ad_calc_wq
root      77    2     0      0     0     -20   0     0     fg  ffffffff 00000000 S hdmi_tx_workq
root      78    2     0      0     0     -20   0     0     fg  ffffffff 00000000 S anx7808_work
root      79    2     0      0     0     -20   0     0     fg  ffffffff 00000000 S k_hsuart
root      80    2     0      0     0     -20   0     0     fg  ffffffff 00000000 S diag_wq
root      81    2     0      0     0     -20   0     0     fg  ffffffff 00000000 S diag_cntl_wq
root      82    2     0      0     0     -20   0     0     fg  ffffffff 00000000 S diag_dci_wq
root      83    2     0      0     0     -20   0     0     fg  ffffffff 00000000 S kgsl-3d0
root      84    2     0      0     20    0     0     0     fg  ffffffff 00000000 S kworker/u:2
root      85    2     0      0     0     -20   0     0     fg  ffffffff 00000000 S f9966000.spi
root      89    2     0      0     0     -20   0     0     fg  ffffffff 00000000 S usbnet
root      90    2     0      0     -51   0     50    1     fg  ffffffff 00000000 S irq/329-anx7808
root      91    2     0      0     0     -20   0     0     fg  ffffffff 00000000 S k_rmnet_mux_wor
root      92    2     0      0     0     -20   0     0     fg  ffffffff 00000000 S f_mtp
root      93    2     0      0     20    0     0     0     fg  ffffffff 00000000 S file-storage
root      94    2     0      0     0     -20   0     0     fg  ffffffff 00000000 S uether
root      95    2     0      0     0     -20   0     0     fg  ffffffff 00000000 S synaptics_wq
root      96    2     0      0     -51   0     50    1     fg  ffffffff 00000000 S irq/362-s3350
root      97    2     0      0     20    0     0     0     fg  ffffffff 00000000 S kworker/0:2
root      98    2     0      0     0     -20   0     0     fg  ffffffff 00000000 S msm_vidc_worker
root      99    2     0      0     0     -20   0     0     fg  ffffffff 00000000 S msm_vidc_worker
root      100   2     0      0     0     -20   0     0     fg  ffffffff 00000000 S msm_cpp_workque
root      101   2     0      0     -51   0     50    1     fg  ffffffff 00000000 S irq/350-bq51013
root      102   2     0      0     20    0     0     0     fg  ffffffff 00000000 S kworker/0:3
root      103   2     0      0     0     -20   0     0     fg  ffffffff 00000000 S dm_bufio_cache
root      104   2     0      0     20    0     0     0     fg  ffffffff 00000000 D dbs_sync/0
root      105   2     0      0     20    0     0     0     fg  ffffffff 00000000 D dbs_sync/1
root      106   2     0      0     20    0     0     0     fg  ffffffff 00000000 D dbs_sync/2
root      107   2     0      0     20    0     0     0     fg  ffffffff 00000000 D dbs_sync/3
root      108   2     0      0     -100  0     99    1     fg  ffffffff 00000000 S cfinteractive
root      109   2     0      0     -51   0     50    1     fg  ffffffff 00000000 S irq/170-msm_sdc
root      110   2     0      0     0     -20   0     0     fg  ffffffff 00000000 S binder
root      111   2     0      0     0     -20   0     0     fg  ffffffff 00000000 S usb_bam_wq
root      112   2     0      0     10    -10   0     0     fg  ffffffff 00000000 S krfcommd
root      113   2     0      0     0     -20   0     0     fg  ffffffff 00000000 S bam_dmux_rx
root      114   2     0      0     0     -20   0     0     fg  ffffffff 00000000 S bam_dmux_tx
root      115   2     0      0     0     -20   0     0     fg  ffffffff 00000000 S rq_stats
root      116   2     0      0     0     -20   0     0     fg  ffffffff 00000000 S deferwq
root      117   2     0      0     20    0     0     0     fg  ffffffff 00000000 S kworker/u:3
root      118   2     0      0     -51   0     50    1     fg  ffffffff 00000000 S irq/361-MAX1704
root      119   2     0      0     20    0     0     0     fg  ffffffff 00000000 S kworker/0:4
root      120   2     0      0     20    0     0     0     fg  ffffffff 00000000 S mmcqd/1
root      121   2     0      0     20    0     0     0     fg  ffffffff 00000000 S mmcqd/1rpmb
root      122   2     0      0     20    0     0     0     fg  ffffffff 00000000 S wl_event_handle
root      123   2     0      0     20    0     0     0     fg  ffffffff 00000000 S dhd_watchdog_th
root      124   2     0      0     20    0     0     0     fg  ffffffff 00000000 S dhd_dpc
root      125   2     0      0     20    0     0     0     fg  ffffffff 00000000 S dhd_rxf
root      126   2     0      0     20    0     0     0     fg  ffffffff 00000000 S dhd_sysioc
root      127   2     0      0     0     -20   0     0     fg  ffffffff 00000000 S vibrator
root      128   2     0      0     0     -20   0     0     fg  ffffffff 00000000 S max1462x
root      129   2     0      0     -51   0     50    1     fg  ffffffff 00000000 S irq/310-maxim_m
root      130   2     0      0     -51   0     50    1     fg  ffffffff 00000000 S irq/311-maxim_m
root      131   1     8852   580   20    0     0     0     fg  ffffffff 00000000 S /sbin/ueventd
root      133   2     0      0     20    0     0     0     fg  ffffffff 00000000 S jbd2/mmcblk0p25
root      134   2     0      0     0     -20   0     0     fg  ffffffff 00000000 S ext4-dio-unwrit
root      137   2     0      0     20    0     0     0     fg  ffffffff 00000000 S flush-179:0
root      139   2     0      0     20    0     0     0     fg  ffffffff 00000000 S jbd2/mmcblk0p28
root      140   2     0      0     0     -20   0     0     fg  ffffffff 00000000 S ext4-dio-unwrit
root      144   2     0      0     20    0     0     0     fg  ffffffff 00000000 S jbd2/mmcblk0p27
root      145   2     0      0     0     -20   0     0     fg  ffffffff 00000000 S ext4-dio-unwrit
root      146   2     0      0     20    0     0     0     fg  ffffffff 00000000 S jbd2/mmcblk0p16
root      147   2     0      0     0     -20   0     0     fg  ffffffff 00000000 S ext4-dio-unwrit
logd      169   1     27848  1908  20    0     0     3     fg  ffffffff 00000000 S /system/bin/logd
logd      217   169   27848  1908  20    0     0     3     fg  ffffffff 00000000 S logd.reader
logd      218   169   27848  1908  20    0     0     3     fg  ffffffff 00000000 S logd.writer
logd      219   169   27848  1908  20    0     0     3     fg  ffffffff 00000000 S logd
logd      223   169   27848  1908  20    0     0     3     fg  ffffffff 00000000 S logd
logd      5096  169   27848  1908  20    0     0     3     fg  ffffffff 00000000 S logd.reader.per
logd      5097  169   27848  1908  20    0     0     3     fg  ffffffff 00000000 S logd.reader.per
logd      5099  169   27848  1908  20    0     0     3     fg  ffffffff 00000000 S logd.reader.per
logd      5100  169   27848  1908  20    0     0     3     fg  ffffffff 00000000 S logd.reader.per
logd      5101  169   27848  1908  20    0     0     3     fg  ffffffff 00000000 S logd.reader.per
root      170   1     9832   304   20    0     0     0     fg  ffffffff 00000000 S /sbin/healthd
root      171   1     10620  1104  -2    0     1     1     fg  ffffffff 00000000 S /system/bin/lmkd
system    172   1     9452   660   20    0     0     0     fg  ffffffff 00000000 S /system/bin/servicemanager
root      173   1     18028  1752  20    0     0     0     fg  ffffffff 00000000 S /system/bin/vold
root      255   173   18028  1752  20    0     0     0     fg  ffffffff 00000000 S vold
root      262   173   18028  1752  20    0     0     0     fg  ffffffff 00000000 S vold
system    174   1     115764 11508 12    -8    0     0     fg  ffffffff 00000000 S /system/bin/surfaceflinger
system    226   174   115764 11508 20    0     0     0     fg  ffffffff 00000000 S Binder_1
system    228   174   115764 11508 11    -9    0     0     fg  ffffffff 00000000 S DispSync
system    229   174   115764 11508 16    -4    0     0     fg  ffffffff 00000000 S Binder_2
system    289   174   115764 11508 12    -8    0     0     fg  ffffffff 00000000 S hwcUeventThread
system    290   174   115764 11508 11    -9    0     0     fg  ffffffff 00000000 S hwcVsyncThread
system    318   174   115764 11508 10    -10   0     0     fg  ffffffff 00000000 S GL updater
system    319   174   115764 11508 12    -8    0     0     fg  ffffffff 00000000 S surfaceflinger
system    320   174   115764 11508 11    -9    0     0     fg  ffffffff 00000000 S EventThread
system    321   174   115764 11508 12    -8    0     0     fg  ffffffff 00000000 S surfaceflinger
system    322   174   115764 11508 11    -9    0     0     fg  ffffffff 00000000 S EventThread
system    323   174   115764 11508 12    -8    0     0     fg  ffffffff 00000000 S EventControl
system    419   174   115764 11508 20    0     0     0     fg  ffffffff 00000000 S Binder_3
system    1441  174   115764 11508 20    0     0     0     fg  ffffffff 00000000 S Binder_4
system    1442  174   115764 11508 20    0     0     0     fg  ffffffff 00000000 S Binder_5
system    2272  174   115764 11508 12    -8    0     0     fg  ffffffff 00000000 S surfaceflinger
root      176   2     0      0     0     -20   0     0     fg  ffffffff 00000000 S kworker/0:2H
nobody    178   1     19792  956   20    0     0     0     fg  ffffffff 00000000 S /system/bin/rmt_storage
nobody    519   178   19792  956   20    0     0     0     fg  ffffffff 00000000 S rmt_storage
nobody    520   178   19792  956   20    0     0     0     fg  ffffffff 00000000 S rmt_storage
nobody    521   178   19792  956   20    0     0     0     fg  ffffffff 00000000 S rmt_storage
nobody    522   178   19792  956   20    0     0     0     fg  ffffffff 00000000 S rmt_storage
root      180   2     0      0     0     -20   0     0     fg  ffffffff 00000000 S IPCRTR
root      181   2     0      0     0     -20   0     0     fg  ffffffff 00000000 S ipc_rtr_q6_ipcr
root      182   2     0      0     20    0     0     0     fg  ffffffff 00000000 S kworker/u:4
root      183   2     0      0     0     -20   0     0     fg  ffffffff 00000000 S sb-1
root      184   2     0      0     20    0     0     0     fg  ffffffff 00000000 S ngd_msm_ctrl_ng
shell     185   1     9316   736   20    0     0     0     fg  c0475934 b6ee71f8 S /system/bin/sh
root      187   1     9200   380   20    0     0     0     fg  ffffffff 00000000 S /system/bin/subsystem_ramdump
root      188   1     22828  1268  20    0     0     0     fg  ffffffff 00000000 S /system/bin/netd
root      501   188   22828  1268  20    0     0     0     fg  ffffffff 00000000 S netd
root      502   188   22828  1268  20    0     0     0     fg  ffffffff 00000000 S netd
root      503   188   22828  1268  20    0     0     0     fg  ffffffff 00000000 S netd
root      504   188   22828  1268  20    0     0     0     fg  ffffffff 00000000 S netd
root      505   188   22828  1268  20    0     0     0     fg  ffffffff 00000000 S netd
root      506   188   22828  1268  20    0     0     0     fg  ffffffff 00000000 S netd
root      507   188   22828  1268  20    0     0     0     fg  ffffffff 00000000 S netd
root      508   188   22828  1268  20    0     0     0     fg  ffffffff 00000000 S netd
root      189   1     10108  1324  20    0     0     0     fg  ffffffff 00000000 S /system/bin/debuggerd
radio     190   1     35984  5244  20    0     0     0     fg  ffffffff 00000000 S /system/bin/rild
radio     284   190   35984  5244  20    0     0     0     fg  ffffffff 00000000 S rild
radio     288   190   35984  5244  20    0     0     0     fg  ffffffff 00000000 S rild
radio     293   190   35984  5244  20    0     0     0     fg  ffffffff 00000000 S rild
radio     665   190   35984  5244  20    0     0     0     fg  ffffffff 00000000 S rild
radio     666   190   35984  5244  20    0     0     0     fg  ffffffff 00000000 S rild
radio     668   190   35984  5244  20    0     0     0     fg  ffffffff 00000000 S rild
radio     669   190   35984  5244  20    0     0     0     fg  ffffffff 00000000 S rild
radio     670   190   35984  5244  20    0     0     0     fg  ffffffff 00000000 S rild
radio     672   190   35984  5244  20    0     0     0     fg  ffffffff 00000000 S rild
radio     673   190   35984  5244  20    0     0     0     fg  ffffffff 00000000 S rild
radio     674   190   35984  5244  20    0     0     0     fg  ffffffff 00000000 S rild
radio     675   190   35984  5244  20    0     0     0     fg  ffffffff 00000000 S rild
drm       191   1     23300  3964  20    0     0     0     fg  ffffffff 00000000 S /system/bin/drmserver
drm       339   191   23300  3964  20    0     0     0     fg  ffffffff 00000000 S Binder_1
media     192   1     107976 10584 20    0     0     0     fg  ffffffff 00000000 S /system/bin/mediaserver
media     705   192   107976 10584 4     -16   0     0     fg  ffffffff 00000000 S ApmTone
media     706   192   107976 10584 4     -16   0     0     fg  ffffffff 00000000 S ApmAudio
media     707   192   107976 10584 4     -16   0     0     fg  ffffffff 00000000 S ApmOutput
media     708   192   107976 10584 20    0     0     0     fg  ffffffff 00000000 S mediaserver
media     709   192   107976 10584 -4    -19   3     1     fg  ffffffff 00000000 S FastMixer
media     803   192   107976 10584 1     -19   0     0     fg  ffffffff 00000000 S AudioOut_2
media     804   192   107976 10584 1     -19   0     0     fg  ffffffff 00000000 S AudioOut_4
media     805   192   107976 10584 -4    -19   3     1     fg  ffffffff 00000000 S FastMixer
media     806   192   107976 10584 1     -19   0     0     fg  ffffffff 00000000 S AudioOut_6
media     810   192   107976 10584 20    0     0     0     fg  ffffffff 00000000 S Binder_1
media     822   192   107976 10584 20    0     0     0     fg  ffffffff 00000000 S Binder_2
media     1150  192   107976 10584 20    0     0     0     fg  ffffffff 00000000 S Binder_3
install   193   1     9408   688   20    0     0     0     fg  ffffffff 00000000 S /system/bin/installd
keystore  194   1     12536  1652  20    0     0     0     fg  ffffffff 00000000 S /system/bin/keystore
radio     195   1     18856  828   20    0     0     0     fg  ffffffff 00000000 S /system/bin/bridgemgrd
radio     260   195   18856  828   20    0     0     0     fg  ffffffff 00000000 S bridgemgrd
radio     663   195   18856  828   20    0     0     0     fg  ffffffff 00000000 S bridgemgrd
radio     664   195   18856  828   20    0     0     0     fg  ffffffff 00000000 S bridgemgrd
radio     1029  195   18856  828   20    0     0     0     fg  ffffffff 00000000 S bridgemgrd
radio     196   1     24060  792   20    0     0     0     fg  ffffffff 00000000 S /system/bin/qmuxd
radio     258   196   24060  792   20    0     0     0     fg  ffffffff 00000000 S qmuxd
radio     523   196   24060  792   20    0     0     0     fg  ffffffff 00000000 S qmuxd
radio     524   196   24060  792   20    0     0     0     fg  ffffffff 00000000 S qmuxd
radio     525   196   24060  792   20    0     0     0     fg  ffffffff 00000000 S qmuxd
radio     526   196   24060  792   20    0     0     0     fg  ffffffff 00000000 S qmuxd
radio     527   196   24060  792   20    0     0     0     fg  ffffffff 00000000 S qmuxd
radio     528   196   24060  792   20    0     0     0     fg  ffffffff 00000000 S qmuxd
radio     529   196   24060  792   20    0     0     0     fg  ffffffff 00000000 S qmuxd
radio     530   196   24060  792   20    0     0     0     fg  ffffffff 00000000 S qmuxd
radio     197   1     20036  768   20    0     0     0     fg  ffffffff 00000000 S /system/bin/netmgrd
radio     259   197   20036  768   20    0     0     0     fg  ffffffff 00000000 S netmgrd
radio     685   197   20036  768   20    0     0     0     fg  ffffffff 00000000 S netmgrd
radio     687   197   20036  768   20    0     0     0     fg  ffffffff 00000000 S netmgrd
radio     688   197   20036  768   20    0     0     0     fg  ffffffff 00000000 S netmgrd
radio     689   197   20036  768   20    0     0     0     fg  ffffffff 00000000 S netmgrd
nobody    198   1     59912  1964  20    0     0     0     fg  ffffffff 00000000 S /system/bin/sensors.qcom
nobody    264   198   59912  1964  20    0     0     0     fg  ffffffff 00000000 S sensors.qcom
nobody    265   198   59912  1964  20    0     0     0     fg  ffffffff 00000000 S sensors.qcom
nobody    515   198   59912  1964  20    0     0     0     fg  ffffffff 00000000 S sensors.qcom
nobody    516   198   59912  1964  20    0     0     0     fg  ffffffff 00000000 S sensors.qcom
nobody    517   198   59912  1964  20    0     0     0     fg  ffffffff 00000000 S sensors.qcom
nobody    532   198   59912  1964  20    0     0     0     fg  ffffffff 00000000 S sensors.qcom
nobody    541   198   59912  1964  20    0     0     0     fg  ffffffff 00000000 S sensors.qcom
nobody    548   198   59912  1964  20    0     0     0     fg  ffffffff 00000000 S sensors.qcom
nobody    549   198   59912  1964  20    0     0     0     fg  ffffffff 00000000 S sensors.qcom
nobody    550   198   59912  1964  20    0     0     0     fg  ffffffff 00000000 S sensors.qcom
nobody    551   198   59912  1964  20    0     0     0     fg  ffffffff 00000000 S sensors.qcom
nobody    552   198   59912  1964  20    0     0     0     fg  ffffffff 00000000 S sensors.qcom
nobody    553   198   59912  1964  20    0     0     0     fg  ffffffff 00000000 S sensors.qcom
nobody    554   198   59912  1964  20    0     0     0     fg  ffffffff 00000000 S sensors.qcom
nobody    555   198   59912  1964  20    0     0     0     fg  ffffffff 00000000 S sensors.qcom
nobody    556   198   59912  1964  20    0     0     0     fg  ffffffff 00000000 S sensors.qcom
nobody    560   198   59912  1964  20    0     0     0     fg  ffffffff 00000000 S sensors.qcom
nobody    570   198   59912  1964  20    0     0     0     fg  ffffffff 00000000 S sensors.qcom
nobody    577   198   59912  1964  20    0     0     0     fg  ffffffff 00000000 S sensors.qcom
nobody    578   198   59912  1964  20    0     0     0     fg  ffffffff 00000000 S sensors.qcom
nobody    681   198   59912  1964  20    0     0     0     fg  ffffffff 00000000 S sensors.qcom
nobody    684   198   59912  1964  20    0     0     0     fg  ffffffff 00000000 S sensors.qcom
nobody    730   198   59912  1964  20    0     0     0     fg  ffffffff 00000000 S sensors.qcom
nobody    736   198   59912  1964  20    0     0     0     fg  ffffffff 00000000 S sensors.qcom
nobody    738   198   59912  1964  20    0     0     0     fg  ffffffff 00000000 S sensors.qcom
nobody    740   198   59912  1964  20    0     0     0     fg  ffffffff 00000000 S sensors.qcom
nobody    742   198   59912  1964  20    0     0     0     fg  ffffffff 00000000 S sensors.qcom
nobody    744   198   59912  1964  20    0     0     0     fg  ffffffff 00000000 S sensors.qcom
nobody    746   198   59912  1964  20    0     0     0     fg  ffffffff 00000000 S sensors.qcom
nobody    748   198   59912  1964  20    0     0     0     fg  ffffffff 00000000 S sensors.qcom
nobody    750   198   59912  1964  20    0     0     0     fg  ffffffff 00000000 S sensors.qcom
nobody    752   198   59912  1964  20    0     0     0     fg  ffffffff 00000000 S sensors.qcom
nobody    754   198   59912  1964  20    0     0     0     fg  ffffffff 00000000 S sensors.qcom
nobody    756   198   59912  1964  20    0     0     0     fg  ffffffff 00000000 S sensors.qcom
nobody    758   198   59912  1964  20    0     0     0     fg  ffffffff 00000000 S sensors.qcom
nobody    760   198   59912  1964  20    0     0     0     fg  ffffffff 00000000 S sensors.qcom
nobody    762   198   59912  1964  20    0     0     0     fg  ffffffff 00000000 S sensors.qcom
nobody    764   198   59912  1964  20    0     0     0     fg  ffffffff 00000000 S sensors.qcom
nobody    766   198   59912  1964  20    0     0     0     fg  ffffffff 00000000 S sensors.qcom
nobody    768   198   59912  1964  20    0     0     0     fg  ffffffff 00000000 S sensors.qcom
nobody    770   198   59912  1964  20    0     0     0     fg  ffffffff 00000000 S sensors.qcom
nobody    833   198   59912  1964  20    0     0     0     fg  ffffffff 00000000 S sensors.qcom
nobody    840   198   59912  1964  20    0     0     0     fg  ffffffff 00000000 S sensors.qcom
root      202   1     1456292 60260 20    0     0     0     fg  ffffffff 00000000 S zygote
root      4811  202   1456292 60260 20    0     0     0     fg  ffffffff 00000000 S ReferenceQueueD
root      4817  202   1456292 60260 20    0     0     0     fg  ffffffff 00000000 S FinalizerDaemon
root      4826  202   1456292 60260 20    0     0     0     fg  ffffffff 00000000 S FinalizerWatchd
root      4831  202   1456292 60260 20    0     0     0     fg  ffffffff 00000000 S HeapTrimmerDaem
root      4833  202   1456292 60260 20    0     0     0     fg  ffffffff 00000000 S GCDaemon
media_rw  203   1     15400  416   20    0     0     0     fg  ffffffff 00000000 S /system/bin/sdcard
media_rw  253   203   15400  416   20    0     0     0     fg  ffffffff 00000000 S sdcard
media_rw  254   203   15400  416   20    0     0     0     fg  ffffffff 00000000 S sdcard
camera    204   1     16300  4904  20    0     0     0     fg  ffffffff 00000000 S /system/bin/mm-qcamera-daemon
system    205   1     20500  1292  20    0     0     0     fg  ffffffff 00000000 S /system/bin/time_daemon
system    266   205   20500  1292  20    0     0     0     fg  ffffffff 00000000 S time_daemon
system    514   205   20500  1292  20    0     0     0     fg  ffffffff 00000000 S time_daemon
system    676   205   20500  1292  20    0     0     0     fg  ffffffff 00000000 S time_daemon
system    677   205   20500  1292  20    0     0     0     fg  ffffffff 00000000 S time_daemon
system    678   205   20500  1292  20    0     0     0     fg  ffffffff 00000000 S time_daemon
root      206   1     29268  220   20    0     0     0     fg  ffffffff 00000000 S /sbin/adbd
root      207   206   29268  220   20    0     0     0     fg  ffffffff 00000000 S adbd
root      208   206   29268  220   20    0     0     0     fg  ffffffff 00000000 S adbd
root      209   206   29268  220   20    0     0     0     fg  ffffffff 00000000 S adbd
root      4988  206   29268  220   20    0     0     0     fg  ffffffff 00000000 S adbd
root      5081  206   29268  220   20    0     0     0     fg  ffffffff 00000000 S adbd
root      5083  206   29268  220   20    0     0     0     fg  ffffffff 00000000 S adbd
root      5087  206   29268  220   20    0     0     0     fg  ffffffff 00000000 S adbd
root      5089  206   29268  220   20    0     0     0     fg  ffffffff 00000000 S adbd
root      5091  206   29268  220   20    0     0     0     fg  ffffffff 00000000 S adbd
root      5093  206   29268  220   20    0     0     0     fg  ffffffff 00000000 S adbd
root      5095  206   29268  220   20    0     0     0     fg  ffffffff 00000000 S adbd
root      5218  206   29268  220   20    0     0     0     fg  ffffffff 00000000 S adbd
root      5220  206   29268  220   20    0     0     0     fg  ffffffff 00000000 S adbd
root      5224  206   29268  220   20    0     0     0     fg  ffffffff 00000000 S adbd
root      5226  206   29268  220   20    0     0     0     fg  ffffffff 00000000 S adbd
root      5230  206   29268  220   20    0     0     0     fg  ffffffff 00000000 S adbd
root      210   2     0      0     20    0     0     0     fg  ffffffff 00000000 S msm_slim_qmi_cl
root      211   2     0      0     0     -20   0     0     fg  ffffffff 00000000 S msm_qmi_rtx_q
root      214   2     0      0     -51   0     50    1     fg  ffffffff 00000000 S irq/288-wcd9xxx
root      220   2     0      0     20    0     0     0     fg  ffffffff 00000000 S kauditd
root      287   2     0      0     -17   0     16    1     fg  ffffffff 00000000 D mdss_fb0
root      512   2     0      0     0     -20   0     0     fg  ffffffff 00000000 S IPCRTR
root      513   2     0      0     0     -20   0     0     fg  ffffffff 00000000 S ipc_rtr_smd_ipc
