==>Fri Apr 14 18:42:00 2017
MemTotal:        1900556 kB
MemFree:         1002228 kB
Buffers:            9688 kB
Cached:           299564 kB
SwapCached:            0 kB
Active:           364972 kB
Inactive:         243224 kB
Active(anon):     298972 kB
Inactive(anon):      420 kB
Active(file):      66000 kB
Inactive(file):   242804 kB
Unevictable:           0 kB
Mlocked:               0 kB
HighTotal:       1158144 kB
HighFree:         335036 kB
LowTotal:         742412 kB
LowFree:          667192 kB
SwapTotal:             0 kB
SwapFree:              0 kB
Dirty:                64 kB
Writeback:             0 kB
AnonPages:        298980 kB
Mapped:           110060 kB
Shmem:               464 kB
Slab:              34004 kB
SReclaimable:      13208 kB
SUnreclaim:        20796 kB
KernelStack:        8104 kB
PageTables:        11988 kB
NFS_Unstable:          0 kB
Bounce:                0 kB
WritebackTmp:          0 kB
CommitLimit:      950276 kB
Committed_AS:   36066812 kB
VmallocTotal:     245760 kB
VmallocUsed:       62400 kB
VmallocChunk:      80544 kB
==>Fri Apr 14 18:42:11 2017
MemTotal:        1900556 kB
MemFree:         1008932 kB
Buffers:            9976 kB
Cached:           301916 kB
SwapCached:            0 kB
Active:           338844 kB
Inactive:         245640 kB
Active(anon):     272620 kB
Inactive(anon):      420 kB
Active(file):      66224 kB
Inactive(file):   245220 kB
Unevictable:           0 kB
Mlocked:               0 kB
HighTotal:       1158144 kB
HighFree:         344192 kB
LowTotal:         742412 kB
LowFree:          664740 kB
SwapTotal:             0 kB
SwapFree:              0 kB
Dirty:               208 kB
Writeback:             0 kB
AnonPages:        272556 kB
Mapped:           118700 kB
Shmem:               464 kB
Slab:              36012 kB
SReclaimable:      14636 kB
SUnreclaim:        21376 kB
KernelStack:        8312 kB
PageTables:        11872 kB
NFS_Unstable:          0 kB
Bounce:                0 kB
WritebackTmp:          0 kB
CommitLimit:      950276 kB
Committed_AS:   35947652 kB
VmallocTotal:     245760 kB
VmallocUsed:       62504 kB
VmallocChunk:      80544 kB
==>Fri Apr 14 18:42:21 2017
MemTotal:        1900556 kB
MemFree:          999128 kB
Buffers:           10016 kB
Cached:           302016 kB
SwapCached:            0 kB
Active:           339924 kB
Inactive:         245760 kB
Active(anon):     273680 kB
Inactive(anon):      420 kB
Active(file):      66244 kB
Inactive(file):   245340 kB
Unevictable:           0 kB
Mlocked:               0 kB
HighTotal:       1158144 kB
HighFree:         334224 kB
LowTotal:         742412 kB
LowFree:          664904 kB
SwapTotal:             0 kB
SwapFree:              0 kB
Dirty:                60 kB
Writeback:             0 kB
AnonPages:        273668 kB
Mapped:           123792 kB
Shmem:               464 kB
Slab:              36032 kB
SReclaimable:      14648 kB
SUnreclaim:        21384 kB
KernelStack:        8552 kB
PageTables:        11936 kB
NFS_Unstable:          0 kB
Bounce:                0 kB
WritebackTmp:          0 kB
CommitLimit:      950276 kB
Committed_AS:   35964660 kB
VmallocTotal:     245760 kB
VmallocUsed:       62568 kB
VmallocChunk:      80544 kB
==>Fri Apr 14 18:42:31 2017
MemTotal:        1900556 kB
MemFree:          974372 kB
Buffers:           10072 kB
Cached:           302036 kB
SwapCached:            0 kB
Active:           344636 kB
Inactive:         245232 kB
Active(anon):     277788 kB
Inactive(anon):      420 kB
Active(file):      66848 kB
Inactive(file):   244812 kB
Unevictable:           0 kB
Mlocked:               0 kB
HighTotal:       1158144 kB
HighFree:         311648 kB
LowTotal:         742412 kB
LowFree:          662724 kB
SwapTotal:             0 kB
SwapFree:              0 kB
Dirty:                60 kB
Writeback:             0 kB
AnonPages:        277780 kB
Mapped:           125480 kB
Shmem:               464 kB
Slab:              37312 kB
SReclaimable:      15568 kB
SUnreclaim:        21744 kB
KernelStack:        8408 kB
PageTables:        12032 kB
NFS_Unstable:          0 kB
Bounce:                0 kB
WritebackTmp:          0 kB
CommitLimit:      950276 kB
Committed_AS:   35969556 kB
VmallocTotal:     245760 kB
VmallocUsed:       63676 kB
VmallocChunk:      75648 kB
==>Fri Apr 14 18:42:41 2017
MemTotal:        1900556 kB
MemFree:          962008 kB
Buffers:           10268 kB
Cached:           302296 kB
SwapCached:            0 kB
Active:           352792 kB
Inactive:         245616 kB
Active(anon):     285872 kB
Inactive(anon):      484 kB
Active(file):      66920 kB
Inactive(file):   245132 kB
Unevictable:           0 kB
Mlocked:               0 kB
HighTotal:       1158144 kB
HighFree:         299492 kB
LowTotal:         742412 kB
LowFree:          662516 kB
SwapTotal:             0 kB
SwapFree:              0 kB
Dirty:               124 kB
Writeback:             0 kB
AnonPages:        285908 kB
Mapped:           133812 kB
Shmem:               528 kB
Slab:              37476 kB
SReclaimable:      15604 kB
SUnreclaim:        21872 kB
KernelStack:        8512 kB
PageTables:        11952 kB
NFS_Unstable:          0 kB
Bounce:                0 kB
WritebackTmp:          0 kB
CommitLimit:      950276 kB
Committed_AS:   35962504 kB
VmallocTotal:     245760 kB
VmallocUsed:       62676 kB
VmallocChunk:      80544 kB
==>Fri Apr 14 18:42:51 2017
MemTotal:        1900556 kB
MemFree:          932956 kB
Buffers:           10416 kB
Cached:           309224 kB
SwapCached:            0 kB
Active:           370796 kB
Inactive:         252228 kB
Active(anon):     303412 kB
Inactive(anon):     7164 kB
Active(file):      67384 kB
Inactive(file):   245064 kB
Unevictable:           0 kB
Mlocked:               0 kB
HighTotal:       1158144 kB
HighFree:         270764 kB
LowTotal:         742412 kB
LowFree:          662192 kB
SwapTotal:             0 kB
SwapFree:              0 kB
Dirty:               100 kB
Writeback:             0 kB
AnonPages:        303380 kB
Mapped:           142864 kB
Shmem:              7208 kB
Slab:              37460 kB
SReclaimable:      15620 kB
SUnreclaim:        21840 kB
KernelStack:        8864 kB
PageTables:        12100 kB
NFS_Unstable:          0 kB
Bounce:                0 kB
WritebackTmp:          0 kB
CommitLimit:      950276 kB
Committed_AS:   36244492 kB
VmallocTotal:     245760 kB
VmallocUsed:       63704 kB
VmallocChunk:      80544 kB
==>Fri Apr 14 18:43:01 2017
MemTotal:        1900556 kB
MemFree:          937276 kB
Buffers:           10532 kB
Cached:           312312 kB
SwapCached:            0 kB
Active:           362484 kB
Inactive:         255140 kB
Active(anon):     294808 kB
Inactive(anon):     9920 kB
Active(file):      67676 kB
Inactive(file):   245220 kB
Unevictable:           0 kB
Mlocked:               0 kB
HighTotal:       1158144 kB
HighFree:         275524 kB
LowTotal:         742412 kB
LowFree:          661752 kB
SwapTotal:             0 kB
SwapFree:              0 kB
Dirty:               236 kB
Writeback:             0 kB
AnonPages:        294776 kB
Mapped:           147156 kB
Shmem:              9964 kB
Slab:              37600 kB
SReclaimable:      15664 kB
SUnreclaim:        21936 kB
KernelStack:        8584 kB
PageTables:        12168 kB
NFS_Unstable:          0 kB
Bounce:                0 kB
WritebackTmp:          0 kB
CommitLimit:      950276 kB
Committed_AS:   36234744 kB
VmallocTotal:     245760 kB
VmallocUsed:       63704 kB
VmallocChunk:      75648 kB
==>Fri Apr 14 18:43:11 2017
MemTotal:        1900556 kB
MemFree:          890160 kB
Buffers:           10652 kB
Cached:           322624 kB
SwapCached:            0 kB
Active:           371680 kB
Inactive:         265540 kB
Active(anon):     303972 kB
Inactive(anon):    20088 kB
Active(file):      67708 kB
Inactive(file):   245452 kB
Unevictable:           0 kB
Mlocked:               0 kB
HighTotal:       1158144 kB
HighFree:         228468 kB
LowTotal:         742412 kB
LowFree:          661692 kB
SwapTotal:             0 kB
SwapFree:              0 kB
Dirty:                72 kB
Writeback:             0 kB
AnonPages:        304068 kB
Mapped:           165692 kB
Shmem:             20132 kB
Slab:              37768 kB
SReclaimable:      15680 kB
SUnreclaim:        22088 kB
KernelStack:        8520 kB
PageTables:        12124 kB
NFS_Unstable:          0 kB
Bounce:                0 kB
WritebackTmp:          0 kB
CommitLimit:      950276 kB
Committed_AS:   36244500 kB
VmallocTotal:     245760 kB
VmallocUsed:       62688 kB
VmallocChunk:      80544 kB
==>Fri Apr 14 18:43:21 2017
MemTotal:        1900556 kB
MemFree:          883964 kB
Buffers:           10672 kB
Cached:           322628 kB
SwapCached:            0 kB
Active:           378132 kB
Inactive:         265560 kB
Active(anon):     310420 kB
Inactive(anon):    20092 kB
Active(file):      67712 kB
Inactive(file):   245468 kB
Unevictable:           0 kB
Mlocked:               0 kB
HighTotal:       1158144 kB
HighFree:         222300 kB
LowTotal:         742412 kB
LowFree:          661664 kB
SwapTotal:             0 kB
SwapFree:              0 kB
Dirty:                40 kB
Writeback:             0 kB
AnonPages:        310192 kB
Mapped:           166096 kB
Shmem:             20136 kB
Slab:              37896 kB
SReclaimable:      15680 kB
SUnreclaim:        22216 kB
KernelStack:        8496 kB
PageTables:        12220 kB
NFS_Unstable:          0 kB
Bounce:                0 kB
WritebackTmp:          0 kB
CommitLimit:      950276 kB
Committed_AS:   36265224 kB
VmallocTotal:     245760 kB
VmallocUsed:       64728 kB
VmallocChunk:      80544 kB
==>Fri Apr 14 18:43:31 2017
MemTotal:        1900556 kB
MemFree:          889432 kB
Buffers:           10796 kB
Cached:           323156 kB
SwapCached:            0 kB
Active:           370272 kB
Inactive:         266204 kB
Active(anon):     302552 kB
Inactive(anon):    20100 kB
Active(file):      67720 kB
Inactive(file):   246104 kB
Unevictable:           0 kB
Mlocked:               0 kB
HighTotal:       1158144 kB
HighFree:         228540 kB
LowTotal:         742412 kB
LowFree:          660892 kB
SwapTotal:             0 kB
SwapFree:              0 kB
Dirty:               232 kB
Writeback:             0 kB
AnonPages:        302500 kB
Mapped:           166904 kB
Shmem:             20144 kB
Slab:              37924 kB
SReclaimable:      15688 kB
SUnreclaim:        22236 kB
KernelStack:        8616 kB
PageTables:        12344 kB
NFS_Unstable:          0 kB
Bounce:                0 kB
WritebackTmp:          0 kB
CommitLimit:      950276 kB
Committed_AS:   36302236 kB
VmallocTotal:     245760 kB
VmallocUsed:       63716 kB
VmallocChunk:      80544 kB
==>Fri Apr 14 18:43:41 2017
MemTotal:        1900556 kB
MemFree:          860972 kB
Buffers:           10812 kB
Cached:           323328 kB
SwapCached:            0 kB
Active:           393320 kB
Inactive:         265872 kB
Active(anon):     325088 kB
Inactive(anon):    20268 kB
Active(file):      68232 kB
Inactive(file):   245604 kB
Unevictable:           0 kB
Mlocked:               0 kB
HighTotal:       1158144 kB
HighFree:         200048 kB
LowTotal:         742412 kB
LowFree:          660924 kB
SwapTotal:             0 kB
SwapFree:              0 kB
Dirty:                44 kB
Writeback:             0 kB
AnonPages:        325148 kB
Mapped:           187148 kB
Shmem:             20320 kB
Slab:              37908 kB
SReclaimable:      15680 kB
SUnreclaim:        22228 kB
KernelStack:        8520 kB
PageTables:        12268 kB
NFS_Unstable:          0 kB
Bounce:                0 kB
WritebackTmp:          0 kB
CommitLimit:      950276 kB
Committed_AS:   36320860 kB
VmallocTotal:     245760 kB
VmallocUsed:       62712 kB
VmallocChunk:      80544 kB
==>Fri Apr 14 18:43:51 2017
MemTotal:        1900556 kB
MemFree:          864408 kB
Buffers:           10828 kB
Cached:           323432 kB
SwapCached:            0 kB
Active:           392436 kB
Inactive:         264432 kB
Active(anon):     322636 kB
Inactive(anon):    20360 kB
Active(file):      69800 kB
Inactive(file):   244072 kB
Unevictable:           0 kB
Mlocked:               0 kB
HighTotal:       1158144 kB
HighFree:         203004 kB
LowTotal:         742412 kB
LowFree:          661404 kB
SwapTotal:             0 kB
SwapFree:              0 kB
Dirty:                 0 kB
Writeback:             0 kB
AnonPages:        322632 kB
Mapped:           187196 kB
Shmem:             20404 kB
Slab:              37956 kB
SReclaimable:      15680 kB
SUnreclaim:        22276 kB
KernelStack:        8376 kB
PageTables:        12360 kB
NFS_Unstable:          0 kB
Bounce:                0 kB
WritebackTmp:          0 kB
CommitLimit:      950276 kB
Committed_AS:   36325700 kB
VmallocTotal:     245760 kB
VmallocUsed:       62712 kB
VmallocChunk:      80544 kB
==>Fri Apr 14 18:44:01 2017
MemTotal:        1900556 kB
MemFree:          867976 kB
Buffers:           10844 kB
Cached:           324864 kB
SwapCached:            0 kB
Active:           383572 kB
Inactive:         265804 kB
Active(anon):     313696 kB
Inactive(anon):    21804 kB
Active(file):      69876 kB
Inactive(file):   244000 kB
Unevictable:           0 kB
Mlocked:               0 kB
HighTotal:       1158144 kB
HighFree:         206992 kB
LowTotal:         742412 kB
LowFree:          660984 kB
SwapTotal:             0 kB
SwapFree:              0 kB
Dirty:                28 kB
Writeback:             0 kB
AnonPages:        313604 kB
Mapped:           192004 kB
Shmem:             21848 kB
Slab:              37940 kB
SReclaimable:      15680 kB
SUnreclaim:        22260 kB
KernelStack:        8400 kB
PageTables:        12260 kB
NFS_Unstable:          0 kB
Bounce:                0 kB
WritebackTmp:          0 kB
CommitLimit:      950276 kB
Committed_AS:   36299808 kB
VmallocTotal:     245760 kB
VmallocUsed:       62712 kB
VmallocChunk:      80544 kB
==>Fri Apr 14 18:44:11 2017
MemTotal:        1900556 kB
MemFree:          861060 kB
Buffers:           10868 kB
Cached:           325404 kB
SwapCached:            0 kB
Active:           380752 kB
Inactive:         266248 kB
Active(anon):     310740 kB
Inactive(anon):    21840 kB
Active(file):      70012 kB
Inactive(file):   244408 kB
Unevictable:           0 kB
Mlocked:               0 kB
HighTotal:       1158144 kB
HighFree:         199652 kB
LowTotal:         742412 kB
LowFree:          661408 kB
SwapTotal:             0 kB
SwapFree:              0 kB
Dirty:               284 kB
Writeback:             0 kB
AnonPages:        310724 kB
Mapped:           192720 kB
Shmem:             21884 kB
Slab:              37952 kB
SReclaimable:      15688 kB
SUnreclaim:        22264 kB
KernelStack:        8392 kB
PageTables:        12320 kB
NFS_Unstable:          0 kB
Bounce:                0 kB
WritebackTmp:          0 kB
CommitLimit:      950276 kB
Committed_AS:   36310216 kB
VmallocTotal:     245760 kB
VmallocUsed:       63732 kB
VmallocChunk:      80544 kB
==>Fri Apr 14 18:44:21 2017
MemTotal:        1900556 kB
MemFree:          860096 kB
Buffers:           10900 kB
Cached:           325432 kB
SwapCached:            0 kB
Active:           380652 kB
Inactive:         266280 kB
Active(anon):     310628 kB
Inactive(anon):    21880 kB
Active(file):      70024 kB
Inactive(file):   244400 kB
Unevictable:           0 kB
Mlocked:               0 kB
HighTotal:       1158144 kB
HighFree:         199248 kB
LowTotal:         742412 kB
LowFree:          660848 kB
SwapTotal:             0 kB
SwapFree:              0 kB
Dirty:                 4 kB
Writeback:             0 kB
AnonPages:        310568 kB
Mapped:           200440 kB
Shmem:             21924 kB
Slab:              37980 kB
SReclaimable:      15692 kB
SUnreclaim:        22288 kB
KernelStack:        8392 kB
PageTables:        12384 kB
NFS_Unstable:          0 kB
Bounce:                0 kB
WritebackTmp:          0 kB
CommitLimit:      950276 kB
Committed_AS:   36334204 kB
VmallocTotal:     245760 kB
VmallocUsed:       63740 kB
VmallocChunk:      80544 kB
==>Fri Apr 14 18:44:31 2017
MemTotal:        1900556 kB
MemFree:          857320 kB
Buffers:           10956 kB
Cached:           325524 kB
SwapCached:            0 kB
Active:           383664 kB
Inactive:         266428 kB
Active(anon):     313640 kB
Inactive(anon):    21948 kB
Active(file):      70024 kB
Inactive(file):   244480 kB
Unevictable:           0 kB
Mlocked:               0 kB
HighTotal:       1158144 kB
HighFree:         196252 kB
LowTotal:         742412 kB
LowFree:          661068 kB
SwapTotal:             0 kB
SwapFree:              0 kB
Dirty:                16 kB
Writeback:             0 kB
AnonPages:        313792 kB
Mapped:           208536 kB
Shmem:             21992 kB
Slab:              37940 kB
SReclaimable:      15684 kB
SUnreclaim:        22256 kB
KernelStack:        8400 kB
PageTables:        12484 kB
NFS_Unstable:          0 kB
Bounce:                0 kB
WritebackTmp:          0 kB
CommitLimit:      950276 kB
Committed_AS:   36339072 kB
VmallocTotal:     245760 kB
VmallocUsed:       62712 kB
VmallocChunk:      80544 kB
==>Fri Apr 14 18:44:41 2017
MemTotal:        1900556 kB
MemFree:          858160 kB
Buffers:           10988 kB
Cached:           325520 kB
SwapCached:            0 kB
Active:           382692 kB
Inactive:         266456 kB
Active(anon):     312668 kB
Inactive(anon):    21952 kB
Active(file):      70024 kB
Inactive(file):   244504 kB
Unevictable:           0 kB
Mlocked:               0 kB
HighTotal:       1158144 kB
HighFree:         197404 kB
LowTotal:         742412 kB
LowFree:          660756 kB
SwapTotal:             0 kB
SwapFree:              0 kB
Dirty:                 0 kB
Writeback:             0 kB
AnonPages:        312660 kB
Mapped:           208532 kB
Shmem:             21996 kB
Slab:              37996 kB
SReclaimable:      15680 kB
SUnreclaim:        22316 kB
KernelStack:        8328 kB
PageTables:        12316 kB
NFS_Unstable:          0 kB
Bounce:                0 kB
WritebackTmp:          0 kB
CommitLimit:      950276 kB
Committed_AS:   36317636 kB
VmallocTotal:     245760 kB
VmallocUsed:       62712 kB
VmallocChunk:      80544 kB
==>Fri Apr 14 18:44:51 2017
MemTotal:        1900556 kB
MemFree:          857816 kB
Buffers:           10988 kB
Cached:           326792 kB
SwapCached:            0 kB
Active:           381644 kB
Inactive:         267728 kB
Active(anon):     311620 kB
Inactive(anon):    23216 kB
Active(file):      70024 kB
Inactive(file):   244512 kB
Unevictable:           0 kB
Mlocked:               0 kB
HighTotal:       1158144 kB
HighFree:         196628 kB
LowTotal:         742412 kB
LowFree:          661188 kB
SwapTotal:             0 kB
SwapFree:              0 kB
Dirty:                 0 kB
Writeback:             0 kB
AnonPages:        311596 kB
Mapped:           210000 kB
Shmem:             23260 kB
Slab:              37880 kB
SReclaimable:      15696 kB
SUnreclaim:        22184 kB
KernelStack:        8264 kB
PageTables:        12492 kB
NFS_Unstable:          0 kB
Bounce:                0 kB
WritebackTmp:          0 kB
CommitLimit:      950276 kB
Committed_AS:   36355836 kB
VmallocTotal:     245760 kB
VmallocUsed:       62712 kB
VmallocChunk:      80544 kB
==>Fri Apr 14 18:45:01 2017
MemTotal:        1900556 kB
MemFree:          856004 kB
Buffers:           10988 kB
Cached:           326880 kB
SwapCached:            0 kB
Active:           382348 kB
Inactive:         267816 kB
Active(anon):     312324 kB
Inactive(anon):    23304 kB
Active(file):      70024 kB
Inactive(file):   244512 kB
Unevictable:           0 kB
Mlocked:               0 kB
HighTotal:       1158144 kB
HighFree:         195408 kB
LowTotal:         742412 kB
LowFree:          660596 kB
SwapTotal:             0 kB
SwapFree:              0 kB
Dirty:                 0 kB
Writeback:             0 kB
AnonPages:        312388 kB
Mapped:           209944 kB
Shmem:             23348 kB
Slab:              37816 kB
SReclaimable:      15696 kB
SUnreclaim:        22120 kB
KernelStack:        8400 kB
PageTables:        12292 kB
NFS_Unstable:          0 kB
Bounce:                0 kB
WritebackTmp:          0 kB
CommitLimit:      950276 kB
Committed_AS:   36309076 kB
VmallocTotal:     245760 kB
VmallocUsed:       62720 kB
VmallocChunk:      80544 kB
==>Fri Apr 14 18:45:11 2017
MemTotal:        1900556 kB
MemFree:          855760 kB
Buffers:           10988 kB
Cached:           326944 kB
SwapCached:            0 kB
Active:           382460 kB
Inactive:         267880 kB
Active(anon):     312436 kB
Inactive(anon):    23368 kB
Active(file):      70024 kB
Inactive(file):   244512 kB
Unevictable:           0 kB
Mlocked:               0 kB
HighTotal:       1158144 kB
HighFree:         195124 kB
LowTotal:         742412 kB
LowFree:          660636 kB
SwapTotal:             0 kB
SwapFree:              0 kB
Dirty:                 0 kB
Writeback:             0 kB
AnonPages:        312516 kB
Mapped:           210300 kB
Shmem:             23412 kB
Slab:              37936 kB
SReclaimable:      15696 kB
SUnreclaim:        22240 kB
KernelStack:        8408 kB
PageTables:        12316 kB
NFS_Unstable:          0 kB
Bounce:                0 kB
WritebackTmp:          0 kB
CommitLimit:      950276 kB
Committed_AS:   36299420 kB
VmallocTotal:     245760 kB
VmallocUsed:       62712 kB
VmallocChunk:      80544 kB
==>Fri Apr 14 18:45:21 2017
MemTotal:        1900556 kB
MemFree:          861636 kB
Buffers:           10988 kB
Cached:           326992 kB
SwapCached:            0 kB
Active:           376744 kB
Inactive:         267928 kB
Active(anon):     306720 kB
Inactive(anon):    23416 kB
Active(file):      70024 kB
Inactive(file):   244512 kB
Unevictable:           0 kB
Mlocked:               0 kB
HighTotal:       1158144 kB
HighFree:         200900 kB
LowTotal:         742412 kB
LowFree:          660736 kB
SwapTotal:             0 kB
SwapFree:              0 kB
Dirty:                 0 kB
Writeback:             0 kB
AnonPages:        306704 kB
Mapped:           210296 kB
Shmem:             23460 kB
Slab:              37924 kB
SReclaimable:      15696 kB
SUnreclaim:        22228 kB
KernelStack:        8408 kB
PageTables:        12304 kB
NFS_Unstable:          0 kB
Bounce:                0 kB
WritebackTmp:          0 kB
CommitLimit:      950276 kB
Committed_AS:   36310376 kB
VmallocTotal:     245760 kB
VmallocUsed:       62712 kB
VmallocChunk:      80544 kB
==>Fri Apr 14 18:45:31 2017
MemTotal:        1900556 kB
MemFree:          861856 kB
Buffers:           10988 kB
Cached:           326996 kB
SwapCached:            0 kB
Active:           377196 kB
Inactive:         267932 kB
Active(anon):     307172 kB
Inactive(anon):    23420 kB
Active(file):      70024 kB
Inactive(file):   244512 kB
Unevictable:           0 kB
Mlocked:               0 kB
HighTotal:       1158144 kB
HighFree:         201080 kB
LowTotal:         742412 kB
LowFree:          660776 kB
SwapTotal:             0 kB
SwapFree:              0 kB
Dirty:                 0 kB
Writeback:             0 kB
AnonPages:        307144 kB
Mapped:           210164 kB
Shmem:             23464 kB
Slab:              37952 kB
SReclaimable:      15696 kB
SUnreclaim:        22256 kB
KernelStack:        8368 kB
PageTables:        12392 kB
NFS_Unstable:          0 kB
Bounce:                0 kB
WritebackTmp:          0 kB
CommitLimit:      950276 kB
Committed_AS:   36303920 kB
VmallocTotal:     245760 kB
VmallocUsed:       62712 kB
VmallocChunk:      80544 kB
==>Fri Apr 14 18:45:41 2017
MemTotal:        1900556 kB
MemFree:          860716 kB
Buffers:           11076 kB
Cached:           327124 kB
SwapCached:            0 kB
Active:           377904 kB
Inactive:         268144 kB
Active(anon):     307876 kB
Inactive(anon):    23556 kB
Active(file):      70028 kB
Inactive(file):   244588 kB
Unevictable:           0 kB
Mlocked:               0 kB
HighTotal:       1158144 kB
HighFree:         200468 kB
LowTotal:         742412 kB
LowFree:          660248 kB
SwapTotal:             0 kB
SwapFree:              0 kB
Dirty:                 4 kB
Writeback:             0 kB
AnonPages:        308032 kB
Mapped:           210460 kB
Shmem:             23600 kB
Slab:              37936 kB
SReclaimable:      15696 kB
SUnreclaim:        22240 kB
KernelStack:        8472 kB
PageTables:        12324 kB
NFS_Unstable:          0 kB
Bounce:                0 kB
WritebackTmp:          0 kB
CommitLimit:      950276 kB
Committed_AS:   36304952 kB
VmallocTotal:     245760 kB
VmallocUsed:       62712 kB
VmallocChunk:      80544 kB
==>Fri Apr 14 18:45:51 2017
MemTotal:        1900556 kB
MemFree:          861816 kB
Buffers:           11188 kB
Cached:           327136 kB
SwapCached:            0 kB
Active:           376996 kB
Inactive:         268264 kB
Active(anon):     306964 kB
Inactive(anon):    23556 kB
Active(file):      70032 kB
Inactive(file):   244708 kB
Unevictable:           0 kB
Mlocked:               0 kB
HighTotal:       1158144 kB
HighFree:         200980 kB
LowTotal:         742412 kB
LowFree:          660836 kB
SwapTotal:             0 kB
SwapFree:              0 kB
Dirty:                60 kB
Writeback:             0 kB
AnonPages:        306868 kB
Mapped:           210056 kB
Shmem:             23600 kB
Slab:              37940 kB
SReclaimable:      15708 kB
SUnreclaim:        22232 kB
KernelStack:        8240 kB
PageTables:        12392 kB
NFS_Unstable:          0 kB
Bounce:                0 kB
WritebackTmp:          0 kB
CommitLimit:      950276 kB
Committed_AS:   36286016 kB
VmallocTotal:     245760 kB
VmallocUsed:       62712 kB
VmallocChunk:      80544 kB
==>Fri Apr 14 18:46:01 2017
MemTotal:        1900556 kB
MemFree:          860984 kB
Buffers:           11196 kB
Cached:           327136 kB
SwapCached:            0 kB
Active:           377984 kB
Inactive:         268276 kB
Active(anon):     307956 kB
Inactive(anon):    23560 kB
Active(file):      70028 kB
Inactive(file):   244716 kB
Unevictable:           0 kB
Mlocked:               0 kB
HighTotal:       1158144 kB
HighFree:         200228 kB
LowTotal:         742412 kB
LowFree:          660756 kB
SwapTotal:             0 kB
SwapFree:              0 kB
Dirty:                 0 kB
Writeback:             0 kB
AnonPages:        307984 kB
Mapped:           210044 kB
Shmem:             23604 kB
Slab:              37820 kB
SReclaimable:      15708 kB
SUnreclaim:        22112 kB
KernelStack:        8376 kB
PageTables:        12296 kB
NFS_Unstable:          0 kB
Bounce:                0 kB
WritebackTmp:          0 kB
CommitLimit:      950276 kB
Committed_AS:   36290980 kB
VmallocTotal:     245760 kB
VmallocUsed:       62712 kB
VmallocChunk:      80544 kB
==>Fri Apr 14 18:46:11 2017
MemTotal:        1900556 kB
MemFree:          860680 kB
Buffers:           11260 kB
Cached:           327136 kB
SwapCached:            0 kB
Active:           378300 kB
Inactive:         268340 kB
Active(anon):     308272 kB
Inactive(anon):    23560 kB
Active(file):      70028 kB
Inactive(file):   244780 kB
Unevictable:           0 kB
Mlocked:               0 kB
HighTotal:       1158144 kB
HighFree:         200016 kB
LowTotal:         742412 kB
LowFree:          660664 kB
SwapTotal:             0 kB
SwapFree:              0 kB
Dirty:                68 kB
Writeback:             0 kB
AnonPages:        308264 kB
Mapped:           210048 kB
Shmem:             23604 kB
Slab:              37832 kB
SReclaimable:      15716 kB
SUnreclaim:        22116 kB
KernelStack:        8376 kB
PageTables:        12396 kB
NFS_Unstable:          0 kB
Bounce:                0 kB
WritebackTmp:          0 kB
CommitLimit:      950276 kB
Committed_AS:   36299784 kB
VmallocTotal:     245760 kB
VmallocUsed:       62712 kB
VmallocChunk:      80544 kB
==>Fri Apr 14 18:46:21 2017
MemTotal:        1900556 kB
MemFree:          860096 kB
Buffers:           11316 kB
Cached:           327140 kB
SwapCached:            0 kB
Active:           378432 kB
Inactive:         268400 kB
Active(anon):     308404 kB
Inactive(anon):    23564 kB
Active(file):      70028 kB
Inactive(file):   244836 kB
Unevictable:           0 kB
Mlocked:               0 kB
HighTotal:       1158144 kB
HighFree:         199532 kB
LowTotal:         742412 kB
LowFree:          660564 kB
SwapTotal:             0 kB
SwapFree:              0 kB
Dirty:                68 kB
Writeback:             0 kB
AnonPages:        308504 kB
Mapped:           210052 kB
Shmem:             23608 kB
Slab:              37932 kB
SReclaimable:      15712 kB
SUnreclaim:        22220 kB
KernelStack:        8240 kB
PageTables:        12296 kB
NFS_Unstable:          0 kB
Bounce:                0 kB
WritebackTmp:          0 kB
CommitLimit:      950276 kB
Committed_AS:   36284740 kB
VmallocTotal:     245760 kB
VmallocUsed:       63732 kB
VmallocChunk:      80544 kB
==>Fri Apr 14 18:46:31 2017
MemTotal:        1900556 kB
MemFree:          859148 kB
Buffers:           11340 kB
Cached:           327140 kB
SwapCached:            0 kB
Active:           378640 kB
Inactive:         268424 kB
Active(anon):     308612 kB
Inactive(anon):    23564 kB
Active(file):      70028 kB
Inactive(file):   244860 kB
Unevictable:           0 kB
Mlocked:               0 kB
HighTotal:       1158144 kB
HighFree:         199128 kB
LowTotal:         742412 kB
LowFree:          660020 kB
SwapTotal:             0 kB
SwapFree:              0 kB
Dirty:                16 kB
Writeback:             0 kB
AnonPages:        308536 kB
Mapped:           210424 kB
Shmem:             23608 kB
Slab:              37932 kB
SReclaimable:      15712 kB
SUnreclaim:        22220 kB
KernelStack:        8376 kB
PageTables:        12396 kB
NFS_Unstable:          0 kB
Bounce:                0 kB
WritebackTmp:          0 kB
CommitLimit:      950276 kB
Committed_AS:   36313100 kB
VmallocTotal:     245760 kB
VmallocUsed:       62712 kB
VmallocChunk:      80544 kB
==>Fri Apr 14 18:46:41 2017
MemTotal:        1900556 kB
MemFree:          860888 kB
Buffers:           11340 kB
Cached:           327144 kB
SwapCached:            0 kB
Active:           378456 kB
Inactive:         268428 kB
Active(anon):     308428 kB
Inactive(anon):    23568 kB
Active(file):      70028 kB
Inactive(file):   244860 kB
Unevictable:           0 kB
Mlocked:               0 kB
HighTotal:       1158144 kB
HighFree:         200480 kB
LowTotal:         742412 kB
LowFree:          660408 kB
SwapTotal:             0 kB
SwapFree:              0 kB
Dirty:                 0 kB
Writeback:             0 kB
AnonPages:        308580 kB
Mapped:           210388 kB
Shmem:             23612 kB
Slab:              37940 kB
SReclaimable:      15712 kB
SUnreclaim:        22228 kB
KernelStack:        8232 kB
PageTables:        12396 kB
NFS_Unstable:          0 kB
Bounce:                0 kB
WritebackTmp:          0 kB
CommitLimit:      950276 kB
Committed_AS:   36336912 kB
VmallocTotal:     245760 kB
VmallocUsed:       62712 kB
VmallocChunk:      80544 kB
==>Fri Apr 14 18:46:51 2017
MemTotal:        1900556 kB
MemFree:          859424 kB
Buffers:           11340 kB
Cached:           327152 kB
SwapCached:            0 kB
Active:           379032 kB
Inactive:         268436 kB
Active(anon):     309004 kB
Inactive(anon):    23576 kB
Active(file):      70028 kB
Inactive(file):   244860 kB
Unevictable:           0 kB
Mlocked:               0 kB
HighTotal:       1158144 kB
HighFree:         199192 kB
LowTotal:         742412 kB
LowFree:          660232 kB
SwapTotal:             0 kB
SwapFree:              0 kB
Dirty:                 0 kB
Writeback:             0 kB
AnonPages:        308992 kB
Mapped:           210396 kB
Shmem:             23620 kB
Slab:              37952 kB
SReclaimable:      15704 kB
SUnreclaim:        22248 kB
KernelStack:        8232 kB
PageTables:        12296 kB
NFS_Unstable:          0 kB
Bounce:                0 kB
WritebackTmp:          0 kB
CommitLimit:      950276 kB
Committed_AS:   36309128 kB
VmallocTotal:     245760 kB
VmallocUsed:       62712 kB
VmallocChunk:      80544 kB
==>Fri Apr 14 18:47:01 2017
MemTotal:        1900556 kB
MemFree:          860516 kB
Buffers:           11420 kB
Cached:           327152 kB
SwapCached:            0 kB
Active:           378972 kB
Inactive:         268516 kB
Active(anon):     308944 kB
Inactive(anon):    23576 kB
Active(file):      70028 kB
Inactive(file):   244940 kB
Unevictable:           0 kB
Mlocked:               0 kB
HighTotal:       1158144 kB
HighFree:         200084 kB
LowTotal:         742412 kB
LowFree:          660432 kB
SwapTotal:             0 kB
SwapFree:              0 kB
Dirty:                 0 kB
Writeback:             0 kB
AnonPages:        308968 kB
Mapped:           209956 kB
Shmem:             23620 kB
Slab:              37956 kB
SReclaimable:      15704 kB
SUnreclaim:        22252 kB
KernelStack:        8400 kB
PageTables:        12392 kB
NFS_Unstable:          0 kB
Bounce:                0 kB
WritebackTmp:          0 kB
CommitLimit:      950276 kB
Committed_AS:   36321716 kB
VmallocTotal:     245760 kB
VmallocUsed:       62712 kB
VmallocChunk:      80544 kB
==>Fri Apr 14 18:47:11 2017
MemTotal:        1900556 kB
MemFree:          855020 kB
Buffers:           11440 kB
Cached:           327436 kB
SwapCached:            0 kB
Active:           380560 kB
Inactive:         268532 kB
Active(anon):     310244 kB
Inactive(anon):    23576 kB
Active(file):      70316 kB
Inactive(file):   244956 kB
Unevictable:           0 kB
Mlocked:               0 kB
HighTotal:       1158144 kB
HighFree:         194500 kB
LowTotal:         742412 kB
LowFree:          660520 kB
SwapTotal:             0 kB
SwapFree:              0 kB
Dirty:               332 kB
Writeback:             0 kB
AnonPages:        310252 kB
Mapped:           214308 kB
Shmem:             23620 kB
Slab:              38000 kB
SReclaimable:      15708 kB
SUnreclaim:        22292 kB
KernelStack:        8264 kB
PageTables:        12400 kB
NFS_Unstable:          0 kB
Bounce:                0 kB
WritebackTmp:          0 kB
CommitLimit:      950276 kB
Committed_AS:   36334192 kB
VmallocTotal:     245760 kB
VmallocUsed:       62736 kB
VmallocChunk:      80544 kB
==>Fri Apr 14 18:47:21 2017
MemTotal:        1900556 kB
MemFree:          844868 kB
Buffers:           11448 kB
Cached:           327480 kB
SwapCached:            0 kB
Active:           389148 kB
Inactive:         268552 kB
Active(anon):     318832 kB
Inactive(anon):    23588 kB
Active(file):      70316 kB
Inactive(file):   244964 kB
Unevictable:           0 kB
Mlocked:               0 kB
HighTotal:       1158144 kB
HighFree:         184584 kB
LowTotal:         742412 kB
LowFree:          660284 kB
SwapTotal:             0 kB
SwapFree:              0 kB
Dirty:                 0 kB
Writeback:             0 kB
AnonPages:        318512 kB
Mapped:           214520 kB
Shmem:             23664 kB
Slab:              37972 kB
SReclaimable:      15708 kB
SUnreclaim:        22264 kB
KernelStack:        8392 kB
PageTables:        12320 kB
NFS_Unstable:          0 kB
Bounce:                0 kB
WritebackTmp:          0 kB
CommitLimit:      950276 kB
Committed_AS:   36302020 kB
VmallocTotal:     245760 kB
VmallocUsed:       62744 kB
VmallocChunk:      80544 kB
==>Fri Apr 14 18:47:31 2017
MemTotal:        1900556 kB
MemFree:          849108 kB
Buffers:           11448 kB
Cached:           327484 kB
SwapCached:            0 kB
Active:           385288 kB
Inactive:         268588 kB
Active(anon):     314972 kB
Inactive(anon):    23624 kB
Active(file):      70316 kB
Inactive(file):   244964 kB
Unevictable:           0 kB
Mlocked:               0 kB
HighTotal:       1158144 kB
HighFree:         188692 kB
LowTotal:         742412 kB
LowFree:          660416 kB
SwapTotal:             0 kB
SwapFree:              0 kB
Dirty:                 0 kB
Writeback:             0 kB
AnonPages:        314712 kB
Mapped:           214512 kB
Shmem:             23668 kB
Slab:              37972 kB
SReclaimable:      15708 kB
SUnreclaim:        22264 kB
KernelStack:        8400 kB
PageTables:        12312 kB
NFS_Unstable:          0 kB
Bounce:                0 kB
WritebackTmp:          0 kB
CommitLimit:      950276 kB
Committed_AS:   36310532 kB
VmallocTotal:     245760 kB
VmallocUsed:       62736 kB
VmallocChunk:      80544 kB
==>Fri Apr 14 18:47:41 2017
MemTotal:        1900556 kB
MemFree:          849476 kB
Buffers:           11464 kB
Cached:           327516 kB
SwapCached:            0 kB
Active:           384748 kB
Inactive:         268636 kB
Active(anon):     314432 kB
Inactive(anon):    23656 kB
Active(file):      70316 kB
Inactive(file):   244980 kB
Unevictable:           0 kB
Mlocked:               0 kB
HighTotal:       1158144 kB
HighFree:         188908 kB
LowTotal:         742412 kB
LowFree:          660568 kB
SwapTotal:             0 kB
SwapFree:              0 kB
Dirty:                24 kB
Writeback:             0 kB
AnonPages:        314308 kB
Mapped:           214632 kB
Shmem:             23700 kB
Slab:              37992 kB
SReclaimable:      15708 kB
SUnreclaim:        22284 kB
KernelStack:        8264 kB
PageTables:        12412 kB
NFS_Unstable:          0 kB
Bounce:                0 kB
WritebackTmp:          0 kB
CommitLimit:      950276 kB
Committed_AS:   36333732 kB
VmallocTotal:     245760 kB
VmallocUsed:       62736 kB
VmallocChunk:      80544 kB
==>Fri Apr 14 18:47:51 2017
MemTotal:        1900556 kB
MemFree:          846520 kB
Buffers:           11528 kB
Cached:           327548 kB
SwapCached:            0 kB
Active:           385276 kB
Inactive:         268732 kB
Active(anon):     314960 kB
Inactive(anon):    23684 kB
Active(file):      70316 kB
Inactive(file):   245048 kB
Unevictable:           0 kB
Mlocked:               0 kB
HighTotal:       1158144 kB
HighFree:         187172 kB
LowTotal:         742412 kB
LowFree:          659348 kB
SwapTotal:             0 kB
SwapFree:              0 kB
Dirty:                 0 kB
Writeback:             0 kB
AnonPages:        314960 kB
Mapped:           214956 kB
Shmem:             23728 kB
Slab:              37976 kB
SReclaimable:      15708 kB
SUnreclaim:        22268 kB
KernelStack:        8392 kB
PageTables:        12612 kB
NFS_Unstable:          0 kB
Bounce:                0 kB
WritebackTmp:          0 kB
CommitLimit:      950276 kB
Committed_AS:   36343116 kB
VmallocTotal:     245760 kB
VmallocUsed:       62736 kB
VmallocChunk:      80544 kB
==>Fri Apr 14 18:48:01 2017
MemTotal:        1900556 kB
MemFree:          853776 kB
Buffers:           11544 kB
Cached:           327540 kB
SwapCached:            0 kB
Active:           380720 kB
Inactive:         268736 kB
Active(anon):     310400 kB
Inactive(anon):    23684 kB
Active(file):      70320 kB
Inactive(file):   245052 kB
Unevictable:           0 kB
Mlocked:               0 kB
HighTotal:       1158144 kB
HighFree:         193124 kB
LowTotal:         742412 kB
LowFree:          660652 kB
SwapTotal:             0 kB
SwapFree:              0 kB
Dirty:                24 kB
Writeback:             0 kB
AnonPages:        310416 kB
Mapped:           214880 kB
Shmem:             23728 kB
Slab:              37980 kB
SReclaimable:      15708 kB
SUnreclaim:        22272 kB
KernelStack:        8256 kB
PageTables:        12412 kB
NFS_Unstable:          0 kB
Bounce:                0 kB
WritebackTmp:          0 kB
CommitLimit:      950276 kB
Committed_AS:   36316836 kB
VmallocTotal:     245760 kB
VmallocUsed:       62736 kB
VmallocChunk:      80544 kB
==>Fri Apr 14 18:48:11 2017
MemTotal:        1900556 kB
MemFree:          852584 kB
Buffers:           11632 kB
Cached:           327544 kB
SwapCached:            0 kB
Active:           381400 kB
Inactive:         268832 kB
Active(anon):     311084 kB
Inactive(anon):    23684 kB
Active(file):      70316 kB
Inactive(file):   245148 kB
Unevictable:           0 kB
Mlocked:               0 kB
HighTotal:       1158144 kB
HighFree:         192484 kB
LowTotal:         742412 kB
LowFree:          660100 kB
SwapTotal:             0 kB
SwapFree:              0 kB
Dirty:                64 kB
Writeback:             0 kB
AnonPages:        311160 kB
Mapped:           214884 kB
Shmem:             23728 kB
Slab:              38032 kB
SReclaimable:      15708 kB
SUnreclaim:        22324 kB
KernelStack:        8248 kB
PageTables:        12312 kB
NFS_Unstable:          0 kB
Bounce:                0 kB
WritebackTmp:          0 kB
CommitLimit:      950276 kB
Committed_AS:   36298236 kB
VmallocTotal:     245760 kB
VmallocUsed:       62744 kB
VmallocChunk:      80544 kB
==>Fri Apr 14 18:48:21 2017
MemTotal:        1900556 kB
MemFree:          851040 kB
Buffers:           11656 kB
Cached:           327548 kB
SwapCached:            0 kB
Active:           381900 kB
Inactive:         268860 kB
Active(anon):     311584 kB
Inactive(anon):    23688 kB
Active(file):      70316 kB
Inactive(file):   245172 kB
Unevictable:           0 kB
Mlocked:               0 kB
HighTotal:       1158144 kB
HighFree:         191020 kB
LowTotal:         742412 kB
LowFree:          660020 kB
SwapTotal:             0 kB
SwapFree:              0 kB
Dirty:                16 kB
Writeback:             0 kB
AnonPages:        311692 kB
Mapped:           214912 kB
Shmem:             23732 kB
Slab:              37984 kB
SReclaimable:      15700 kB
SUnreclaim:        22284 kB
KernelStack:        8184 kB
PageTables:        12412 kB
NFS_Unstable:          0 kB
Bounce:                0 kB
WritebackTmp:          0 kB
CommitLimit:      950276 kB
Committed_AS:   36315128 kB
VmallocTotal:     245760 kB
VmallocUsed:       62736 kB
VmallocChunk:      80544 kB
==>Fri Apr 14 18:48:31 2017
MemTotal:        1900556 kB
MemFree:          850964 kB
Buffers:           11656 kB
Cached:           327556 kB
SwapCached:            0 kB
Active:           382052 kB
Inactive:         268868 kB
Active(anon):     311736 kB
Inactive(anon):    23696 kB
Active(file):      70316 kB
Inactive(file):   245172 kB
Unevictable:           0 kB
Mlocked:               0 kB
HighTotal:       1158144 kB
HighFree:         191004 kB
LowTotal:         742412 kB
LowFree:          659960 kB
SwapTotal:             0 kB
SwapFree:              0 kB
Dirty:                 0 kB
Writeback:             0 kB
AnonPages:        311624 kB
Mapped:           214920 kB
Shmem:             23740 kB
Slab:              37984 kB
SReclaimable:      15700 kB
SUnreclaim:        22284 kB
KernelStack:        8320 kB
PageTables:        12412 kB
NFS_Unstable:          0 kB
Bounce:                0 kB
WritebackTmp:          0 kB
CommitLimit:      950276 kB
Committed_AS:   36299700 kB
VmallocTotal:     245760 kB
VmallocUsed:       62736 kB
VmallocChunk:      80544 kB
==>Fri Apr 14 18:48:41 2017
MemTotal:        1900556 kB
MemFree:          850388 kB
Buffers:           11656 kB
Cached:           327564 kB
SwapCached:            0 kB
Active:           382424 kB
Inactive:         268876 kB
Active(anon):     312108 kB
Inactive(anon):    23704 kB
Active(file):      70316 kB
Inactive(file):   245172 kB
Unevictable:           0 kB
Mlocked:               0 kB
HighTotal:       1158144 kB
HighFree:         190344 kB
LowTotal:         742412 kB
LowFree:          660044 kB
SwapTotal:             0 kB
SwapFree:              0 kB
Dirty:                 0 kB
Writeback:             0 kB
AnonPages:        311996 kB
Mapped:           214912 kB
Shmem:             23748 kB
Slab:              37968 kB
SReclaimable:      15708 kB
SUnreclaim:        22260 kB
KernelStack:        8320 kB
PageTables:        12312 kB
NFS_Unstable:          0 kB
Bounce:                0 kB
WritebackTmp:          0 kB
CommitLimit:      950276 kB
Committed_AS:   36315180 kB
VmallocTotal:     245760 kB
VmallocUsed:       62736 kB
VmallocChunk:      80544 kB
==>Fri Apr 14 18:48:51 2017
MemTotal:        1900556 kB
MemFree:          850848 kB
Buffers:           11712 kB
Cached:           327568 kB
SwapCached:            0 kB
Active:           382056 kB
Inactive:         268936 kB
Active(anon):     311740 kB
Inactive(anon):    23708 kB
Active(file):      70316 kB
Inactive(file):   245228 kB
Unevictable:           0 kB
Mlocked:               0 kB
HighTotal:       1158144 kB
HighFree:         190788 kB
LowTotal:         742412 kB
LowFree:          660060 kB
SwapTotal:             0 kB
SwapFree:              0 kB
Dirty:                64 kB
Writeback:             0 kB
AnonPages:        311820 kB
Mapped:           214916 kB
Shmem:             23752 kB
Slab:              37916 kB
SReclaimable:      15708 kB
SUnreclaim:        22208 kB
KernelStack:        8320 kB
PageTables:        12312 kB
NFS_Unstable:          0 kB
Bounce:                0 kB
WritebackTmp:          0 kB
CommitLimit:      950276 kB
Committed_AS:   36294676 kB
VmallocTotal:     245760 kB
VmallocUsed:       62744 kB
VmallocChunk:      80544 kB
==>Fri Apr 14 18:49:01 2017
MemTotal:        1900556 kB
MemFree:          850876 kB
Buffers:           11720 kB
Cached:           327572 kB
SwapCached:            0 kB
Active:           382112 kB
Inactive:         268948 kB
Active(anon):     311796 kB
Inactive(anon):    23712 kB
Active(file):      70316 kB
Inactive(file):   245236 kB
Unevictable:           0 kB
Mlocked:               0 kB
HighTotal:       1158144 kB
HighFree:         190828 kB
LowTotal:         742412 kB
LowFree:          660048 kB
SwapTotal:             0 kB
SwapFree:              0 kB
Dirty:                 0 kB
Writeback:             0 kB
AnonPages:        311876 kB
Mapped:           215000 kB
Shmem:             23756 kB
Slab:              37920 kB
SReclaimable:      15712 kB
SUnreclaim:        22208 kB
KernelStack:        8304 kB
PageTables:        12412 kB
NFS_Unstable:          0 kB
Bounce:                0 kB
WritebackTmp:          0 kB
CommitLimit:      950276 kB
Committed_AS:   36295640 kB
VmallocTotal:     245760 kB
VmallocUsed:       62736 kB
VmallocChunk:      80544 kB
==>Fri Apr 14 18:49:11 2017
MemTotal:        1900556 kB
MemFree:          850516 kB
Buffers:           11720 kB
Cached:           327572 kB
SwapCached:            0 kB
Active:           382588 kB
Inactive:         268948 kB
Active(anon):     312272 kB
Inactive(anon):    23712 kB
Active(file):      70316 kB
Inactive(file):   245236 kB
Unevictable:           0 kB
Mlocked:               0 kB
HighTotal:       1158144 kB
HighFree:         190536 kB
LowTotal:         742412 kB
LowFree:          659980 kB
SwapTotal:             0 kB
SwapFree:              0 kB
Dirty:                 0 kB
Writeback:             0 kB
AnonPages:        312260 kB
Mapped:           215000 kB
Shmem:             23756 kB
Slab:              37988 kB
SReclaimable:      15712 kB
SUnreclaim:        22276 kB
KernelStack:        8288 kB
PageTables:        12412 kB
NFS_Unstable:          0 kB
Bounce:                0 kB
WritebackTmp:          0 kB
CommitLimit:      950276 kB
Committed_AS:   36323688 kB
VmallocTotal:     245760 kB
VmallocUsed:       62736 kB
VmallocChunk:      80544 kB
==>Fri Apr 14 18:49:21 2017
MemTotal:        1900556 kB
MemFree:          850692 kB
Buffers:           11816 kB
Cached:           327572 kB
SwapCached:            0 kB
Active:           382392 kB
Inactive:         269044 kB
Active(anon):     312076 kB
Inactive(anon):    23712 kB
Active(file):      70316 kB
Inactive(file):   245332 kB
Unevictable:           0 kB
Mlocked:               0 kB
HighTotal:       1158144 kB
HighFree:         190552 kB
LowTotal:         742412 kB
LowFree:          660140 kB
SwapTotal:             0 kB
SwapFree:              0 kB
Dirty:                 4 kB
Writeback:             0 kB
AnonPages:        311940 kB
Mapped:           215000 kB
Shmem:             23756 kB
Slab:              37972 kB
SReclaimable:      15728 kB
SUnreclaim:        22244 kB
KernelStack:        8184 kB
PageTables:        12412 kB
NFS_Unstable:          0 kB
Bounce:                0 kB
WritebackTmp:          0 kB
CommitLimit:      950276 kB
Committed_AS:   36303760 kB
VmallocTotal:     245760 kB
VmallocUsed:       62736 kB
VmallocChunk:      80544 kB
==>Fri Apr 14 18:49:31 2017
MemTotal:        1900556 kB
MemFree:          847808 kB
Buffers:           11852 kB
Cached:           327880 kB
SwapCached:            0 kB
Active:           384160 kB
Inactive:         269368 kB
Active(anon):     313828 kB
Inactive(anon):    23724 kB
Active(file):      70332 kB
Inactive(file):   245644 kB
Unevictable:           0 kB
Mlocked:               0 kB
HighTotal:       1158144 kB
HighFree:         187816 kB
LowTotal:         742412 kB
LowFree:          659992 kB
SwapTotal:             0 kB
SwapFree:              0 kB
Dirty:               328 kB
Writeback:             0 kB
AnonPages:        313864 kB
Mapped:           216440 kB
Shmem:             23772 kB
Slab:              37912 kB
SReclaimable:      15732 kB
SUnreclaim:        22180 kB
KernelStack:        8328 kB
PageTables:        12420 kB
NFS_Unstable:          0 kB
Bounce:                0 kB
WritebackTmp:          0 kB
CommitLimit:      950276 kB
Committed_AS:   36325524 kB
VmallocTotal:     245760 kB
VmallocUsed:       62744 kB
VmallocChunk:      80544 kB
==>Fri Apr 14 18:49:41 2017
MemTotal:        1900556 kB
MemFree:          848972 kB
Buffers:           11892 kB
Cached:           327940 kB
SwapCached:            0 kB
Active:           382972 kB
Inactive:         269460 kB
Active(anon):     312628 kB
Inactive(anon):    23788 kB
Active(file):      70344 kB
Inactive(file):   245672 kB
Unevictable:           0 kB
Mlocked:               0 kB
HighTotal:       1158144 kB
HighFree:         188892 kB
LowTotal:         742412 kB
LowFree:          660080 kB
SwapTotal:             0 kB
SwapFree:              0 kB
Dirty:                20 kB
Writeback:             0 kB
AnonPages:        312600 kB
Mapped:           215836 kB
Shmem:             23832 kB
Slab:              37980 kB
SReclaimable:      15732 kB
SUnreclaim:        22248 kB
KernelStack:        8184 kB
PageTables:        12416 kB
NFS_Unstable:          0 kB
Bounce:                0 kB
WritebackTmp:          0 kB
CommitLimit:      950276 kB
Committed_AS:   36319740 kB
VmallocTotal:     245760 kB
VmallocUsed:       62744 kB
VmallocChunk:      80544 kB
==>Fri Apr 14 18:49:51 2017
MemTotal:        1900556 kB
MemFree:          849228 kB
Buffers:           11900 kB
Cached:           327940 kB
SwapCached:            0 kB
Active:           383116 kB
Inactive:         269468 kB
Active(anon):     312772 kB
Inactive(anon):    23788 kB
Active(file):      70344 kB
Inactive(file):   245680 kB
Unevictable:           0 kB
Mlocked:               0 kB
HighTotal:       1158144 kB
HighFree:         189024 kB
LowTotal:         742412 kB
LowFree:          660204 kB
SwapTotal:             0 kB
SwapFree:              0 kB
Dirty:                36 kB
Writeback:             0 kB
AnonPages:        312724 kB
Mapped:           215560 kB
Shmem:             23832 kB
Slab:              37964 kB
SReclaimable:      15752 kB
SUnreclaim:        22212 kB
KernelStack:        8192 kB
PageTables:        12416 kB
NFS_Unstable:          0 kB
Bounce:                0 kB
WritebackTmp:          0 kB
CommitLimit:      950276 kB
Committed_AS:   36319508 kB
VmallocTotal:     245760 kB
VmallocUsed:       62736 kB
VmallocChunk:      80544 kB
==>Fri Apr 14 18:50:01 2017
MemTotal:        1900556 kB
MemFree:          848140 kB
Buffers:           11908 kB
Cached:           327944 kB
SwapCached:            0 kB
Active:           384044 kB
Inactive:         269480 kB
Active(anon):     313700 kB
Inactive(anon):    23792 kB
Active(file):      70344 kB
Inactive(file):   245688 kB
Unevictable:           0 kB
Mlocked:               0 kB
HighTotal:       1158144 kB
HighFree:         188124 kB
LowTotal:         742412 kB
LowFree:          660016 kB
SwapTotal:             0 kB
SwapFree:              0 kB
Dirty:                 0 kB
Writeback:             0 kB
AnonPages:        313604 kB
Mapped:           215448 kB
Shmem:             23836 kB
Slab:              37964 kB
SReclaimable:      15744 kB
SUnreclaim:        22220 kB
KernelStack:        8328 kB
PageTables:        12316 kB
NFS_Unstable:          0 kB
Bounce:                0 kB
WritebackTmp:          0 kB
CommitLimit:      950276 kB
Committed_AS:   36310000 kB
VmallocTotal:     245760 kB
VmallocUsed:       62736 kB
VmallocChunk:      80544 kB
==>Fri Apr 14 18:50:11 2017
MemTotal:        1900556 kB
MemFree:          848856 kB
Buffers:           11908 kB
Cached:           327948 kB
SwapCached:            0 kB
Active:           383744 kB
Inactive:         269484 kB
Active(anon):     313400 kB
Inactive(anon):    23796 kB
Active(file):      70344 kB
Inactive(file):   245688 kB
Unevictable:           0 kB
Mlocked:               0 kB
HighTotal:       1158144 kB
HighFree:         188668 kB
LowTotal:         742412 kB
LowFree:          660188 kB
SwapTotal:             0 kB
SwapFree:              0 kB
Dirty:                 0 kB
Writeback:             0 kB
AnonPages:        313584 kB
Mapped:           215452 kB
Shmem:             23840 kB
Slab:              37940 kB
SReclaimable:      15736 kB
SUnreclaim:        22204 kB
KernelStack:        8192 kB
PageTables:        12416 kB
NFS_Unstable:          0 kB
Bounce:                0 kB
WritebackTmp:          0 kB
CommitLimit:      950276 kB
Committed_AS:   36345208 kB
VmallocTotal:     245760 kB
VmallocUsed:       62736 kB
VmallocChunk:      80544 kB
==>Fri Apr 14 18:50:21 2017
MemTotal:        1900556 kB
MemFree:          848580 kB
Buffers:           11908 kB
Cached:           327948 kB
SwapCached:            0 kB
Active:           384244 kB
Inactive:         269484 kB
Active(anon):     313900 kB
Inactive(anon):    23796 kB
Active(file):      70344 kB
Inactive(file):   245688 kB
Unevictable:           0 kB
Mlocked:               0 kB
HighTotal:       1158144 kB
HighFree:         188644 kB
LowTotal:         742412 kB
LowFree:          659936 kB
SwapTotal:             0 kB
SwapFree:              0 kB
Dirty:                 0 kB
Writeback:             0 kB
AnonPages:        313968 kB
Mapped:           215572 kB
Shmem:             23840 kB
Slab:              38000 kB
SReclaimable:      15736 kB
SUnreclaim:        22264 kB
KernelStack:        8168 kB
PageTables:        12516 kB
NFS_Unstable:          0 kB
Bounce:                0 kB
WritebackTmp:          0 kB
CommitLimit:      950276 kB
Committed_AS:   36342224 kB
VmallocTotal:     245760 kB
VmallocUsed:       62744 kB
VmallocChunk:      80544 kB
==>Fri Apr 14 18:50:31 2017
MemTotal:        1900556 kB
MemFree:          848072 kB
Buffers:           11908 kB
Cached:           327952 kB
SwapCached:            0 kB
Active:           384760 kB
Inactive:         269488 kB
Active(anon):     314416 kB
Inactive(anon):    23800 kB
Active(file):      70344 kB
Inactive(file):   245688 kB
Unevictable:           0 kB
Mlocked:               0 kB
HighTotal:       1158144 kB
HighFree:         187864 kB
LowTotal:         742412 kB
LowFree:          660208 kB
SwapTotal:             0 kB
SwapFree:              0 kB
Dirty:                 0 kB
Writeback:             0 kB
AnonPages:        314560 kB
Mapped:           215640 kB
Shmem:             23844 kB
Slab:              37872 kB
SReclaimable:      15736 kB
SUnreclaim:        22136 kB
KernelStack:        8168 kB
PageTables:        12416 kB
NFS_Unstable:          0 kB
Bounce:                0 kB
WritebackTmp:          0 kB
CommitLimit:      950276 kB
Committed_AS:   36326080 kB
VmallocTotal:     245760 kB
VmallocUsed:       62736 kB
VmallocChunk:      80544 kB
==>Fri Apr 14 18:50:41 2017
MemTotal:        1900556 kB
MemFree:          847036 kB
Buffers:           11908 kB
Cached:           327956 kB
SwapCached:            0 kB
Active:           385704 kB
Inactive:         269492 kB
Active(anon):     315360 kB
Inactive(anon):    23804 kB
Active(file):      70344 kB
Inactive(file):   245688 kB
Unevictable:           0 kB
Mlocked:               0 kB
HighTotal:       1158144 kB
HighFree:         186884 kB
LowTotal:         742412 kB
LowFree:          660152 kB
SwapTotal:             0 kB
SwapFree:              0 kB
Dirty:                 0 kB
Writeback:             0 kB
AnonPages:        315212 kB
Mapped:           215660 kB
Shmem:             23848 kB
Slab:              37904 kB
SReclaimable:      15736 kB
SUnreclaim:        22168 kB
KernelStack:        8304 kB
PageTables:        12516 kB
NFS_Unstable:          0 kB
Bounce:                0 kB
WritebackTmp:          0 kB
CommitLimit:      950276 kB
Committed_AS:   36358872 kB
VmallocTotal:     245760 kB
VmallocUsed:       62736 kB
VmallocChunk:      80544 kB
==>Fri Apr 14 18:50:51 2017
MemTotal:        1900556 kB
MemFree:          846344 kB
Buffers:           11932 kB
Cached:           327964 kB
SwapCached:            0 kB
Active:           386100 kB
Inactive:         269524 kB
Active(anon):     315756 kB
Inactive(anon):    23812 kB
Active(file):      70344 kB
Inactive(file):   245712 kB
Unevictable:           0 kB
Mlocked:               0 kB
HighTotal:       1158144 kB
HighFree:         186288 kB
LowTotal:         742412 kB
LowFree:          660056 kB
SwapTotal:             0 kB
SwapFree:              0 kB
Dirty:                24 kB
Writeback:             0 kB
AnonPages:        315808 kB
Mapped:           215668 kB
Shmem:             23856 kB
Slab:              37980 kB
SReclaimable:      15736 kB
SUnreclaim:        22244 kB
KernelStack:        8304 kB
PageTables:        12516 kB
NFS_Unstable:          0 kB
Bounce:                0 kB
WritebackTmp:          0 kB
CommitLimit:      950276 kB
Committed_AS:   36330744 kB
VmallocTotal:     245760 kB
VmallocUsed:       62736 kB
VmallocChunk:      80544 kB
==>Fri Apr 14 18:51:01 2017
MemTotal:        1900556 kB
MemFree:          846752 kB
Buffers:           12012 kB
Cached:           327964 kB
SwapCached:            0 kB
Active:           385856 kB
Inactive:         269604 kB
Active(anon):     315512 kB
Inactive(anon):    23812 kB
Active(file):      70344 kB
Inactive(file):   245792 kB
Unevictable:           0 kB
Mlocked:               0 kB
HighTotal:       1158144 kB
HighFree:         186704 kB
LowTotal:         742412 kB
LowFree:          660048 kB
SwapTotal:             0 kB
SwapFree:              0 kB
Dirty:                16 kB
Writeback:             0 kB
AnonPages:        315420 kB
Mapped:           215668 kB
Shmem:             23856 kB
Slab:              38068 kB
SReclaimable:      15736 kB
SUnreclaim:        22332 kB
KernelStack:        8176 kB
PageTables:        12316 kB
NFS_Unstable:          0 kB
Bounce:                0 kB
WritebackTmp:          0 kB
CommitLimit:      950276 kB
Committed_AS:   36309596 kB
VmallocTotal:     245760 kB
VmallocUsed:       62736 kB
VmallocChunk:      80544 kB
==>Fri Apr 14 18:51:11 2017
MemTotal:        1900556 kB
MemFree:          846068 kB
Buffers:           12028 kB
Cached:           327964 kB
SwapCached:            0 kB
Active:           386264 kB
Inactive:         269612 kB
Active(anon):     315920 kB
Inactive(anon):    23812 kB
Active(file):      70344 kB
Inactive(file):   245800 kB
Unevictable:           0 kB
Mlocked:               0 kB
HighTotal:       1158144 kB
HighFree:         186328 kB
LowTotal:         742412 kB
LowFree:          659740 kB
SwapTotal:             0 kB
SwapFree:              0 kB
Dirty:                12 kB
Writeback:             0 kB
AnonPages:        315976 kB
Mapped:           215668 kB
Shmem:             23856 kB
Slab:              38040 kB
SReclaimable:      15736 kB
SUnreclaim:        22304 kB
KernelStack:        8176 kB
PageTables:        12316 kB
NFS_Unstable:          0 kB
Bounce:                0 kB
WritebackTmp:          0 kB
CommitLimit:      950276 kB
Committed_AS:   36293776 kB
VmallocTotal:     245760 kB
VmallocUsed:       62736 kB
VmallocChunk:      80544 kB
==>Fri Apr 14 18:51:21 2017
MemTotal:        1900556 kB
MemFree:          842052 kB
Buffers:           12052 kB
Cached:           327968 kB
SwapCached:            0 kB
Active:           387068 kB
Inactive:         269648 kB
Active(anon):     316724 kB
Inactive(anon):    23816 kB
Active(file):      70344 kB
Inactive(file):   245832 kB
Unevictable:           0 kB
Mlocked:               0 kB
HighTotal:       1158144 kB
HighFree:         182732 kB
LowTotal:         742412 kB
LowFree:          659320 kB
SwapTotal:             0 kB
SwapFree:              0 kB
Dirty:                 0 kB
Writeback:             0 kB
AnonPages:        316848 kB
Mapped:           215672 kB
Shmem:             23860 kB
Slab:              37980 kB
SReclaimable:      15736 kB
SUnreclaim:        22244 kB
KernelStack:        8296 kB
PageTables:        12268 kB
NFS_Unstable:          0 kB
Bounce:                0 kB
WritebackTmp:          0 kB
CommitLimit:      950276 kB
Committed_AS:   36319648 kB
VmallocTotal:     245760 kB
VmallocUsed:       62736 kB
VmallocChunk:      80544 kB
==>Fri Apr 14 18:51:31 2017
MemTotal:        1900556 kB
MemFree:          842884 kB
Buffers:           12060 kB
Cached:           327972 kB
SwapCached:            0 kB
Active:           387536 kB
Inactive:         269660 kB
Active(anon):     317192 kB
Inactive(anon):    23820 kB
Active(file):      70344 kB
Inactive(file):   245840 kB
Unevictable:           0 kB
Mlocked:               0 kB
HighTotal:       1158144 kB
HighFree:         182960 kB
LowTotal:         742412 kB
LowFree:          659924 kB
SwapTotal:             0 kB
SwapFree:              0 kB
Dirty:                 0 kB
Writeback:             0 kB
AnonPages:        317228 kB
Mapped:           217404 kB
Shmem:             23864 kB
Slab:              37980 kB
SReclaimable:      15736 kB
SUnreclaim:        22244 kB
KernelStack:        8288 kB
PageTables:        12312 kB
NFS_Unstable:          0 kB
Bounce:                0 kB
WritebackTmp:          0 kB
CommitLimit:      950276 kB
Committed_AS:   36300892 kB
VmallocTotal:     245760 kB
VmallocUsed:       62736 kB
VmallocChunk:      80544 kB
==>Fri Apr 14 18:51:41 2017
MemTotal:        1900556 kB
MemFree:          841324 kB
Buffers:           12132 kB
Cached:           327900 kB
SwapCached:            0 kB
Active:           388372 kB
Inactive:         269660 kB
Active(anon):     318028 kB
Inactive(anon):    23820 kB
Active(file):      70344 kB
Inactive(file):   245840 kB
Unevictable:           0 kB
Mlocked:               0 kB
HighTotal:       1158144 kB
HighFree:         182028 kB
LowTotal:         742412 kB
LowFree:          659296 kB
SwapTotal:             0 kB
SwapFree:              0 kB
Dirty:                 0 kB
Writeback:             0 kB
AnonPages:        318036 kB
Mapped:           217420 kB
Shmem:             23864 kB
Slab:              37892 kB
SReclaimable:      15736 kB
SUnreclaim:        22156 kB
KernelStack:        8160 kB
PageTables:        12636 kB
NFS_Unstable:          0 kB
Bounce:                0 kB
WritebackTmp:          0 kB
CommitLimit:      950276 kB
Committed_AS:   36358520 kB
VmallocTotal:     245760 kB
VmallocUsed:       62736 kB
VmallocChunk:      80544 kB
==>Fri Apr 14 18:51:51 2017
MemTotal:        1900556 kB
MemFree:          841352 kB
Buffers:           12148 kB
Cached:           327980 kB
SwapCached:            0 kB
Active:           389892 kB
Inactive:         269748 kB
Active(anon):     319540 kB
Inactive(anon):    23820 kB
Active(file):      70352 kB
Inactive(file):   245928 kB
Unevictable:           0 kB
Mlocked:               0 kB
HighTotal:       1158144 kB
HighFree:         181648 kB
LowTotal:         742412 kB
LowFree:          659704 kB
SwapTotal:             0 kB
SwapFree:              0 kB
Dirty:                64 kB
Writeback:             0 kB
AnonPages:        319636 kB
Mapped:           217424 kB
Shmem:             23864 kB
Slab:              37988 kB
SReclaimable:      15752 kB
SUnreclaim:        22236 kB
KernelStack:        8144 kB
PageTables:        12316 kB
NFS_Unstable:          0 kB
Bounce:                0 kB
WritebackTmp:          0 kB
CommitLimit:      950276 kB
Committed_AS:   36346704 kB
VmallocTotal:     245760 kB
VmallocUsed:       63756 kB
VmallocChunk:      80544 kB
==>Fri Apr 14 18:52:01 2017
MemTotal:        1900556 kB
MemFree:          841252 kB
Buffers:           12164 kB
Cached:           328044 kB
SwapCached:            0 kB
Active:           389604 kB
Inactive:         269828 kB
Active(anon):     319252 kB
Inactive(anon):    23888 kB
Active(file):      70352 kB
Inactive(file):   245940 kB
Unevictable:           0 kB
Mlocked:               0 kB
HighTotal:       1158144 kB
HighFree:         181352 kB
LowTotal:         742412 kB
LowFree:          659900 kB
SwapTotal:             0 kB
SwapFree:              0 kB
Dirty:                20 kB
Writeback:             0 kB
AnonPages:        319344 kB
Mapped:           217356 kB
Shmem:             23932 kB
Slab:              37896 kB
SReclaimable:      15752 kB
SUnreclaim:        22144 kB
KernelStack:        8184 kB
PageTables:        12412 kB
NFS_Unstable:          0 kB
Bounce:                0 kB
WritebackTmp:          0 kB
CommitLimit:      950276 kB
Committed_AS:   36307072 kB
VmallocTotal:     245760 kB
VmallocUsed:       63756 kB
VmallocChunk:      80544 kB
==>Fri Apr 14 18:52:11 2017
MemTotal:        1900556 kB
MemFree:          846504 kB
Buffers:           12188 kB
Cached:           328048 kB
SwapCached:            0 kB
Active:           384324 kB
Inactive:         269856 kB
Active(anon):     313972 kB
Inactive(anon):    23892 kB
Active(file):      70352 kB
Inactive(file):   245964 kB
Unevictable:           0 kB
Mlocked:               0 kB
HighTotal:       1158144 kB
HighFree:         186512 kB
LowTotal:         742412 kB
LowFree:          659992 kB
SwapTotal:             0 kB
SwapFree:              0 kB
Dirty:                 4 kB
Writeback:             0 kB
AnonPages:        313728 kB
Mapped:           217364 kB
Shmem:             23936 kB
Slab:              37912 kB
SReclaimable:      15752 kB
SUnreclaim:        22160 kB
KernelStack:        8272 kB
PageTables:        12412 kB
NFS_Unstable:          0 kB
Bounce:                0 kB
WritebackTmp:          0 kB
CommitLimit:      950276 kB
Committed_AS:   36299792 kB
VmallocTotal:     245760 kB
VmallocUsed:       62736 kB
VmallocChunk:      80544 kB
==>Fri Apr 14 18:52:21 2017
MemTotal:        1900556 kB
MemFree:          845796 kB
Buffers:           12188 kB
Cached:           328056 kB
SwapCached:            0 kB
Active:           384468 kB
Inactive:         269864 kB
Active(anon):     314116 kB
Inactive(anon):    23900 kB
Active(file):      70352 kB
Inactive(file):   245964 kB
Unevictable:           0 kB
Mlocked:               0 kB
HighTotal:       1158144 kB
HighFree:         185916 kB
LowTotal:         742412 kB
LowFree:          659880 kB
SwapTotal:             0 kB
SwapFree:              0 kB
Dirty:                 0 kB
Writeback:             0 kB
AnonPages:        314116 kB
Mapped:           217496 kB
Shmem:             23944 kB
Slab:              37880 kB
SReclaimable:      15752 kB
SUnreclaim:        22128 kB
KernelStack:        8272 kB
PageTables:        12312 kB
NFS_Unstable:          0 kB
Bounce:                0 kB
WritebackTmp:          0 kB
CommitLimit:      950276 kB
Committed_AS:   36301276 kB
VmallocTotal:     245760 kB
VmallocUsed:       62736 kB
VmallocChunk:      80544 kB
==>Fri Apr 14 18:52:31 2017
MemTotal:        1900556 kB
MemFree:          844960 kB
Buffers:           12220 kB
Cached:           328064 kB
SwapCached:            0 kB
Active:           385628 kB
Inactive:         269904 kB
Active(anon):     315276 kB
Inactive(anon):    23908 kB
Active(file):      70352 kB
Inactive(file):   245996 kB
Unevictable:           0 kB
Mlocked:               0 kB
HighTotal:       1158144 kB
HighFree:         185104 kB
LowTotal:         742412 kB
LowFree:          659856 kB
SwapTotal:             0 kB
SwapFree:              0 kB
Dirty:                24 kB
Writeback:             0 kB
AnonPages:        315292 kB
Mapped:           217132 kB
Shmem:             23952 kB
Slab:              37936 kB
SReclaimable:      15760 kB
SUnreclaim:        22176 kB
KernelStack:        8280 kB
PageTables:        12408 kB
NFS_Unstable:          0 kB
Bounce:                0 kB
WritebackTmp:          0 kB
CommitLimit:      950276 kB
Committed_AS:   36326220 kB
VmallocTotal:     245760 kB
VmallocUsed:       62736 kB
VmallocChunk:      80544 kB
==>Fri Apr 14 18:52:41 2017
MemTotal:        1900556 kB
MemFree:          844148 kB
Buffers:           12244 kB
Cached:           328584 kB
SwapCached:            0 kB
Active:           385600 kB
Inactive:         270448 kB
Active(anon):     315248 kB
Inactive(anon):    24428 kB
Active(file):      70352 kB
Inactive(file):   246020 kB
Unevictable:           0 kB
Mlocked:               0 kB
HighTotal:       1158144 kB
HighFree:         184644 kB
LowTotal:         742412 kB
LowFree:          659504 kB
SwapTotal:             0 kB
SwapFree:              0 kB
Dirty:                 0 kB
Writeback:             0 kB
AnonPages:        315328 kB
Mapped:           217876 kB
Shmem:             24472 kB
Slab:              37852 kB
SReclaimable:      15768 kB
SUnreclaim:        22084 kB
KernelStack:        8240 kB
PageTables:        12428 kB
NFS_Unstable:          0 kB
Bounce:                0 kB
WritebackTmp:          0 kB
CommitLimit:      950276 kB
Committed_AS:   36333756 kB
VmallocTotal:     245760 kB
VmallocUsed:       62744 kB
VmallocChunk:      80544 kB
==>Fri Apr 14 18:52:51 2017
MemTotal:        1900556 kB
MemFree:          844284 kB
Buffers:           12252 kB
Cached:           328588 kB
SwapCached:            0 kB
Active:           385312 kB
Inactive:         270460 kB
Active(anon):     314960 kB
Inactive(anon):    24432 kB
Active(file):      70352 kB
Inactive(file):   246028 kB
Unevictable:           0 kB
Mlocked:               0 kB
HighTotal:       1158144 kB
HighFree:         184428 kB
LowTotal:         742412 kB
LowFree:          659856 kB
SwapTotal:             0 kB
SwapFree:              0 kB
Dirty:                 0 kB
Writeback:             0 kB
AnonPages:        315016 kB
Mapped:           217916 kB
Shmem:             24476 kB
Slab:              37840 kB
SReclaimable:      15768 kB
SUnreclaim:        22072 kB
KernelStack:        8288 kB
PageTables:        12424 kB
NFS_Unstable:          0 kB
Bounce:                0 kB
WritebackTmp:          0 kB
CommitLimit:      950276 kB
Committed_AS:   36315548 kB
VmallocTotal:     245760 kB
VmallocUsed:       63764 kB
VmallocChunk:      80544 kB
==>Fri Apr 14 18:53:01 2017
MemTotal:        1900556 kB
MemFree:          845172 kB
Buffers:           12252 kB
Cached:           328596 kB
SwapCached:            0 kB
Active:           384536 kB
Inactive:         270468 kB
Active(anon):     314184 kB
Inactive(anon):    24440 kB
Active(file):      70352 kB
Inactive(file):   246028 kB
Unevictable:           0 kB
Mlocked:               0 kB
HighTotal:       1158144 kB
HighFree:         185424 kB
LowTotal:         742412 kB
LowFree:          659748 kB
SwapTotal:             0 kB
SwapFree:              0 kB
Dirty:                 0 kB
Writeback:             0 kB
AnonPages:        314348 kB
Mapped:           217912 kB
Shmem:             24484 kB
Slab:              37896 kB
SReclaimable:      15776 kB
SUnreclaim:        22120 kB
KernelStack:        8184 kB
PageTables:        12312 kB
NFS_Unstable:          0 kB
Bounce:                0 kB
WritebackTmp:          0 kB
CommitLimit:      950276 kB
Committed_AS:   36308644 kB
VmallocTotal:     245760 kB
VmallocUsed:       62736 kB
VmallocChunk:      80544 kB
==>Fri Apr 14 18:53:11 2017
MemTotal:        1900556 kB
MemFree:          844188 kB
Buffers:           12252 kB
Cached:           328600 kB
SwapCached:            0 kB
Active:           386040 kB
Inactive:         270472 kB
Active(anon):     315688 kB
Inactive(anon):    24444 kB
Active(file):      70352 kB
Inactive(file):   246028 kB
Unevictable:           0 kB
Mlocked:               0 kB
HighTotal:       1158144 kB
HighFree:         184496 kB
LowTotal:         742412 kB
LowFree:          659692 kB
SwapTotal:             0 kB
SwapFree:              0 kB
Dirty:                 0 kB
Writeback:             0 kB
AnonPages:        315688 kB
Mapped:           217928 kB
Shmem:             24488 kB
Slab:              37988 kB
SReclaimable:      15792 kB
SUnreclaim:        22196 kB
KernelStack:        8256 kB
PageTables:        12336 kB
NFS_Unstable:          0 kB
Bounce:                0 kB
WritebackTmp:          0 kB
CommitLimit:      950276 kB
Committed_AS:   36327076 kB
VmallocTotal:     245760 kB
VmallocUsed:       63764 kB
VmallocChunk:      75648 kB
==>Fri Apr 14 18:53:21 2017
MemTotal:        1900556 kB
MemFree:          843144 kB
Buffers:           12252 kB
Cached:           328604 kB
SwapCached:            0 kB
Active:           386088 kB
Inactive:         270476 kB
Active(anon):     315736 kB
Inactive(anon):    24448 kB
Active(file):      70352 kB
Inactive(file):   246028 kB
Unevictable:           0 kB
Mlocked:               0 kB
HighTotal:       1158144 kB
HighFree:         183696 kB
LowTotal:         742412 kB
LowFree:          659448 kB
SwapTotal:             0 kB
SwapFree:              0 kB
Dirty:                 0 kB
Writeback:             0 kB
AnonPages:        315896 kB
Mapped:           218068 kB
Shmem:             24492 kB
Slab:              37888 kB
SReclaimable:      15792 kB
SUnreclaim:        22096 kB
KernelStack:        8208 kB
PageTables:        12372 kB
NFS_Unstable:          0 kB
Bounce:                0 kB
WritebackTmp:          0 kB
CommitLimit:      950276 kB
Committed_AS:   36343856 kB
VmallocTotal:     245760 kB
VmallocUsed:       63756 kB
VmallocChunk:      75648 kB
==>Fri Apr 14 18:53:31 2017
MemTotal:        1900556 kB
MemFree:          844372 kB
Buffers:           12252 kB
Cached:           328604 kB
SwapCached:            0 kB
Active:           385440 kB
Inactive:         270476 kB
Active(anon):     315088 kB
Inactive(anon):    24448 kB
Active(file):      70352 kB
Inactive(file):   246028 kB
Unevictable:           0 kB
Mlocked:               0 kB
HighTotal:       1158144 kB
HighFree:         185184 kB
LowTotal:         742412 kB
LowFree:          659188 kB
SwapTotal:             0 kB
SwapFree:              0 kB
Dirty:                 0 kB
Writeback:             0 kB
AnonPages:        315076 kB
Mapped:           218052 kB
Shmem:             24492 kB
Slab:              37976 kB
SReclaimable:      15784 kB
SUnreclaim:        22192 kB
KernelStack:        8256 kB
PageTables:        12644 kB
NFS_Unstable:          0 kB
Bounce:                0 kB
WritebackTmp:          0 kB
CommitLimit:      950276 kB
Committed_AS:   36371300 kB
VmallocTotal:     245760 kB
VmallocUsed:       62736 kB
VmallocChunk:      80544 kB
==>Fri Apr 14 18:53:41 2017
MemTotal:        1900556 kB
MemFree:          843208 kB
Buffers:           12348 kB
Cached:           328588 kB
SwapCached:            0 kB
Active:           386040 kB
Inactive:         270544 kB
Active(anon):     315676 kB
Inactive(anon):    24448 kB
Active(file):      70364 kB
Inactive(file):   246096 kB
Unevictable:           0 kB
Mlocked:               0 kB
HighTotal:       1158144 kB
HighFree:         183944 kB
LowTotal:         742412 kB
LowFree:          659264 kB
SwapTotal:             0 kB
SwapFree:              0 kB
Dirty:               300 kB
Writeback:             0 kB
AnonPages:        315708 kB
Mapped:           219032 kB
Shmem:             24492 kB
Slab:              38016 kB
SReclaimable:      15784 kB
SUnreclaim:        22232 kB
KernelStack:        8128 kB
PageTables:        12524 kB
NFS_Unstable:          0 kB
Bounce:                0 kB
WritebackTmp:          0 kB
CommitLimit:      950276 kB
Committed_AS:   36331664 kB
VmallocTotal:     245760 kB
VmallocUsed:       62736 kB
VmallocChunk:      80544 kB
==>Fri Apr 14 18:53:51 2017
MemTotal:        1900556 kB
MemFree:          843860 kB
Buffers:           12364 kB
Cached:           328608 kB
SwapCached:            0 kB
Active:           386336 kB
Inactive:         270576 kB
Active(anon):     315968 kB
Inactive(anon):    24448 kB
Active(file):      70368 kB
Inactive(file):   246128 kB
Unevictable:           0 kB
Mlocked:               0 kB
HighTotal:       1158144 kB
HighFree:         184300 kB
LowTotal:         742412 kB
LowFree:          659560 kB
SwapTotal:             0 kB
SwapFree:              0 kB
Dirty:                52 kB
Writeback:             0 kB
AnonPages:        315952 kB
Mapped:           218184 kB
Shmem:             24492 kB
Slab:              37948 kB
SReclaimable:      15784 kB
SUnreclaim:        22164 kB
KernelStack:        8160 kB
PageTables:        12328 kB
NFS_Unstable:          0 kB
Bounce:                0 kB
WritebackTmp:          0 kB
CommitLimit:      950276 kB
Committed_AS:   36310944 kB
VmallocTotal:     245760 kB
VmallocUsed:       62736 kB
VmallocChunk:      80544 kB
==>Fri Apr 14 18:54:01 2017
MemTotal:        1900556 kB
MemFree:          843376 kB
Buffers:           12372 kB
Cached:           328612 kB
SwapCached:            0 kB
Active:           386500 kB
Inactive:         270588 kB
Active(anon):     316132 kB
Inactive(anon):    24456 kB
Active(file):      70368 kB
Inactive(file):   246132 kB
Unevictable:           0 kB
Mlocked:               0 kB
HighTotal:       1158144 kB
HighFree:         183992 kB
LowTotal:         742412 kB
LowFree:          659384 kB
SwapTotal:             0 kB
SwapFree:              0 kB
Dirty:                 0 kB
Writeback:             0 kB
AnonPages:        316116 kB
Mapped:           217492 kB
Shmem:             24500 kB
Slab:              38052 kB
SReclaimable:      15784 kB
SUnreclaim:        22268 kB
KernelStack:        8184 kB
PageTables:        12460 kB
NFS_Unstable:          0 kB
Bounce:                0 kB
WritebackTmp:          0 kB
CommitLimit:      950276 kB
Committed_AS:   36327460 kB
VmallocTotal:     245760 kB
VmallocUsed:       62736 kB
VmallocChunk:      80544 kB
==>Fri Apr 14 18:54:11 2017
MemTotal:        1900556 kB
MemFree:          842648 kB
Buffers:           12452 kB
Cached:           328620 kB
SwapCached:            0 kB
Active:           387072 kB
Inactive:         270676 kB
Active(anon):     316704 kB
Inactive(anon):    24464 kB
Active(file):      70368 kB
Inactive(file):   246212 kB
Unevictable:           0 kB
Mlocked:               0 kB
HighTotal:       1158144 kB
HighFree:         183268 kB
LowTotal:         742412 kB
LowFree:          659380 kB
SwapTotal:             0 kB
SwapFree:              0 kB
Dirty:                12 kB
Writeback:             0 kB
AnonPages:        316360 kB
Mapped:           217508 kB
Shmem:             24508 kB
Slab:              38024 kB
SReclaimable:      15788 kB
SUnreclaim:        22236 kB
KernelStack:        8176 kB
PageTables:        12408 kB
NFS_Unstable:          0 kB
Bounce:                0 kB
WritebackTmp:          0 kB
CommitLimit:      950276 kB
Committed_AS:   36319360 kB
VmallocTotal:     245760 kB
VmallocUsed:       62736 kB
VmallocChunk:      80544 kB
==>Fri Apr 14 18:54:21 2017
MemTotal:        1900556 kB
MemFree:          842528 kB
Buffers:           12468 kB
Cached:           328620 kB
SwapCached:            0 kB
Active:           387340 kB
Inactive:         270692 kB
Active(anon):     316972 kB
Inactive(anon):    24464 kB
Active(file):      70368 kB
Inactive(file):   246228 kB
Unevictable:           0 kB
Mlocked:               0 kB
HighTotal:       1158144 kB
HighFree:         183200 kB
LowTotal:         742412 kB
LowFree:          659328 kB
SwapTotal:             0 kB
SwapFree:              0 kB
Dirty:                12 kB
Writeback:             0 kB
AnonPages:        317000 kB
Mapped:           217520 kB
Shmem:             24508 kB
Slab:              38024 kB
SReclaimable:      15788 kB
SUnreclaim:        22236 kB
KernelStack:        8280 kB
PageTables:        12380 kB
NFS_Unstable:          0 kB
Bounce:                0 kB
WritebackTmp:          0 kB
CommitLimit:      950276 kB
Committed_AS:   36323580 kB
VmallocTotal:     245760 kB
VmallocUsed:       62736 kB
VmallocChunk:      80544 kB
==>Fri Apr 14 18:54:31 2017
MemTotal:        1900556 kB
MemFree:          842880 kB
Buffers:           12500 kB
Cached:           328688 kB
SwapCached:            0 kB
Active:           387104 kB
Inactive:         270792 kB
Active(anon):     316736 kB
Inactive(anon):    24532 kB
Active(file):      70368 kB
Inactive(file):   246260 kB
Unevictable:           0 kB
Mlocked:               0 kB
HighTotal:       1158144 kB
HighFree:         183524 kB
LowTotal:         742412 kB
LowFree:          659356 kB
SwapTotal:             0 kB
SwapFree:              0 kB
Dirty:                24 kB
Writeback:             0 kB
AnonPages:        316764 kB
Mapped:           217612 kB
Shmem:             24576 kB
Slab:              37960 kB
SReclaimable:      15788 kB
SUnreclaim:        22172 kB
KernelStack:        8144 kB
PageTables:        12320 kB
NFS_Unstable:          0 kB
Bounce:                0 kB
WritebackTmp:          0 kB
CommitLimit:      950276 kB
Committed_AS:   36330948 kB
VmallocTotal:     245760 kB
VmallocUsed:       62736 kB
VmallocChunk:      80544 kB
==>Fri Apr 14 18:54:41 2017
MemTotal:        1900556 kB
MemFree:          841648 kB
Buffers:           12508 kB
Cached:           328692 kB
SwapCached:            0 kB
Active:           387920 kB
Inactive:         270804 kB
Active(anon):     317552 kB
Inactive(anon):    24536 kB
Active(file):      70368 kB
Inactive(file):   246268 kB
Unevictable:           0 kB
Mlocked:               0 kB
HighTotal:       1158144 kB
HighFree:         182528 kB
LowTotal:         742412 kB
LowFree:          659120 kB
SwapTotal:             0 kB
SwapFree:              0 kB
Dirty:                 0 kB
Writeback:             0 kB
AnonPages:        317540 kB
Mapped:           217628 kB
Shmem:             24580 kB
Slab:              37960 kB
SReclaimable:      15788 kB
SUnreclaim:        22172 kB
KernelStack:        8280 kB
PageTables:        12324 kB
NFS_Unstable:          0 kB
Bounce:                0 kB
WritebackTmp:          0 kB
CommitLimit:      950276 kB
Committed_AS:   36324300 kB
VmallocTotal:     245760 kB
VmallocUsed:       62736 kB
VmallocChunk:      80544 kB
==>Fri Apr 14 18:54:51 2017
MemTotal:        1900556 kB
MemFree:          846476 kB
Buffers:           12556 kB
Cached:           328696 kB
SwapCached:            0 kB
Active:           383428 kB
Inactive:         270856 kB
Active(anon):     313060 kB
Inactive(anon):    24540 kB
Active(file):      70368 kB
Inactive(file):   246316 kB
Unevictable:           0 kB
Mlocked:               0 kB
HighTotal:       1158144 kB
HighFree:         187324 kB
LowTotal:         742412 kB
LowFree:          659152 kB
SwapTotal:             0 kB
SwapFree:              0 kB
Dirty:                 0 kB
Writeback:             0 kB
AnonPages:        313068 kB
Mapped:           217900 kB
Shmem:             24584 kB
Slab:              37996 kB
SReclaimable:      15788 kB
SUnreclaim:        22208 kB
KernelStack:        8288 kB
PageTables:        12428 kB
NFS_Unstable:          0 kB
Bounce:                0 kB
WritebackTmp:          0 kB
CommitLimit:      950276 kB
Committed_AS:   36306096 kB
VmallocTotal:     245760 kB
VmallocUsed:       62736 kB
VmallocChunk:      80544 kB
==>Fri Apr 14 18:55:01 2017
MemTotal:        1900556 kB
MemFree:          847256 kB
Buffers:           12564 kB
Cached:           328696 kB
SwapCached:            0 kB
Active:           382580 kB
Inactive:         270864 kB
Active(anon):     312212 kB
Inactive(anon):    24540 kB
Active(file):      70368 kB
Inactive(file):   246324 kB
Unevictable:           0 kB
Mlocked:               0 kB
HighTotal:       1158144 kB
HighFree:         187476 kB
LowTotal:         742412 kB
LowFree:          659780 kB
SwapTotal:             0 kB
SwapFree:              0 kB
Dirty:                 0 kB
Writeback:             0 kB
AnonPages:        312192 kB
Mapped:           217928 kB
Shmem:             24584 kB
Slab:              37980 kB
SReclaimable:      15796 kB
SUnreclaim:        22184 kB
KernelStack:        8144 kB
PageTables:        12424 kB
NFS_Unstable:          0 kB
Bounce:                0 kB
WritebackTmp:          0 kB
CommitLimit:      950276 kB
Committed_AS:   36316532 kB
VmallocTotal:     245760 kB
VmallocUsed:       62736 kB
VmallocChunk:      80544 kB
==>Fri Apr 14 18:55:11 2017
MemTotal:        1900556 kB
MemFree:          846424 kB
Buffers:           12572 kB
Cached:           328696 kB
SwapCached:            0 kB
Active:           383020 kB
Inactive:         270872 kB
Active(anon):     312652 kB
Inactive(anon):    24540 kB
Active(file):      70368 kB
Inactive(file):   246332 kB
Unevictable:           0 kB
Mlocked:               0 kB
HighTotal:       1158144 kB
HighFree:         187344 kB
LowTotal:         742412 kB
LowFree:          659080 kB
SwapTotal:             0 kB
SwapFree:              0 kB
Dirty:                 0 kB
Writeback:             0 kB
AnonPages:        312592 kB
Mapped:           217920 kB
Shmem:             24584 kB
Slab:              38012 kB
SReclaimable:      15796 kB
SUnreclaim:        22216 kB
KernelStack:        8272 kB
PageTables:        12524 kB
NFS_Unstable:          0 kB
Bounce:                0 kB
WritebackTmp:          0 kB
CommitLimit:      950276 kB
Committed_AS:   36313860 kB
VmallocTotal:     245760 kB
VmallocUsed:       62736 kB
VmallocChunk:      80544 kB
==>Fri Apr 14 18:55:21 2017
MemTotal:        1900556 kB
MemFree:          846368 kB
Buffers:           12620 kB
Cached:           328704 kB
SwapCached:            0 kB
Active:           382936 kB
Inactive:         270928 kB
Active(anon):     312568 kB
Inactive(anon):    24548 kB
Active(file):      70368 kB
Inactive(file):   246380 kB
Unevictable:           0 kB
Mlocked:               0 kB
HighTotal:       1158144 kB
HighFree:         187132 kB
LowTotal:         742412 kB
LowFree:          659236 kB
SwapTotal:             0 kB
SwapFree:              0 kB
Dirty:                64 kB
Writeback:             0 kB
AnonPages:        312528 kB
Mapped:           217772 kB
Shmem:             24592 kB
Slab:              37988 kB
SReclaimable:      15796 kB
SUnreclaim:        22192 kB
KernelStack:        8144 kB
PageTables:        12324 kB
NFS_Unstable:          0 kB
Bounce:                0 kB
WritebackTmp:          0 kB
CommitLimit:      950276 kB
Committed_AS:   36317256 kB
VmallocTotal:     245760 kB
VmallocUsed:       62736 kB
VmallocChunk:      80544 kB
==>Fri Apr 14 18:55:31 2017
MemTotal:        1900556 kB
MemFree:          844316 kB
Buffers:           12628 kB
Cached:           328704 kB
SwapCached:            0 kB
Active:           384272 kB
Inactive:         270936 kB
Active(anon):     313904 kB
Inactive(anon):    24548 kB
Active(file):      70368 kB
Inactive(file):   246388 kB
Unevictable:           0 kB
Mlocked:               0 kB
HighTotal:       1158144 kB
HighFree:         185332 kB
LowTotal:         742412 kB
LowFree:          658984 kB
SwapTotal:             0 kB
SwapFree:              0 kB
Dirty:                48 kB
Writeback:             0 kB
AnonPages:        313848 kB
Mapped:           217780 kB
Shmem:             24592 kB
Slab:              37988 kB
SReclaimable:      15796 kB
SUnreclaim:        22192 kB
KernelStack:        8272 kB
PageTables:        12424 kB
NFS_Unstable:          0 kB
Bounce:                0 kB
WritebackTmp:          0 kB
CommitLimit:      950276 kB
Committed_AS:   36323388 kB
VmallocTotal:     245760 kB
VmallocUsed:       62736 kB
VmallocChunk:      80544 kB
==>Fri Apr 14 18:55:41 2017
MemTotal:        1900556 kB
MemFree:          845516 kB
Buffers:           12628 kB
Cached:           328712 kB
SwapCached:            0 kB
Active:           383812 kB
Inactive:         270944 kB
Active(anon):     313444 kB
Inactive(anon):    24556 kB
Active(file):      70368 kB
Inactive(file):   246388 kB
Unevictable:           0 kB
Mlocked:               0 kB
HighTotal:       1158144 kB
HighFree:         186316 kB
LowTotal:         742412 kB
LowFree:          659200 kB
SwapTotal:             0 kB
SwapFree:              0 kB
Dirty:                 0 kB
Writeback:             0 kB
AnonPages:        313440 kB
Mapped:           217852 kB
Shmem:             24600 kB
Slab:              37984 kB
SReclaimable:      15796 kB
SUnreclaim:        22188 kB
KernelStack:        8136 kB
PageTables:        12324 kB
NFS_Unstable:          0 kB
Bounce:                0 kB
WritebackTmp:          0 kB
CommitLimit:      950276 kB
Committed_AS:   36298964 kB
VmallocTotal:     245760 kB
VmallocUsed:       62736 kB
VmallocChunk:      80544 kB
==>Fri Apr 14 18:55:51 2017
MemTotal:        1900556 kB
MemFree:          844600 kB
Buffers:           12684 kB
Cached:           328724 kB
SwapCached:            0 kB
Active:           384776 kB
Inactive:         271012 kB
Active(anon):     314408 kB
Inactive(anon):    24564 kB
Active(file):      70368 kB
Inactive(file):   246448 kB
Unevictable:           0 kB
Mlocked:               0 kB
HighTotal:       1158144 kB
HighFree:         185576 kB
LowTotal:         742412 kB
LowFree:          659024 kB
SwapTotal:             0 kB
SwapFree:              0 kB
Dirty:                72 kB
Writeback:             0 kB
AnonPages:        314460 kB
Mapped:           218188 kB
Shmem:             24608 kB
Slab:              37944 kB
SReclaimable:      15796 kB
SUnreclaim:        22148 kB
KernelStack:        8280 kB
PageTables:        12324 kB
NFS_Unstable:          0 kB
Bounce:                0 kB
WritebackTmp:          0 kB
CommitLimit:      950276 kB
Committed_AS:   36307584 kB
VmallocTotal:     245760 kB
VmallocUsed:       62736 kB
VmallocChunk:      80544 kB
==>Fri Apr 14 18:56:01 2017
MemTotal:        1900556 kB
MemFree:          844668 kB
Buffers:           12708 kB
Cached:           328720 kB
SwapCached:            0 kB
Active:           384584 kB
Inactive:         271032 kB
Active(anon):     314216 kB
Inactive(anon):    24564 kB
Active(file):      70368 kB
Inactive(file):   246468 kB
Unevictable:           0 kB
Mlocked:               0 kB
HighTotal:       1158144 kB
HighFree:         185728 kB
LowTotal:         742412 kB
LowFree:          658940 kB
SwapTotal:             0 kB
SwapFree:              0 kB
Dirty:                 0 kB
Writeback:             0 kB
AnonPages:        314116 kB
Mapped:           218188 kB
Shmem:             24608 kB
Slab:              38008 kB
SReclaimable:      15796 kB
SUnreclaim:        22212 kB
KernelStack:        8272 kB
PageTables:        12324 kB
NFS_Unstable:          0 kB
Bounce:                0 kB
WritebackTmp:          0 kB
CommitLimit:      950276 kB
Committed_AS:   36299528 kB
VmallocTotal:     245760 kB
VmallocUsed:       62736 kB
VmallocChunk:      80544 kB
==>Fri Apr 14 18:56:11 2017
MemTotal:        1900556 kB
MemFree:          843760 kB
Buffers:           12716 kB
Cached:           328724 kB
SwapCached:            0 kB
Active:           385056 kB
Inactive:         271044 kB
Active(anon):     314688 kB
Inactive(anon):    24568 kB
Active(file):      70368 kB
Inactive(file):   246476 kB
Unevictable:           0 kB
Mlocked:               0 kB
HighTotal:       1158144 kB
HighFree:         184776 kB
LowTotal:         742412 kB
LowFree:          658984 kB
SwapTotal:             0 kB
SwapFree:              0 kB
Dirty:                 0 kB
Writeback:             0 kB
AnonPages:        314668 kB
Mapped:           217836 kB
Shmem:             24612 kB
Slab:              38000 kB
SReclaimable:      15796 kB
SUnreclaim:        22204 kB
KernelStack:        8120 kB
PageTables:        12320 kB
NFS_Unstable:          0 kB
Bounce:                0 kB
WritebackTmp:          0 kB
CommitLimit:      950276 kB
Committed_AS:   36323980 kB
VmallocTotal:     245760 kB
VmallocUsed:       62736 kB
VmallocChunk:      80544 kB
==>Fri Apr 14 18:56:21 2017
MemTotal:        1900556 kB
MemFree:          843392 kB
Buffers:           12748 kB
Cached:           328724 kB
SwapCached:            0 kB
Active:           384952 kB
Inactive:         271076 kB
Active(anon):     314584 kB
Inactive(anon):    24568 kB
Active(file):      70368 kB
Inactive(file):   246508 kB
Unevictable:           0 kB
Mlocked:               0 kB
HighTotal:       1158144 kB
HighFree:         184568 kB
LowTotal:         742412 kB
LowFree:          658824 kB
SwapTotal:             0 kB
SwapFree:              0 kB
Dirty:                24 kB
Writeback:             0 kB
AnonPages:        314616 kB
Mapped:           218728 kB
Shmem:             24612 kB
Slab:              38096 kB
SReclaimable:      15796 kB
SUnreclaim:        22300 kB
KernelStack:        8168 kB
PageTables:        12456 kB
NFS_Unstable:          0 kB
Bounce:                0 kB
WritebackTmp:          0 kB
CommitLimit:      950276 kB
Committed_AS:   36344752 kB
VmallocTotal:     245760 kB
VmallocUsed:       62744 kB
VmallocChunk:      80544 kB
==>Fri Apr 14 18:56:31 2017
MemTotal:        1900556 kB
MemFree:          835004 kB
Buffers:           12756 kB
Cached:           328728 kB
SwapCached:            0 kB
Active:           384904 kB
Inactive:         271088 kB
Active(anon):     314536 kB
Inactive(anon):    24572 kB
Active(file):      70368 kB
Inactive(file):   246516 kB
Unevictable:           0 kB
Mlocked:               0 kB
HighTotal:       1158144 kB
HighFree:         176812 kB
LowTotal:         742412 kB
LowFree:          658192 kB
SwapTotal:             0 kB
SwapFree:              0 kB
Dirty:                 4 kB
Writeback:             0 kB
AnonPages:        314548 kB
Mapped:           218720 kB
Shmem:             24616 kB
Slab:              38048 kB
SReclaimable:      15796 kB
SUnreclaim:        22252 kB
KernelStack:        8184 kB
PageTables:        12640 kB
NFS_Unstable:          0 kB
Bounce:                0 kB
WritebackTmp:          0 kB
CommitLimit:      950276 kB
Committed_AS:   36352944 kB
VmallocTotal:     245760 kB
VmallocUsed:       62780 kB
VmallocChunk:      80544 kB
==>Fri Apr 14 18:56:41 2017
MemTotal:        1900556 kB
MemFree:          844400 kB
Buffers:           12756 kB
Cached:           328728 kB
SwapCached:            0 kB
Active:           385368 kB
Inactive:         271088 kB
Active(anon):     315000 kB
Inactive(anon):    24572 kB
Active(file):      70368 kB
Inactive(file):   246516 kB
Unevictable:           0 kB
Mlocked:               0 kB
HighTotal:       1158144 kB
HighFree:         185284 kB
LowTotal:         742412 kB
LowFree:          659116 kB
SwapTotal:             0 kB
SwapFree:              0 kB
Dirty:                 0 kB
Writeback:             0 kB
AnonPages:        315016 kB
Mapped:           218216 kB
Shmem:             24616 kB
Slab:              38112 kB
SReclaimable:      15796 kB
SUnreclaim:        22316 kB
KernelStack:        8280 kB
PageTables:        12324 kB
NFS_Unstable:          0 kB
Bounce:                0 kB
WritebackTmp:          0 kB
CommitLimit:      950276 kB
Committed_AS:   36308712 kB
VmallocTotal:     245760 kB
VmallocUsed:       62736 kB
VmallocChunk:      80544 kB
==>Fri Apr 14 18:56:51 2017
MemTotal:        1900556 kB
MemFree:          843596 kB
Buffers:           12812 kB
Cached:           328728 kB
SwapCached:            0 kB
Active:           386092 kB
Inactive:         271144 kB
Active(anon):     315724 kB
Inactive(anon):    24572 kB
Active(file):      70368 kB
Inactive(file):   246572 kB
Unevictable:           0 kB
Mlocked:               0 kB
HighTotal:       1158144 kB
HighFree:         184684 kB
LowTotal:         742412 kB
LowFree:          658912 kB
SwapTotal:             0 kB
SwapFree:              0 kB
Dirty:                68 kB
Writeback:             0 kB
AnonPages:        315688 kB
Mapped:           218240 kB
Shmem:             24616 kB
Slab:              38032 kB
SReclaimable:      15796 kB
SUnreclaim:        22236 kB
KernelStack:        8184 kB
PageTables:        12428 kB
NFS_Unstable:          0 kB
Bounce:                0 kB
WritebackTmp:          0 kB
CommitLimit:      950276 kB
Committed_AS:   36301044 kB
VmallocTotal:     245760 kB
VmallocUsed:       62736 kB
VmallocChunk:      80544 kB
==>Fri Apr 14 18:57:01 2017
MemTotal:        1900556 kB
MemFree:          842936 kB
Buffers:           12836 kB
Cached:           328732 kB
SwapCached:            0 kB
Active:           386236 kB
Inactive:         271172 kB
Active(anon):     315868 kB
Inactive(anon):    24576 kB
Active(file):      70368 kB
Inactive(file):   246596 kB
Unevictable:           0 kB
Mlocked:               0 kB
HighTotal:       1158144 kB
HighFree:         184084 kB
LowTotal:         742412 kB
LowFree:          658852 kB
SwapTotal:             0 kB
SwapFree:              0 kB
Dirty:                32 kB
Writeback:             0 kB
AnonPages:        315976 kB
Mapped:           217936 kB
Shmem:             24620 kB
Slab:              38128 kB
SReclaimable:      15796 kB
SUnreclaim:        22332 kB
KernelStack:        8176 kB
PageTables:        12528 kB
NFS_Unstable:          0 kB
Bounce:                0 kB
WritebackTmp:          0 kB
CommitLimit:      950276 kB
Committed_AS:   36370052 kB
VmallocTotal:     245760 kB
VmallocUsed:       62736 kB
VmallocChunk:      80544 kB
==>Fri Apr 14 18:57:11 2017
MemTotal:        1900556 kB
MemFree:          843328 kB
Buffers:           12844 kB
Cached:           328736 kB
SwapCached:            0 kB
Active:           385708 kB
Inactive:         271184 kB
Active(anon):     315340 kB
Inactive(anon):    24580 kB
Active(file):      70368 kB
Inactive(file):   246604 kB
Unevictable:           0 kB
Mlocked:               0 kB
HighTotal:       1158144 kB
HighFree:         184440 kB
LowTotal:         742412 kB
LowFree:          658888 kB
SwapTotal:             0 kB
SwapFree:              0 kB
Dirty:                12 kB
Writeback:             0 kB
AnonPages:        315480 kB
Mapped:           217964 kB
Shmem:             24624 kB
Slab:              38096 kB
SReclaimable:      15796 kB
SUnreclaim:        22300 kB
KernelStack:        8176 kB
PageTables:        12532 kB
NFS_Unstable:          0 kB
Bounce:                0 kB
WritebackTmp:          0 kB
CommitLimit:      950276 kB
Committed_AS:   36344812 kB
VmallocTotal:     245760 kB
VmallocUsed:       62736 kB
VmallocChunk:      80544 kB
==>Fri Apr 14 18:57:21 2017
MemTotal:        1900556 kB
MemFree:          843104 kB
Buffers:           12844 kB
Cached:           328740 kB
SwapCached:            0 kB
Active:           385996 kB
Inactive:         271188 kB
Active(anon):     315628 kB
Inactive(anon):    24584 kB
Active(file):      70368 kB
Inactive(file):   246604 kB
Unevictable:           0 kB
Mlocked:               0 kB
HighTotal:       1158144 kB
HighFree:         184136 kB
LowTotal:         742412 kB
LowFree:          658968 kB
SwapTotal:             0 kB
SwapFree:              0 kB
Dirty:                 0 kB
Writeback:             0 kB
AnonPages:        315656 kB
Mapped:           217980 kB
Shmem:             24628 kB
Slab:              38032 kB
SReclaimable:      15796 kB
SUnreclaim:        22236 kB
KernelStack:        8176 kB
PageTables:        12332 kB
NFS_Unstable:          0 kB
Bounce:                0 kB
WritebackTmp:          0 kB
CommitLimit:      950276 kB
Committed_AS:   36303276 kB
VmallocTotal:     245760 kB
VmallocUsed:       62736 kB
VmallocChunk:      80544 kB
==>Fri Apr 14 18:57:31 2017
MemTotal:        1900556 kB
MemFree:          841884 kB
Buffers:           12844 kB
Cached:           328740 kB
SwapCached:            0 kB
Active:           386584 kB
Inactive:         271188 kB
Active(anon):     316216 kB
Inactive(anon):    24584 kB
Active(file):      70368 kB
Inactive(file):   246604 kB
Unevictable:           0 kB
Mlocked:               0 kB
HighTotal:       1158144 kB
HighFree:         183392 kB
LowTotal:         742412 kB
LowFree:          658492 kB
SwapTotal:             0 kB
SwapFree:              0 kB
Dirty:                 0 kB
Writeback:             0 kB
AnonPages:        316124 kB
Mapped:           217972 kB
Shmem:             24628 kB
Slab:              38068 kB
SReclaimable:      15796 kB
SUnreclaim:        22272 kB
KernelStack:        8304 kB
PageTables:        12332 kB
NFS_Unstable:          0 kB
Bounce:                0 kB
WritebackTmp:          0 kB
CommitLimit:      950276 kB
Committed_AS:   36296552 kB
VmallocTotal:     245760 kB
VmallocUsed:       62736 kB
