==>Wed Apr 12 10:46:23 2017
MemTotal:        1900556 kB
MemFree:          896548 kB
Buffers:           10920 kB
Cached:           386528 kB
SwapCached:            0 kB
Active:           516636 kB
Inactive:         253532 kB
Active(anon):     372612 kB
Inactive(anon):      416 kB
Active(file):     144024 kB
Inactive(file):   253116 kB
Unevictable:           0 kB
Mlocked:               0 kB
HighTotal:       1158144 kB
HighFree:         233248 kB
LowTotal:         742412 kB
LowFree:          663300 kB
SwapTotal:             0 kB
SwapFree:              0 kB
Dirty:              2372 kB
Writeback:             0 kB
AnonPages:        372684 kB
Mapped:           120252 kB
Shmem:               460 kB
Slab:              34308 kB
SReclaimable:      13524 kB
SUnreclaim:        20784 kB
KernelStack:        8656 kB
PageTables:        13380 kB
NFS_Unstable:          0 kB
Bounce:                0 kB
WritebackTmp:          0 kB
CommitLimit:      950276 kB
Committed_AS:   42181084 kB
VmallocTotal:     245760 kB
VmallocUsed:       67480 kB
VmallocChunk:      75648 kB
==>Wed Apr 12 10:46:33 2017
MemTotal:        1900556 kB
MemFree:          854544 kB
Buffers:           12204 kB
Cached:           392232 kB
SwapCached:            0 kB
Active:           536128 kB
Inactive:         258096 kB
Active(anon):     389912 kB
Inactive(anon):      416 kB
Active(file):     146216 kB
Inactive(file):   257680 kB
Unevictable:           0 kB
Mlocked:               0 kB
HighTotal:       1158144 kB
HighFree:         199548 kB
LowTotal:         742412 kB
LowFree:          654996 kB
SwapTotal:             0 kB
SwapFree:              0 kB
Dirty:              1488 kB
Writeback:             0 kB
AnonPages:        389968 kB
Mapped:           130800 kB
Shmem:               460 kB
Slab:              39140 kB
SReclaimable:      17360 kB
SUnreclaim:        21780 kB
KernelStack:        9648 kB
PageTables:        14376 kB
NFS_Unstable:          0 kB
Bounce:                0 kB
WritebackTmp:          0 kB
CommitLimit:      950276 kB
Committed_AS:   43334836 kB
VmallocTotal:     245760 kB
VmallocUsed:       66520 kB
VmallocChunk:      75648 kB
==>Wed Apr 12 10:46:43 2017
MemTotal:        1900556 kB
MemFree:          841876 kB
Buffers:           12528 kB
Cached:           394420 kB
SwapCached:            0 kB
Active:           547084 kB
Inactive:         259660 kB
Active(anon):     400124 kB
Inactive(anon):      468 kB
Active(file):     146960 kB
Inactive(file):   259192 kB
Unevictable:           0 kB
Mlocked:               0 kB
HighTotal:       1158144 kB
HighFree:         186844 kB
LowTotal:         742412 kB
LowFree:          655032 kB
SwapTotal:             0 kB
SwapFree:              0 kB
Dirty:               180 kB
Writeback:             0 kB
AnonPages:        400172 kB
Mapped:           129064 kB
Shmem:               512 kB
Slab:              39288 kB
SReclaimable:      17504 kB
SUnreclaim:        21784 kB
KernelStack:        9568 kB
PageTables:        14112 kB
NFS_Unstable:          0 kB
Bounce:                0 kB
WritebackTmp:          0 kB
CommitLimit:      950276 kB
Committed_AS:   39718800 kB
VmallocTotal:     245760 kB
VmallocUsed:       65500 kB
VmallocChunk:      75648 kB
==>Wed Apr 12 10:46:53 2017
MemTotal:        1900556 kB
MemFree:          744792 kB
Buffers:           13096 kB
Cached:           416504 kB
SwapCached:            0 kB
Active:           604652 kB
Inactive:         282140 kB
Active(anon):     457524 kB
Inactive(anon):      480 kB
Active(file):     147128 kB
Inactive(file):   281660 kB
Unevictable:           0 kB
Mlocked:               0 kB
HighTotal:       1158144 kB
HighFree:          93276 kB
LowTotal:         742412 kB
LowFree:          651516 kB
SwapTotal:             0 kB
SwapFree:              0 kB
Dirty:             10732 kB
Writeback:             4 kB
AnonPages:        457556 kB
Mapped:           140004 kB
Shmem:               532 kB
Slab:              40144 kB
SReclaimable:      17880 kB
SUnreclaim:        22264 kB
KernelStack:       10168 kB
PageTables:        14740 kB
NFS_Unstable:          0 kB
Bounce:                0 kB
WritebackTmp:          0 kB
CommitLimit:      950276 kB
Committed_AS:   41058324 kB
VmallocTotal:     245760 kB
VmallocUsed:       66544 kB
VmallocChunk:      75648 kB
==>Wed Apr 12 10:47:03 2017
MemTotal:        1900556 kB
MemFree:          719152 kB
Buffers:           13212 kB
Cached:           420132 kB
SwapCached:            0 kB
Active:           610220 kB
Inactive:         284668 kB
Active(anon):     461780 kB
Inactive(anon):      432 kB
Active(file):     148440 kB
Inactive(file):   284236 kB
Unevictable:           0 kB
Mlocked:               0 kB
HighTotal:       1158144 kB
HighFree:          69352 kB
LowTotal:         742412 kB
LowFree:          649800 kB
SwapTotal:             0 kB
SwapFree:              0 kB
Dirty:                76 kB
Writeback:             0 kB
AnonPages:        461732 kB
Mapped:           141676 kB
Shmem:               480 kB
Slab:              41728 kB
SReclaimable:      19176 kB
SUnreclaim:        22552 kB
KernelStack:       10104 kB
PageTables:        15084 kB
NFS_Unstable:          0 kB
Bounce:                0 kB
WritebackTmp:          0 kB
CommitLimit:      950276 kB
Committed_AS:   41070168 kB
VmallocTotal:     245760 kB
VmallocUsed:       67616 kB
VmallocChunk:      75648 kB
==>Wed Apr 12 10:47:13 2017
MemTotal:        1900556 kB
MemFree:          708452 kB
Buffers:           13436 kB
Cached:           423800 kB
SwapCached:            0 kB
Active:           615208 kB
Inactive:         288492 kB
Active(anon):     466700 kB
Inactive(anon):      432 kB
Active(file):     148508 kB
Inactive(file):   288060 kB
Unevictable:           0 kB
Mlocked:               0 kB
HighTotal:       1158144 kB
HighFree:          60008 kB
LowTotal:         742412 kB
LowFree:          648444 kB
SwapTotal:             0 kB
SwapFree:              0 kB
Dirty:               104 kB
Writeback:             0 kB
AnonPages:        466772 kB
Mapped:           142224 kB
Shmem:               480 kB
Slab:              41948 kB
SReclaimable:      19324 kB
SUnreclaim:        22624 kB
KernelStack:       10368 kB
PageTables:        15400 kB
NFS_Unstable:          0 kB
Bounce:                0 kB
WritebackTmp:          0 kB
CommitLimit:      950276 kB
Committed_AS:   41064892 kB
VmallocTotal:     245760 kB
VmallocUsed:       68636 kB
VmallocChunk:      75648 kB
==>Wed Apr 12 10:47:23 2017
MemTotal:        1900556 kB
MemFree:          730744 kB
Buffers:           13536 kB
Cached:           425492 kB
SwapCached:            0 kB
Active:           608140 kB
Inactive:         290220 kB
Active(anon):     459580 kB
Inactive(anon):      432 kB
Active(file):     148560 kB
Inactive(file):   289788 kB
Unevictable:           0 kB
Mlocked:               0 kB
HighTotal:       1158144 kB
HighFree:          82280 kB
LowTotal:         742412 kB
LowFree:          648464 kB
SwapTotal:             0 kB
SwapFree:              0 kB
Dirty:              1656 kB
Writeback:             0 kB
AnonPages:        459588 kB
Mapped:           142660 kB
Shmem:               480 kB
Slab:              42208 kB
SReclaimable:      19296 kB
SUnreclaim:        22912 kB
KernelStack:       10416 kB
PageTables:        15916 kB
NFS_Unstable:          0 kB
Bounce:                0 kB
WritebackTmp:          0 kB
CommitLimit:      950276 kB
Committed_AS:   42243008 kB
VmallocTotal:     245760 kB
VmallocUsed:       68560 kB
VmallocChunk:      75648 kB
==>Wed Apr 12 10:47:34 2017
MemTotal:        1900556 kB
MemFree:          738504 kB
Buffers:           13700 kB
Cached:           428344 kB
SwapCached:            0 kB
Active:           597516 kB
Inactive:         293056 kB
Active(anon):     448700 kB
Inactive(anon):      416 kB
Active(file):     148816 kB
Inactive(file):   292640 kB
Unevictable:           0 kB
Mlocked:               0 kB
HighTotal:       1158144 kB
HighFree:          91664 kB
LowTotal:         742412 kB
LowFree:          646840 kB
SwapTotal:             0 kB
SwapFree:              0 kB
Dirty:              1028 kB
Writeback:             0 kB
AnonPages:        448624 kB
Mapped:           142452 kB
Shmem:               460 kB
Slab:              42340 kB
SReclaimable:      19312 kB
SUnreclaim:        23028 kB
KernelStack:       10176 kB
PageTables:        16636 kB
NFS_Unstable:          0 kB
Bounce:                0 kB
WritebackTmp:          0 kB
CommitLimit:      950276 kB
Committed_AS:   44691312 kB
VmallocTotal:     245760 kB
VmallocUsed:       70600 kB
VmallocChunk:      75648 kB
==>Wed Apr 12 10:47:43 2017
MemTotal:        1900556 kB
MemFree:          632964 kB
Buffers:           13928 kB
Cached:           451004 kB
SwapCached:            0 kB
Active:           621976 kB
Inactive:         314732 kB
Active(anon):     472020 kB
Inactive(anon):    20720 kB
Active(file):     149956 kB
Inactive(file):   294012 kB
Unevictable:           0 kB
Mlocked:               0 kB
HighTotal:       1158144 kB
HighFree:           1736 kB
LowTotal:         742412 kB
LowFree:          631228 kB
SwapTotal:             0 kB
SwapFree:              0 kB
Dirty:               616 kB
Writeback:             0 kB
AnonPages:        472080 kB
Mapped:           199748 kB
Shmem:             20764 kB
Slab:              42680 kB
SReclaimable:      19448 kB
SUnreclaim:        23232 kB
KernelStack:       10240 kB
PageTables:        16848 kB
NFS_Unstable:          0 kB
Bounce:                0 kB
WritebackTmp:          0 kB
CommitLimit:      950276 kB
Committed_AS:   42583956 kB
VmallocTotal:     245760 kB
VmallocUsed:       68568 kB
VmallocChunk:      75648 kB
==>Wed Apr 12 10:47:53 2017
MemTotal:        1900556 kB
MemFree:          628680 kB
Buffers:           14000 kB
Cached:           451088 kB
SwapCached:            0 kB
Active:           619044 kB
Inactive:         314864 kB
Active(anon):     469068 kB
Inactive(anon):    20764 kB
Active(file):     149976 kB
Inactive(file):   294100 kB
Unevictable:           0 kB
Mlocked:               0 kB
HighTotal:       1158144 kB
HighFree:          13260 kB
LowTotal:         742412 kB
LowFree:          615420 kB
SwapTotal:             0 kB
SwapFree:              0 kB
Dirty:                36 kB
Writeback:             0 kB
AnonPages:        469080 kB
Mapped:           204208 kB
Shmem:             20812 kB
Slab:              42700 kB
SReclaimable:      19496 kB
SUnreclaim:        23204 kB
KernelStack:       10088 kB
PageTables:        16848 kB
NFS_Unstable:          0 kB
Bounce:                0 kB
WritebackTmp:          0 kB
CommitLimit:      950276 kB
Committed_AS:   42576304 kB
VmallocTotal:     245760 kB
VmallocUsed:       67584 kB
VmallocChunk:      75648 kB
==>Wed Apr 12 10:48:03 2017
MemTotal:        1900556 kB
MemFree:          628240 kB
Buffers:           14028 kB
Cached:           451272 kB
SwapCached:            0 kB
Active:           619528 kB
Inactive:         315072 kB
Active(anon):     469552 kB
Inactive(anon):    20912 kB
Active(file):     149976 kB
Inactive(file):   294160 kB
Unevictable:           0 kB
Mlocked:               0 kB
HighTotal:       1158144 kB
HighFree:           2936 kB
LowTotal:         742412 kB
LowFree:          625304 kB
SwapTotal:             0 kB
SwapFree:              0 kB
Dirty:                 8 kB
Writeback:             0 kB
AnonPages:        469660 kB
Mapped:           204340 kB
Shmem:             20964 kB
Slab:              42728 kB
SReclaimable:      19488 kB
SUnreclaim:        23240 kB
KernelStack:       10200 kB
PageTables:        16744 kB
NFS_Unstable:          0 kB
Bounce:                0 kB
WritebackTmp:          0 kB
CommitLimit:      950276 kB
Committed_AS:   42564136 kB
VmallocTotal:     245760 kB
VmallocUsed:       67584 kB
VmallocChunk:      75648 kB
==>Wed Apr 12 10:48:13 2017
MemTotal:        1900556 kB
MemFree:          625132 kB
Buffers:           14172 kB
Cached:           451360 kB
SwapCached:            0 kB
Active:           622440 kB
Inactive:         315288 kB
Active(anon):     472440 kB
Inactive(anon):    20992 kB
Active(file):     150000 kB
Inactive(file):   294296 kB
Unevictable:           0 kB
Mlocked:               0 kB
HighTotal:       1158144 kB
HighFree:          10520 kB
LowTotal:         742412 kB
LowFree:          614612 kB
SwapTotal:             0 kB
SwapFree:              0 kB
Dirty:                56 kB
Writeback:             0 kB
AnonPages:        472528 kB
Mapped:           204452 kB
Shmem:             21036 kB
Slab:              42828 kB
SReclaimable:      19496 kB
SUnreclaim:        23332 kB
KernelStack:       10224 kB
PageTables:        17020 kB
NFS_Unstable:          0 kB
Bounce:                0 kB
WritebackTmp:          0 kB
CommitLimit:      950276 kB
Committed_AS:   42622276 kB
VmallocTotal:     245760 kB
VmallocUsed:       68604 kB
VmallocChunk:      75648 kB
==>Wed Apr 12 10:48:23 2017
MemTotal:        1900556 kB
MemFree:          636428 kB
Buffers:           14204 kB
Cached:           451472 kB
SwapCached:            0 kB
Active:           621312 kB
Inactive:         315424 kB
Active(anon):     471304 kB
Inactive(anon):    21112 kB
Active(file):     150008 kB
Inactive(file):   294312 kB
Unevictable:           0 kB
Mlocked:               0 kB
HighTotal:       1158144 kB
HighFree:           3260 kB
LowTotal:         742412 kB
LowFree:          633168 kB
SwapTotal:             0 kB
SwapFree:              0 kB
Dirty:                 8 kB
Writeback:             0 kB
AnonPages:        471348 kB
Mapped:           204864 kB
Shmem:             21156 kB
Slab:              42752 kB
SReclaimable:      19488 kB
SUnreclaim:        23264 kB
KernelStack:       10048 kB
PageTables:        16652 kB
NFS_Unstable:          0 kB
Bounce:                0 kB
WritebackTmp:          0 kB
CommitLimit:      950276 kB
Committed_AS:   42574360 kB
VmallocTotal:     245760 kB
VmallocUsed:       67532 kB
VmallocChunk:      75648 kB
==>Wed Apr 12 10:48:34 2017
MemTotal:        1900556 kB
MemFree:          629848 kB
Buffers:           14228 kB
Cached:           451548 kB
SwapCached:            0 kB
Active:           623964 kB
Inactive:         315524 kB
Active(anon):     473956 kB
Inactive(anon):    21180 kB
Active(file):     150008 kB
Inactive(file):   294344 kB
Unevictable:           0 kB
Mlocked:               0 kB
HighTotal:       1158144 kB
HighFree:           8128 kB
LowTotal:         742412 kB
LowFree:          621720 kB
SwapTotal:             0 kB
SwapFree:              0 kB
Dirty:                 4 kB
Writeback:             0 kB
AnonPages:        473832 kB
Mapped:           204952 kB
Shmem:             21224 kB
Slab:              42896 kB
SReclaimable:      19488 kB
SUnreclaim:        23408 kB
KernelStack:       10080 kB
PageTables:        16792 kB
NFS_Unstable:          0 kB
Bounce:                0 kB
WritebackTmp:          0 kB
CommitLimit:      950276 kB
Committed_AS:   42592024 kB
VmallocTotal:     245760 kB
VmallocUsed:       68568 kB
VmallocChunk:      75648 kB
==>Wed Apr 12 10:48:44 2017
MemTotal:        1900556 kB
MemFree:          614128 kB
Buffers:           14276 kB
Cached:           454004 kB
SwapCached:            0 kB
Active:           627072 kB
Inactive:         318012 kB
Active(anon):     477040 kB
Inactive(anon):    23508 kB
Active(file):     150032 kB
Inactive(file):   294504 kB
Unevictable:           0 kB
Mlocked:               0 kB
HighTotal:       1158144 kB
HighFree:           1792 kB
LowTotal:         742412 kB
LowFree:          612336 kB
SwapTotal:             0 kB
SwapFree:              0 kB
Dirty:                 8 kB
Writeback:             0 kB
AnonPages:        477092 kB
Mapped:           216624 kB
Shmem:             23552 kB
Slab:              43044 kB
SReclaimable:      19480 kB
SUnreclaim:        23564 kB
KernelStack:       10176 kB
PageTables:        17112 kB
NFS_Unstable:          0 kB
Bounce:                0 kB
WritebackTmp:          0 kB
CommitLimit:      950276 kB
Committed_AS:   43824020 kB
VmallocTotal:     245760 kB
VmallocUsed:       68552 kB
VmallocChunk:      75648 kB
==>Wed Apr 12 10:48:53 2017
MemTotal:        1900556 kB
MemFree:          615820 kB
Buffers:           14336 kB
Cached:           454148 kB
SwapCached:            0 kB
Active:           626072 kB
Inactive:         318204 kB
Active(anon):     476024 kB
Inactive(anon):    23644 kB
Active(file):     150048 kB
Inactive(file):   294560 kB
Unevictable:           0 kB
Mlocked:               0 kB
HighTotal:       1158144 kB
HighFree:           1752 kB
LowTotal:         742412 kB
LowFree:          614068 kB
SwapTotal:             0 kB
SwapFree:              0 kB
Dirty:                 0 kB
Writeback:             0 kB
AnonPages:        476160 kB
Mapped:           218352 kB
Shmem:             23688 kB
Slab:              43236 kB
SReclaimable:      19472 kB
SUnreclaim:        23764 kB
KernelStack:       10200 kB
PageTables:        17004 kB
NFS_Unstable:          0 kB
Bounce:                0 kB
WritebackTmp:          0 kB
CommitLimit:      950276 kB
Committed_AS:   43763704 kB
VmallocTotal:     245760 kB
VmallocUsed:       68552 kB
VmallocChunk:      75648 kB
==>Wed Apr 12 10:49:04 2017
MemTotal:        1900556 kB
MemFree:          630132 kB
Buffers:           14408 kB
Cached:           454924 kB
SwapCached:            0 kB
Active:           630264 kB
Inactive:         318928 kB
Active(anon):     480132 kB
Inactive(anon):    24040 kB
Active(file):     150132 kB
Inactive(file):   294888 kB
Unevictable:           0 kB
Mlocked:               0 kB
HighTotal:       1158144 kB
HighFree:           2564 kB
LowTotal:         742412 kB
LowFree:          627568 kB
SwapTotal:             0 kB
SwapFree:              0 kB
Dirty:                 0 kB
Writeback:             0 kB
AnonPages:        480308 kB
Mapped:           191740 kB
Shmem:             24084 kB
Slab:              42924 kB
SReclaimable:      19484 kB
SUnreclaim:        23440 kB
KernelStack:       10200 kB
PageTables:        17168 kB
NFS_Unstable:          0 kB
Bounce:                0 kB
WritebackTmp:          0 kB
CommitLimit:      950276 kB
Committed_AS:   43825116 kB
VmallocTotal:     245760 kB
VmallocUsed:       68632 kB
VmallocChunk:      75648 kB
==>Wed Apr 12 10:49:14 2017
MemTotal:        1900556 kB
MemFree:          629032 kB
Buffers:           14452 kB
Cached:           455364 kB
SwapCached:            0 kB
Active:           630976 kB
Inactive:         319436 kB
Active(anon):     480828 kB
Inactive(anon):    24048 kB
Active(file):     150148 kB
Inactive(file):   295388 kB
Unevictable:           0 kB
Mlocked:               0 kB
HighTotal:       1158144 kB
HighFree:          10536 kB
LowTotal:         742412 kB
LowFree:          618496 kB
SwapTotal:             0 kB
SwapFree:              0 kB
Dirty:                28 kB
Writeback:             0 kB
AnonPages:        480852 kB
Mapped:           192016 kB
Shmem:             24092 kB
Slab:              43060 kB
SReclaimable:      19492 kB
SUnreclaim:        23568 kB
KernelStack:       10352 kB
PageTables:        17112 kB
NFS_Unstable:          0 kB
Bounce:                0 kB
WritebackTmp:          0 kB
CommitLimit:      950276 kB
Committed_AS:   43830024 kB
VmallocTotal:     245760 kB
VmallocUsed:       70608 kB
VmallocChunk:      75648 kB
==>Wed Apr 12 10:49:24 2017
MemTotal:        1900556 kB
MemFree:          619000 kB
Buffers:           14500 kB
Cached:           455372 kB
SwapCached:            0 kB
Active:           630308 kB
Inactive:         319472 kB
Active(anon):     480152 kB
Inactive(anon):    24056 kB
Active(file):     150156 kB
Inactive(file):   295416 kB
Unevictable:           0 kB
Mlocked:               0 kB
HighTotal:       1158144 kB
HighFree:           7004 kB
LowTotal:         742412 kB
LowFree:          611996 kB
SwapTotal:             0 kB
SwapFree:              0 kB
Dirty:                16 kB
Writeback:             0 kB
AnonPages:        480084 kB
Mapped:           205712 kB
Shmem:             24100 kB
Slab:              43100 kB
SReclaimable:      19508 kB
SUnreclaim:        23592 kB
KernelStack:       10368 kB
PageTables:        17204 kB
NFS_Unstable:          0 kB
Bounce:                0 kB
WritebackTmp:          0 kB
CommitLimit:      950276 kB
Committed_AS:   43830200 kB
VmallocTotal:     245760 kB
VmallocUsed:       68568 kB
VmallocChunk:      75648 kB
==>Wed Apr 12 10:49:34 2017
MemTotal:        1900556 kB
MemFree:          615984 kB
Buffers:           14524 kB
Cached:           455376 kB
SwapCached:            0 kB
Active:           630588 kB
Inactive:         319512 kB
Active(anon):     480432 kB
Inactive(anon):    24060 kB
Active(file):     150156 kB
Inactive(file):   295452 kB
Unevictable:           0 kB
Mlocked:               0 kB
HighTotal:       1158144 kB
HighFree:           3380 kB
LowTotal:         742412 kB
LowFree:          612604 kB
SwapTotal:             0 kB
SwapFree:              0 kB
Dirty:                16 kB
Writeback:             0 kB
AnonPages:        480560 kB
Mapped:           208004 kB
Shmem:             24104 kB
Slab:              43100 kB
SReclaimable:      19500 kB
SUnreclaim:        23600 kB
KernelStack:       10200 kB
PageTables:        17112 kB
NFS_Unstable:          0 kB
Bounce:                0 kB
WritebackTmp:          0 kB
CommitLimit:      950276 kB
Committed_AS:   43809044 kB
VmallocTotal:     245760 kB
VmallocUsed:       68584 kB
VmallocChunk:      75648 kB
==>Wed Apr 12 10:49:44 2017
MemTotal:        1900556 kB
MemFree:          619072 kB
Buffers:           14548 kB
Cached:           455388 kB
SwapCached:            0 kB
Active:           627872 kB
Inactive:         319028 kB
Active(anon):     477196 kB
Inactive(anon):    24072 kB
Active(file):     150676 kB
Inactive(file):   294956 kB
Unevictable:           0 kB
Mlocked:               0 kB
HighTotal:       1158144 kB
HighFree:           6344 kB
LowTotal:         742412 kB
LowFree:          612728 kB
SwapTotal:             0 kB
SwapFree:              0 kB
Dirty:                 0 kB
Writeback:             0 kB
AnonPages:        477292 kB
Mapped:           210316 kB
Shmem:             24116 kB
Slab:              43044 kB
SReclaimable:      19504 kB
SUnreclaim:        23540 kB
KernelStack:       10000 kB
PageTables:        16716 kB
NFS_Unstable:          0 kB
Bounce:                0 kB
WritebackTmp:          0 kB
CommitLimit:      950276 kB
Committed_AS:   42573032 kB
VmallocTotal:     245760 kB
VmallocUsed:       67564 kB
VmallocChunk:      75648 kB
==>Wed Apr 12 10:49:54 2017
MemTotal:        1900556 kB
MemFree:          626304 kB
Buffers:           14588 kB
Cached:           455420 kB
SwapCached:            0 kB
Active:           628636 kB
Inactive:         319072 kB
Active(anon):     477944 kB
Inactive(anon):    24084 kB
Active(file):     150692 kB
Inactive(file):   294988 kB
Unevictable:           0 kB
Mlocked:               0 kB
HighTotal:       1158144 kB
HighFree:           5900 kB
LowTotal:         742412 kB
LowFree:          620404 kB
SwapTotal:             0 kB
SwapFree:              0 kB
Dirty:                24 kB
Writeback:             0 kB
AnonPages:        478068 kB
Mapped:           191188 kB
Shmem:             24128 kB
Slab:              42972 kB
SReclaimable:      19480 kB
SUnreclaim:        23492 kB
KernelStack:        9936 kB
PageTables:        16656 kB
NFS_Unstable:          0 kB
Bounce:                0 kB
WritebackTmp:          0 kB
CommitLimit:      950276 kB
Committed_AS:   42590488 kB
VmallocTotal:     245760 kB
VmallocUsed:       67660 kB
VmallocChunk:      75648 kB
==>Wed Apr 12 10:50:04 2017
MemTotal:        1900556 kB
MemFree:          631052 kB
Buffers:           14612 kB
Cached:           455420 kB
SwapCached:            0 kB
Active:           623552 kB
Inactive:         319096 kB
Active(anon):     472860 kB
Inactive(anon):    24084 kB
Active(file):     150692 kB
Inactive(file):   295012 kB
Unevictable:           0 kB
Mlocked:               0 kB
HighTotal:       1158144 kB
HighFree:           3868 kB
LowTotal:         742412 kB
LowFree:          627184 kB
SwapTotal:             0 kB
SwapFree:              0 kB
Dirty:                 4 kB
Writeback:             0 kB
AnonPages:        472648 kB
Mapped:           191232 kB
Shmem:             24128 kB
Slab:              42844 kB
SReclaimable:      19480 kB
SUnreclaim:        23364 kB
KernelStack:       10080 kB
PageTables:        16688 kB
NFS_Unstable:          0 kB
Bounce:                0 kB
WritebackTmp:          0 kB
CommitLimit:      950276 kB
Committed_AS:   42568592 kB
VmallocTotal:     245760 kB
VmallocUsed:       68680 kB
VmallocChunk:      75648 kB
==>Wed Apr 12 10:50:14 2017
MemTotal:        1900556 kB
MemFree:          629904 kB
Buffers:           14648 kB
Cached:           455424 kB
SwapCached:            0 kB
Active:           624944 kB
Inactive:         319132 kB
Active(anon):     474248 kB
Inactive(anon):    24088 kB
Active(file):     150696 kB
Inactive(file):   295044 kB
Unevictable:           0 kB
Mlocked:               0 kB
HighTotal:       1158144 kB
HighFree:           8604 kB
LowTotal:         742412 kB
LowFree:          621300 kB
SwapTotal:             0 kB
SwapFree:              0 kB
Dirty:                 0 kB
Writeback:             0 kB
AnonPages:        474216 kB
Mapped:           191220 kB
Shmem:             24132 kB
Slab:              42884 kB
SReclaimable:      19496 kB
SUnreclaim:        23388 kB
KernelStack:        9936 kB
PageTables:        16656 kB
NFS_Unstable:          0 kB
Bounce:                0 kB
WritebackTmp:          0 kB
CommitLimit:      950276 kB
Committed_AS:   42596132 kB
VmallocTotal:     245760 kB
VmallocUsed:       69700 kB
VmallocChunk:      75648 kB
==>Wed Apr 12 10:50:24 2017
MemTotal:        1900556 kB
MemFree:          629392 kB
Buffers:           14680 kB
Cached:           455440 kB
SwapCached:            0 kB
Active:           625312 kB
Inactive:         319192 kB
Active(anon):     474616 kB
Inactive(anon):    24088 kB
Active(file):     150696 kB
Inactive(file):   295104 kB
Unevictable:           0 kB
Mlocked:               0 kB
HighTotal:       1158144 kB
HighFree:           2712 kB
LowTotal:         742412 kB
LowFree:          626680 kB
SwapTotal:             0 kB
SwapFree:              0 kB
Dirty:                12 kB
Writeback:             0 kB
AnonPages:        474708 kB
Mapped:           191236 kB
Shmem:             24132 kB
Slab:              43016 kB
SReclaimable:      19496 kB
SUnreclaim:        23520 kB
KernelStack:       10088 kB
PageTables:        16688 kB
NFS_Unstable:          0 kB
Bounce:                0 kB
WritebackTmp:          0 kB
CommitLimit:      950276 kB
Committed_AS:   42609056 kB
VmallocTotal:     245760 kB
VmallocUsed:       69708 kB
VmallocChunk:      75648 kB
==>Wed Apr 12 10:50:34 2017
MemTotal:        1900556 kB
MemFree:          672552 kB
Buffers:           14776 kB
Cached:           440852 kB
SwapCached:            0 kB
Active:           647816 kB
Inactive:         304644 kB
Active(anon):     497068 kB
Inactive(anon):     2948 kB
Active(file):     150748 kB
Inactive(file):   301696 kB
Unevictable:           0 kB
Mlocked:               0 kB
HighTotal:       1158144 kB
HighFree:          40556 kB
LowTotal:         742412 kB
LowFree:          631996 kB
SwapTotal:             0 kB
SwapFree:              0 kB
Dirty:              6364 kB
Writeback:             0 kB
AnonPages:        497280 kB
Mapped:           160132 kB
Shmem:              2996 kB
Slab:              42852 kB
SReclaimable:      19552 kB
SUnreclaim:        23300 kB
KernelStack:       10240 kB
PageTables:        16620 kB
NFS_Unstable:          0 kB
Bounce:                0 kB
WritebackTmp:          0 kB
CommitLimit:      950276 kB
Committed_AS:   42552480 kB
VmallocTotal:     245760 kB
VmallocUsed:       67528 kB
VmallocChunk:      75648 kB
==>Wed Apr 12 10:50:44 2017
MemTotal:        1900556 kB
MemFree:          670460 kB
Buffers:           14952 kB
Cached:           442992 kB
SwapCached:            0 kB
Active:           648300 kB
Inactive:         306936 kB
Active(anon):     497540 kB
Inactive(anon):     2948 kB
Active(file):     150760 kB
Inactive(file):   303988 kB
Unevictable:           0 kB
Mlocked:               0 kB
HighTotal:       1158144 kB
HighFree:          29764 kB
LowTotal:         742412 kB
LowFree:          640696 kB
SwapTotal:             0 kB
SwapFree:              0 kB
Dirty:              2168 kB
Writeback:             0 kB
AnonPages:        497364 kB
Mapped:           160148 kB
Shmem:              2996 kB
Slab:              42944 kB
SReclaimable:      19628 kB
SUnreclaim:        23316 kB
KernelStack:       10184 kB
PageTables:        16732 kB
NFS_Unstable:          0 kB
Bounce:                0 kB
WritebackTmp:          0 kB
CommitLimit:      950276 kB
Committed_AS:   42584568 kB
VmallocTotal:     245760 kB
VmallocUsed:       68548 kB
VmallocChunk:      75648 kB
==>Wed Apr 12 10:50:54 2017
MemTotal:        1900556 kB
MemFree:          668564 kB
Buffers:           14992 kB
Cached:           443016 kB
SwapCached:            0 kB
Active:           649692 kB
Inactive:         306984 kB
Active(anon):     498916 kB
Inactive(anon):     2948 kB
Active(file):     150776 kB
Inactive(file):   304036 kB
Unevictable:           0 kB
Mlocked:               0 kB
HighTotal:       1158144 kB
HighFree:          27252 kB
LowTotal:         742412 kB
LowFree:          641312 kB
SwapTotal:             0 kB
SwapFree:              0 kB
Dirty:                96 kB
Writeback:             0 kB
AnonPages:        498836 kB
Mapped:           161472 kB
Shmem:              2996 kB
Slab:              42764 kB
SReclaimable:      19620 kB
SUnreclaim:        23144 kB
KernelStack:       10208 kB
PageTables:        16640 kB
NFS_Unstable:          0 kB
Bounce:                0 kB
WritebackTmp:          0 kB
CommitLimit:      950276 kB
Committed_AS:   42543168 kB
VmallocTotal:     245760 kB
VmallocUsed:       67528 kB
VmallocChunk:      75648 kB
==>Wed Apr 12 10:51:04 2017
MemTotal:        1900556 kB
MemFree:          652784 kB
Buffers:           15136 kB
Cached:           459752 kB
SwapCached:            0 kB
Active:           648128 kB
Inactive:         323832 kB
Active(anon):     497308 kB
Inactive(anon):     2948 kB
Active(file):     150820 kB
Inactive(file):   320884 kB
Unevictable:           0 kB
Mlocked:               0 kB
HighTotal:       1158144 kB
HighFree:          12040 kB
LowTotal:         742412 kB
LowFree:          640744 kB
SwapTotal:             0 kB
SwapFree:              0 kB
Dirty:              4420 kB
Writeback:             0 kB
AnonPages:        497288 kB
Mapped:           160872 kB
Shmem:              2996 kB
Slab:              43184 kB
SReclaimable:      19852 kB
SUnreclaim:        23332 kB
KernelStack:       10192 kB
PageTables:        16632 kB
NFS_Unstable:          0 kB
Bounce:                0 kB
WritebackTmp:          0 kB
CommitLimit:      950276 kB
Committed_AS:   42542844 kB
VmallocTotal:     245760 kB
VmallocUsed:       67528 kB
VmallocChunk:      75648 kB
==>Wed Apr 12 10:51:14 2017
MemTotal:        1900556 kB
MemFree:          652908 kB
Buffers:           15168 kB
Cached:           459880 kB
SwapCached:            0 kB
Active:           649112 kB
Inactive:         323976 kB
Active(anon):     498276 kB
Inactive(anon):     2948 kB
Active(file):     150836 kB
Inactive(file):   321028 kB
Unevictable:           0 kB
Mlocked:               0 kB
HighTotal:       1158144 kB
HighFree:          12944 kB
LowTotal:         742412 kB
LowFree:          639964 kB
SwapTotal:             0 kB
SwapFree:              0 kB
Dirty:                36 kB
Writeback:             0 kB
AnonPages:        498416 kB
Mapped:           160808 kB
Shmem:              2996 kB
Slab:              43136 kB
SReclaimable:      19864 kB
SUnreclaim:        23272 kB
KernelStack:       10192 kB
PageTables:        16632 kB
NFS_Unstable:          0 kB
Bounce:                0 kB
WritebackTmp:          0 kB
CommitLimit:      950276 kB
Committed_AS:   42583900 kB
VmallocTotal:     245760 kB
VmallocUsed:       67528 kB
VmallocChunk:      75648 kB
==>Wed Apr 12 10:51:24 2017
MemTotal:        1900556 kB
MemFree:          616476 kB
Buffers:           15264 kB
Cached:           476168 kB
SwapCached:            0 kB
Active:           663428 kB
Inactive:         340260 kB
Active(anon):     512492 kB
Inactive(anon):     2948 kB
Active(file):     150936 kB
Inactive(file):   337312 kB
Unevictable:           0 kB
Mlocked:               0 kB
HighTotal:       1158144 kB
HighFree:           1800 kB
LowTotal:         742412 kB
LowFree:          614676 kB
SwapTotal:             0 kB
SwapFree:              0 kB
Dirty:              4816 kB
Writeback:             0 kB
AnonPages:        512564 kB
Mapped:           162312 kB
Shmem:              2996 kB
Slab:              43572 kB
SReclaimable:      20092 kB
SUnreclaim:        23480 kB
KernelStack:       10248 kB
PageTables:        16644 kB
NFS_Unstable:          0 kB
Bounce:                0 kB
WritebackTmp:          0 kB
CommitLimit:      950276 kB
Committed_AS:   42565740 kB
VmallocTotal:     245760 kB
VmallocUsed:       67548 kB
VmallocChunk:      75648 kB
==>Wed Apr 12 10:51:34 2017
MemTotal:        1900556 kB
MemFree:          627256 kB
Buffers:           15300 kB
Cached:           476252 kB
SwapCached:            0 kB
Active:           654160 kB
Inactive:         340368 kB
Active(anon):     503212 kB
Inactive(anon):     2948 kB
Active(file):     150948 kB
Inactive(file):   337420 kB
Unevictable:           0 kB
Mlocked:               0 kB
HighTotal:       1158144 kB
HighFree:           2512 kB
LowTotal:         742412 kB
LowFree:          624744 kB
SwapTotal:             0 kB
SwapFree:              0 kB
Dirty:                 8 kB
Writeback:             0 kB
AnonPages:        503140 kB
Mapped:           162252 kB
Shmem:              2996 kB
Slab:              43360 kB
SReclaimable:      20068 kB
SUnreclaim:        23292 kB
KernelStack:       10144 kB
PageTables:        16528 kB
NFS_Unstable:          0 kB
Bounce:                0 kB
WritebackTmp:          0 kB
CommitLimit:      950276 kB
Committed_AS:   42540916 kB
VmallocTotal:     245760 kB
VmallocUsed:       67548 kB
VmallocChunk:      75648 kB
==>Wed Apr 12 10:51:44 2017
MemTotal:        1900556 kB
MemFree:          616384 kB
Buffers:           15336 kB
Cached:           476644 kB
SwapCached:            0 kB
Active:           655332 kB
Inactive:         340756 kB
Active(anon):     504356 kB
Inactive(anon):     2948 kB
Active(file):     150976 kB
Inactive(file):   337808 kB
Unevictable:           0 kB
Mlocked:               0 kB
HighTotal:       1158144 kB
HighFree:           1808 kB
LowTotal:         742412 kB
LowFree:          614576 kB
SwapTotal:             0 kB
SwapFree:              0 kB
Dirty:               116 kB
Writeback:             0 kB
AnonPages:        504292 kB
Mapped:           163788 kB
Shmem:              2996 kB
Slab:              43420 kB
SReclaimable:      20068 kB
SUnreclaim:        23352 kB
KernelStack:       10416 kB
PageTables:        16744 kB
NFS_Unstable:          0 kB
Bounce:                0 kB
WritebackTmp:          0 kB
CommitLimit:      950276 kB
Committed_AS:   42580424 kB
VmallocTotal:     245760 kB
VmallocUsed:       67592 kB
VmallocChunk:      75648 kB
==>Wed Apr 12 10:51:54 2017
MemTotal:        1900556 kB
MemFree:          610360 kB
Buffers:           15432 kB
Cached:           484976 kB
SwapCached:            0 kB
Active:           652356 kB
Inactive:         349168 kB
Active(anon):     501364 kB
Inactive(anon):     2948 kB
Active(file):     150992 kB
Inactive(file):   346220 kB
Unevictable:           0 kB
Mlocked:               0 kB
HighTotal:       1158144 kB
HighFree:           4416 kB
LowTotal:         742412 kB
LowFree:          605944 kB
SwapTotal:             0 kB
SwapFree:              0 kB
Dirty:              4680 kB
Writeback:             0 kB
AnonPages:        501400 kB
Mapped:           163800 kB
Shmem:              2996 kB
Slab:              43616 kB
SReclaimable:      20160 kB
SUnreclaim:        23456 kB
KernelStack:       10408 kB
PageTables:        16744 kB
NFS_Unstable:          0 kB
Bounce:                0 kB
WritebackTmp:          0 kB
CommitLimit:      950276 kB
Committed_AS:   42564588 kB
VmallocTotal:     245760 kB
VmallocUsed:       67592 kB
VmallocChunk:      75648 kB
==>Wed Apr 12 10:52:04 2017
MemTotal:        1900556 kB
MemFree:          611192 kB
Buffers:           15452 kB
Cached:           484988 kB
SwapCached:            0 kB
Active:           659728 kB
Inactive:         340868 kB
Active(anon):     500436 kB
Inactive(anon):     2948 kB
Active(file):     159292 kB
Inactive(file):   337920 kB
Unevictable:           0 kB
Mlocked:               0 kB
HighTotal:       1158144 kB
HighFree:           4104 kB
LowTotal:         742412 kB
LowFree:          607088 kB
SwapTotal:             0 kB
SwapFree:              0 kB
Dirty:                 4 kB
Writeback:             0 kB
AnonPages:        500420 kB
Mapped:           164220 kB
Shmem:              2996 kB
Slab:              43532 kB
SReclaimable:      20152 kB
SUnreclaim:        23380 kB
KernelStack:       10288 kB
PageTables:        16648 kB
NFS_Unstable:          0 kB
Bounce:                0 kB
WritebackTmp:          0 kB
CommitLimit:      950276 kB
Committed_AS:   42552128 kB
VmallocTotal:     245760 kB
VmallocUsed:       67592 kB
VmallocChunk:      75648 kB
==>Wed Apr 12 10:52:14 2017
MemTotal:        1900556 kB
MemFree:          606848 kB
Buffers:           15468 kB
Cached:           485092 kB
SwapCached:            0 kB
Active:           664800 kB
Inactive:         340980 kB
Active(anon):     505500 kB
Inactive(anon):     2948 kB
Active(file):     159300 kB
Inactive(file):   338032 kB
Unevictable:           0 kB
Mlocked:               0 kB
HighTotal:       1158144 kB
HighFree:           1784 kB
LowTotal:         742412 kB
LowFree:          605064 kB
SwapTotal:             0 kB
SwapFree:              0 kB
Dirty:                 0 kB
Writeback:             0 kB
AnonPages:        505524 kB
Mapped:           164204 kB
Shmem:              2996 kB
Slab:              43524 kB
SReclaimable:      20152 kB
SUnreclaim:        23372 kB
KernelStack:       10232 kB
PageTables:        16660 kB
NFS_Unstable:          0 kB
Bounce:                0 kB
WritebackTmp:          0 kB
CommitLimit:      950276 kB
Committed_AS:   42589892 kB
VmallocTotal:     245760 kB
VmallocUsed:       70652 kB
VmallocChunk:      75648 kB
==>Wed Apr 12 10:52:24 2017
MemTotal:        1900556 kB
MemFree:          610156 kB
Buffers:           15564 kB
Cached:           485728 kB
SwapCached:            0 kB
Active:           660432 kB
Inactive:         341552 kB
Active(anon):     500976 kB
Inactive(anon):     2948 kB
Active(file):     159456 kB
Inactive(file):   338604 kB
Unevictable:           0 kB
Mlocked:               0 kB
HighTotal:       1158144 kB
HighFree:           2348 kB
LowTotal:         742412 kB
LowFree:          607808 kB
SwapTotal:             0 kB
SwapFree:              0 kB
Dirty:                56 kB
Writeback:             0 kB
AnonPages:        500844 kB
Mapped:           164472 kB
Shmem:              2996 kB
Slab:              43580 kB
SReclaimable:      20216 kB
SUnreclaim:        23364 kB
KernelStack:       10184 kB
PageTables:        16800 kB
NFS_Unstable:          0 kB
Bounce:                0 kB
WritebackTmp:          0 kB
CommitLimit:      950276 kB
Committed_AS:   42621172 kB
VmallocTotal:     245760 kB
VmallocUsed:       68612 kB
VmallocChunk:      75648 kB
==>Wed Apr 12 10:52:34 2017
MemTotal:        1900556 kB
MemFree:          608268 kB
Buffers:           15588 kB
Cached:           485808 kB
SwapCached:            0 kB
Active:           663064 kB
Inactive:         341400 kB
Active(anon):     503360 kB
Inactive(anon):     2948 kB
Active(file):     159704 kB
Inactive(file):   338452 kB
Unevictable:           0 kB
Mlocked:               0 kB
HighTotal:       1158144 kB
HighFree:           7916 kB
LowTotal:         742412 kB
LowFree:          600352 kB
SwapTotal:             0 kB
SwapFree:              0 kB
Dirty:                 0 kB
Writeback:             0 kB
AnonPages:        503244 kB
Mapped:           164576 kB
Shmem:              2996 kB
Slab:              43652 kB
SReclaimable:      20260 kB
SUnreclaim:        23392 kB
KernelStack:       10208 kB
PageTables:        16680 kB
NFS_Unstable:          0 kB
Bounce:                0 kB
WritebackTmp:          0 kB
CommitLimit:      950276 kB
Committed_AS:   42615220 kB
VmallocTotal:     245760 kB
VmallocUsed:       70688 kB
VmallocChunk:      75648 kB
==>Wed Apr 12 10:52:44 2017
MemTotal:        1900556 kB
MemFree:          608208 kB
Buffers:           15628 kB
Cached:           487888 kB
SwapCached:            0 kB
Active:           663128 kB
Inactive:         339100 kB
Active(anon):     500296 kB
Inactive(anon):     2948 kB
Active(file):     162832 kB
Inactive(file):   336152 kB
Unevictable:           0 kB
Mlocked:               0 kB
HighTotal:       1158144 kB
HighFree:           4352 kB
LowTotal:         742412 kB
LowFree:          603856 kB
SwapTotal:             0 kB
SwapFree:              0 kB
Dirty:              2152 kB
Writeback:             0 kB
AnonPages:        500280 kB
Mapped:           164544 kB
Shmem:              2996 kB
Slab:              43844 kB
SReclaimable:      20312 kB
SUnreclaim:        23532 kB
KernelStack:       10256 kB
PageTables:        16944 kB
NFS_Unstable:          0 kB
Bounce:                0 kB
WritebackTmp:          0 kB
CommitLimit:      950276 kB
Committed_AS:   42629608 kB
VmallocTotal:     245760 kB
VmallocUsed:       67592 kB
VmallocChunk:      75648 kB
==>Wed Apr 12 10:52:54 2017
MemTotal:        1900556 kB
MemFree:          605100 kB
Buffers:           15648 kB
Cached:           487984 kB
SwapCached:            0 kB
Active:           665636 kB
Inactive:         339052 kB
Active(anon):     502632 kB
Inactive(anon):     2948 kB
Active(file):     163004 kB
Inactive(file):   336104 kB
Unevictable:           0 kB
Mlocked:               0 kB
HighTotal:       1158144 kB
HighFree:           2580 kB
LowTotal:         742412 kB
LowFree:          602520 kB
SwapTotal:             0 kB
SwapFree:              0 kB
Dirty:                56 kB
Writeback:             0 kB
AnonPages:        502624 kB
Mapped:           164584 kB
Shmem:              2996 kB
Slab:              43848 kB
SReclaimable:      20312 kB
SUnreclaim:        23536 kB
KernelStack:       10272 kB
PageTables:        16568 kB
NFS_Unstable:          0 kB
Bounce:                0 kB
WritebackTmp:          0 kB
CommitLimit:      950276 kB
Committed_AS:   42542156 kB
VmallocTotal:     245760 kB
VmallocUsed:       67592 kB
VmallocChunk:      75648 kB
==>Wed Apr 12 10:53:04 2017
MemTotal:        1900556 kB
MemFree:          601720 kB
Buffers:           15656 kB
Cached:           487984 kB
SwapCached:            0 kB
Active:           670444 kB
Inactive:         339052 kB
Active(anon):     507432 kB
Inactive(anon):     2948 kB
Active(file):     163012 kB
Inactive(file):   336104 kB
Unevictable:           0 kB
Mlocked:               0 kB
HighTotal:       1158144 kB
HighFree:           1936 kB
LowTotal:         742412 kB
LowFree:          599784 kB
SwapTotal:             0 kB
SwapFree:              0 kB
Dirty:                 4 kB
Writeback:             0 kB
AnonPages:        507444 kB
Mapped:           164324 kB
Shmem:              2996 kB
Slab:              43776 kB
SReclaimable:      20304 kB
SUnreclaim:        23472 kB
KernelStack:       10280 kB
PageTables:        16660 kB
NFS_Unstable:          0 kB
Bounce:                0 kB
WritebackTmp:          0 kB
CommitLimit:      950276 kB
Committed_AS:   42583136 kB
VmallocTotal:     245760 kB
VmallocUsed:       70652 kB
VmallocChunk:      75648 kB
==>Wed Apr 12 10:53:14 2017
MemTotal:        1900556 kB
MemFree:          593192 kB
Buffers:           15664 kB
Cached:           487992 kB
SwapCached:            0 kB
Active:           677772 kB
Inactive:         339068 kB
Active(anon):     514760 kB
Inactive(anon):     2948 kB
Active(file):     163012 kB
Inactive(file):   336120 kB
Unevictable:           0 kB
Mlocked:               0 kB
HighTotal:       1158144 kB
HighFree:           1712 kB
LowTotal:         742412 kB
LowFree:          591480 kB
SwapTotal:             0 kB
SwapFree:              0 kB
Dirty:                16 kB
Writeback:             0 kB
AnonPages:        514736 kB
Mapped:           164584 kB
Shmem:              2996 kB
Slab:              43812 kB
SReclaimable:      20304 kB
SUnreclaim:        23508 kB
KernelStack:       10128 kB
PageTables:        16896 kB
NFS_Unstable:          0 kB
Bounce:                0 kB
WritebackTmp:          0 kB
CommitLimit:      950276 kB
Committed_AS:   42624448 kB
VmallocTotal:     245760 kB
VmallocUsed:       71672 kB
VmallocChunk:      75648 kB
==>Wed Apr 12 10:53:24 2017
MemTotal:        1900556 kB
MemFree:          601128 kB
Buffers:           15664 kB
Cached:           488000 kB
SwapCached:            0 kB
Active:           670480 kB
Inactive:         339064 kB
Active(anon):     507468 kB
Inactive(anon):     2948 kB
Active(file):     163012 kB
Inactive(file):   336116 kB
Unevictable:           0 kB
Mlocked:               0 kB
HighTotal:       1158144 kB
HighFree:           3648 kB
LowTotal:         742412 kB
LowFree:          597480 kB
SwapTotal:             0 kB
SwapFree:              0 kB
Dirty:                 8 kB
Writeback:             0 kB
AnonPages:        507492 kB
Mapped:           164592 kB
Shmem:              2996 kB
Slab:              43748 kB
SReclaimable:      20304 kB
SUnreclaim:        23444 kB
KernelStack:       10208 kB
PageTables:        16900 kB
NFS_Unstable:          0 kB
Bounce:                0 kB
WritebackTmp:          0 kB
CommitLimit:      950276 kB
Committed_AS:   42632412 kB
VmallocTotal:     245760 kB
VmallocUsed:       69632 kB
VmallocChunk:      75648 kB
==>Wed Apr 12 10:53:34 2017
MemTotal:        1900556 kB
MemFree:          576952 kB
Buffers:           15708 kB
Cached:           496428 kB
SwapCached:            0 kB
Active:           684040 kB
Inactive:         347524 kB
Active(anon):     521004 kB
Inactive(anon):     2948 kB
Active(file):     163036 kB
Inactive(file):   344576 kB
Unevictable:           0 kB
Mlocked:               0 kB
HighTotal:       1158144 kB
HighFree:           1736 kB
LowTotal:         742412 kB
LowFree:          575216 kB
SwapTotal:             0 kB
SwapFree:              0 kB
Dirty:              8440 kB
Writeback:             0 kB
AnonPages:        521048 kB
Mapped:           164812 kB
Shmem:              2996 kB
Slab:              44076 kB
SReclaimable:      20448 kB
SUnreclaim:        23628 kB
KernelStack:       10224 kB
PageTables:        16800 kB
NFS_Unstable:          0 kB
Bounce:                0 kB
WritebackTmp:          0 kB
CommitLimit:      950276 kB
Committed_AS:   42596988 kB
VmallocTotal:     245760 kB
VmallocUsed:       70652 kB
VmallocChunk:      75648 kB
==>Wed Apr 12 10:53:44 2017
MemTotal:        1900556 kB
MemFree:          573380 kB
Buffers:           15732 kB
Cached:           496428 kB
SwapCached:            0 kB
Active:           675644 kB
Inactive:         347540 kB
Active(anon):     512600 kB
Inactive(anon):     2948 kB
Active(file):     163044 kB
Inactive(file):   344592 kB
Unevictable:           0 kB
Mlocked:               0 kB
HighTotal:       1158144 kB
HighFree:           1800 kB
LowTotal:         742412 kB
LowFree:          571580 kB
SwapTotal:             0 kB
SwapFree:              0 kB
Dirty:                 0 kB
Writeback:             0 kB
AnonPages:        512620 kB
Mapped:           165268 kB
Shmem:              2996 kB
Slab:              44080 kB
SReclaimable:      20420 kB
SUnreclaim:        23660 kB
KernelStack:       10312 kB
PageTables:        16900 kB
NFS_Unstable:          0 kB
Bounce:                0 kB
WritebackTmp:          0 kB
CommitLimit:      950276 kB
Committed_AS:   42601044 kB
VmallocTotal:     245760 kB
VmallocUsed:       70668 kB
VmallocChunk:      75648 kB
==>Wed Apr 12 10:53:54 2017
MemTotal:        1900556 kB
MemFree:          560104 kB
Buffers:           15748 kB
Cached:           496524 kB
SwapCached:            0 kB
Active:           681484 kB
Inactive:         347636 kB
Active(anon):     518424 kB
Inactive(anon):     2948 kB
Active(file):     163060 kB
Inactive(file):   344688 kB
Unevictable:           0 kB
Mlocked:               0 kB
HighTotal:       1158144 kB
HighFree:           1816 kB
LowTotal:         742412 kB
LowFree:          558288 kB
SwapTotal:             0 kB
SwapFree:              0 kB
Dirty:                 4 kB
Writeback:             0 kB
AnonPages:        518400 kB
Mapped:           165100 kB
Shmem:              2996 kB
Slab:              46212 kB
SReclaimable:      20872 kB
SUnreclaim:        25340 kB
KernelStack:       16136 kB
PageTables:        16892 kB
NFS_Unstable:          0 kB
Bounce:                0 kB
WritebackTmp:          0 kB
CommitLimit:      950276 kB
Committed_AS:   42605064 kB
VmallocTotal:     245760 kB
VmallocUsed:       73728 kB
VmallocChunk:      75648 kB
==>Wed Apr 12 10:54:04 2017
MemTotal:        1900556 kB
MemFree:          541880 kB
Buffers:           15792 kB
Cached:           504888 kB
SwapCached:            0 kB
Active:           689812 kB
Inactive:         356004 kB
Active(anon):     526744 kB
Inactive(anon):     2948 kB
Active(file):     163068 kB
Inactive(file):   353056 kB
Unevictable:           0 kB
Mlocked:               0 kB
HighTotal:       1158144 kB
HighFree:           1752 kB
LowTotal:         742412 kB
LowFree:          540128 kB
SwapTotal:             0 kB
SwapFree:              0 kB
Dirty:              8348 kB
Writeback:             0 kB
AnonPages:        526640 kB
Mapped:           165264 kB
Shmem:              2996 kB
Slab:              44908 kB
SReclaimable:      20652 kB
SUnreclaim:        24256 kB
KernelStack:       10472 kB
PageTables:        17028 kB
NFS_Unstable:          0 kB
Bounce:                0 kB
WritebackTmp:          0 kB
CommitLimit:      950276 kB
Committed_AS:   42641920 kB
VmallocTotal:     245760 kB
VmallocUsed:       74784 kB
VmallocChunk:      75648 kB
==>Wed Apr 12 10:54:14 2017
MemTotal:        1900556 kB
MemFree:          537932 kB
Buffers:           15816 kB
Cached:           504940 kB
SwapCached:            0 kB
Active:           679168 kB
Inactive:         356104 kB
Active(anon):     516092 kB
Inactive(anon):     2948 kB
Active(file):     163076 kB
Inactive(file):   353156 kB
Unevictable:           0 kB
Mlocked:               0 kB
HighTotal:       1158144 kB
HighFree:           1724 kB
LowTotal:         742412 kB
LowFree:          536208 kB
SwapTotal:             0 kB
SwapFree:              0 kB
Dirty:                64 kB
Writeback:             0 kB
AnonPages:        516084 kB
Mapped:           165140 kB
Shmem:              2996 kB
Slab:              48828 kB
SReclaimable:      21500 kB
SUnreclaim:        27328 kB
KernelStack:       21656 kB
PageTables:        16920 kB
NFS_Unstable:          0 kB
Bounce:                0 kB
WritebackTmp:          0 kB
CommitLimit:      950276 kB
Committed_AS:   42614964 kB
VmallocTotal:     245760 kB
VmallocUsed:       73764 kB
VmallocChunk:      75648 kB
==>Wed Apr 12 10:54:24 2017
MemTotal:        1900556 kB
MemFree:          506964 kB
Buffers:           15816 kB
Cached:           504940 kB
SwapCached:            0 kB
Active:           681820 kB
Inactive:         356104 kB
Active(anon):     518744 kB
Inactive(anon):     2948 kB
Active(file):     163076 kB
Inactive(file):   353156 kB
Unevictable:           0 kB
Mlocked:               0 kB
HighTotal:       1158144 kB
HighFree:           1812 kB
LowTotal:         742412 kB
LowFree:          505152 kB
SwapTotal:             0 kB
SwapFree:              0 kB
Dirty:                 0 kB
Writeback:             0 kB
AnonPages:        518648 kB
Mapped:           164604 kB
Shmem:              2996 kB
Slab:              58252 kB
SReclaimable:      23248 kB
SUnreclaim:        35004 kB
KernelStack:       41144 kB
PageTables:        16940 kB
NFS_Unstable:          0 kB
Bounce:                0 kB
WritebackTmp:          0 kB
CommitLimit:      950276 kB
Committed_AS:   42638760 kB
VmallocTotal:     245760 kB
VmallocUsed:       75804 kB
VmallocChunk:      75648 kB
==>Wed Apr 12 10:54:34 2017
MemTotal:        1900556 kB
MemFree:          557772 kB
Buffers:           15856 kB
Cached:           504728 kB
SwapCached:            0 kB
Active:           672672 kB
Inactive:         356336 kB
Active(anon):     510000 kB
Inactive(anon):     2948 kB
Active(file):     162672 kB
Inactive(file):   353388 kB
Unevictable:           0 kB
Mlocked:               0 kB
HighTotal:       1158144 kB
HighFree:           2136 kB
LowTotal:         742412 kB
LowFree:          555636 kB
SwapTotal:             0 kB
SwapFree:              0 kB
Dirty:                20 kB
Writeback:             0 kB
AnonPages:        509964 kB
Mapped:           164784 kB
Shmem:              2996 kB
Slab:              46384 kB
SReclaimable:      20960 kB
SUnreclaim:        25424 kB
KernelStack:       10528 kB
PageTables:        16932 kB
NFS_Unstable:          0 kB
Bounce:                0 kB
WritebackTmp:          0 kB
CommitLimit:      950276 kB
Committed_AS:   42626056 kB
VmallocTotal:     245760 kB
VmallocUsed:       76824 kB
VmallocChunk:      75648 kB
==>Wed Apr 12 10:54:44 2017
MemTotal:        1900556 kB
MemFree:          552408 kB
Buffers:           15872 kB
Cached:           504764 kB
SwapCached:            0 kB
Active:           679396 kB
Inactive:         356184 kB
Active(anon):     516520 kB
Inactive(anon):     2948 kB
Active(file):     162876 kB
Inactive(file):   353236 kB
Unevictable:           0 kB
Mlocked:               0 kB
HighTotal:       1158144 kB
HighFree:           1740 kB
LowTotal:         742412 kB
LowFree:          550668 kB
SwapTotal:             0 kB
SwapFree:              0 kB
Dirty:                 8 kB
Writeback:             0 kB
AnonPages:        516240 kB
Mapped:           164792 kB
Shmem:              2996 kB
Slab:              45984 kB
SReclaimable:      20876 kB
SUnreclaim:        25108 kB
KernelStack:       10440 kB
PageTables:        16904 kB
NFS_Unstable:          0 kB
Bounce:                0 kB
WritebackTmp:          0 kB
CommitLimit:      950276 kB
Committed_AS:   42617160 kB
VmallocTotal:     245760 kB
VmallocUsed:       75804 kB
VmallocChunk:      75648 kB
==>Wed Apr 12 10:54:54 2017
MemTotal:        1900556 kB
MemFree:          547436 kB
Buffers:           15888 kB
Cached:           504772 kB
SwapCached:            0 kB
Active:           683996 kB
Inactive:         356204 kB
Active(anon):     521116 kB
Inactive(anon):     2948 kB
Active(file):     162880 kB
Inactive(file):   353256 kB
Unevictable:           0 kB
Mlocked:               0 kB
HighTotal:       1158144 kB
HighFree:           1800 kB
LowTotal:         742412 kB
LowFree:          545636 kB
SwapTotal:             0 kB
SwapFree:              0 kB
Dirty:                20 kB
Writeback:             0 kB
AnonPages:        521120 kB
Mapped:           165036 kB
Shmem:              2996 kB
Slab:              46060 kB
SReclaimable:      20876 kB
SUnreclaim:        25184 kB
KernelStack:       10456 kB
PageTables:        17152 kB
NFS_Unstable:          0 kB
Bounce:                0 kB
WritebackTmp:          0 kB
CommitLimit:      950276 kB
Committed_AS:   42663340 kB
VmallocTotal:     245760 kB
VmallocUsed:       76824 kB
VmallocChunk:      75648 kB
==>Wed Apr 12 10:55:04 2017
MemTotal:        1900556 kB
MemFree:          557068 kB
Buffers:           15960 kB
Cached:           513472 kB
SwapCached:            0 kB
Active:           676156 kB
Inactive:         364888 kB
Active(anon):     513200 kB
Inactive(anon):     2948 kB
Active(file):     162956 kB
Inactive(file):   361940 kB
Unevictable:           0 kB
Mlocked:               0 kB
HighTotal:       1158144 kB
HighFree:           1756 kB
LowTotal:         742412 kB
LowFree:          555312 kB
SwapTotal:             0 kB
SwapFree:              0 kB
Dirty:              1688 kB
Writeback:             0 kB
AnonPages:        513168 kB
Mapped:           164744 kB
Shmem:              2996 kB
Slab:              45888 kB
SReclaimable:      20996 kB
SUnreclaim:        24892 kB
KernelStack:       10488 kB
PageTables:        17000 kB
NFS_Unstable:          0 kB
Bounce:                0 kB
WritebackTmp:          0 kB
CommitLimit:      950276 kB
Committed_AS:   42658872 kB
VmallocTotal:     245760 kB
VmallocUsed:       75752 kB
VmallocChunk:      75648 kB
==>Wed Apr 12 10:55:14 2017
MemTotal:        1900556 kB
MemFree:          549304 kB
Buffers:           15968 kB
Cached:           513472 kB
SwapCached:            0 kB
Active:           684944 kB
Inactive:         364692 kB
Active(anon):     521784 kB
Inactive(anon):     2948 kB
Active(file):     163160 kB
Inactive(file):   361744 kB
Unevictable:           0 kB
Mlocked:               0 kB
HighTotal:       1158144 kB
HighFree:           1760 kB
LowTotal:         742412 kB
LowFree:          547544 kB
SwapTotal:             0 kB
SwapFree:              0 kB
Dirty:                 0 kB
Writeback:            28 kB
AnonPages:        521712 kB
Mapped:           164724 kB
Shmem:              2996 kB
Slab:              45852 kB
SReclaimable:      20996 kB
SUnreclaim:        24856 kB
KernelStack:       10384 kB
PageTables:        16796 kB
NFS_Unstable:          0 kB
Bounce:                0 kB
WritebackTmp:          0 kB
CommitLimit:      950276 kB
Committed_AS:   42618368 kB
VmallocTotal:     245760 kB
VmallocUsed:       76772 kB
VmallocChunk:      75648 kB
==>Wed Apr 12 10:55:24 2017
MemTotal:        1900556 kB
MemFree:          544020 kB
Buffers:           15976 kB
Cached:           513568 kB
SwapCached:            0 kB
Active:           690364 kB
Inactive:         364800 kB
Active(anon):     527196 kB
Inactive(anon):     2948 kB
Active(file):     163168 kB
Inactive(file):   361852 kB
Unevictable:           0 kB
Mlocked:               0 kB
HighTotal:       1158144 kB
HighFree:           1784 kB
LowTotal:         742412 kB
LowFree:          542236 kB
SwapTotal:             0 kB
SwapFree:              0 kB
Dirty:                16 kB
Writeback:             0 kB
AnonPages:        527180 kB
Mapped:           164472 kB
Shmem:              2996 kB
Slab:              45776 kB
SReclaimable:      20996 kB
SUnreclaim:        24780 kB
KernelStack:       10400 kB
PageTables:        16836 kB
NFS_Unstable:          0 kB
Bounce:                0 kB
WritebackTmp:          0 kB
CommitLimit:      950276 kB
Committed_AS:   42651780 kB
VmallocTotal:     245760 kB
VmallocUsed:       77792 kB
VmallocChunk:      75648 kB
==>Wed Apr 12 10:55:34 2017
MemTotal:        1900556 kB
MemFree:          555752 kB
Buffers:           15976 kB
Cached:           513568 kB
SwapCached:            0 kB
Active:           677956 kB
Inactive:         364788 kB
Active(anon):     514788 kB
Inactive(anon):     2948 kB
Active(file):     163168 kB
Inactive(file):   361840 kB
Unevictable:           0 kB
Mlocked:               0 kB
HighTotal:       1158144 kB
HighFree:           1816 kB
LowTotal:         742412 kB
LowFree:          553936 kB
SwapTotal:             0 kB
SwapFree:              0 kB
Dirty:                 0 kB
Writeback:             0 kB
AnonPages:        514664 kB
Mapped:           164736 kB
Shmem:              2996 kB
Slab:              45700 kB
SReclaimable:      20984 kB
SUnreclaim:        24716 kB
KernelStack:       10320 kB
PageTables:        16908 kB
NFS_Unstable:          0 kB
Bounce:                0 kB
WritebackTmp:          0 kB
CommitLimit:      950276 kB
Committed_AS:   42654424 kB
VmallocTotal:     245760 kB
VmallocUsed:       78812 kB
VmallocChunk:      75648 kB
==>Wed Apr 12 10:55:44 2017
MemTotal:        1900556 kB
MemFree:          550840 kB
Buffers:           15992 kB
Cached:           517320 kB
SwapCached:            0 kB
Active:           680436 kB
Inactive:         368548 kB
Active(anon):     517260 kB
Inactive(anon):     2948 kB
Active(file):     163176 kB
Inactive(file):   365600 kB
Unevictable:           0 kB
Mlocked:               0 kB
HighTotal:       1158144 kB
HighFree:           1752 kB
LowTotal:         742412 kB
LowFree:          549088 kB
SwapTotal:             0 kB
SwapFree:              0 kB
Dirty:                60 kB
Writeback:             0 kB
AnonPages:        516680 kB
Mapped:           164472 kB
Shmem:              2996 kB
Slab:              45632 kB
SReclaimable:      20996 kB
SUnreclaim:        24636 kB
KernelStack:       10240 kB
PageTables:        16804 kB
NFS_Unstable:          0 kB
Bounce:                0 kB
WritebackTmp:          0 kB
CommitLimit:      950276 kB
Committed_AS:   42612384 kB
VmallocTotal:     245760 kB
VmallocUsed:       76772 kB
VmallocChunk:      75648 kB
==>Wed Apr 12 10:55:54 2017
MemTotal:        1900556 kB
MemFree:          549564 kB
Buffers:           16000 kB
Cached:           517320 kB
SwapCached:            0 kB
Active:           681908 kB
Inactive:         368556 kB
Active(anon):     518732 kB
Inactive(anon):     2948 kB
Active(file):     163176 kB
Inactive(file):   365608 kB
Unevictable:           0 kB
Mlocked:               0 kB
HighTotal:       1158144 kB
HighFree:           1908 kB
LowTotal:         742412 kB
LowFree:          547656 kB
SwapTotal:             0 kB
SwapFree:              0 kB
Dirty:                16 kB
Writeback:             0 kB
AnonPages:        518704 kB
Mapped:           164476 kB
Shmem:              2996 kB
Slab:              45600 kB
SReclaimable:      20996 kB
SUnreclaim:        24604 kB
KernelStack:       10184 kB
PageTables:        16832 kB
NFS_Unstable:          0 kB
Bounce:                0 kB
WritebackTmp:          0 kB
CommitLimit:      950276 kB
Committed_AS:   42629568 kB
VmallocTotal:     245760 kB
VmallocUsed:       77792 kB
VmallocChunk:      75648 kB
==>Wed Apr 12 10:56:04 2017
MemTotal:        1900556 kB
MemFree:          536460 kB
Buffers:           16052 kB
Cached:           520512 kB
SwapCached:            0 kB
Active:           690860 kB
Inactive:         371780 kB
Active(anon):     527660 kB
Inactive(anon):     2948 kB
Active(file):     163200 kB
Inactive(file):   368832 kB
Unevictable:           0 kB
Mlocked:               0 kB
HighTotal:       1158144 kB
HighFree:           1900 kB
LowTotal:         742412 kB
LowFree:          534560 kB
SwapTotal:             0 kB
SwapFree:              0 kB
Dirty:              3224 kB
Writeback:             0 kB
AnonPages:        527648 kB
Mapped:           164720 kB
Shmem:              2996 kB
Slab:              45576 kB
SReclaimable:      21016 kB
SUnreclaim:        24560 kB
KernelStack:       10240 kB
PageTables:        16936 kB
NFS_Unstable:          0 kB
Bounce:                0 kB
WritebackTmp:          0 kB
CommitLimit:      950276 kB
Committed_AS:   42658828 kB
VmallocTotal:     245760 kB
VmallocUsed:       77792 kB
VmallocChunk:      75648 kB
==>Wed Apr 12 10:56:14 2017
MemTotal:        1900556 kB
MemFree:          530520 kB
Buffers:           16112 kB
Cached:           534072 kB
SwapCached:            0 kB
Active:           680292 kB
Inactive:         385344 kB
Active(anon):     517040 kB
Inactive(anon):     2948 kB
Active(file):     163252 kB
Inactive(file):   382396 kB
Unevictable:           0 kB
Mlocked:               0 kB
HighTotal:       1158144 kB
HighFree:           1780 kB
LowTotal:         742412 kB
LowFree:          528740 kB
SwapTotal:             0 kB
SwapFree:              0 kB
Dirty:                72 kB
Writeback:             0 kB
AnonPages:        517048 kB
Mapped:           164844 kB
Shmem:              2996 kB
Slab:              45916 kB
SReclaimable:      21260 kB
SUnreclaim:        24656 kB
KernelStack:       12768 kB
PageTables:        16928 kB
NFS_Unstable:          0 kB
Bounce:                0 kB
WritebackTmp:          0 kB
CommitLimit:      950276 kB
Committed_AS:   42650416 kB
VmallocTotal:     245760 kB
VmallocUsed:       76772 kB
VmallocChunk:      75648 kB
==>Wed Apr 12 10:56:24 2017
MemTotal:        1900556 kB
MemFree:          521920 kB
Buffers:           16128 kB
Cached:           534176 kB
SwapCached:            0 kB
Active:           680676 kB
Inactive:         385456 kB
Active(anon):     517416 kB
Inactive(anon):     2948 kB
Active(file):     163260 kB
Inactive(file):   382508 kB
Unevictable:           0 kB
Mlocked:               0 kB
HighTotal:       1158144 kB
HighFree:           1800 kB
LowTotal:         742412 kB
LowFree:          520120 kB
SwapTotal:             0 kB
SwapFree:              0 kB
Dirty:                 0 kB
Writeback:             0 kB
AnonPages:        517200 kB
Mapped:           164836 kB
Shmem:              2996 kB
Slab:              46080 kB
SReclaimable:      21268 kB
SUnreclaim:        24812 kB
KernelStack:       10280 kB
PageTables:        16980 kB
NFS_Unstable:          0 kB
Bounce:                0 kB
WritebackTmp:          0 kB
CommitLimit:      950276 kB
Committed_AS:   42639692 kB
VmallocTotal:     245760 kB
VmallocUsed:       77844 kB
VmallocChunk:      75648 kB
==>Wed Apr 12 10:56:34 2017
MemTotal:        1900556 kB
MemFree:          520760 kB
Buffers:           16136 kB
Cached:           534176 kB
SwapCached:            0 kB
Active:           680556 kB
Inactive:         385468 kB
Active(anon):     517288 kB
Inactive(anon):     2948 kB
Active(file):     163268 kB
Inactive(file):   382520 kB
Unevictable:           0 kB
Mlocked:               0 kB
HighTotal:       1158144 kB
HighFree:           1764 kB
LowTotal:         742412 kB
LowFree:          518996 kB
SwapTotal:             0 kB
SwapFree:              0 kB
Dirty:                32 kB
Writeback:             0 kB
AnonPages:        517336 kB
Mapped:           165072 kB
Shmem:              2996 kB
Slab:              45888 kB
SReclaimable:      21248 kB
SUnreclaim:        24640 kB
KernelStack:       10248 kB
PageTables:        16960 kB
NFS_Unstable:          0 kB
Bounce:                0 kB
WritebackTmp:          0 kB
CommitLimit:      950276 kB
Committed_AS:   42627096 kB
VmallocTotal:     245760 kB
VmallocUsed:       75804 kB
VmallocChunk:      75648 kB
==>Wed Apr 12 10:56:44 2017
MemTotal:        1900556 kB
MemFree:          514568 kB
Buffers:           16160 kB
Cached:           534176 kB
SwapCached:            0 kB
Active:           681380 kB
Inactive:         385492 kB
Active(anon):     518112 kB
Inactive(anon):     2948 kB
Active(file):     163268 kB
Inactive(file):   382544 kB
Unevictable:           0 kB
Mlocked:               0 kB
HighTotal:       1158144 kB
HighFree:           1772 kB
LowTotal:         742412 kB
LowFree:          512796 kB
SwapTotal:             0 kB
SwapFree:              0 kB
Dirty:                 4 kB
Writeback:             0 kB
AnonPages:        518128 kB
Mapped:           165528 kB
Shmem:              2996 kB
Slab:              46824 kB
SReclaimable:      21456 kB
SUnreclaim:        25368 kB
KernelStack:       15408 kB
PageTables:        16980 kB
NFS_Unstable:          0 kB
Bounce:                0 kB
WritebackTmp:          0 kB
CommitLimit:      950276 kB
Committed_AS:   42644680 kB
VmallocTotal:     245760 kB
VmallocUsed:       76824 kB
VmallocChunk:      75648 kB
==>Wed Apr 12 10:56:54 2017
MemTotal:        1900556 kB
MemFree:          510476 kB
Buffers:           16184 kB
Cached:           534272 kB
SwapCached:            0 kB
Active:           690384 kB
Inactive:         385604 kB
Active(anon):     527108 kB
Inactive(anon):     2948 kB
Active(file):     163276 kB
Inactive(file):   382656 kB
Unevictable:           0 kB
Mlocked:               0 kB
HighTotal:       1158144 kB
HighFree:           1772 kB
LowTotal:         742412 kB
LowFree:          508704 kB
SwapTotal:             0 kB
SwapFree:              0 kB
Dirty:                 4 kB
Writeback:             0 kB
AnonPages:        527164 kB
Mapped:           165528 kB
Shmem:              2996 kB
Slab:              46052 kB
SReclaimable:      21268 kB
SUnreclaim:        24784 kB
KernelStack:       10456 kB
PageTables:        17064 kB
NFS_Unstable:          0 kB
Bounce:                0 kB
WritebackTmp:          0 kB
CommitLimit:      950276 kB
Committed_AS:   42640308 kB
VmallocTotal:     245760 kB
VmallocUsed:       75804 kB
VmallocChunk:      75648 kB
==>Wed Apr 12 10:57:04 2017
MemTotal:        1900556 kB
MemFree:          516344 kB
Buffers:           16200 kB
Cached:           534284 kB
SwapCached:            0 kB
Active:           684308 kB
Inactive:         385624 kB
Active(anon):     521024 kB
Inactive(anon):     2948 kB
Active(file):     163284 kB
Inactive(file):   382676 kB
Unevictable:           0 kB
Mlocked:               0 kB
HighTotal:       1158144 kB
HighFree:           1748 kB
LowTotal:         742412 kB
LowFree:          514596 kB
SwapTotal:             0 kB
SwapFree:              0 kB
Dirty:                 4 kB
Writeback:             0 kB
AnonPages:        521004 kB
Mapped:           165252 kB
Shmem:              2996 kB
Slab:              45924 kB
SReclaimable:      21240 kB
SUnreclaim:        24684 kB
KernelStack:       11720 kB
PageTables:        16892 kB
NFS_Unstable:          0 kB
Bounce:                0 kB
WritebackTmp:          0 kB
CommitLimit:      950276 kB
Committed_AS:   42624700 kB
VmallocTotal:     245760 kB
VmallocUsed:       75804 kB
VmallocChunk:      75648 kB
==>Wed Apr 12 10:57:14 2017
MemTotal:        1900556 kB
MemFree:          491564 kB
Buffers:           16236 kB
Cached:           536992 kB
SwapCached:            0 kB
Active:           686952 kB
Inactive:         388340 kB
Active(anon):     523644 kB
Inactive(anon):     2948 kB
Active(file):     163308 kB
Inactive(file):   385392 kB
Unevictable:           0 kB
Mlocked:               0 kB
HighTotal:       1158144 kB
HighFree:           1768 kB
LowTotal:         742412 kB
LowFree:          489796 kB
SwapTotal:             0 kB
SwapFree:              0 kB
Dirty:              2680 kB
Writeback:             0 kB
AnonPages:        522240 kB
Mapped:           166228 kB
Shmem:              2996 kB
Slab:              54360 kB
SReclaimable:      22848 kB
SUnreclaim:        31512 kB
KernelStack:       31184 kB
PageTables:        16904 kB
NFS_Unstable:          0 kB
Bounce:                0 kB
WritebackTmp:          0 kB
CommitLimit:      950276 kB
Committed_AS:   42612176 kB
VmallocTotal:     245760 kB
VmallocUsed:       76772 kB
VmallocChunk:      75648 kB
==>Wed Apr 12 10:57:24 2017
MemTotal:        1900556 kB
MemFree:          511376 kB
Buffers:           16268 kB
Cached:           542812 kB
SwapCached:            0 kB
Active:           689248 kB
Inactive:         394192 kB
Active(anon):     525936 kB
Inactive(anon):     2948 kB
Active(file):     163312 kB
Inactive(file):   391244 kB
Unevictable:           0 kB
Mlocked:               0 kB
HighTotal:       1158144 kB
HighFree:           1812 kB
LowTotal:         742412 kB
LowFree:          509564 kB
SwapTotal:             0 kB
SwapFree:              0 kB
Dirty:                20 kB
Writeback:             0 kB
AnonPages:        525572 kB
Mapped:           166232 kB
Shmem:              2996 kB
Slab:              47440 kB
SReclaimable:      21648 kB
SUnreclaim:        25792 kB
KernelStack:       10360 kB
PageTables:        17080 kB
NFS_Unstable:          0 kB
Bounce:                0 kB
WritebackTmp:          0 kB
CommitLimit:      950276 kB
Committed_AS:   42656104 kB
VmallocTotal:     245760 kB
VmallocUsed:       76772 kB
VmallocChunk:      75648 kB
==>Wed Apr 12 10:57:34 2017
MemTotal:        1900556 kB
MemFree:          550904 kB
Buffers:           16316 kB
Cached:           542932 kB
SwapCached:            0 kB
Active:           654428 kB
Inactive:         394300 kB
Active(anon):     491052 kB
Inactive(anon):     2932 kB
Active(file):     163376 kB
Inactive(file):   391368 kB
Unevictable:           0 kB
Mlocked:               0 kB
HighTotal:       1158144 kB
HighFree:          22604 kB
LowTotal:         742412 kB
LowFree:          528300 kB
SwapTotal:             0 kB
SwapFree:              0 kB
Dirty:                 8 kB
Writeback:             0 kB
AnonPages:        491060 kB
Mapped:           163976 kB
Shmem:              2976 kB
Slab:              46872 kB
SReclaimable:      21564 kB
SUnreclaim:        25308 kB
KernelStack:       10824 kB
PageTables:        16888 kB
NFS_Unstable:          0 kB
Bounce:                0 kB
WritebackTmp:          0 kB
CommitLimit:      950276 kB
Committed_AS:   42632356 kB
VmallocTotal:     245760 kB
VmallocUsed:       75752 kB
VmallocChunk:      75648 kB
==>Wed Apr 12 10:57:44 2017
MemTotal:        1900556 kB
MemFree:          549520 kB
Buffers:           16332 kB
Cached:           543168 kB
SwapCached:            0 kB
Active:           655296 kB
Inactive:         394540 kB
Active(anon):     491920 kB
Inactive(anon):     2932 kB
Active(file):     163376 kB
Inactive(file):   391608 kB
Unevictable:           0 kB
Mlocked:               0 kB
HighTotal:       1158144 kB
HighFree:          11740 kB
LowTotal:         742412 kB
LowFree:          537780 kB
SwapTotal:             0 kB
SwapFree:              0 kB
Dirty:                 0 kB
Writeback:             0 kB
AnonPages:        491876 kB
Mapped:           163708 kB
Shmem:              2976 kB
Slab:              46848 kB
SReclaimable:      21544 kB
SUnreclaim:        25304 kB
KernelStack:       11728 kB
PageTables:        16796 kB
NFS_Unstable:          0 kB
Bounce:                0 kB
WritebackTmp:          0 kB
CommitLimit:      950276 kB
Committed_AS:   42627004 kB
VmallocTotal:     245760 kB
VmallocUsed:       75744 kB
VmallocChunk:      75648 kB
==>Wed Apr 12 10:57:54 2017
MemTotal:        1900556 kB
MemFree:          534136 kB
Buffers:           16620 kB
Cached:           546644 kB
SwapCached:            0 kB
Active:           668492 kB
Inactive:         397372 kB
Active(anon):     504240 kB
Inactive(anon):     2932 kB
Active(file):     164252 kB
Inactive(file):   394440 kB
Unevictable:           0 kB
Mlocked:               0 kB
HighTotal:       1158144 kB
HighFree:           3128 kB
LowTotal:         742412 kB
LowFree:          531008 kB
SwapTotal:             0 kB
SwapFree:              0 kB
Dirty:                 0 kB
Writeback:          1736 kB
AnonPages:        504272 kB
Mapped:           166212 kB
Shmem:              2976 kB
Slab:              46756 kB
SReclaimable:      21564 kB
SUnreclaim:        25192 kB
KernelStack:       10760 kB
PageTables:        17112 kB
NFS_Unstable:          0 kB
Bounce:                0 kB
WritebackTmp:          0 kB
CommitLimit:      950276 kB
Committed_AS:   45038748 kB
VmallocTotal:     245760 kB
VmallocUsed:       74724 kB
VmallocChunk:      75648 kB
==>Wed Apr 12 10:58:04 2017
MemTotal:        1900556 kB
MemFree:          539336 kB
Buffers:           16660 kB
Cached:           546648 kB
SwapCached:            0 kB
Active:           661856 kB
Inactive:         397448 kB
Active(anon):     497568 kB
Inactive(anon):     2932 kB
Active(file):     164288 kB
Inactive(file):   394516 kB
Unevictable:           0 kB
Mlocked:               0 kB
HighTotal:       1158144 kB
HighFree:           4580 kB
LowTotal:         742412 kB
LowFree:          534756 kB
SwapTotal:             0 kB
SwapFree:              0 kB
Dirty:                60 kB
Writeback:             0 kB
AnonPages:        497520 kB
Mapped:           163652 kB
Shmem:              2976 kB
Slab:              46656 kB
SReclaimable:      21668 kB
SUnreclaim:        24988 kB
KernelStack:       12896 kB
PageTables:        16704 kB
NFS_Unstable:          0 kB
Bounce:                0 kB
WritebackTmp:          0 kB
CommitLimit:      950276 kB
Committed_AS:   42590720 kB
VmallocTotal:     245760 kB
VmallocUsed:       68612 kB
VmallocChunk:      75648 kB
==>Wed Apr 12 10:58:14 2017
MemTotal:        1900556 kB
MemFree:          536936 kB
Buffers:           16788 kB
Cached:           547080 kB
SwapCached:            0 kB
Active:           662544 kB
Inactive:         397784 kB
Active(anon):     498036 kB
Inactive(anon):     2932 kB
Active(file):     164508 kB
Inactive(file):   394852 kB
Unevictable:           0 kB
Mlocked:               0 kB
HighTotal:       1158144 kB
HighFree:           1936 kB
LowTotal:         742412 kB
LowFree:          535000 kB
SwapTotal:             0 kB
SwapFree:              0 kB
Dirty:               224 kB
Writeback:             0 kB
AnonPages:        498128 kB
Mapped:           165056 kB
Shmem:              2976 kB
Slab:              46328 kB
SReclaimable:      21556 kB
SUnreclaim:        24772 kB
KernelStack:       10464 kB
PageTables:        16748 kB
NFS_Unstable:          0 kB
Bounce:                0 kB
WritebackTmp:          0 kB
CommitLimit:      950276 kB
Committed_AS:   42579948 kB
VmallocTotal:     245760 kB
VmallocUsed:       70664 kB
VmallocChunk:      75648 kB
==>Wed Apr 12 10:58:24 2017
MemTotal:        1900556 kB
MemFree:          539736 kB
Buffers:           16828 kB
Cached:           547156 kB
SwapCached:            0 kB
Active:           659676 kB
Inactive:         397880 kB
Active(anon):     495160 kB
Inactive(anon):     2932 kB
Active(file):     164516 kB
Inactive(file):   394948 kB
Unevictable:           0 kB
Mlocked:               0 kB
HighTotal:       1158144 kB
HighFree:           5192 kB
LowTotal:         742412 kB
LowFree:          534544 kB
SwapTotal:             0 kB
SwapFree:              0 kB
Dirty:                52 kB
Writeback:             0 kB
AnonPages:        495060 kB
Mapped:           165192 kB
Shmem:              2976 kB
Slab:              46312 kB
SReclaimable:      21544 kB
SUnreclaim:        24768 kB
KernelStack:       10456 kB
PageTables:        16892 kB
NFS_Unstable:          0 kB
Bounce:                0 kB
WritebackTmp:          0 kB
CommitLimit:      950276 kB
Committed_AS:   42587728 kB
VmallocTotal:     245760 kB
VmallocUsed:       69648 kB
VmallocChunk:      75648 kB
==>Wed Apr 12 10:58:34 2017
MemTotal:        1900556 kB
MemFree:          493228 kB
Buffers:           17244 kB
Cached:           549396 kB
SwapCached:            0 kB
Active:           700432 kB
Inactive:         399984 kB
Active(anon):     535296 kB
Inactive(anon):     2932 kB
Active(file):     165136 kB
Inactive(file):   397052 kB
Unevictable:           0 kB
Mlocked:               0 kB
HighTotal:       1158144 kB
HighFree:           1804 kB
LowTotal:         742412 kB
LowFree:          491424 kB
SwapTotal:             0 kB
SwapFree:              0 kB
Dirty:              2176 kB
Writeback:             0 kB
AnonPages:        535484 kB
Mapped:           167944 kB
Shmem:              2976 kB
Slab:              46284 kB
SReclaimable:      21532 kB
SUnreclaim:        24752 kB
KernelStack:       10640 kB
PageTables:        16704 kB
NFS_Unstable:          0 kB
Bounce:                0 kB
WritebackTmp:          0 kB
CommitLimit:      950276 kB
Committed_AS:   41387000 kB
VmallocTotal:     245760 kB
VmallocUsed:       69632 kB
VmallocChunk:      75648 kB
==>Wed Apr 12 10:58:44 2017
MemTotal:        1900556 kB
MemFree:          509932 kB
Buffers:           17336 kB
Cached:           560148 kB
SwapCached:            0 kB
Active:           664656 kB
Inactive:         411252 kB
Active(anon):     500016 kB
Inactive(anon):     6784 kB
Active(file):     164640 kB
Inactive(file):   404468 kB
Unevictable:           0 kB
Mlocked:               0 kB
HighTotal:       1158144 kB
HighFree:           9256 kB
LowTotal:         742412 kB
LowFree:          500676 kB
SwapTotal:             0 kB
SwapFree:              0 kB
Dirty:               240 kB
Writeback:             0 kB
AnonPages:        500036 kB
Mapped:           171612 kB
Shmem:              6828 kB
Slab:              46512 kB
SReclaimable:      21648 kB
SUnreclaim:        24864 kB
KernelStack:       10688 kB
PageTables:        16528 kB
NFS_Unstable:          0 kB
Bounce:                0 kB
WritebackTmp:          0 kB
CommitLimit:      950276 kB
Committed_AS:   41168720 kB
VmallocTotal:     245760 kB
VmallocUsed:       67604 kB
VmallocChunk:      75648 kB
==>Wed Apr 12 10:58:54 2017
MemTotal:        1900556 kB
MemFree:          511968 kB
Buffers:           17412 kB
Cached:           560304 kB
SwapCached:            0 kB
Active:           663748 kB
Inactive:         411464 kB
Active(anon):     499088 kB
Inactive(anon):     6792 kB
Active(file):     164660 kB
Inactive(file):   404672 kB
Unevictable:           0 kB
Mlocked:               0 kB
HighTotal:       1158144 kB
HighFree:           4784 kB
LowTotal:         742412 kB
LowFree:          507184 kB
SwapTotal:             0 kB
SwapFree:              0 kB
Dirty:               148 kB
Writeback:             0 kB
AnonPages:        499200 kB
Mapped:           170688 kB
Shmem:              6836 kB
Slab:              46428 kB
SReclaimable:      21624 kB
SUnreclaim:        24804 kB
KernelStack:       10216 kB
PageTables:        16388 kB
NFS_Unstable:          0 kB
Bounce:                0 kB
WritebackTmp:          0 kB
CommitLimit:      950276 kB
Committed_AS:   41154212 kB
VmallocTotal:     245760 kB
VmallocUsed:       69636 kB
VmallocChunk:      75648 kB
==>Wed Apr 12 10:59:04 2017
MemTotal:        1900556 kB
MemFree:          513420 kB
Buffers:           17452 kB
Cached:           560312 kB
SwapCached:            0 kB
Active:           661788 kB
Inactive:         411504 kB
Active(anon):     497124 kB
Inactive(anon):     6808 kB
Active(file):     164664 kB
Inactive(file):   404696 kB
Unevictable:           0 kB
Mlocked:               0 kB
HighTotal:       1158144 kB
HighFree:           7652 kB
LowTotal:         742412 kB
LowFree:          505768 kB
SwapTotal:             0 kB
SwapFree:              0 kB
Dirty:                 4 kB
Writeback:             0 kB
AnonPages:        497108 kB
Mapped:           170688 kB
Shmem:              6852 kB
Slab:              46440 kB
SReclaimable:      21616 kB
SUnreclaim:        24824 kB
KernelStack:       10176 kB
PageTables:        16588 kB
NFS_Unstable:          0 kB
Bounce:                0 kB
WritebackTmp:          0 kB
CommitLimit:      950276 kB
Committed_AS:   41169020 kB
VmallocTotal:     245760 kB
VmallocUsed:       68616 kB
VmallocChunk:      75648 kB
==>Wed Apr 12 10:59:14 2017
MemTotal:        1900556 kB
MemFree:          513836 kB
Buffers:           17460 kB
Cached:           560324 kB
SwapCached:            0 kB
Active:           661544 kB
Inactive:         411516 kB
Active(anon):     496880 kB
Inactive(anon):     6808 kB
Active(file):     164664 kB
Inactive(file):   404708 kB
Unevictable:           0 kB
Mlocked:               0 kB
HighTotal:       1158144 kB
HighFree:           5392 kB
LowTotal:         742412 kB
LowFree:          508444 kB
SwapTotal:             0 kB
SwapFree:              0 kB
Dirty:                20 kB
Writeback:             0 kB
AnonPages:        496904 kB
Mapped:           170688 kB
Shmem:              6852 kB
Slab:              46468 kB
SReclaimable:      21616 kB
SUnreclaim:        24852 kB
KernelStack:       10176 kB
PageTables:        16388 kB
NFS_Unstable:          0 kB
Bounce:                0 kB
WritebackTmp:          0 kB
CommitLimit:      950276 kB
Committed_AS:   41147924 kB
VmallocTotal:     245760 kB
VmallocUsed:       69636 kB
VmallocChunk:      75648 kB
==>Wed Apr 12 10:59:24 2017
MemTotal:        1900556 kB
MemFree:          476248 kB
Buffers:           17568 kB
Cached:           563812 kB
SwapCached:            0 kB
Active:           700008 kB
Inactive:         414516 kB
Active(anon):     534504 kB
Inactive(anon):      596 kB
Active(file):     165504 kB
Inactive(file):   413920 kB
Unevictable:           0 kB
Mlocked:               0 kB
HighTotal:       1158144 kB
HighFree:           1752 kB
LowTotal:         742412 kB
LowFree:          474496 kB
SwapTotal:             0 kB
SwapFree:              0 kB
Dirty:              9532 kB
Writeback:             0 kB
AnonPages:        534436 kB
Mapped:           168532 kB
Shmem:               564 kB
Slab:              46644 kB
SReclaimable:      21708 kB
SUnreclaim:        24936 kB
KernelStack:       10576 kB
PageTables:        16500 kB
NFS_Unstable:          0 kB
Bounce:                0 kB
WritebackTmp:          0 kB
CommitLimit:      950276 kB
Committed_AS:   41150988 kB
VmallocTotal:     245760 kB
VmallocUsed:       70652 kB
VmallocChunk:      75648 kB
==>Wed Apr 12 10:59:34 2017
MemTotal:        1900556 kB
MemFree:          490260 kB
Buffers:           17696 kB
Cached:           572864 kB
SwapCached:            0 kB
Active:           681604 kB
Inactive:         420916 kB
Active(anon):     513804 kB
Inactive(anon):     5288 kB
Active(file):     167800 kB
Inactive(file):   415628 kB
Unevictable:           0 kB
Mlocked:               0 kB
HighTotal:       1158144 kB
HighFree:           1752 kB
LowTotal:         742412 kB
LowFree:          488508 kB
SwapTotal:             0 kB
SwapFree:              0 kB
Dirty:              2404 kB
Writeback:            24 kB
AnonPages:        513692 kB
Mapped:           171208 kB
Shmem:              5424 kB
Slab:              46988 kB
SReclaimable:      21876 kB
SUnreclaim:        25112 kB
KernelStack:       10488 kB
PageTables:        16472 kB
NFS_Unstable:          0 kB
Bounce:                0 kB
WritebackTmp:          0 kB
CommitLimit:      950276 kB
Committed_AS:   41431304 kB
VmallocTotal:     245760 kB
VmallocUsed:       69636 kB
VmallocChunk:      75648 kB
==>Wed Apr 12 10:59:44 2017
MemTotal:        1900556 kB
MemFree:          396256 kB
Buffers:           17728 kB
Cached:           627788 kB
SwapCached:            0 kB
Active:           686568 kB
Inactive:         475812 kB
Active(anon):     518468 kB
Inactive(anon):    59656 kB
Active(file):     168100 kB
Inactive(file):   416156 kB
Unevictable:           0 kB
Mlocked:               0 kB
HighTotal:       1158144 kB
HighFree:           1676 kB
LowTotal:         742412 kB
LowFree:          394580 kB
SwapTotal:             0 kB
SwapFree:              0 kB
Dirty:                60 kB
Writeback:             0 kB
AnonPages:        518388 kB
Mapped:           238892 kB
Shmem:             59700 kB
Slab:              46992 kB
SReclaimable:      21948 kB
SUnreclaim:        25044 kB
KernelStack:       10296 kB
PageTables:        16836 kB
NFS_Unstable:          0 kB
Bounce:                0 kB
WritebackTmp:          0 kB
CommitLimit:      950276 kB
Committed_AS:   41455936 kB
VmallocTotal:     245760 kB
VmallocUsed:       69636 kB
VmallocChunk:      75648 kB
==>Wed Apr 12 10:59:54 2017
MemTotal:        1900556 kB
MemFree:          324076 kB
Buffers:           17804 kB
Cached:           679632 kB
SwapCached:            0 kB
Active:           695124 kB
Inactive:         527160 kB
Active(anon):     526460 kB
Inactive(anon):   110388 kB
Active(file):     168664 kB
Inactive(file):   416772 kB
Unevictable:           0 kB
Mlocked:               0 kB
HighTotal:       1158144 kB
HighFree:           1820 kB
LowTotal:         742412 kB
LowFree:          322256 kB
SwapTotal:             0 kB
SwapFree:              0 kB
Dirty:              1124 kB
Writeback:             0 kB
AnonPages:        526728 kB
Mapped:           319176 kB
Shmem:            110432 kB
Slab:              47152 kB
SReclaimable:      22076 kB
SUnreclaim:        25076 kB
KernelStack:       10328 kB
PageTables:        17088 kB
NFS_Unstable:          0 kB
Bounce:                0 kB
WritebackTmp:          0 kB
CommitLimit:      950276 kB
Committed_AS:   41493132 kB
VmallocTotal:     245760 kB
VmallocUsed:       69636 kB
VmallocChunk:      75648 kB
==>Wed Apr 12 11:00:04 2017
MemTotal:        1900556 kB
MemFree:          310888 kB
Buffers:           17856 kB
Cached:           680252 kB
SwapCached:            0 kB
Active:           702300 kB
Inactive:         527348 kB
Active(anon):     533136 kB
Inactive(anon):   109952 kB
Active(file):     169164 kB
Inactive(file):   417396 kB
Unevictable:           0 kB
Mlocked:               0 kB
HighTotal:       1158144 kB
HighFree:           1784 kB
LowTotal:         742412 kB
LowFree:          309104 kB
SwapTotal:             0 kB
SwapFree:              0 kB
Dirty:                 4 kB
Writeback:             0 kB
AnonPages:        533176 kB
Mapped:           324464 kB
Shmem:            109996 kB
Slab:              47164 kB
SReclaimable:      22088 kB
SUnreclaim:        25076 kB
KernelStack:       10128 kB
PageTables:        16900 kB
NFS_Unstable:          0 kB
Bounce:                0 kB
WritebackTmp:          0 kB
CommitLimit:      950276 kB
Committed_AS:   41434108 kB
VmallocTotal:     245760 kB
VmallocUsed:       69636 kB
VmallocChunk:      75648 kB
==>Wed Apr 12 11:00:14 2017
MemTotal:        1900556 kB
MemFree:          309248 kB
Buffers:           17872 kB
Cached:           680272 kB
SwapCached:            0 kB
Active:           703300 kB
Inactive:         527380 kB
Active(anon):     534128 kB
Inactive(anon):   109968 kB
Active(file):     169172 kB
Inactive(file):   417412 kB
Unevictable:           0 kB
Mlocked:               0 kB
HighTotal:       1158144 kB
HighFree:           1804 kB
LowTotal:         742412 kB
LowFree:          307444 kB
SwapTotal:             0 kB
SwapFree:              0 kB
Dirty:                28 kB
Writeback:             0 kB
AnonPages:        534052 kB
Mapped:           325072 kB
Shmem:            110012 kB
Slab:              47300 kB
SReclaimable:      22088 kB
SUnreclaim:        25212 kB
KernelStack:       10280 kB
PageTables:        16948 kB
NFS_Unstable:          0 kB
Bounce:                0 kB
WritebackTmp:          0 kB
CommitLimit:      950276 kB
Committed_AS:   41461572 kB
VmallocTotal:     245760 kB
VmallocUsed:       69644 kB
VmallocChunk:      75648 kB
==>Wed Apr 12 11:00:24 2017
MemTotal:        1900556 kB
MemFree:          277152 kB
Buffers:           17940 kB
Cached:           684024 kB
SwapCached:            0 kB
Active:           714812 kB
Inactive:         530576 kB
Active(anon):     545320 kB
Inactive(anon):   111996 kB
Active(file):     169492 kB
Inactive(file):   418580 kB
Unevictable:           0 kB
Mlocked:               0 kB
HighTotal:       1158144 kB
HighFree:           1760 kB
LowTotal:         742412 kB
LowFree:          275392 kB
SwapTotal:             0 kB
SwapFree:              0 kB
Dirty:               476 kB
Writeback:             0 kB
AnonPages:        545364 kB
Mapped:           344264 kB
Shmem:            112212 kB
Slab:              47280 kB
SReclaimable:      22164 kB
SUnreclaim:        25116 kB
KernelStack:       10368 kB
PageTables:        17100 kB
NFS_Unstable:          0 kB
Bounce:                0 kB
WritebackTmp:          0 kB
CommitLimit:      950276 kB
Committed_AS:   41489312 kB
VmallocTotal:     245760 kB
VmallocUsed:       69636 kB
VmallocChunk:      75648 kB
==>Wed Apr 12 11:00:34 2017
MemTotal:        1900556 kB
MemFree:          279644 kB
Buffers:           17976 kB
Cached:           684124 kB
SwapCached:            0 kB
Active:           714116 kB
Inactive:         530884 kB
Active(anon):     544492 kB
Inactive(anon):   112228 kB
Active(file):     169624 kB
Inactive(file):   418656 kB
Unevictable:           0 kB
Mlocked:               0 kB
HighTotal:       1158144 kB
HighFree:           1704 kB
LowTotal:         742412 kB
LowFree:          277940 kB
SwapTotal:             0 kB
SwapFree:              0 kB
Dirty:                48 kB
Writeback:             0 kB
AnonPages:        544468 kB
Mapped:           345284 kB
Shmem:            112272 kB
Slab:              47244 kB
SReclaimable:      22200 kB
SUnreclaim:        25044 kB
KernelStack:       10336 kB
PageTables:        17008 kB
NFS_Unstable:          0 kB
Bounce:                0 kB
WritebackTmp:          0 kB
CommitLimit:      950276 kB
Committed_AS:   41488284 kB
VmallocTotal:     245760 kB
VmallocUsed:       69636 kB
VmallocChunk:      75648 kB
==>Wed Apr 12 11:00:44 2017
MemTotal:        1900556 kB
MemFree:          309984 kB
Buffers:           17992 kB
Cached:           684164 kB
SwapCached:            0 kB
Active:           713992 kB
Inactive:         530928 kB
Active(anon):     544356 kB
Inactive(anon):   112244 kB
Active(file):     169636 kB
Inactive(file):   418684 kB
Unevictable:           0 kB
Mlocked:               0 kB
HighTotal:       1158144 kB
HighFree:           1724 kB
LowTotal:         742412 kB
LowFree:          308260 kB
SwapTotal:             0 kB
SwapFree:              0 kB
Dirty:                52 kB
Writeback:             0 kB
AnonPages:        544136 kB
Mapped:           309488 kB
Shmem:            112288 kB
Slab:              47200 kB
SReclaimable:      22192 kB
SUnreclaim:        25008 kB
KernelStack:       10296 kB
PageTables:        17140 kB
NFS_Unstable:          0 kB
Bounce:                0 kB
WritebackTmp:          0 kB
CommitLimit:      950276 kB
Committed_AS:   41492260 kB
VmallocTotal:     245760 kB
VmallocUsed:       68632 kB
VmallocChunk:      75648 kB
==>Wed Apr 12 11:00:54 2017
MemTotal:        1900556 kB
MemFree:          298096 kB
Buffers:           18008 kB
Cached:           684188 kB
SwapCached:            0 kB
Active:           716892 kB
Inactive:         530956 kB
Active(anon):     547244 kB
Inactive(anon):   112256 kB
Active(file):     169648 kB
Inactive(file):   418700 kB
Unevictable:           0 kB
Mlocked:               0 kB
HighTotal:       1158144 kB
HighFree:           1784 kB
LowTotal:         742412 kB
LowFree:          296312 kB
SwapTotal:             0 kB
SwapFree:              0 kB
Dirty:                32 kB
Writeback:             0 kB
AnonPages:        547204 kB
Mapped:           313252 kB
Shmem:            112300 kB
Slab:              47156 kB
SReclaimable:      22192 kB
SUnreclaim:        24964 kB
KernelStack:       10144 kB
PageTables:        17088 kB
NFS_Unstable:          0 kB
Bounce:                0 kB
WritebackTmp:          0 kB
CommitLimit:      950276 kB
Committed_AS:   41475808 kB
VmallocTotal:     245760 kB
VmallocUsed:       69692 kB
VmallocChunk:      75648 kB
==>Wed Apr 12 11:01:04 2017
MemTotal:        1900556 kB
MemFree:          298856 kB
Buffers:           18024 kB
Cached:           684188 kB
SwapCached:            0 kB
Active:           715968 kB
Inactive:         530964 kB
Active(anon):     546312 kB
Inactive(anon):   112256 kB
Active(file):     169656 kB
Inactive(file):   418708 kB
Unevictable:           0 kB
Mlocked:               0 kB
HighTotal:       1158144 kB
HighFree:           1816 kB
LowTotal:         742412 kB
LowFree:          297040 kB
SwapTotal:             0 kB
SwapFree:              0 kB
Dirty:                 0 kB
Writeback:             0 kB
AnonPages:        546392 kB
Mapped:           313972 kB
Shmem:            112300 kB
Slab:              47168 kB
SReclaimable:      22200 kB
SUnreclaim:        24968 kB
KernelStack:       10288 kB
PageTables:        17244 kB
NFS_Unstable:          0 kB
Bounce:                0 kB
WritebackTmp:          0 kB
CommitLimit:      950276 kB
Committed_AS:   41515624 kB
VmallocTotal:     245760 kB
VmallocUsed:       69692 kB
VmallocChunk:      75648 kB
==>Wed Apr 12 11:01:14 2017
MemTotal:        1900556 kB
MemFree:          298256 kB
Buffers:           18032 kB
Cached:           684192 kB
SwapCached:            0 kB
Active:           716556 kB
Inactive:         530976 kB
Active(anon):     546900 kB
Inactive(anon):   112256 kB
Active(file):     169656 kB
Inactive(file):   418720 kB
Unevictable:           0 kB
Mlocked:               0 kB
HighTotal:       1158144 kB
HighFree:           1720 kB
LowTotal:         742412 kB
LowFree:          296536 kB
SwapTotal:             0 kB
SwapFree:              0 kB
Dirty:                64 kB
Writeback:             0 kB
AnonPages:        546972 kB
Mapped:           313976 kB
Shmem:            112300 kB
Slab:              47128 kB
SReclaimable:      22192 kB
SUnreclaim:        24936 kB
KernelStack:       10280 kB
PageTables:        17020 kB
NFS_Unstable:          0 kB
Bounce:                0 kB
WritebackTmp:          0 kB
CommitLimit:      950276 kB
Committed_AS:   41475776 kB
VmallocTotal:     245760 kB
VmallocUsed:       69692 kB
VmallocChunk:      75648 kB
==>Wed Apr 12 11:01:24 2017
MemTotal:        1900556 kB
MemFree:          280896 kB
Buffers:           18064 kB
Cached:           680348 kB
SwapCached:            0 kB
Active:           714444 kB
Inactive:         530460 kB
Active(anon):     548696 kB
Inactive(anon):   115300 kB
Active(file):     165748 kB
Inactive(file):   415160 kB
Unevictable:           0 kB
Mlocked:               0 kB
HighTotal:       1158144 kB
HighFree:           1756 kB
LowTotal:         742412 kB
LowFree:          279140 kB
SwapTotal:             0 kB
SwapFree:              0 kB
Dirty:               432 kB
Writeback:             0 kB
AnonPages:        548700 kB
Mapped:           324588 kB
Shmem:            115312 kB
Slab:              47120 kB
SReclaimable:      22184 kB
SUnreclaim:        24936 kB
KernelStack:       10280 kB
PageTables:        17104 kB
NFS_Unstable:          0 kB
Bounce:                0 kB
WritebackTmp:          0 kB
CommitLimit:      950276 kB
Committed_AS:   41532408 kB
VmallocTotal:     245760 kB
VmallocUsed:       69848 kB
VmallocChunk:      75648 kB
==>Wed Apr 12 11:01:34 2017
MemTotal:        1900556 kB
MemFree:          255264 kB
Buffers:           18188 kB
Cached:           680900 kB
SwapCached:            0 kB
Active:           721640 kB
Inactive:         531388 kB
Active(anon):     555532 kB
Inactive(anon):   115580 kB
Active(file):     166108 kB
Inactive(file):   415808 kB
Unevictable:           0 kB
Mlocked:               0 kB
HighTotal:       1158144 kB
HighFree:           1784 kB
LowTotal:         742412 kB
LowFree:          253480 kB
SwapTotal:             0 kB
SwapFree:              0 kB
Dirty:                56 kB
Writeback:             0 kB
AnonPages:        555568 kB
Mapped:           328556 kB
Shmem:            115624 kB
Slab:              47104 kB
SReclaimable:      22144 kB
SUnreclaim:        24960 kB
KernelStack:       10328 kB
PageTables:        17052 kB
NFS_Unstable:          0 kB
Bounce:                0 kB
WritebackTmp:          0 kB
CommitLimit:      950276 kB
Committed_AS:   41505948 kB
VmallocTotal:     245760 kB
VmallocUsed:       69952 kB
VmallocChunk:      75648 kB
==>Wed Apr 12 11:01:44 2017
MemTotal:        1900556 kB
MemFree:          212280 kB
Buffers:           18608 kB
Cached:           699872 kB
SwapCached:            0 kB
Active:           756820 kB
Inactive:         550648 kB
Active(anon):     590576 kB
Inactive(anon):   124228 kB
Active(file):     166244 kB
Inactive(file):   426420 kB
Unevictable:           0 kB
Mlocked:               0 kB
HighTotal:       1158144 kB
HighFree:           1796 kB
LowTotal:         742412 kB
LowFree:          210484 kB
SwapTotal:             0 kB
SwapFree:              0 kB
Dirty:             10164 kB
Writeback:             0 kB
AnonPages:        590560 kB
Mapped:           338100 kB
Shmem:            124276 kB
Slab:              47260 kB
SReclaimable:      22184 kB
SUnreclaim:        25076 kB
KernelStack:       10480 kB
PageTables:        17308 kB
NFS_Unstable:          0 kB
Bounce:                0 kB
WritebackTmp:          0 kB
CommitLimit:      950276 kB
Committed_AS:   41547020 kB
VmallocTotal:     245760 kB
VmallocUsed:       66728 kB
VmallocChunk:      75648 kB
==>Wed Apr 12 11:01:54 2017
MemTotal:        1900556 kB
MemFree:          194000 kB
Buffers:           18644 kB
Cached:           702596 kB
SwapCached:            0 kB
Active:           765228 kB
Inactive:         553360 kB
Active(anon):     598944 kB
Inactive(anon):   124228 kB
Active(file):     166284 kB
Inactive(file):   429132 kB
Unevictable:           0 kB
Mlocked:               0 kB
HighTotal:       1158144 kB
HighFree:           1736 kB
LowTotal:         742412 kB
LowFree:          192264 kB
SwapTotal:             0 kB
SwapFree:              0 kB
Dirty:               124 kB
Writeback:             0 kB
AnonPages:        598892 kB
Mapped:           339612 kB
Shmem:            124276 kB
Slab:              47648 kB
SReclaimable:      22272 kB
SUnreclaim:        25376 kB
KernelStack:       10600 kB
PageTables:        17156 kB
NFS_Unstable:          0 kB
Bounce:                0 kB
WritebackTmp:          0 kB
CommitLimit:      950276 kB
Committed_AS:   41523828 kB
VmallocTotal:     245760 kB
VmallocUsed:       69812 kB
