==>Thu Apr 13 20:00:54 2017
MemTotal:        1900556 kB
MemFree:         1107788 kB
Buffers:            9440 kB
Cached:           281672 kB
SwapCached:            0 kB
Active:           318060 kB
Inactive:         248808 kB
Active(anon):     275780 kB
Inactive(anon):      424 kB
Active(file):      42280 kB
Inactive(file):   248384 kB
Unevictable:           0 kB
Mlocked:               0 kB
HighTotal:       1158144 kB
HighFree:         438308 kB
LowTotal:         742412 kB
LowFree:          669480 kB
SwapTotal:             0 kB
SwapFree:              0 kB
Dirty:                48 kB
Writeback:             0 kB
AnonPages:        275836 kB
Mapped:           110572 kB
Shmem:               464 kB
Slab:              32516 kB
SReclaimable:      12788 kB
SUnreclaim:        19728 kB
KernelStack:        8032 kB
PageTables:        11712 kB
NFS_Unstable:          0 kB
Bounce:                0 kB
WritebackTmp:          0 kB
CommitLimit:      950276 kB
Committed_AS:   36004424 kB
VmallocTotal:     245760 kB
VmallocUsed:       62220 kB
VmallocChunk:      81932 kB
==>Thu Apr 13 20:01:04 2017
MemTotal:        1900556 kB
MemFree:         1087384 kB
Buffers:            9704 kB
Cached:           284924 kB
SwapCached:            0 kB
Active:           325456 kB
Inactive:         252028 kB
Active(anon):     282940 kB
Inactive(anon):      424 kB
Active(file):      42516 kB
Inactive(file):   251604 kB
Unevictable:           0 kB
Mlocked:               0 kB
HighTotal:       1158144 kB
HighFree:         421224 kB
LowTotal:         742412 kB
LowFree:          666160 kB
SwapTotal:             0 kB
SwapFree:              0 kB
Dirty:               680 kB
Writeback:             0 kB
AnonPages:        283084 kB
Mapped:           116736 kB
Shmem:               464 kB
Slab:              34452 kB
SReclaimable:      14412 kB
SUnreclaim:        20040 kB
KernelStack:        8208 kB
PageTables:        11836 kB
NFS_Unstable:          0 kB
Bounce:                0 kB
WritebackTmp:          0 kB
CommitLimit:      950276 kB
Committed_AS:   35997632 kB
VmallocTotal:     245760 kB
VmallocUsed:       62252 kB
VmallocChunk:      81932 kB
==>Thu Apr 13 20:01:14 2017
MemTotal:        1900556 kB
MemFree:         1062544 kB
Buffers:           10008 kB
Cached:           286116 kB
SwapCached:            0 kB
Active:           332744 kB
Inactive:         253488 kB
Active(anon):     290132 kB
Inactive(anon):      424 kB
Active(file):      42612 kB
Inactive(file):   253064 kB
Unevictable:           0 kB
Mlocked:               0 kB
HighTotal:       1158144 kB
HighFree:         396564 kB
LowTotal:         742412 kB
LowFree:          665980 kB
SwapTotal:             0 kB
SwapFree:              0 kB
Dirty:                68 kB
Writeback:             0 kB
AnonPages:        290000 kB
Mapped:           121548 kB
Shmem:               464 kB
Slab:              34608 kB
SReclaimable:      14460 kB
SUnreclaim:        20148 kB
KernelStack:        8464 kB
PageTables:        11968 kB
NFS_Unstable:          0 kB
Bounce:                0 kB
WritebackTmp:          0 kB
CommitLimit:      950276 kB
Committed_AS:   36012276 kB
VmallocTotal:     245760 kB
VmallocUsed:       62364 kB
VmallocChunk:      81932 kB
==>Thu Apr 13 20:01:24 2017
MemTotal:        1900556 kB
MemFree:         1068360 kB
Buffers:           10056 kB
Cached:           286248 kB
SwapCached:            0 kB
Active:           328240 kB
Inactive:         251112 kB
Active(anon):     283072 kB
Inactive(anon):      424 kB
Active(file):      45168 kB
Inactive(file):   250688 kB
Unevictable:           0 kB
Mlocked:               0 kB
HighTotal:       1158144 kB
HighFree:         403580 kB
LowTotal:         742412 kB
LowFree:          664780 kB
SwapTotal:             0 kB
SwapFree:              0 kB
Dirty:                68 kB
Writeback:             0 kB
AnonPages:        283100 kB
Mapped:           121964 kB
Shmem:               464 kB
Slab:              35668 kB
SReclaimable:      15384 kB
SUnreclaim:        20284 kB
KernelStack:        8472 kB
PageTables:        12276 kB
NFS_Unstable:          0 kB
Bounce:                0 kB
WritebackTmp:          0 kB
CommitLimit:      950276 kB
Committed_AS:   36065872 kB
VmallocTotal:     245760 kB
VmallocUsed:       62364 kB
VmallocChunk:      81932 kB
==>Thu Apr 13 20:01:34 2017
MemTotal:        1900556 kB
MemFree:         1057836 kB
Buffers:           10212 kB
Cached:           286396 kB
SwapCached:            0 kB
Active:           333528 kB
Inactive:         251356 kB
Active(anon):     288300 kB
Inactive(anon):      424 kB
Active(file):      45228 kB
Inactive(file):   250932 kB
Unevictable:           0 kB
Mlocked:               0 kB
HighTotal:       1158144 kB
HighFree:         393408 kB
LowTotal:         742412 kB
LowFree:          664428 kB
SwapTotal:             0 kB
SwapFree:              0 kB
Dirty:                64 kB
Writeback:             0 kB
AnonPages:        288304 kB
Mapped:           122224 kB
Shmem:               464 kB
Slab:              35780 kB
SReclaimable:      15400 kB
SUnreclaim:        20380 kB
KernelStack:        8376 kB
PageTables:        11908 kB
NFS_Unstable:          0 kB
Bounce:                0 kB
WritebackTmp:          0 kB
CommitLimit:      950276 kB
Committed_AS:   36008452 kB
VmallocTotal:     245760 kB
VmallocUsed:       63416 kB
VmallocChunk:      81932 kB
==>Thu Apr 13 20:01:46 2017
MemTotal:        1900556 kB
MemFree:         1031300 kB
Buffers:           10332 kB
Cached:           286528 kB
SwapCached:            0 kB
Active:           343292 kB
Inactive:         251560 kB
Active(anon):     298016 kB
Inactive(anon):      424 kB
Active(file):      45276 kB
Inactive(file):   251136 kB
Unevictable:           0 kB
Mlocked:               0 kB
HighTotal:       1158144 kB
HighFree:         367740 kB
LowTotal:         742412 kB
LowFree:          663560 kB
SwapTotal:             0 kB
SwapFree:              0 kB
Dirty:                 0 kB
Writeback:             0 kB
AnonPages:        298032 kB
Mapped:           123412 kB
Shmem:               464 kB
Slab:              35972 kB
SReclaimable:      15424 kB
SUnreclaim:        20548 kB
KernelStack:        8496 kB
PageTables:        12712 kB
NFS_Unstable:          0 kB
Bounce:                0 kB
WritebackTmp:          0 kB
CommitLimit:      950276 kB
Committed_AS:   36022412 kB
VmallocTotal:     245760 kB
VmallocUsed:       63480 kB
VmallocChunk:      81932 kB
==>Thu Apr 13 20:01:54 2017
MemTotal:        1900556 kB
MemFree:         1037616 kB
Buffers:           10416 kB
Cached:           286904 kB
SwapCached:            0 kB
Active:           335868 kB
Inactive:         251848 kB
Active(anon):     290500 kB
Inactive(anon):      424 kB
Active(file):      45368 kB
Inactive(file):   251424 kB
Unevictable:           0 kB
Mlocked:               0 kB
HighTotal:       1158144 kB
HighFree:         374536 kB
LowTotal:         742412 kB
LowFree:          663080 kB
SwapTotal:             0 kB
SwapFree:              0 kB
Dirty:                96 kB
Writeback:             0 kB
AnonPages:        290684 kB
Mapped:           123736 kB
Shmem:               464 kB
Slab:              35984 kB
SReclaimable:      15424 kB
SUnreclaim:        20560 kB
KernelStack:        8528 kB
PageTables:        12912 kB
NFS_Unstable:          0 kB
Bounce:                0 kB
WritebackTmp:          0 kB
CommitLimit:      950276 kB
Committed_AS:   36062592 kB
VmallocTotal:     245760 kB
VmallocUsed:       65520 kB
VmallocChunk:      75648 kB
==>Thu Apr 13 20:02:04 2017
MemTotal:        1900556 kB
MemFree:         1039528 kB
Buffers:           10520 kB
Cached:           287732 kB
SwapCached:            0 kB
Active:           338260 kB
Inactive:         247796 kB
Active(anon):     287828 kB
Inactive(anon):      420 kB
Active(file):      50432 kB
Inactive(file):   247376 kB
Unevictable:           0 kB
Mlocked:               0 kB
HighTotal:       1158144 kB
HighFree:         376348 kB
LowTotal:         742412 kB
LowFree:          663180 kB
SwapTotal:             0 kB
SwapFree:              0 kB
Dirty:                20 kB
Writeback:             0 kB
AnonPages:        287952 kB
Mapped:           122976 kB
Shmem:               460 kB
Slab:              36176 kB
SReclaimable:      15420 kB
SUnreclaim:        20756 kB
KernelStack:        8296 kB
PageTables:        12416 kB
NFS_Unstable:          0 kB
Bounce:                0 kB
WritebackTmp:          0 kB
CommitLimit:      950276 kB
Committed_AS:   34809112 kB
VmallocTotal:     245760 kB
VmallocUsed:       64500 kB
VmallocChunk:      75648 kB
==>Thu Apr 13 20:02:14 2017
MemTotal:        1900556 kB
MemFree:         1038460 kB
Buffers:           10584 kB
Cached:           287776 kB
SwapCached:            0 kB
Active:           340060 kB
Inactive:         247800 kB
Active(anon):     289524 kB
Inactive(anon):      420 kB
Active(file):      50536 kB
Inactive(file):   247380 kB
Unevictable:           0 kB
Mlocked:               0 kB
HighTotal:       1158144 kB
HighFree:         374968 kB
LowTotal:         742412 kB
LowFree:          663492 kB
SwapTotal:             0 kB
SwapFree:              0 kB
Dirty:                44 kB
Writeback:             0 kB
AnonPages:        289536 kB
Mapped:           123012 kB
Shmem:               460 kB
Slab:              36192 kB
SReclaimable:      15420 kB
SUnreclaim:        20772 kB
KernelStack:        8344 kB
PageTables:        12408 kB
NFS_Unstable:          0 kB
Bounce:                0 kB
WritebackTmp:          0 kB
CommitLimit:      950276 kB
Committed_AS:   34795924 kB
VmallocTotal:     245760 kB
VmallocUsed:       62460 kB
VmallocChunk:      75648 kB
==>Thu Apr 13 20:02:24 2017
MemTotal:        1900556 kB
MemFree:         1034500 kB
Buffers:           10584 kB
Cached:           287796 kB
SwapCached:            0 kB
Active:           343100 kB
Inactive:         247816 kB
Active(anon):     292560 kB
Inactive(anon):      420 kB
Active(file):      50540 kB
Inactive(file):   247396 kB
Unevictable:           0 kB
Mlocked:               0 kB
HighTotal:       1158144 kB
HighFree:         371756 kB
LowTotal:         742412 kB
LowFree:          662744 kB
SwapTotal:             0 kB
SwapFree:              0 kB
Dirty:                64 kB
Writeback:             0 kB
AnonPages:        292636 kB
Mapped:           123092 kB
Shmem:               460 kB
Slab:              36240 kB
SReclaimable:      15428 kB
SUnreclaim:        20812 kB
KernelStack:        8344 kB
PageTables:        12936 kB
NFS_Unstable:          0 kB
Bounce:                0 kB
WritebackTmp:          0 kB
CommitLimit:      950276 kB
Committed_AS:   34799040 kB
VmallocTotal:     245760 kB
VmallocUsed:       64512 kB
VmallocChunk:      75648 kB
==>Thu Apr 13 20:02:34 2017
MemTotal:        1900556 kB
MemFree:         1029052 kB
Buffers:           10600 kB
Cached:           287796 kB
SwapCached:            0 kB
Active:           347520 kB
Inactive:         247720 kB
Active(anon):     296868 kB
Inactive(anon):      420 kB
Active(file):      50652 kB
Inactive(file):   247300 kB
Unevictable:           0 kB
Mlocked:               0 kB
HighTotal:       1158144 kB
HighFree:         366848 kB
LowTotal:         742412 kB
LowFree:          662204 kB
SwapTotal:             0 kB
SwapFree:              0 kB
Dirty:                12 kB
Writeback:             0 kB
AnonPages:        296948 kB
Mapped:           123160 kB
Shmem:               460 kB
Slab:              36004 kB
SReclaimable:      15428 kB
SUnreclaim:        20576 kB
KernelStack:        8408 kB
PageTables:        13040 kB
NFS_Unstable:          0 kB
Bounce:                0 kB
WritebackTmp:          0 kB
CommitLimit:      950276 kB
Committed_AS:   34841476 kB
VmallocTotal:     245760 kB
VmallocUsed:       67560 kB
VmallocChunk:      75648 kB
==>Thu Apr 13 20:02:44 2017
MemTotal:        1900556 kB
MemFree:         1023976 kB
Buffers:           10752 kB
Cached:           287792 kB
SwapCached:            0 kB
Active:           349152 kB
Inactive:         247844 kB
Active(anon):     298480 kB
Inactive(anon):      416 kB
Active(file):      50672 kB
Inactive(file):   247428 kB
Unevictable:           0 kB
Mlocked:               0 kB
HighTotal:       1158144 kB
HighFree:         361760 kB
LowTotal:         742412 kB
LowFree:          662216 kB
SwapTotal:             0 kB
SwapFree:              0 kB
Dirty:                68 kB
Writeback:             4 kB
AnonPages:        298560 kB
Mapped:           124940 kB
Shmem:               460 kB
Slab:              36424 kB
SReclaimable:      15444 kB
SUnreclaim:        20980 kB
KernelStack:        8336 kB
PageTables:        13044 kB
NFS_Unstable:          0 kB
Bounce:                0 kB
WritebackTmp:          0 kB
CommitLimit:      950276 kB
Committed_AS:   34838372 kB
VmallocTotal:     245760 kB
VmallocUsed:       64532 kB
VmallocChunk:      75648 kB
==>Thu Apr 13 20:02:54 2017
MemTotal:        1900556 kB
MemFree:         1022272 kB
Buffers:           10984 kB
Cached:           288180 kB
SwapCached:            0 kB
Active:           350168 kB
Inactive:         248380 kB
Active(anon):     299412 kB
Inactive(anon):      416 kB
Active(file):      50756 kB
Inactive(file):   247964 kB
Unevictable:           0 kB
Mlocked:               0 kB
HighTotal:       1158144 kB
HighFree:         360444 kB
LowTotal:         742412 kB
LowFree:          661828 kB
SwapTotal:             0 kB
SwapFree:              0 kB
Dirty:               400 kB
Writeback:             0 kB
AnonPages:        299440 kB
Mapped:           125516 kB
Shmem:               460 kB
Slab:              36456 kB
SReclaimable:      15480 kB
SUnreclaim:        20976 kB
KernelStack:        8376 kB
PageTables:        13188 kB
NFS_Unstable:          0 kB
Bounce:                0 kB
WritebackTmp:          0 kB
CommitLimit:      950276 kB
Committed_AS:   34865912 kB
VmallocTotal:     245760 kB
VmallocUsed:       65544 kB
VmallocChunk:      75648 kB
==>Thu Apr 13 20:03:04 2017
MemTotal:        1900556 kB
MemFree:         1022148 kB
Buffers:           11160 kB
Cached:           288232 kB
SwapCached:            0 kB
Active:           350400 kB
Inactive:         248588 kB
Active(anon):     299624 kB
Inactive(anon):      416 kB
Active(file):      50776 kB
Inactive(file):   248172 kB
Unevictable:           0 kB
Mlocked:               0 kB
HighTotal:       1158144 kB
HighFree:         360200 kB
LowTotal:         742412 kB
LowFree:          661948 kB
SwapTotal:             0 kB
SwapFree:              0 kB
Dirty:               128 kB
Writeback:             0 kB
AnonPages:        299688 kB
Mapped:           125208 kB
Shmem:               460 kB
Slab:              36440 kB
SReclaimable:      15512 kB
SUnreclaim:        20928 kB
KernelStack:        8336 kB
PageTables:        12788 kB
NFS_Unstable:          0 kB
Bounce:                0 kB
WritebackTmp:          0 kB
CommitLimit:      950276 kB
Committed_AS:   34812948 kB
VmallocTotal:     245760 kB
VmallocUsed:       61472 kB
VmallocChunk:      81932 kB
==>Thu Apr 13 20:03:14 2017
MemTotal:        1900556 kB
MemFree:         1023336 kB
Buffers:           11184 kB
Cached:           288332 kB
SwapCached:            0 kB
Active:           350100 kB
Inactive:         248692 kB
Active(anon):     299324 kB
Inactive(anon):      416 kB
Active(file):      50776 kB
Inactive(file):   248276 kB
Unevictable:           0 kB
Mlocked:               0 kB
HighTotal:       1158144 kB
HighFree:         360656 kB
LowTotal:         742412 kB
LowFree:          662680 kB
SwapTotal:             0 kB
SwapFree:              0 kB
Dirty:                24 kB
Writeback:             0 kB
AnonPages:        299360 kB
Mapped:           125448 kB
Shmem:               460 kB
Slab:              36400 kB
SReclaimable:      15504 kB
SUnreclaim:        20896 kB
KernelStack:        8224 kB
PageTables:        13108 kB
NFS_Unstable:          0 kB
Bounce:                0 kB
WritebackTmp:          0 kB
CommitLimit:      950276 kB
Committed_AS:   34849156 kB
VmallocTotal:     245760 kB
VmallocUsed:       61464 kB
VmallocChunk:      81932 kB
==>Thu Apr 13 20:03:24 2017
MemTotal:        1900556 kB
MemFree:         1015324 kB
Buffers:           11424 kB
Cached:           289156 kB
SwapCached:            0 kB
Active:           354100 kB
Inactive:         249760 kB
Active(anon):     303308 kB
Inactive(anon):      416 kB
Active(file):      50792 kB
Inactive(file):   249344 kB
Unevictable:           0 kB
Mlocked:               0 kB
HighTotal:       1158144 kB
HighFree:         353268 kB
LowTotal:         742412 kB
LowFree:          662056 kB
SwapTotal:             0 kB
SwapFree:              0 kB
Dirty:                88 kB
Writeback:             0 kB
AnonPages:        303376 kB
Mapped:           126836 kB
Shmem:               460 kB
Slab:              36436 kB
SReclaimable:      15512 kB
SUnreclaim:        20924 kB
KernelStack:        8272 kB
PageTables:        13076 kB
NFS_Unstable:          0 kB
Bounce:                0 kB
WritebackTmp:          0 kB
CommitLimit:      950276 kB
Committed_AS:   34842008 kB
VmallocTotal:     245760 kB
VmallocUsed:       61472 kB
VmallocChunk:      81932 kB
==>Thu Apr 13 20:03:34 2017
MemTotal:        1900556 kB
MemFree:         1001244 kB
Buffers:           11596 kB
Cached:           289228 kB
SwapCached:            0 kB
Active:           365540 kB
Inactive:         249992 kB
Active(anon):     314736 kB
Inactive(anon):      416 kB
Active(file):      50804 kB
Inactive(file):   249576 kB
Unevictable:           0 kB
Mlocked:               0 kB
HighTotal:       1158144 kB
HighFree:         339800 kB
LowTotal:         742412 kB
LowFree:          661444 kB
SwapTotal:             0 kB
SwapFree:              0 kB
Dirty:                 8 kB
Writeback:             0 kB
AnonPages:        314720 kB
Mapped:           128136 kB
Shmem:               460 kB
Slab:              36432 kB
SReclaimable:      15516 kB
SUnreclaim:        20916 kB
KernelStack:        8392 kB
PageTables:        13156 kB
NFS_Unstable:          0 kB
Bounce:                0 kB
WritebackTmp:          0 kB
CommitLimit:      950276 kB
Committed_AS:   36016980 kB
VmallocTotal:     245760 kB
VmallocUsed:       62504 kB
VmallocChunk:      81932 kB
==>Thu Apr 13 20:03:44 2017
MemTotal:        1900556 kB
MemFree:         1001196 kB
Buffers:           11756 kB
Cached:           289240 kB
SwapCached:            0 kB
Active:           364900 kB
Inactive:         250156 kB
Active(anon):     314088 kB
Inactive(anon):      416 kB
Active(file):      50812 kB
Inactive(file):   249740 kB
Unevictable:           0 kB
Mlocked:               0 kB
HighTotal:       1158144 kB
HighFree:         340284 kB
LowTotal:         742412 kB
LowFree:          660912 kB
SwapTotal:             0 kB
SwapFree:              0 kB
Dirty:                88 kB
Writeback:             0 kB
AnonPages:        314056 kB
Mapped:           128428 kB
Shmem:               460 kB
Slab:              36444 kB
SReclaimable:      15520 kB
SUnreclaim:        20924 kB
KernelStack:        8432 kB
PageTables:        13148 kB
NFS_Unstable:          0 kB
Bounce:                0 kB
WritebackTmp:          0 kB
CommitLimit:      950276 kB
Committed_AS:   35994560 kB
VmallocTotal:     245760 kB
VmallocUsed:       62504 kB
VmallocChunk:      81932 kB
==>Thu Apr 13 20:03:54 2017
MemTotal:        1900556 kB
MemFree:         1001404 kB
Buffers:           11924 kB
Cached:           289264 kB
SwapCached:            0 kB
Active:           361520 kB
Inactive:         250336 kB
Active(anon):     310696 kB
Inactive(anon):      416 kB
Active(file):      50824 kB
Inactive(file):   249920 kB
Unevictable:           0 kB
Mlocked:               0 kB
HighTotal:       1158144 kB
HighFree:         340636 kB
LowTotal:         742412 kB
LowFree:          660768 kB
SwapTotal:             0 kB
SwapFree:              0 kB
Dirty:                36 kB
Writeback:             0 kB
AnonPages:        310752 kB
Mapped:           130016 kB
Shmem:               460 kB
Slab:              36464 kB
SReclaimable:      15528 kB
SUnreclaim:        20936 kB
KernelStack:        8360 kB
PageTables:        13136 kB
NFS_Unstable:          0 kB
Bounce:                0 kB
WritebackTmp:          0 kB
CommitLimit:      950276 kB
Committed_AS:   35996632 kB
VmallocTotal:     245760 kB
VmallocUsed:       63544 kB
VmallocChunk:      75648 kB
==>Thu Apr 13 20:04:04 2017
MemTotal:        1900556 kB
MemFree:          997972 kB
Buffers:           12060 kB
Cached:           289268 kB
SwapCached:            0 kB
Active:           362572 kB
Inactive:         250472 kB
Active(anon):     311744 kB
Inactive(anon):      416 kB
Active(file):      50828 kB
Inactive(file):   250056 kB
Unevictable:           0 kB
Mlocked:               0 kB
HighTotal:       1158144 kB
HighFree:         337328 kB
LowTotal:         742412 kB
LowFree:          660644 kB
SwapTotal:             0 kB
SwapFree:              0 kB
Dirty:                28 kB
Writeback:             0 kB
AnonPages:        311748 kB
Mapped:           131844 kB
Shmem:               460 kB
Slab:              36488 kB
SReclaimable:      15544 kB
SUnreclaim:        20944 kB
KernelStack:        8560 kB
PageTables:        13320 kB
NFS_Unstable:          0 kB
Bounce:                0 kB
WritebackTmp:          0 kB
CommitLimit:      950276 kB
Committed_AS:   36013712 kB
VmallocTotal:     245760 kB
VmallocUsed:       62524 kB
VmallocChunk:      81932 kB
==>Thu Apr 13 20:04:14 2017
MemTotal:        1900556 kB
MemFree:          988028 kB
Buffers:           12296 kB
Cached:           289340 kB
SwapCached:            0 kB
Active:           369328 kB
Inactive:         250756 kB
Active(anon):     318476 kB
Inactive(anon):      416 kB
Active(file):      50852 kB
Inactive(file):   250340 kB
Unevictable:           0 kB
Mlocked:               0 kB
HighTotal:       1158144 kB
HighFree:         327420 kB
LowTotal:         742412 kB
LowFree:          660608 kB
SwapTotal:             0 kB
SwapFree:              0 kB
Dirty:                 0 kB
Writeback:             0 kB
AnonPages:        318544 kB
Mapped:           135316 kB
Shmem:               460 kB
Slab:              36460 kB
SReclaimable:      15588 kB
SUnreclaim:        20872 kB
KernelStack:        8328 kB
PageTables:        13228 kB
NFS_Unstable:          0 kB
Bounce:                0 kB
WritebackTmp:          0 kB
CommitLimit:      950276 kB
Committed_AS:   36030708 kB
VmallocTotal:     245760 kB
VmallocUsed:       62536 kB
VmallocChunk:      81932 kB
==>Thu Apr 13 20:04:24 2017
MemTotal:        1900556 kB
MemFree:          975668 kB
Buffers:           12320 kB
Cached:           289432 kB
SwapCached:            0 kB
Active:           373728 kB
Inactive:         250868 kB
Active(anon):     322872 kB
Inactive(anon):      416 kB
Active(file):      50856 kB
Inactive(file):   250452 kB
Unevictable:           0 kB
Mlocked:               0 kB
HighTotal:       1158144 kB
HighFree:         315240 kB
LowTotal:         742412 kB
LowFree:          660428 kB
SwapTotal:             0 kB
SwapFree:              0 kB
Dirty:                80 kB
Writeback:             0 kB
AnonPages:        322684 kB
Mapped:           135624 kB
Shmem:               460 kB
Slab:              36500 kB
SReclaimable:      15588 kB
SUnreclaim:        20912 kB
KernelStack:        8424 kB
PageTables:        13172 kB
NFS_Unstable:          0 kB
Bounce:                0 kB
WritebackTmp:          0 kB
CommitLimit:      950276 kB
Committed_AS:   36012136 kB
VmallocTotal:     245760 kB
VmallocUsed:       62572 kB
VmallocChunk:      81932 kB
==>Thu Apr 13 20:04:34 2017
MemTotal:        1900556 kB
MemFree:          954944 kB
Buffers:           12544 kB
Cached:           290100 kB
SwapCached:            0 kB
Active:           388840 kB
Inactive:         251712 kB
Active(anon):     337936 kB
Inactive(anon):      416 kB
Active(file):      50904 kB
Inactive(file):   251296 kB
Unevictable:           0 kB
Mlocked:               0 kB
HighTotal:       1158144 kB
HighFree:         294904 kB
LowTotal:         742412 kB
LowFree:          660040 kB
SwapTotal:             0 kB
SwapFree:              0 kB
Dirty:               368 kB
Writeback:             0 kB
AnonPages:        337868 kB
Mapped:           140560 kB
Shmem:               460 kB
Slab:              36604 kB
SReclaimable:      15616 kB
SUnreclaim:        20988 kB
KernelStack:        8456 kB
PageTables:        13216 kB
NFS_Unstable:          0 kB
Bounce:                0 kB
WritebackTmp:          0 kB
CommitLimit:      950276 kB
Committed_AS:   36059120 kB
VmallocTotal:     245760 kB
VmallocUsed:       62604 kB
VmallocChunk:      81932 kB
==>Thu Apr 13 20:04:44 2017
MemTotal:        1900556 kB
MemFree:          945460 kB
Buffers:           12552 kB
Cached:           290116 kB
SwapCached:            0 kB
Active:           393812 kB
Inactive:         251728 kB
Active(anon):     342900 kB
Inactive(anon):      416 kB
Active(file):      50912 kB
Inactive(file):   251312 kB
Unevictable:           0 kB
Mlocked:               0 kB
HighTotal:       1158144 kB
HighFree:         285416 kB
LowTotal:         742412 kB
LowFree:          660044 kB
SwapTotal:             0 kB
SwapFree:              0 kB
Dirty:                60 kB
Writeback:             0 kB
AnonPages:        342920 kB
Mapped:           145404 kB
Shmem:               460 kB
Slab:              36612 kB
SReclaimable:      15616 kB
SUnreclaim:        20996 kB
KernelStack:        8392 kB
PageTables:        13312 kB
NFS_Unstable:          0 kB
Bounce:                0 kB
WritebackTmp:          0 kB
CommitLimit:      950276 kB
Committed_AS:   36100964 kB
VmallocTotal:     245760 kB
VmallocUsed:       64668 kB
VmallocChunk:      75648 kB
==>Thu Apr 13 20:04:54 2017
MemTotal:        1900556 kB
MemFree:          941144 kB
Buffers:           12752 kB
Cached:           290360 kB
SwapCached:            0 kB
Active:           394596 kB
Inactive:         252156 kB
Active(anon):     343668 kB
Inactive(anon):      416 kB
Active(file):      50928 kB
Inactive(file):   251740 kB
Unevictable:           0 kB
Mlocked:               0 kB
HighTotal:       1158144 kB
HighFree:         281724 kB
LowTotal:         742412 kB
LowFree:          659420 kB
SwapTotal:             0 kB
SwapFree:              0 kB
Dirty:               312 kB
Writeback:             0 kB
AnonPages:        343724 kB
Mapped:           147824 kB
Shmem:               460 kB
Slab:              36648 kB
SReclaimable:      15628 kB
SUnreclaim:        21020 kB
KernelStack:        8328 kB
PageTables:        13600 kB
NFS_Unstable:          0 kB
Bounce:                0 kB
WritebackTmp:          0 kB
CommitLimit:      950276 kB
Committed_AS:   36130908 kB
VmallocTotal:     245760 kB
VmallocUsed:       64692 kB
VmallocChunk:      75648 kB
==>Thu Apr 13 20:05:04 2017
MemTotal:        1900556 kB
MemFree:          923900 kB
Buffers:           13320 kB
Cached:           291132 kB
SwapCached:            0 kB
Active:           403076 kB
Inactive:         253440 kB
Active(anon):     352092 kB
Inactive(anon):      416 kB
Active(file):      50984 kB
Inactive(file):   253024 kB
Unevictable:           0 kB
Mlocked:               0 kB
HighTotal:       1158144 kB
HighFree:         264868 kB
LowTotal:         742412 kB
LowFree:          659032 kB
SwapTotal:             0 kB
SwapFree:              0 kB
Dirty:               368 kB
Writeback:             0 kB
AnonPages:        352048 kB
Mapped:           155600 kB
Shmem:               460 kB
Slab:              36664 kB
SReclaimable:      15656 kB
SUnreclaim:        21008 kB
KernelStack:        8352 kB
PageTables:        13288 kB
NFS_Unstable:          0 kB
Bounce:                0 kB
WritebackTmp:          0 kB
CommitLimit:      950276 kB
Committed_AS:   36096640 kB
VmallocTotal:     245760 kB
VmallocUsed:       62684 kB
VmallocChunk:      81932 kB
==>Thu Apr 13 20:05:14 2017
MemTotal:        1900556 kB
MemFree:          922292 kB
Buffers:           13368 kB
Cached:           291152 kB
SwapCached:            0 kB
Active:           404052 kB
Inactive:         253504 kB
Active(anon):     353064 kB
Inactive(anon):      416 kB
Active(file):      50988 kB
Inactive(file):   253088 kB
Unevictable:           0 kB
Mlocked:               0 kB
HighTotal:       1158144 kB
HighFree:         263008 kB
LowTotal:         742412 kB
LowFree:          659284 kB
SwapTotal:             0 kB
SwapFree:              0 kB
Dirty:                72 kB
Writeback:             0 kB
AnonPages:        353016 kB
Mapped:           156564 kB
Shmem:               460 kB
Slab:              36600 kB
SReclaimable:      15656 kB
SUnreclaim:        20944 kB
KernelStack:        8392 kB
PageTables:        13288 kB
NFS_Unstable:          0 kB
Bounce:                0 kB
WritebackTmp:          0 kB
CommitLimit:      950276 kB
Committed_AS:   36067464 kB
VmallocTotal:     245760 kB
VmallocUsed:       62684 kB
VmallocChunk:      81932 kB
==>Thu Apr 13 20:05:24 2017
MemTotal:        1900556 kB
MemFree:          920900 kB
Buffers:           13604 kB
Cached:           291264 kB
SwapCached:            0 kB
Active:           404420 kB
Inactive:         253812 kB
Active(anon):     353432 kB
Inactive(anon):      416 kB
Active(file):      50988 kB
Inactive(file):   253396 kB
Unevictable:           0 kB
Mlocked:               0 kB
HighTotal:       1158144 kB
HighFree:         262184 kB
LowTotal:         742412 kB
LowFree:          658716 kB
SwapTotal:             0 kB
SwapFree:              0 kB
Dirty:                12 kB
Writeback:             0 kB
AnonPages:        353512 kB
Mapped:           156548 kB
Shmem:               460 kB
Slab:              36600 kB
SReclaimable:      15656 kB
SUnreclaim:        20944 kB
KernelStack:        8432 kB
PageTables:        13280 kB
NFS_Unstable:          0 kB
Bounce:                0 kB
WritebackTmp:          0 kB
CommitLimit:      950276 kB
Committed_AS:   36098888 kB
VmallocTotal:     245760 kB
VmallocUsed:       62684 kB
VmallocChunk:      81932 kB
==>Thu Apr 13 20:05:34 2017
MemTotal:        1900556 kB
MemFree:          909816 kB
Buffers:           13840 kB
Cached:           291620 kB
SwapCached:            0 kB
Active:           410440 kB
Inactive:         254404 kB
Active(anon):     359412 kB
Inactive(anon):      416 kB
Active(file):      51028 kB
Inactive(file):   253988 kB
Unevictable:           0 kB
Mlocked:               0 kB
HighTotal:       1158144 kB
HighFree:         251824 kB
LowTotal:         742412 kB
LowFree:          657992 kB
SwapTotal:             0 kB
SwapFree:              0 kB
Dirty:               240 kB
Writeback:             0 kB
AnonPages:        359488 kB
Mapped:           160092 kB
Shmem:               460 kB
Slab:              36656 kB
SReclaimable:      15716 kB
SUnreclaim:        20940 kB
KernelStack:        8392 kB
PageTables:        13496 kB
NFS_Unstable:          0 kB
Bounce:                0 kB
WritebackTmp:          0 kB
CommitLimit:      950276 kB
Committed_AS:   36118792 kB
VmallocTotal:     245760 kB
VmallocUsed:       63716 kB
VmallocChunk:      75648 kB
==>Thu Apr 13 20:05:44 2017
MemTotal:        1900556 kB
MemFree:          904808 kB
Buffers:           13884 kB
Cached:           291660 kB
SwapCached:            0 kB
Active:           414716 kB
Inactive:         254480 kB
Active(anon):     363680 kB
Inactive(anon):      416 kB
Active(file):      51036 kB
Inactive(file):   254064 kB
Unevictable:           0 kB
Mlocked:               0 kB
HighTotal:       1158144 kB
HighFree:         247532 kB
LowTotal:         742412 kB
LowFree:          657276 kB
SwapTotal:             0 kB
SwapFree:              0 kB
Dirty:                12 kB
Writeback:             0 kB
AnonPages:        363740 kB
Mapped:           160112 kB
Shmem:               460 kB
Slab:              36744 kB
SReclaimable:      15716 kB
SUnreclaim:        21028 kB
KernelStack:        8248 kB
PageTables:        13684 kB
NFS_Unstable:          0 kB
Bounce:                0 kB
WritebackTmp:          0 kB
CommitLimit:      950276 kB
Committed_AS:   37344776 kB
VmallocTotal:     245760 kB
VmallocUsed:       64736 kB
VmallocChunk:      75648 kB
==>Thu Apr 13 20:05:54 2017
MemTotal:        1900556 kB
MemFree:          880000 kB
Buffers:           14080 kB
Cached:           292180 kB
SwapCached:            0 kB
Active:           435480 kB
Inactive:         254940 kB
Active(anon):     384192 kB
Inactive(anon):      456 kB
Active(file):      51288 kB
Inactive(file):   254484 kB
Unevictable:           0 kB
Mlocked:               0 kB
HighTotal:       1158144 kB
HighFree:         222732 kB
LowTotal:         742412 kB
LowFree:          657268 kB
SwapTotal:             0 kB
SwapFree:              0 kB
Dirty:               108 kB
Writeback:             0 kB
AnonPages:        384336 kB
Mapped:           161532 kB
Shmem:               504 kB
Slab:              36796 kB
SReclaimable:      15748 kB
SUnreclaim:        21048 kB
KernelStack:        8512 kB
PageTables:        13860 kB
NFS_Unstable:          0 kB
Bounce:                0 kB
WritebackTmp:          0 kB
CommitLimit:      950276 kB
Committed_AS:   37377388 kB
VmallocTotal:     245760 kB
VmallocUsed:       65924 kB
VmallocChunk:      75648 kB
==>Thu Apr 13 20:06:04 2017
MemTotal:        1900556 kB
MemFree:          888560 kB
Buffers:           14192 kB
Cached:           292164 kB
SwapCached:            0 kB
Active:           429056 kB
Inactive:         252924 kB
Active(anon):     375656 kB
Inactive(anon):      456 kB
Active(file):      53400 kB
Inactive(file):   252468 kB
Unevictable:           0 kB
Mlocked:               0 kB
HighTotal:       1158144 kB
HighFree:         230872 kB
LowTotal:         742412 kB
LowFree:          657688 kB
SwapTotal:             0 kB
SwapFree:              0 kB
Dirty:                48 kB
Writeback:             0 kB
AnonPages:        375600 kB
Mapped:           161684 kB
Shmem:               504 kB
Slab:              36792 kB
SReclaimable:      15748 kB
SUnreclaim:        21044 kB
KernelStack:        8480 kB
PageTables:        13480 kB
NFS_Unstable:          0 kB
Bounce:                0 kB
WritebackTmp:          0 kB
CommitLimit:      950276 kB
Committed_AS:   36144780 kB
VmallocTotal:     245760 kB
VmallocUsed:       63884 kB
VmallocChunk:      75648 kB
==>Thu Apr 13 20:06:14 2017
MemTotal:        1900556 kB
MemFree:          869548 kB
Buffers:           14580 kB
Cached:           292364 kB
SwapCached:            0 kB
Active:           440076 kB
Inactive:         253440 kB
Active(anon):     386604 kB
Inactive(anon):      456 kB
Active(file):      53472 kB
Inactive(file):   252984 kB
Unevictable:           0 kB
Mlocked:               0 kB
HighTotal:       1158144 kB
HighFree:         212508 kB
LowTotal:         742412 kB
LowFree:          657040 kB
SwapTotal:             0 kB
SwapFree:              0 kB
Dirty:               120 kB
Writeback:             0 kB
AnonPages:        386668 kB
Mapped:           163520 kB
Shmem:               504 kB
Slab:              36820 kB
SReclaimable:      15800 kB
SUnreclaim:        21020 kB
KernelStack:        8464 kB
PageTables:        13532 kB
NFS_Unstable:          0 kB
Bounce:                0 kB
WritebackTmp:          0 kB
CommitLimit:      950276 kB
Committed_AS:   36158092 kB
VmallocTotal:     245760 kB
VmallocUsed:       63916 kB
VmallocChunk:      75648 kB
==>Thu Apr 13 20:06:24 2017
MemTotal:        1900556 kB
MemFree:          874768 kB
Buffers:           14620 kB
Cached:           292400 kB
SwapCached:            0 kB
Active:           435908 kB
Inactive:         253508 kB
Active(anon):     382428 kB
Inactive(anon):      456 kB
Active(file):      53480 kB
Inactive(file):   253052 kB
Unevictable:           0 kB
Mlocked:               0 kB
HighTotal:       1158144 kB
HighFree:         217284 kB
LowTotal:         742412 kB
LowFree:          657484 kB
SwapTotal:             0 kB
SwapFree:              0 kB
Dirty:                64 kB
Writeback:             0 kB
AnonPages:        382436 kB
Mapped:           163540 kB
Shmem:               504 kB
Slab:              36748 kB
SReclaimable:      15800 kB
SUnreclaim:        20948 kB
KernelStack:        8504 kB
PageTables:        13500 kB
NFS_Unstable:          0 kB
Bounce:                0 kB
WritebackTmp:          0 kB
CommitLimit:      950276 kB
Committed_AS:   36152484 kB
VmallocTotal:     245760 kB
VmallocUsed:       64928 kB
VmallocChunk:      75648 kB
==>Thu Apr 13 20:06:34 2017
MemTotal:        1900556 kB
MemFree:          896196 kB
Buffers:           14628 kB
Cached:           293212 kB
SwapCached:            0 kB
Active:           447596 kB
Inactive:         254080 kB
Active(anon):     393868 kB
Inactive(anon):      456 kB
Active(file):      53728 kB
Inactive(file):   253624 kB
Unevictable:           0 kB
Mlocked:               0 kB
HighTotal:       1158144 kB
HighFree:         239352 kB
LowTotal:         742412 kB
LowFree:          656844 kB
SwapTotal:             0 kB
SwapFree:              0 kB
Dirty:                 8 kB
Writeback:             0 kB
AnonPages:        393872 kB
Mapped:           165820 kB
Shmem:               504 kB
Slab:              36696 kB
SReclaimable:      15792 kB
SUnreclaim:        20904 kB
KernelStack:        8592 kB
PageTables:        13612 kB
NFS_Unstable:          0 kB
Bounce:                0 kB
WritebackTmp:          0 kB
CommitLimit:      950276 kB
Committed_AS:   36159904 kB
VmallocTotal:     245760 kB
VmallocUsed:       63860 kB
VmallocChunk:      75648 kB
==>Thu Apr 13 20:06:44 2017
MemTotal:        1900556 kB
MemFree:          890964 kB
Buffers:           14660 kB
Cached:           293256 kB
SwapCached:            0 kB
Active:           452604 kB
Inactive:         254148 kB
Active(anon):     398868 kB
Inactive(anon):      456 kB
Active(file):      53736 kB
Inactive(file):   253692 kB
Unevictable:           0 kB
Mlocked:               0 kB
HighTotal:       1158144 kB
HighFree:         234412 kB
LowTotal:         742412 kB
LowFree:          656552 kB
SwapTotal:             0 kB
SwapFree:              0 kB
Dirty:                68 kB
Writeback:             0 kB
AnonPages:        398848 kB
Mapped:           166296 kB
Shmem:               504 kB
Slab:              36732 kB
SReclaimable:      15792 kB
SUnreclaim:        20940 kB
KernelStack:        8592 kB
PageTables:        13820 kB
NFS_Unstable:          0 kB
Bounce:                0 kB
WritebackTmp:          0 kB
CommitLimit:      950276 kB
Committed_AS:   36183312 kB
VmallocTotal:     245760 kB
VmallocUsed:       63860 kB
VmallocChunk:      75648 kB
==>Thu Apr 13 20:06:54 2017
MemTotal:        1900556 kB
MemFree:          895832 kB
Buffers:           14668 kB
Cached:           293252 kB
SwapCached:            0 kB
Active:           448644 kB
Inactive:         254152 kB
Active(anon):     394908 kB
Inactive(anon):      456 kB
Active(file):      53736 kB
Inactive(file):   253696 kB
Unevictable:           0 kB
Mlocked:               0 kB
HighTotal:       1158144 kB
HighFree:         239136 kB
LowTotal:         742412 kB
LowFree:          656696 kB
SwapTotal:             0 kB
SwapFree:              0 kB
Dirty:                 4 kB
Writeback:             0 kB
AnonPages:        394888 kB
Mapped:           166416 kB
Shmem:               504 kB
Slab:              36744 kB
SReclaimable:      15792 kB
SUnreclaim:        20952 kB
KernelStack:        8608 kB
PageTables:        13676 kB
NFS_Unstable:          0 kB
Bounce:                0 kB
WritebackTmp:          0 kB
CommitLimit:      950276 kB
Committed_AS:   36147776 kB
VmallocTotal:     245760 kB
VmallocUsed:       63860 kB
VmallocChunk:      75648 kB
==>Thu Apr 13 20:07:04 2017
MemTotal:        1900556 kB
MemFree:          888240 kB
Buffers:           14764 kB
Cached:           293256 kB
SwapCached:            0 kB
Active:           447992 kB
Inactive:         254236 kB
Active(anon):     394240 kB
Inactive(anon):      456 kB
Active(file):      53752 kB
Inactive(file):   253780 kB
Unevictable:           0 kB
Mlocked:               0 kB
HighTotal:       1158144 kB
HighFree:         231772 kB
LowTotal:         742412 kB
LowFree:          656468 kB
SwapTotal:             0 kB
SwapFree:              0 kB
Dirty:                20 kB
Writeback:             0 kB
AnonPages:        394304 kB
Mapped:           166708 kB
Shmem:               504 kB
Slab:              36748 kB
SReclaimable:      15792 kB
SUnreclaim:        20956 kB
KernelStack:        8448 kB
PageTables:        13728 kB
NFS_Unstable:          0 kB
Bounce:                0 kB
WritebackTmp:          0 kB
CommitLimit:      950276 kB
Committed_AS:   36163960 kB
VmallocTotal:     245760 kB
VmallocUsed:       63888 kB
VmallocChunk:      75648 kB
==>Thu Apr 13 20:07:14 2017
MemTotal:        1900556 kB
MemFree:          884948 kB
Buffers:           14772 kB
Cached:           293256 kB
SwapCached:            0 kB
Active:           451508 kB
Inactive:         254244 kB
Active(anon):     397756 kB
Inactive(anon):      456 kB
Active(file):      53752 kB
Inactive(file):   253788 kB
Unevictable:           0 kB
Mlocked:               0 kB
HighTotal:       1158144 kB
HighFree:         228436 kB
LowTotal:         742412 kB
LowFree:          656512 kB
SwapTotal:             0 kB
SwapFree:              0 kB
Dirty:                 0 kB
Writeback:             0 kB
AnonPages:        397732 kB
Mapped:           166708 kB
Shmem:               504 kB
Slab:              36772 kB
SReclaimable:      15784 kB
SUnreclaim:        20988 kB
KernelStack:        8464 kB
PageTables:        13812 kB
NFS_Unstable:          0 kB
Bounce:                0 kB
WritebackTmp:          0 kB
CommitLimit:      950276 kB
Committed_AS:   36177048 kB
VmallocTotal:     245760 kB
VmallocUsed:       63888 kB
VmallocChunk:      75648 kB
==>Thu Apr 13 20:07:24 2017
MemTotal:        1900556 kB
MemFree:          887228 kB
Buffers:           14820 kB
Cached:           293268 kB
SwapCached:            0 kB
Active:           450128 kB
Inactive:         254292 kB
Active(anon):     396364 kB
Inactive(anon):      456 kB
Active(file):      53764 kB
Inactive(file):   253836 kB
Unevictable:           0 kB
Mlocked:               0 kB
HighTotal:       1158144 kB
HighFree:         230452 kB
LowTotal:         742412 kB
LowFree:          656776 kB
SwapTotal:             0 kB
SwapFree:              0 kB
Dirty:                64 kB
Writeback:             0 kB
AnonPages:        396472 kB
Mapped:           166776 kB
Shmem:               504 kB
Slab:              36852 kB
SReclaimable:      15792 kB
SUnreclaim:        21060 kB
KernelStack:        8448 kB
PageTables:        13628 kB
NFS_Unstable:          0 kB
Bounce:                0 kB
WritebackTmp:          0 kB
CommitLimit:      950276 kB
Committed_AS:   36145812 kB
VmallocTotal:     245760 kB
VmallocUsed:       63892 kB
VmallocChunk:      75648 kB
==>Thu Apr 13 20:07:34 2017
MemTotal:        1900556 kB
MemFree:          875876 kB
Buffers:           14940 kB
Cached:           293260 kB
SwapCached:            0 kB
Active:           446972 kB
Inactive:         254416 kB
Active(anon):     393220 kB
Inactive(anon):      460 kB
Active(file):      53752 kB
Inactive(file):   253956 kB
Unevictable:           0 kB
Mlocked:               0 kB
HighTotal:       1158144 kB
HighFree:         219040 kB
LowTotal:         742412 kB
LowFree:          656836 kB
SwapTotal:             0 kB
SwapFree:              0 kB
Dirty:                32 kB
Writeback:             0 kB
AnonPages:        393232 kB
Mapped:           167016 kB
Shmem:               508 kB
Slab:              36828 kB
SReclaimable:      15784 kB
SUnreclaim:        21044 kB
KernelStack:        8312 kB
PageTables:        13628 kB
NFS_Unstable:          0 kB
Bounce:                0 kB
WritebackTmp:          0 kB
CommitLimit:      950276 kB
Committed_AS:   36171116 kB
VmallocTotal:     245760 kB
VmallocUsed:       63964 kB
VmallocChunk:      75648 kB
==>Thu Apr 13 20:07:44 2017
MemTotal:        1900556 kB
MemFree:          822712 kB
Buffers:           15416 kB
Cached:           312444 kB
SwapCached:            0 kB
Active:           464976 kB
Inactive:         272616 kB
Active(anon):     409764 kB
Inactive(anon):     8056 kB
Active(file):      55212 kB
Inactive(file):   264560 kB
Unevictable:           0 kB
Mlocked:               0 kB
HighTotal:       1158144 kB
HighFree:         166900 kB
LowTotal:         742412 kB
LowFree:          655812 kB
SwapTotal:             0 kB
SwapFree:              0 kB
Dirty:               424 kB
Writeback:             0 kB
AnonPages:        409824 kB
Mapped:           186496 kB
Shmem:              8104 kB
Slab:              37000 kB
SReclaimable:      15864 kB
SUnreclaim:        21136 kB
KernelStack:        8520 kB
PageTables:        13568 kB
NFS_Unstable:          0 kB
Bounce:                0 kB
WritebackTmp:          0 kB
CommitLimit:      950276 kB
Committed_AS:   36168744 kB
VmallocTotal:     245760 kB
VmallocUsed:       62964 kB
VmallocChunk:      75648 kB
==>Thu Apr 13 20:07:54 2017
MemTotal:        1900556 kB
MemFree:          823788 kB
Buffers:           15424 kB
Cached:           312448 kB
SwapCached:            0 kB
Active:           464280 kB
Inactive:         272624 kB
Active(anon):     409064 kB
Inactive(anon):     8056 kB
Active(file):      55216 kB
Inactive(file):   264568 kB
Unevictable:           0 kB
Mlocked:               0 kB
HighTotal:       1158144 kB
HighFree:         168080 kB
LowTotal:         742412 kB
LowFree:          655708 kB
SwapTotal:             0 kB
SwapFree:              0 kB
Dirty:                 0 kB
Writeback:             0 kB
AnonPages:        409004 kB
Mapped:           186368 kB
Shmem:              8104 kB
Slab:              37132 kB
SReclaimable:      15864 kB
SUnreclaim:        21268 kB
KernelStack:        8664 kB
PageTables:        13724 kB
NFS_Unstable:          0 kB
Bounce:                0 kB
WritebackTmp:          0 kB
CommitLimit:      950276 kB
Committed_AS:   36202668 kB
VmallocTotal:     245760 kB
VmallocUsed:       63976 kB
VmallocChunk:      75648 kB
==>Thu Apr 13 20:08:04 2017
MemTotal:        1900556 kB
MemFree:          817600 kB
Buffers:           15480 kB
Cached:           312476 kB
SwapCached:            0 kB
Active:           466544 kB
Inactive:         272700 kB
Active(anon):     411320 kB
Inactive(anon):     8056 kB
Active(file):      55224 kB
Inactive(file):   264644 kB
Unevictable:           0 kB
Mlocked:               0 kB
HighTotal:       1158144 kB
HighFree:         162304 kB
LowTotal:         742412 kB
LowFree:          655296 kB
SwapTotal:             0 kB
SwapFree:              0 kB
Dirty:                40 kB
Writeback:             0 kB
AnonPages:        411148 kB
Mapped:           186320 kB
Shmem:              8104 kB
Slab:              36952 kB
SReclaimable:      15864 kB
SUnreclaim:        21088 kB
KernelStack:        8656 kB
PageTables:        13716 kB
NFS_Unstable:          0 kB
Bounce:                0 kB
WritebackTmp:          0 kB
CommitLimit:      950276 kB
Committed_AS:   36206272 kB
VmallocTotal:     245760 kB
VmallocUsed:       63992 kB
VmallocChunk:      75648 kB
==>Thu Apr 13 20:08:14 2017
MemTotal:        1900556 kB
MemFree:          810700 kB
Buffers:           15504 kB
Cached:           312464 kB
SwapCached:            0 kB
Active:           466076 kB
Inactive:         272712 kB
Active(anon):     410852 kB
Inactive(anon):     8056 kB
Active(file):      55224 kB
Inactive(file):   264656 kB
Unevictable:           0 kB
Mlocked:               0 kB
HighTotal:       1158144 kB
HighFree:         155548 kB
LowTotal:         742412 kB
LowFree:          655152 kB
SwapTotal:             0 kB
SwapFree:              0 kB
Dirty:                 8 kB
Writeback:             0 kB
AnonPages:        410916 kB
Mapped:           186444 kB
Shmem:              8104 kB
Slab:              36996 kB
SReclaimable:      15872 kB
SUnreclaim:        21124 kB
KernelStack:        8752 kB
PageTables:        13764 kB
NFS_Unstable:          0 kB
Bounce:                0 kB
WritebackTmp:          0 kB
CommitLimit:      950276 kB
Committed_AS:   36202196 kB
VmallocTotal:     245760 kB
VmallocUsed:       64036 kB
VmallocChunk:      75648 kB
==>Thu Apr 13 20:08:24 2017
MemTotal:        1900556 kB
MemFree:          806660 kB
Buffers:           15616 kB
Cached:           312484 kB
SwapCached:            0 kB
Active:           468420 kB
Inactive:         272840 kB
Active(anon):     413192 kB
Inactive(anon):     8056 kB
Active(file):      55228 kB
Inactive(file):   264784 kB
Unevictable:           0 kB
Mlocked:               0 kB
HighTotal:       1158144 kB
HighFree:         151596 kB
LowTotal:         742412 kB
LowFree:          655064 kB
SwapTotal:             0 kB
SwapFree:              0 kB
Dirty:                40 kB
Writeback:             0 kB
AnonPages:        413356 kB
Mapped:           187756 kB
Shmem:              8104 kB
Slab:              36936 kB
SReclaimable:      15872 kB
SUnreclaim:        21064 kB
KernelStack:        8520 kB
PageTables:        13768 kB
NFS_Unstable:          0 kB
Bounce:                0 kB
WritebackTmp:          0 kB
CommitLimit:      950276 kB
Committed_AS:   36209712 kB
VmallocTotal:     245760 kB
VmallocUsed:       63016 kB
VmallocChunk:      75648 kB
==>Thu Apr 13 20:08:34 2017
MemTotal:        1900556 kB
MemFree:          801424 kB
Buffers:           15688 kB
Cached:           313728 kB
SwapCached:            0 kB
Active:           472164 kB
Inactive:         274144 kB
Active(anon):     416924 kB
Inactive(anon):     8056 kB
Active(file):      55240 kB
Inactive(file):   266088 kB
Unevictable:           0 kB
Mlocked:               0 kB
HighTotal:       1158144 kB
HighFree:         146796 kB
LowTotal:         742412 kB
LowFree:          654628 kB
SwapTotal:             0 kB
SwapFree:              0 kB
Dirty:                12 kB
Writeback:             0 kB
AnonPages:        416984 kB
Mapped:           188432 kB
Shmem:              8104 kB
Slab:              36916 kB
SReclaimable:      15872 kB
SUnreclaim:        21044 kB
KernelStack:        8672 kB
PageTables:        13876 kB
NFS_Unstable:          0 kB
Bounce:                0 kB
WritebackTmp:          0 kB
CommitLimit:      950276 kB
Committed_AS:   36216320 kB
VmallocTotal:     245760 kB
VmallocUsed:       64036 kB
VmallocChunk:      75648 kB
==>Thu Apr 13 20:08:44 2017
MemTotal:        1900556 kB
MemFree:          803064 kB
Buffers:           15696 kB
Cached:           313728 kB
SwapCached:            0 kB
Active:           471180 kB
Inactive:         274152 kB
Active(anon):     415940 kB
Inactive(anon):     8056 kB
Active(file):      55240 kB
Inactive(file):   266096 kB
Unevictable:           0 kB
Mlocked:               0 kB
HighTotal:       1158144 kB
HighFree:         148016 kB
LowTotal:         742412 kB
LowFree:          655048 kB
SwapTotal:             0 kB
SwapFree:              0 kB
Dirty:                 0 kB
Writeback:             0 kB
AnonPages:        415956 kB
Mapped:           188432 kB
Shmem:              8104 kB
Slab:              36992 kB
SReclaimable:      15872 kB
SUnreclaim:        21120 kB
KernelStack:        8616 kB
PageTables:        13816 kB
NFS_Unstable:          0 kB
Bounce:                0 kB
WritebackTmp:          0 kB
CommitLimit:      950276 kB
Committed_AS:   36211672 kB
VmallocTotal:     245760 kB
VmallocUsed:       63008 kB
VmallocChunk:      75648 kB
==>Thu Apr 13 20:08:55 2017
MemTotal:        1900556 kB
MemFree:          802632 kB
Buffers:           15696 kB
Cached:           313728 kB
SwapCached:            0 kB
Active:           471116 kB
Inactive:         274152 kB
Active(anon):     415876 kB
Inactive(anon):     8056 kB
Active(file):      55240 kB
Inactive(file):   266096 kB
Unevictable:           0 kB
Mlocked:               0 kB
HighTotal:       1158144 kB
HighFree:         147752 kB
LowTotal:         742412 kB
LowFree:          654880 kB
SwapTotal:             0 kB
SwapFree:              0 kB
Dirty:                 0 kB
Writeback:             0 kB
AnonPages:        415992 kB
Mapped:           188416 kB
Shmem:              8104 kB
Slab:              36904 kB
SReclaimable:      15872 kB
SUnreclaim:        21032 kB
KernelStack:        8568 kB
PageTables:        13860 kB
NFS_Unstable:          0 kB
Bounce:                0 kB
WritebackTmp:          0 kB
CommitLimit:      950276 kB
Committed_AS:   36209732 kB
VmallocTotal:     245760 kB
VmallocUsed:       64028 kB
VmallocChunk:      75648 kB
==>Thu Apr 13 20:09:04 2017
MemTotal:        1900556 kB
MemFree:          800156 kB
Buffers:           15696 kB
Cached:           313728 kB
SwapCached:            0 kB
Active:           473344 kB
Inactive:         274152 kB
Active(anon):     418104 kB
Inactive(anon):     8056 kB
Active(file):      55240 kB
Inactive(file):   266096 kB
Unevictable:           0 kB
Mlocked:               0 kB
HighTotal:       1158144 kB
HighFree:         145092 kB
LowTotal:         742412 kB
LowFree:          655064 kB
SwapTotal:             0 kB
SwapFree:              0 kB
Dirty:                 0 kB
Writeback:             0 kB
AnonPages:        418048 kB
Mapped:           188576 kB
Shmem:              8104 kB
Slab:              36952 kB
SReclaimable:      15872 kB
SUnreclaim:        21080 kB
KernelStack:        8416 kB
PageTables:        13872 kB
NFS_Unstable:          0 kB
Bounce:                0 kB
WritebackTmp:          0 kB
CommitLimit:      950276 kB
Committed_AS:   36222084 kB
VmallocTotal:     245760 kB
VmallocUsed:       64036 kB
VmallocChunk:      75648 kB
==>Thu Apr 13 20:09:14 2017
MemTotal:        1900556 kB
MemFree:          800964 kB
Buffers:           15800 kB
Cached:           313720 kB
SwapCached:            0 kB
Active:           472104 kB
Inactive:         274248 kB
Active(anon):     416864 kB
Inactive(anon):     8056 kB
Active(file):      55240 kB
Inactive(file):   266192 kB
Unevictable:           0 kB
Mlocked:               0 kB
HighTotal:       1158144 kB
HighFree:         146260 kB
LowTotal:         742412 kB
LowFree:          654704 kB
SwapTotal:             0 kB
SwapFree:              0 kB
Dirty:                 4 kB
Writeback:             0 kB
AnonPages:        416892 kB
Mapped:           188576 kB
Shmem:              8104 kB
Slab:              37004 kB
SReclaimable:      15880 kB
SUnreclaim:        21124 kB
KernelStack:        8584 kB
PageTables:        13976 kB
NFS_Unstable:          0 kB
Bounce:                0 kB
WritebackTmp:          0 kB
CommitLimit:      950276 kB
Committed_AS:   36221376 kB
VmallocTotal:     245760 kB
VmallocUsed:       63008 kB
VmallocChunk:      75648 kB
==>Thu Apr 13 20:09:24 2017
MemTotal:        1900556 kB
MemFree:          811236 kB
Buffers:           15832 kB
Cached:           313728 kB
SwapCached:            0 kB
Active:           472640 kB
Inactive:         274288 kB
Active(anon):     417400 kB
Inactive(anon):     8056 kB
Active(file):      55240 kB
Inactive(file):   266232 kB
Unevictable:           0 kB
Mlocked:               0 kB
HighTotal:       1158144 kB
HighFree:         156040 kB
LowTotal:         742412 kB
LowFree:          655196 kB
SwapTotal:             0 kB
SwapFree:              0 kB
Dirty:                32 kB
Writeback:             0 kB
AnonPages:        417380 kB
Mapped:           188672 kB
Shmem:              8104 kB
Slab:              37232 kB
SReclaimable:      15888 kB
SUnreclaim:        21344 kB
KernelStack:        8432 kB
PageTables:        13688 kB
NFS_Unstable:          0 kB
Bounce:                0 kB
WritebackTmp:          0 kB
CommitLimit:      950276 kB
Committed_AS:   36216580 kB
VmallocTotal:     245760 kB
VmallocUsed:       62956 kB
VmallocChunk:      75648 kB
==>Thu Apr 13 20:09:34 2017
MemTotal:        1900556 kB
MemFree:          821260 kB
Buffers:           15936 kB
Cached:           313680 kB
SwapCached:            0 kB
Active:           460744 kB
Inactive:         274344 kB
Active(anon):     405504 kB
Inactive(anon):     8056 kB
Active(file):      55240 kB
Inactive(file):   266288 kB
Unevictable:           0 kB
Mlocked:               0 kB
HighTotal:       1158144 kB
HighFree:         166176 kB
LowTotal:         742412 kB
LowFree:          655084 kB
SwapTotal:             0 kB
SwapFree:              0 kB
Dirty:                84 kB
Writeback:             0 kB
AnonPages:        405452 kB
Mapped:           188896 kB
Shmem:              8104 kB
Slab:              37196 kB
SReclaimable:      15904 kB
SUnreclaim:        21292 kB
KernelStack:        8424 kB
PageTables:        13888 kB
NFS_Unstable:          0 kB
Bounce:                0 kB
WritebackTmp:          0 kB
CommitLimit:      950276 kB
Committed_AS:   36237804 kB
VmallocTotal:     245760 kB
VmallocUsed:       63996 kB
VmallocChunk:      75648 kB
==>Thu Apr 13 20:09:44 2017
MemTotal:        1900556 kB
MemFree:          820012 kB
Buffers:           16032 kB
Cached:           313732 kB
SwapCached:            0 kB
Active:           461280 kB
Inactive:         274492 kB
Active(anon):     406040 kB
Inactive(anon):     8060 kB
Active(file):      55240 kB
Inactive(file):   266432 kB
Unevictable:           0 kB
Mlocked:               0 kB
HighTotal:       1158144 kB
HighFree:         165148 kB
LowTotal:         742412 kB
LowFree:          654864 kB
SwapTotal:             0 kB
SwapFree:              0 kB
Dirty:                28 kB
Writeback:             0 kB
AnonPages:        406100 kB
Mapped:           189260 kB
Shmem:              8108 kB
Slab:              37224 kB
SReclaimable:      15904 kB
SUnreclaim:        21320 kB
KernelStack:        8400 kB
PageTables:        13892 kB
NFS_Unstable:          0 kB
Bounce:                0 kB
WritebackTmp:          0 kB
CommitLimit:      950276 kB
Committed_AS:   36224200 kB
VmallocTotal:     245760 kB
VmallocUsed:       63996 kB
VmallocChunk:      75648 kB
==>Thu Apr 13 20:09:54 2017
MemTotal:        1900556 kB
MemFree:          804572 kB
Buffers:           16152 kB
Cached:           313740 kB
SwapCached:            0 kB
Active:           462468 kB
Inactive:         274616 kB
Active(anon):     407224 kB
Inactive(anon):     8056 kB
Active(file):      55244 kB
Inactive(file):   266560 kB
Unevictable:           0 kB
Mlocked:               0 kB
HighTotal:       1158144 kB
HighFree:         150096 kB
LowTotal:         742412 kB
LowFree:          654476 kB
SwapTotal:             0 kB
SwapFree:              0 kB
Dirty:                 4 kB
Writeback:             0 kB
AnonPages:        407172 kB
Mapped:           189128 kB
Shmem:              8104 kB
Slab:              37236 kB
SReclaimable:      15884 kB
SUnreclaim:        21352 kB
KernelStack:        8400 kB
PageTables:        13800 kB
NFS_Unstable:          0 kB
Bounce:                0 kB
WritebackTmp:          0 kB
CommitLimit:      950276 kB
Committed_AS:   36191088 kB
VmallocTotal:     245760 kB
VmallocUsed:       64068 kB
VmallocChunk:      75648 kB
==>Thu Apr 13 20:10:04 2017
MemTotal:        1900556 kB
MemFree:          800144 kB
Buffers:           16240 kB
Cached:           313740 kB
SwapCached:            0 kB
Active:           463512 kB
Inactive:         274704 kB
Active(anon):     408268 kB
Inactive(anon):     8056 kB
Active(file):      55244 kB
Inactive(file):   266648 kB
Unevictable:           0 kB
Mlocked:               0 kB
HighTotal:       1158144 kB
HighFree:         145952 kB
LowTotal:         742412 kB
LowFree:          654192 kB
SwapTotal:             0 kB
SwapFree:              0 kB
Dirty:                 0 kB
Writeback:             0 kB
AnonPages:        408352 kB
Mapped:           189144 kB
Shmem:              8104 kB
Slab:              37236 kB
SReclaimable:      15884 kB
SUnreclaim:        21352 kB
KernelStack:        8528 kB
PageTables:        13960 kB
NFS_Unstable:          0 kB
Bounce:                0 kB
WritebackTmp:          0 kB
CommitLimit:      950276 kB
Committed_AS:   36223176 kB
VmallocTotal:     245760 kB
VmallocUsed:       64084 kB
VmallocChunk:      75648 kB
==>Thu Apr 13 20:10:14 2017
MemTotal:        1900556 kB
MemFree:          772948 kB
Buffers:           16384 kB
Cached:           316704 kB
SwapCached:            0 kB
Active:           467908 kB
Inactive:         277764 kB
Active(anon):     412620 kB
Inactive(anon):    11004 kB
Active(file):      55288 kB
Inactive(file):   266760 kB
Unevictable:           0 kB
Mlocked:               0 kB
HighTotal:       1158144 kB
HighFree:         118924 kB
LowTotal:         742412 kB
LowFree:          654024 kB
SwapTotal:             0 kB
SwapFree:              0 kB
Dirty:                 4 kB
Writeback:             0 kB
AnonPages:        412608 kB
Mapped:           225596 kB
Shmem:             11056 kB
Slab:              37296 kB
SReclaimable:      15888 kB
SUnreclaim:        21408 kB
KernelStack:        8448 kB
PageTables:        13876 kB
NFS_Unstable:          0 kB
Bounce:                0 kB
WritebackTmp:          0 kB
CommitLimit:      950276 kB
Committed_AS:   36207584 kB
VmallocTotal:     245760 kB
VmallocUsed:       64060 kB
VmallocChunk:      75648 kB
==>Thu Apr 13 20:10:25 2017
MemTotal:        1900556 kB
MemFree:          773524 kB
Buffers:           16400 kB
Cached:           317052 kB
SwapCached:            0 kB
Active:           467796 kB
Inactive:         278144 kB
Active(anon):     412536 kB
Inactive(anon):    11352 kB
Active(file):      55260 kB
Inactive(file):   266792 kB
Unevictable:           0 kB
Mlocked:               0 kB
HighTotal:       1158144 kB
HighFree:         119368 kB
LowTotal:         742412 kB
LowFree:          654156 kB
SwapTotal:             0 kB
SwapFree:              0 kB
Dirty:                28 kB
Writeback:             0 kB
AnonPages:        412516 kB
Mapped:           225368 kB
Shmem:             11416 kB
Slab:              37332 kB
SReclaimable:      15896 kB
SUnreclaim:        21436 kB
KernelStack:        8400 kB
PageTables:        13880 kB
NFS_Unstable:          0 kB
Bounce:                0 kB
WritebackTmp:          0 kB
CommitLimit:      950276 kB
Committed_AS:   36234300 kB
VmallocTotal:     245760 kB
VmallocUsed:       64068 kB
VmallocChunk:      75648 kB
==>Thu Apr 13 20:10:34 2017
MemTotal:        1900556 kB
MemFree:          780400 kB
Buffers:           16456 kB
Cached:           317400 kB
SwapCached:            0 kB
Active:           459900 kB
Inactive:         278564 kB
Active(anon):     404640 kB
Inactive(anon):    11716 kB
Active(file):      55260 kB
Inactive(file):   266848 kB
Unevictable:           0 kB
Mlocked:               0 kB
HighTotal:       1158144 kB
HighFree:         126168 kB
LowTotal:         742412 kB
LowFree:          654232 kB
SwapTotal:             0 kB
SwapFree:              0 kB
Dirty:                 0 kB
Writeback:             0 kB
AnonPages:        404752 kB
Mapped:           225836 kB
Shmem:             11764 kB
Slab:              37344 kB
SReclaimable:      15896 kB
SUnreclaim:        21448 kB
KernelStack:        8400 kB
PageTables:        13872 kB
NFS_Unstable:          0 kB
Bounce:                0 kB
WritebackTmp:          0 kB
CommitLimit:      950276 kB
Committed_AS:   36207028 kB
VmallocTotal:     245760 kB
VmallocUsed:       64060 kB
VmallocChunk:      75648 kB
==>Thu Apr 13 20:10:44 2017
MemTotal:        1900556 kB
MemFree:          780044 kB
Buffers:           16456 kB
Cached:           318124 kB
SwapCached:            0 kB
Active:           459924 kB
Inactive:         279288 kB
Active(anon):     404664 kB
Inactive(anon):    11716 kB
Active(file):      55260 kB
Inactive(file):   267572 kB
Unevictable:           0 kB
Mlocked:               0 kB
HighTotal:       1158144 kB
HighFree:         125856 kB
LowTotal:         742412 kB
LowFree:          654188 kB
SwapTotal:             0 kB
SwapFree:              0 kB
Dirty:                 0 kB
Writeback:             0 kB
AnonPages:        404624 kB
Mapped:           225584 kB
Shmem:             11764 kB
Slab:              37340 kB
SReclaimable:      15904 kB
SUnreclaim:        21436 kB
KernelStack:        8528 kB
PageTables:        13772 kB
NFS_Unstable:          0 kB
Bounce:                0 kB
WritebackTmp:          0 kB
CommitLimit:      950276 kB
Committed_AS:   36174676 kB
VmallocTotal:     245760 kB
VmallocUsed:       64060 kB
VmallocChunk:      75648 kB
==>Thu Apr 13 20:10:54 2017
MemTotal:        1900556 kB
MemFree:          779448 kB
Buffers:           16456 kB
Cached:           318124 kB
SwapCached:            0 kB
Active:           460864 kB
Inactive:         279288 kB
Active(anon):     405604 kB
Inactive(anon):    11716 kB
Active(file):      55260 kB
Inactive(file):   267572 kB
Unevictable:           0 kB
Mlocked:               0 kB
HighTotal:       1158144 kB
HighFree:         125364 kB
LowTotal:         742412 kB
LowFree:          654084 kB
SwapTotal:             0 kB
SwapFree:              0 kB
Dirty:                 0 kB
Writeback:             0 kB
AnonPages:        405516 kB
Mapped:           225584 kB
Shmem:             11764 kB
Slab:              37348 kB
SReclaimable:      15896 kB
SUnreclaim:        21452 kB
KernelStack:        8528 kB
PageTables:        13872 kB
NFS_Unstable:          0 kB
Bounce:                0 kB
WritebackTmp:          0 kB
CommitLimit:      950276 kB
Committed_AS:   36195772 kB
VmallocTotal:     245760 kB
VmallocUsed:       64060 kB
VmallocChunk:      75648 kB
==>Thu Apr 13 20:11:05 2017
MemTotal:        1900556 kB
MemFree:          780116 kB
Buffers:           16456 kB
Cached:           318128 kB
SwapCached:            0 kB
Active:           460412 kB
Inactive:         279292 kB
Active(anon):     405152 kB
Inactive(anon):    11720 kB
Active(file):      55260 kB
Inactive(file):   267572 kB
Unevictable:           0 kB
Mlocked:               0 kB
HighTotal:       1158144 kB
HighFree:         125832 kB
LowTotal:         742412 kB
LowFree:          654284 kB
SwapTotal:             0 kB
SwapFree:              0 kB
Dirty:                 0 kB
Writeback:             0 kB
AnonPages:        405244 kB
Mapped:           225588 kB
Shmem:             11768 kB
Slab:              37404 kB
SReclaimable:      15888 kB
SUnreclaim:        21516 kB
KernelStack:        8392 kB
PageTables:        13672 kB
NFS_Unstable:          0 kB
Bounce:                0 kB
WritebackTmp:          0 kB
CommitLimit:      950276 kB
Committed_AS:   36181444 kB
VmallocTotal:     245760 kB
VmallocUsed:       64068 kB
VmallocChunk:      75648 kB
==>Thu Apr 13 20:11:15 2017
MemTotal:        1900556 kB
MemFree:          780156 kB
Buffers:           16472 kB
Cached:           318128 kB
SwapCached:            0 kB
Active:           460216 kB
Inactive:         279308 kB
Active(anon):     404956 kB
Inactive(anon):    11720 kB
Active(file):      55260 kB
Inactive(file):   267588 kB
Unevictable:           0 kB
Mlocked:               0 kB
HighTotal:       1158144 kB
HighFree:         125840 kB
LowTotal:         742412 kB
LowFree:          654316 kB
SwapTotal:             0 kB
SwapFree:              0 kB
Dirty:                32 kB
Writeback:             0 kB
AnonPages:        404968 kB
Mapped:           225596 kB
Shmem:             11768 kB
Slab:              37364 kB
SReclaimable:      15892 kB
SUnreclaim:        21472 kB
KernelStack:        8352 kB
PageTables:        13672 kB
NFS_Unstable:          0 kB
Bounce:                0 kB
WritebackTmp:          0 kB
CommitLimit:      950276 kB
Committed_AS:   36185620 kB
VmallocTotal:     245760 kB
VmallocUsed:       64060 kB
VmallocChunk:      75648 kB
==>Thu Apr 13 20:11:24 2017
MemTotal:        1900556 kB
MemFree:          754304 kB
Buffers:           16620 kB
Cached:           325792 kB
SwapCached:            0 kB
Active:           465180 kB
Inactive:         287120 kB
Active(anon):     409920 kB
Inactive(anon):    19332 kB
Active(file):      55260 kB
Inactive(file):   267788 kB
Unevictable:           0 kB
Mlocked:               0 kB
HighTotal:       1158144 kB
HighFree:         100308 kB
LowTotal:         742412 kB
LowFree:          653996 kB
SwapTotal:             0 kB
SwapFree:              0 kB
Dirty:                40 kB
Writeback:             0 kB
AnonPages:        409996 kB
Mapped:           234024 kB
Shmem:             19380 kB
Slab:              37280 kB
SReclaimable:      15916 kB
SUnreclaim:        21364 kB
KernelStack:        8384 kB
PageTables:        13900 kB
NFS_Unstable:          0 kB
Bounce:                0 kB
WritebackTmp:          0 kB
CommitLimit:      950276 kB
Committed_AS:   36213412 kB
VmallocTotal:     245760 kB
VmallocUsed:       63040 kB
VmallocChunk:      75648 kB
==>Thu Apr 13 20:11:34 2017
MemTotal:        1900556 kB
MemFree:          762984 kB
Buffers:           16652 kB
Cached:           325792 kB
SwapCached:            0 kB
Active:           464440 kB
Inactive:         287140 kB
Active(anon):     409168 kB
Inactive(anon):    19340 kB
Active(file):      55272 kB
Inactive(file):   267800 kB
Unevictable:           0 kB
Mlocked:               0 kB
HighTotal:       1158144 kB
HighFree:         108932 kB
LowTotal:         742412 kB
LowFree:          654052 kB
SwapTotal:             0 kB
SwapFree:              0 kB
Dirty:                 0 kB
Writeback:             0 kB
AnonPages:        409120 kB
Mapped:           236204 kB
Shmem:             19388 kB
Slab:              37460 kB
SReclaimable:      15916 kB
SUnreclaim:        21544 kB
KernelStack:        8368 kB
PageTables:        13824 kB
NFS_Unstable:          0 kB
Bounce:                0 kB
WritebackTmp:          0 kB
CommitLimit:      950276 kB
Committed_AS:   36221592 kB
VmallocTotal:     245760 kB
VmallocUsed:       64068 kB
VmallocChunk:      75648 kB
==>Thu Apr 13 20:11:44 2017
MemTotal:        1900556 kB
MemFree:          746484 kB
Buffers:           16700 kB
Cached:           326020 kB
SwapCached:            0 kB
Active:           464684 kB
Inactive:         287412 kB
Active(anon):     409408 kB
Inactive(anon):    19560 kB
Active(file):      55276 kB
Inactive(file):   267852 kB
Unevictable:           0 kB
Mlocked:               0 kB
HighTotal:       1158144 kB
HighFree:          92884 kB
LowTotal:         742412 kB
LowFree:          653600 kB
SwapTotal:             0 kB
SwapFree:              0 kB
Dirty:                24 kB
Writeback:             0 kB
AnonPages:        409328 kB
Mapped:           239016 kB
Shmem:             19608 kB
Slab:              37412 kB
SReclaimable:      15916 kB
SUnreclaim:        21496 kB
KernelStack:        8376 kB
PageTables:        13756 kB
NFS_Unstable:          0 kB
Bounce:                0 kB
WritebackTmp:          0 kB
CommitLimit:      950276 kB
Committed_AS:   36198136 kB
VmallocTotal:     245760 kB
VmallocUsed:       64060 kB
VmallocChunk:      75648 kB
==>Thu Apr 13 20:11:54 2017
MemTotal:        1900556 kB
MemFree:          713624 kB
Buffers:           16836 kB
Cached:           334608 kB
SwapCached:            0 kB
Active:           469064 kB
Inactive:         296068 kB
Active(anon):     413764 kB
Inactive(anon):    28092 kB
Active(file):      55300 kB
Inactive(file):   267976 kB
Unevictable:           0 kB
Mlocked:               0 kB
HighTotal:       1158144 kB
HighFree:          60312 kB
LowTotal:         742412 kB
LowFree:          653312 kB
SwapTotal:             0 kB
SwapFree:              0 kB
Dirty:                12 kB
Writeback:             0 kB
AnonPages:        413864 kB
Mapped:           262320 kB
Shmem:             28184 kB
Slab:              37572 kB
SReclaimable:      15928 kB
SUnreclaim:        21644 kB
KernelStack:        8368 kB
PageTables:        14184 kB
NFS_Unstable:          0 kB
Bounce:                0 kB
WritebackTmp:          0 kB
CommitLimit:      950276 kB
Committed_AS:   36305292 kB
VmallocTotal:     245760 kB
VmallocUsed:       63040 kB
VmallocChunk:      75648 kB
==>Thu Apr 13 20:12:05 2017
MemTotal:        1900556 kB
MemFree:          709328 kB
Buffers:           16852 kB
Cached:           335152 kB
SwapCached:            0 kB
Active:           467568 kB
Inactive:         296620 kB
Active(anon):     412240 kB
Inactive(anon):    28656 kB
Active(file):      55328 kB
Inactive(file):   267964 kB
Unevictable:           0 kB
Mlocked:               0 kB
HighTotal:       1158144 kB
HighFree:          56524 kB
LowTotal:         742412 kB
LowFree:          652804 kB
SwapTotal:             0 kB
SwapFree:              0 kB
Dirty:                16 kB
Writeback:             0 kB
AnonPages:        412336 kB
Mapped:           267548 kB
Shmem:             28728 kB
Slab:              37668 kB
SReclaimable:      15928 kB
SUnreclaim:        21740 kB
KernelStack:        8368 kB
PageTables:        14020 kB
NFS_Unstable:          0 kB
Bounce:                0 kB
WritebackTmp:          0 kB
CommitLimit:      950276 kB
Committed_AS:   36253820 kB
VmallocTotal:     245760 kB
VmallocUsed:       65080 kB
VmallocChunk:      75648 kB
==>Thu Apr 13 20:12:15 2017
MemTotal:        1900556 kB
MemFree:          707776 kB
Buffers:           16852 kB
Cached:           335344 kB
SwapCached:            0 kB
Active:           465516 kB
Inactive:         296836 kB
Active(anon):     410188 kB
Inactive(anon):    28872 kB
Active(file):      55328 kB
Inactive(file):   267964 kB
Unevictable:           0 kB
Mlocked:               0 kB
HighTotal:       1158144 kB
HighFree:          54732 kB
LowTotal:         742412 kB
LowFree:          653044 kB
SwapTotal:             0 kB
SwapFree:              0 kB
Dirty:                 0 kB
Writeback:             0 kB
AnonPages:        410096 kB
Mapped:           272508 kB
Shmem:             28920 kB
Slab:              37704 kB
SReclaimable:      15928 kB
SUnreclaim:        21776 kB
KernelStack:        8512 kB
PageTables:        14056 kB
NFS_Unstable:          0 kB
Bounce:                0 kB
WritebackTmp:          0 kB
CommitLimit:      950276 kB
Committed_AS:   36248240 kB
VmallocTotal:     245760 kB
VmallocUsed:       63040 kB
VmallocChunk:      75648 kB
==>Thu Apr 13 20:12:25 2017
MemTotal:        1900556 kB
MemFree:          706720 kB
Buffers:           16956 kB
Cached:           335344 kB
SwapCached:            0 kB
Active:           466540 kB
Inactive:         296940 kB
Active(anon):     411212 kB
Inactive(anon):    28872 kB
Active(file):      55328 kB
Inactive(file):   268068 kB
Unevictable:           0 kB
Mlocked:               0 kB
HighTotal:       1158144 kB
HighFree:          54120 kB
LowTotal:         742412 kB
LowFree:          652600 kB
SwapTotal:             0 kB
SwapFree:              0 kB
Dirty:                80 kB
Writeback:             0 kB
AnonPages:        411120 kB
Mapped:           272508 kB
Shmem:             28920 kB
Slab:              37804 kB
SReclaimable:      15932 kB
SUnreclaim:        21872 kB
KernelStack:        8400 kB
PageTables:        14036 kB
NFS_Unstable:          0 kB
Bounce:                0 kB
WritebackTmp:          0 kB
CommitLimit:      950276 kB
Committed_AS:   36281304 kB
VmallocTotal:     245760 kB
VmallocUsed:       64060 kB
VmallocChunk:      75648 kB
==>Thu Apr 13 20:12:34 2017
MemTotal:        1900556 kB
MemFree:          707440 kB
Buffers:           16964 kB
Cached:           335344 kB
SwapCached:            0 kB
Active:           465580 kB
Inactive:         296948 kB
Active(anon):     410252 kB
Inactive(anon):    28872 kB
Active(file):      55328 kB
Inactive(file):   268076 kB
Unevictable:           0 kB
Mlocked:               0 kB
HighTotal:       1158144 kB
HighFree:          54524 kB
LowTotal:         742412 kB
LowFree:          652916 kB
SwapTotal:             0 kB
SwapFree:              0 kB
Dirty:                 0 kB
Writeback:             0 kB
AnonPages:        410276 kB
Mapped:           274816 kB
Shmem:             28920 kB
Slab:              37748 kB
SReclaimable:      15932 kB
SUnreclaim:        21816 kB
KernelStack:        8392 kB
PageTables:        13936 kB
NFS_Unstable:          0 kB
Bounce:                0 kB
WritebackTmp:          0 kB
CommitLimit:      950276 kB
Committed_AS:   36222584 kB
VmallocTotal:     245760 kB
VmallocUsed:       64068 kB
VmallocChunk:      75648 kB
==>Thu Apr 13 20:12:45 2017
MemTotal:        1900556 kB
MemFree:          705816 kB
Buffers:           17020 kB
Cached:           335304 kB
SwapCached:            0 kB
Active:           467140 kB
Inactive:         296964 kB
Active(anon):     411812 kB
Inactive(anon):    28880 kB
Active(file):      55328 kB
Inactive(file):   268084 kB
Unevictable:           0 kB
Mlocked:               0 kB
HighTotal:       1158144 kB
HighFree:          53220 kB
LowTotal:         742412 kB
LowFree:          652596 kB
SwapTotal:             0 kB
SwapFree:              0 kB
Dirty:                 0 kB
Writeback:             0 kB
AnonPages:        411880 kB
Mapped:           275976 kB
Shmem:             28928 kB
Slab:              37760 kB
SReclaimable:      15932 kB
SUnreclaim:        21828 kB
KernelStack:        8528 kB
PageTables:        14036 kB
NFS_Unstable:          0 kB
Bounce:                0 kB
WritebackTmp:          0 kB
CommitLimit:      950276 kB
Committed_AS:   36262740 kB
VmallocTotal:     245760 kB
VmallocUsed:       65080 kB
VmallocChunk:      75648 kB
==>Thu Apr 13 20:12:55 2017
MemTotal:        1900556 kB
MemFree:          704868 kB
Buffers:           17028 kB
Cached:           336508 kB
SwapCached:            0 kB
Active:           467256 kB
Inactive:         298176 kB
Active(anon):     411928 kB
Inactive(anon):    30036 kB
Active(file):      55328 kB
Inactive(file):   268140 kB
Unevictable:           0 kB
Mlocked:               0 kB
HighTotal:       1158144 kB
HighFree:          52156 kB
LowTotal:         742412 kB
LowFree:          652712 kB
SwapTotal:             0 kB
SwapFree:              0 kB
Dirty:                16 kB
Writeback:             0 kB
AnonPages:        411936 kB
Mapped:           277132 kB
Shmem:             30084 kB
Slab:              37756 kB
SReclaimable:      15932 kB
SUnreclaim:        21824 kB
KernelStack:        8400 kB
PageTables:        14140 kB
NFS_Unstable:          0 kB
Bounce:                0 kB
WritebackTmp:          0 kB
CommitLimit:      950276 kB
Committed_AS:   36296144 kB
VmallocTotal:     245760 kB
VmallocUsed:       64060 kB
VmallocChunk:      75648 kB
==>Thu Apr 13 20:13:05 2017
MemTotal:        1900556 kB
MemFree:          704776 kB
Buffers:           17052 kB
Cached:           336508 kB
SwapCached:            0 kB
Active:           467220 kB
Inactive:         298200 kB
Active(anon):     411892 kB
Inactive(anon):    30036 kB
Active(file):      55328 kB
Inactive(file):   268164 kB
Unevictable:           0 kB
Mlocked:               0 kB
HighTotal:       1158144 kB
HighFree:          51992 kB
LowTotal:         742412 kB
LowFree:          652784 kB
SwapTotal:             0 kB
SwapFree:              0 kB
Dirty:                16 kB
Writeback:             0 kB
AnonPages:        411952 kB
Mapped:           277772 kB
Shmem:             30084 kB
Slab:              37772 kB
SReclaimable:      15940 kB
SUnreclaim:        21832 kB
KernelStack:        8400 kB
PageTables:        14040 kB
NFS_Unstable:          0 kB
Bounce:                0 kB
WritebackTmp:          0 kB
CommitLimit:      950276 kB
Committed_AS:   36279656 kB
VmallocTotal:     245760 kB
VmallocUsed:       63048 kB
VmallocChunk:      75648 kB
==>Thu Apr 13 20:13:15 2017
MemTotal:        1900556 kB
MemFree:          703484 kB
Buffers:           17108 kB
Cached:           336468 kB
SwapCached:            0 kB
Active:           467764 kB
Inactive:         298216 kB
Active(anon):     412436 kB
Inactive(anon):    30036 kB
Active(file):      55328 kB
Inactive(file):   268180 kB
Unevictable:           0 kB
Mlocked:               0 kB
HighTotal:       1158144 kB
HighFree:          51276 kB
LowTotal:         742412 kB
LowFree:          652208 kB
SwapTotal:             0 kB
SwapFree:              0 kB
Dirty:                32 kB
Writeback:             0 kB
AnonPages:        412156 kB
Mapped:           277772 kB
Shmem:             30084 kB
Slab:              37740 kB
SReclaimable:      15940 kB
SUnreclaim:        21800 kB
KernelStack:        8544 kB
PageTables:        14072 kB
NFS_Unstable:          0 kB
Bounce:                0 kB
WritebackTmp:          0 kB
CommitLimit:      950276 kB
Committed_AS:   36263628 kB
VmallocTotal:     245760 kB
VmallocUsed:       64068 kB
VmallocChunk:      75648 kB
==>Thu Apr 13 20:13:25 2017
MemTotal:        1900556 kB
MemFree:          704064 kB
Buffers:           17148 kB
Cached:           336508 kB
SwapCached:            0 kB
Active:           467628 kB
Inactive:         298296 kB
Active(anon):     412300 kB
Inactive(anon):    30036 kB
Active(file):      55328 kB
Inactive(file):   268260 kB
Unevictable:           0 kB
Mlocked:               0 kB
HighTotal:       1158144 kB
HighFree:          51516 kB
LowTotal:         742412 kB
LowFree:          652548 kB
SwapTotal:             0 kB
SwapFree:              0 kB
Dirty:                 8 kB
Writeback:             0 kB
AnonPages:        412464 kB
Mapped:           277756 kB
Shmem:             30084 kB
Slab:              37776 kB
SReclaimable:      15940 kB
SUnreclaim:        21836 kB
KernelStack:        8536 kB
PageTables:        13940 kB
NFS_Unstable:          0 kB
Bounce:                0 kB
WritebackTmp:          0 kB
CommitLimit:      950276 kB
Committed_AS:   36244532 kB
VmallocTotal:     245760 kB
VmallocUsed:       64068 kB
VmallocChunk:      75648 kB
==>Thu Apr 13 20:13:35 2017
MemTotal:        1900556 kB
MemFree:          704468 kB
Buffers:           17156 kB
Cached:           336508 kB
SwapCached:            0 kB
Active:           467480 kB
Inactive:         298304 kB
Active(anon):     412152 kB
Inactive(anon):    30036 kB
Active(file):      55328 kB
Inactive(file):   268268 kB
Unevictable:           0 kB
Mlocked:               0 kB
HighTotal:       1158144 kB
HighFree:          51780 kB
LowTotal:         742412 kB
LowFree:          652688 kB
SwapTotal:             0 kB
SwapFree:              0 kB
Dirty:                 0 kB
Writeback:             0 kB
AnonPages:        412224 kB
Mapped:           277756 kB
Shmem:             30084 kB
Slab:              37784 kB
SReclaimable:      15940 kB
SUnreclaim:        21844 kB
KernelStack:        8400 kB
PageTables:        14040 kB
NFS_Unstable:          0 kB
Bounce:                0 kB
WritebackTmp:          0 kB
CommitLimit:      950276 kB
Committed_AS:   36271616 kB
VmallocTotal:     245760 kB
VmallocUsed:       64060 kB
VmallocChunk:      75648 kB
==>Thu Apr 13 20:13:45 2017
MemTotal:        1900556 kB
MemFree:          704444 kB
Buffers:           17268 kB
Cached:           336508 kB
SwapCached:            0 kB
Active:           467188 kB
Inactive:         298412 kB
Active(anon):     411860 kB
Inactive(anon):    30040 kB
Active(file):      55328 kB
Inactive(file):   268372 kB
Unevictable:           0 kB
Mlocked:               0 kB
HighTotal:       1158144 kB
HighFree:          51724 kB
LowTotal:         742412 kB
LowFree:          652720 kB
SwapTotal:             0 kB
SwapFree:              0 kB
Dirty:                36 kB
Writeback:             0 kB
AnonPages:        411896 kB
Mapped:           277760 kB
Shmem:             30088 kB
Slab:              37788 kB
SReclaimable:      15940 kB
SUnreclaim:        21848 kB
KernelStack:        8376 kB
PageTables:        13940 kB
NFS_Unstable:          0 kB
Bounce:                0 kB
WritebackTmp:          0 kB
CommitLimit:      950276 kB
Committed_AS:   36250712 kB
VmallocTotal:     245760 kB
VmallocUsed:       64060 kB
VmallocChunk:      75648 kB
==>Thu Apr 13 20:13:55 2017
MemTotal:        1900556 kB
MemFree:          703408 kB
Buffers:           17332 kB
Cached:           336580 kB
SwapCached:            0 kB
Active:           469900 kB
Inactive:         296956 kB
Active(anon):     412976 kB
Inactive(anon):    30108 kB
Active(file):      56924 kB
Inactive(file):   266848 kB
Unevictable:           0 kB
Mlocked:               0 kB
HighTotal:       1158144 kB
HighFree:          50844 kB
LowTotal:         742412 kB
LowFree:          652564 kB
SwapTotal:             0 kB
SwapFree:              0 kB
Dirty:                80 kB
Writeback:             0 kB
AnonPages:        412940 kB
Mapped:           277840 kB
Shmem:             30156 kB
Slab:              37720 kB
SReclaimable:      15940 kB
SUnreclaim:        21780 kB
KernelStack:        8512 kB
PageTables:        14040 kB
NFS_Unstable:          0 kB
Bounce:                0 kB
WritebackTmp:          0 kB
CommitLimit:      950276 kB
Committed_AS:   36277736 kB
VmallocTotal:     245760 kB
VmallocUsed:       64060 kB
VmallocChunk:      75648 kB
==>Thu Apr 13 20:14:05 2017
MemTotal:        1900556 kB
MemFree:          703144 kB
Buffers:           17444 kB
Cached:           336648 kB
SwapCached:            0 kB
Active:           470104 kB
Inactive:         297136 kB
Active(anon):     413180 kB
Inactive(anon):    30176 kB
Active(file):      56924 kB
Inactive(file):   266960 kB
Unevictable:           0 kB
Mlocked:               0 kB
HighTotal:       1158144 kB
HighFree:          50348 kB
LowTotal:         742412 kB
LowFree:          652796 kB
SwapTotal:             0 kB
SwapFree:              0 kB
Dirty:                24 kB
Writeback:             0 kB
AnonPages:        413132 kB
Mapped:           277972 kB
Shmem:             30224 kB
Slab:              37788 kB
SReclaimable:      15948 kB
SUnreclaim:        21840 kB
KernelStack:        8512 kB
PageTables:        13940 kB
NFS_Unstable:          0 kB
Bounce:                0 kB
WritebackTmp:          0 kB
CommitLimit:      950276 kB
Committed_AS:   36253792 kB
VmallocTotal:     245760 kB
VmallocUsed:       64060 kB
VmallocChunk:      75648 kB
==>Thu Apr 13 20:14:15 2017
MemTotal:        1900556 kB
MemFree:          702560 kB
Buffers:           17460 kB
Cached:           336648 kB
SwapCached:            0 kB
Active:           469780 kB
Inactive:         297152 kB
Active(anon):     412856 kB
Inactive(anon):    30176 kB
Active(file):      56924 kB
Inactive(file):   266976 kB
Unevictable:           0 kB
Mlocked:               0 kB
HighTotal:       1158144 kB
HighFree:          50672 kB
LowTotal:         742412 kB
LowFree:          651888 kB
SwapTotal:             0 kB
SwapFree:              0 kB
Dirty:                20 kB
Writeback:             0 kB
AnonPages:        412616 kB
Mapped:           277972 kB
Shmem:             30224 kB
Slab:              37820 kB
SReclaimable:      15948 kB
SUnreclaim:        21872 kB
KernelStack:        8368 kB
PageTables:        14140 kB
NFS_Unstable:          0 kB
Bounce:                0 kB
WritebackTmp:          0 kB
CommitLimit:      950276 kB
Committed_AS:   36261332 kB
VmallocTotal:     245760 kB
VmallocUsed:       64060 kB
VmallocChunk:      75648 kB
==>Thu Apr 13 20:14:25 2017
MemTotal:        1900556 kB
MemFree:          693924 kB
Buffers:           17500 kB
Cached:           336652 kB
SwapCached:            0 kB
Active:           470956 kB
Inactive:         297196 kB
Active(anon):     414032 kB
Inactive(anon):    30180 kB
Active(file):      56924 kB
Inactive(file):   267016 kB
Unevictable:           0 kB
Mlocked:               0 kB
HighTotal:       1158144 kB
HighFree:          42196 kB
LowTotal:         742412 kB
LowFree:          651728 kB
SwapTotal:             0 kB
SwapFree:              0 kB
Dirty:                 4 kB
Writeback:             0 kB
AnonPages:        414060 kB
Mapped:           278028 kB
Shmem:             30228 kB
Slab:              37708 kB
SReclaimable:      15948 kB
SUnreclaim:        21760 kB
KernelStack:        8488 kB
PageTables:        14032 kB
NFS_Unstable:          0 kB
Bounce:                0 kB
WritebackTmp:          0 kB
CommitLimit:      950276 kB
Committed_AS:   36255348 kB
VmallocTotal:     245760 kB
VmallocUsed:       65124 kB
VmallocChunk:      75648 kB
==>Thu Apr 13 20:14:35 2017
MemTotal:        1900556 kB
MemFree:          702024 kB
Buffers:           17508 kB
Cached:           336652 kB
SwapCached:            0 kB
Active:           470572 kB
Inactive:         297204 kB
Active(anon):     413648 kB
Inactive(anon):    30180 kB
Active(file):      56924 kB
Inactive(file):   267024 kB
Unevictable:           0 kB
Mlocked:               0 kB
HighTotal:       1158144 kB
HighFree:          49860 kB
LowTotal:         742412 kB
LowFree:          652164 kB
SwapTotal:             0 kB
SwapFree:              0 kB
Dirty:                 0 kB
Writeback:             0 kB
AnonPages:        413724 kB
Mapped:           277588 kB
Shmem:             30228 kB
Slab:              37844 kB
SReclaimable:      15948 kB
SUnreclaim:        21896 kB
KernelStack:        8480 kB
PageTables:        13940 kB
NFS_Unstable:          0 kB
Bounce:                0 kB
WritebackTmp:          0 kB
CommitLimit:      950276 kB
Committed_AS:   36252988 kB
VmallocTotal:     245760 kB
VmallocUsed:       64060 kB
VmallocChunk:      75648 kB
==>Thu Apr 13 20:14:45 2017
MemTotal:        1900556 kB
MemFree:          697548 kB
Buffers:           17692 kB
Cached:           336668 kB
SwapCached:            0 kB
Active:           474584 kB
Inactive:         297396 kB
Active(anon):     417652 kB
Inactive(anon):    30184 kB
Active(file):      56932 kB
Inactive(file):   267212 kB
Unevictable:           0 kB
Mlocked:               0 kB
HighTotal:       1158144 kB
HighFree:          45980 kB
LowTotal:         742412 kB
LowFree:          651568 kB
SwapTotal:             0 kB
SwapFree:              0 kB
Dirty:                76 kB
Writeback:             0 kB
AnonPages:        417704 kB
Mapped:           277956 kB
Shmem:             30232 kB
Slab:              37840 kB
SReclaimable:      15948 kB
SUnreclaim:        21892 kB
KernelStack:        8544 kB
PageTables:        14160 kB
NFS_Unstable:          0 kB
Bounce:                0 kB
WritebackTmp:          0 kB
CommitLimit:      950276 kB
Committed_AS:   36272412 kB
VmallocTotal:     245760 kB
VmallocUsed:       65088 kB
VmallocChunk:      75648 kB
==>Thu Apr 13 20:14:55 2017
MemTotal:        1900556 kB
MemFree:          683892 kB
Buffers:           18076 kB
Cached:           336912 kB
SwapCached:            0 kB
Active:           484812 kB
Inactive:         297988 kB
Active(anon):     427844 kB
Inactive(anon):    30184 kB
Active(file):      56968 kB
Inactive(file):   267804 kB
Unevictable:           0 kB
Mlocked:               0 kB
HighTotal:       1158144 kB
HighFree:          32576 kB
LowTotal:         742412 kB
LowFree:          651316 kB
SwapTotal:             0 kB
SwapFree:              0 kB
Dirty:               276 kB
Writeback:             0 kB
AnonPages:        427928 kB
Mapped:           280996 kB
Shmem:             30232 kB
Slab:              37876 kB
SReclaimable:      15968 kB
SUnreclaim:        21908 kB
KernelStack:        8584 kB
PageTables:        14092 kB
NFS_Unstable:          0 kB
Bounce:                0 kB
WritebackTmp:          0 kB
CommitLimit:      950276 kB
Committed_AS:   36281028 kB
VmallocTotal:     245760 kB
VmallocUsed:       64068 kB
VmallocChunk:      75648 kB
==>Thu Apr 13 20:15:05 2017
MemTotal:        1900556 kB
MemFree:          690184 kB
Buffers:           18204 kB
Cached:           336920 kB
SwapCached:            0 kB
Active:           478640 kB
Inactive:         298120 kB
Active(anon):     421668 kB
Inactive(anon):    30184 kB
Active(file):      56972 kB
Inactive(file):   267936 kB
Unevictable:           0 kB
Mlocked:               0 kB
HighTotal:       1158144 kB
HighFree:          39068 kB
LowTotal:         742412 kB
LowFree:          651116 kB
SwapTotal:             0 kB
SwapFree:              0 kB
Dirty:                60 kB
Writeback:             0 kB
AnonPages:        421828 kB
Mapped:           280260 kB
Shmem:             30232 kB
Slab:              37872 kB
SReclaimable:      15968 kB
SUnreclaim:        21904 kB
KernelStack:        8616 kB
PageTables:        14036 kB
NFS_Unstable:          0 kB
Bounce:                0 kB
WritebackTmp:          0 kB
CommitLimit:      950276 kB
Committed_AS:   36248536 kB
VmallocTotal:     245760 kB
VmallocUsed:       64068 kB
VmallocChunk:      75648 kB
==>Thu Apr 13 20:15:15 2017
MemTotal:        1900556 kB
MemFree:          705684 kB
Buffers:           18356 kB
Cached:           336936 kB
SwapCached:            0 kB
Active:           486700 kB
Inactive:         298284 kB
Active(anon):     429724 kB
Inactive(anon):    30184 kB
Active(file):      56976 kB
Inactive(file):   268100 kB
Unevictable:           0 kB
Mlocked:               0 kB
HighTotal:       1158144 kB
HighFree:          54656 kB
LowTotal:         742412 kB
LowFree:          651028 kB
SwapTotal:             0 kB
SwapFree:              0 kB
Dirty:                80 kB
Writeback:             0 kB
AnonPages:        429720 kB
Mapped:           280752 kB
Shmem:             30232 kB
Slab:              37920 kB
SReclaimable:      15968 kB
SUnreclaim:        21952 kB
KernelStack:        8472 kB
PageTables:        14292 kB
NFS_Unstable:          0 kB
Bounce:                0 kB
WritebackTmp:          0 kB
CommitLimit:      950276 kB
Committed_AS:   36320152 kB
VmallocTotal:     245760 kB
VmallocUsed:       63948 kB
VmallocChunk:      75648 kB
==>Thu Apr 13 20:15:25 2017
MemTotal:        1900556 kB
MemFree:          726412 kB
Buffers:           18372 kB
Cached:           336940 kB
SwapCached:            0 kB
Active:           482024 kB
Inactive:         298300 kB
Active(anon):     425044 kB
Inactive(anon):    30184 kB
Active(file):      56980 kB
Inactive(file):   268116 kB
Unevictable:           0 kB
Mlocked:               0 kB
HighTotal:       1158144 kB
HighFree:          75048 kB
LowTotal:         742412 kB
LowFree:          651364 kB
SwapTotal:             0 kB
SwapFree:              0 kB
Dirty:                 8 kB
Writeback:             0 kB
AnonPages:        424936 kB
Mapped:           281604 kB
Shmem:             30232 kB
Slab:              37920 kB
SReclaimable:      15968 kB
SUnreclaim:        21952 kB
KernelStack:        8608 kB
PageTables:        14032 kB
NFS_Unstable:          0 kB
Bounce:                0 kB
WritebackTmp:          0 kB
CommitLimit:      950276 kB
Committed_AS:   36263292 kB
VmallocTotal:     245760 kB
VmallocUsed:       62844 kB
VmallocChunk:      75648 kB
==>Thu Apr 13 20:15:35 2017
MemTotal:        1900556 kB
MemFree:          711476 kB
Buffers:           18396 kB
Cached:           336948 kB
SwapCached:            0 kB
Active:           483440 kB
Inactive:         298328 kB
Active(anon):     426456 kB
Inactive(anon):    30184 kB
Active(file):      56984 kB
Inactive(file):   268144 kB
Unevictable:           0 kB
Mlocked:               0 kB
HighTotal:       1158144 kB
HighFree:          60612 kB
LowTotal:         742412 kB
LowFree:          650864 kB
SwapTotal:             0 kB
SwapFree:              0 kB
Dirty:                88 kB
Writeback:             0 kB
AnonPages:        426476 kB
Mapped:           281676 kB
Shmem:             30232 kB
Slab:              37876 kB
SReclaimable:      15972 kB
SUnreclaim:        21904 kB
KernelStack:        8704 kB
PageTables:        14036 kB
NFS_Unstable:          0 kB
Bounce:                0 kB
WritebackTmp:          0 kB
CommitLimit:      950276 kB
Committed_AS:   36272620 kB
VmallocTotal:     245760 kB
VmallocUsed:       63924 kB
VmallocChunk:      75648 kB
==>Thu Apr 13 20:15:45 2017
MemTotal:        1900556 kB
MemFree:          704548 kB
Buffers:           18532 kB
Cached:           336916 kB
SwapCached:            0 kB
Active:           489716 kB
Inactive:         298428 kB
Active(anon):     432728 kB
Inactive(anon):    30184 kB
Active(file):      56988 kB
Inactive(file):   268244 kB
Unevictable:           0 kB
Mlocked:               0 kB
HighTotal:       1158144 kB
HighFree:          54024 kB
LowTotal:         742412 kB
LowFree:          650524 kB
SwapTotal:             0 kB
SwapFree:              0 kB
Dirty:                76 kB
Writeback:             0 kB
AnonPages:        432928 kB
Mapped:           281812 kB
Shmem:             30232 kB
Slab:              37892 kB
SReclaimable:      15976 kB
SUnreclaim:        21916 kB
KernelStack:        8624 kB
PageTables:        14060 kB
NFS_Unstable:          0 kB
Bounce:                0 kB
WritebackTmp:          0 kB
CommitLimit:      950276 kB
Committed_AS:   36245276 kB
VmallocTotal:     245760 kB
VmallocUsed:       63928 kB
VmallocChunk:      75648 kB
==>Thu Apr 13 20:15:55 2017
MemTotal:        1900556 kB
MemFree:          726452 kB
Buffers:           18588 kB
Cached:           336956 kB
SwapCached:            0 kB
Active:           485756 kB
Inactive:         298524 kB
Active(anon):     428768 kB
Inactive(anon):    30184 kB
Active(file):      56988 kB
Inactive(file):   268340 kB
Unevictable:           0 kB
Mlocked:               0 kB
HighTotal:       1158144 kB
HighFree:          75296 kB
LowTotal:         742412 kB
LowFree:          651156 kB
SwapTotal:             0 kB
SwapFree:              0 kB
Dirty:                 0 kB
Writeback:             0 kB
AnonPages:        428744 kB
Mapped:           281852 kB
Shmem:             30232 kB
Slab:              37960 kB
SReclaimable:      15976 kB
SUnreclaim:        21984 kB
KernelStack:        8624 kB
PageTables:        14284 kB
NFS_Unstable:          0 kB
Bounce:                0 kB
WritebackTmp:          0 kB
CommitLimit:      950276 kB
Committed_AS:   36322956 kB
VmallocTotal:     245760 kB
VmallocUsed:       64864 kB
VmallocChunk:      75648 kB
==>Thu Apr 13 20:16:05 2017
MemTotal:        1900556 kB
MemFree:          704752 kB
Buffers:           18664 kB
Cached:           337712 kB
SwapCached:            0 kB
Active:           489184 kB
Inactive:         299240 kB
Active(anon):     432132 kB
Inactive(anon):    30560 kB
Active(file):      57052 kB
Inactive(file):   268680 kB
Unevictable:           0 kB
Mlocked:               0 kB
HighTotal:       1158144 kB
HighFree:          53900 kB
LowTotal:         742412 kB
LowFree:          650852 kB
SwapTotal:             0 kB
SwapFree:              0 kB
Dirty:               128 kB
Writeback:             0 kB
AnonPages:        431864 kB
Mapped:           283184 kB
Shmem:             30620 kB
Slab:              37992 kB
SReclaimable:      15976 kB
SUnreclaim:        22016 kB
KernelStack:        8632 kB
PageTables:        14072 kB
NFS_Unstable:          0 kB
Bounce:                0 kB
WritebackTmp:          0 kB
CommitLimit:      950276 kB
Committed_AS:   36285620 kB
VmallocTotal:     245760 kB
VmallocUsed:       64952 kB
VmallocChunk:      75648 kB
==>Thu Apr 13 20:16:15 2017
MemTotal:        1900556 kB
MemFree:          696552 kB
Buffers:           18716 kB
Cached:           339308 kB
SwapCached:            0 kB
Active:           495764 kB
Inactive:         300600 kB
Active(anon):     438392 kB
Inactive(anon):    31320 kB
Active(file):      57372 kB
Inactive(file):   269280 kB
Unevictable:           0 kB
Mlocked:               0 kB
HighTotal:       1158144 kB
HighFree:          46356 kB
LowTotal:         742412 kB
LowFree:          650196 kB
SwapTotal:             0 kB
SwapFree:              0 kB
Dirty:               216 kB
Writeback:             0 kB
AnonPages:        438276 kB
Mapped:           284660 kB
Shmem:             31372 kB
Slab:              38028 kB
SReclaimable:      15988 kB
SUnreclaim:        22040 kB
KernelStack:        8728 kB
PageTables:        14160 kB
NFS_Unstable:          0 kB
Bounce:                0 kB
WritebackTmp:          0 kB
CommitLimit:      950276 kB
Committed_AS:   36532696 kB
VmallocTotal:     245760 kB
VmallocUsed:       65972 kB
VmallocChunk:      75648 kB
==>Thu Apr 13 20:16:25 2017
MemTotal:        1900556 kB
MemFree:          707064 kB
Buffers:           18796 kB
Cached:           339880 kB
SwapCached:            0 kB
Active:           499032 kB
Inactive:         300864 kB
Active(anon):     441252 kB
Inactive(anon):    31064 kB
Active(file):      57780 kB
Inactive(file):   269800 kB
Unevictable:           0 kB
Mlocked:               0 kB
HighTotal:       1158144 kB
HighFree:          56856 kB
LowTotal:         742412 kB
LowFree:          650208 kB
SwapTotal:             0 kB
SwapFree:              0 kB
Dirty:               112 kB
Writeback:             0 kB
AnonPages:        441248 kB
Mapped:           284796 kB
Shmem:             31112 kB
Slab:              38052 kB
SReclaimable:      16016 kB
SUnreclaim:        22036 kB
KernelStack:        8704 kB
PageTables:        14240 kB
NFS_Unstable:          0 kB
Bounce:                0 kB
WritebackTmp:          0 kB
CommitLimit:      950276 kB
Committed_AS:   36533512 kB
VmallocTotal:     245760 kB
VmallocUsed:       63852 kB
