==>Sat Apr 15 08:34:55 2017
MemTotal:        1900556 kB
MemFree:          867428 kB
Buffers:           11664 kB
Cached:           387300 kB
SwapCached:            0 kB
Active:           514020 kB
Inactive:         280984 kB
Active(anon):     396228 kB
Inactive(anon):      416 kB
Active(file):     117792 kB
Inactive(file):   280568 kB
Unevictable:           0 kB
Mlocked:               0 kB
HighTotal:       1158144 kB
HighFree:         205452 kB
LowTotal:         742412 kB
LowFree:          661976 kB
SwapTotal:             0 kB
SwapFree:              0 kB
Dirty:               204 kB
Writeback:             0 kB
AnonPages:        396300 kB
Mapped:           121144 kB
Shmem:               460 kB
Slab:              33092 kB
SReclaimable:      11884 kB
SUnreclaim:        21208 kB
KernelStack:        9536 kB
PageTables:        14404 kB
NFS_Unstable:          0 kB
Bounce:                0 kB
WritebackTmp:          0 kB
CommitLimit:      950276 kB
Committed_AS:   41034600 kB
VmallocTotal:     245760 kB
VmallocUsed:       67500 kB
VmallocChunk:      78696 kB
==>Sat Apr 15 08:35:05 2017
MemTotal:        1900556 kB
MemFree:          835572 kB
Buffers:           12016 kB
Cached:           391336 kB
SwapCached:            0 kB
Active:           530860 kB
Inactive:         284016 kB
Active(anon):     411808 kB
Inactive(anon):      416 kB
Active(file):     119052 kB
Inactive(file):   283600 kB
Unevictable:           0 kB
Mlocked:               0 kB
HighTotal:       1158144 kB
HighFree:         177664 kB
LowTotal:         742412 kB
LowFree:          657908 kB
SwapTotal:             0 kB
SwapFree:              0 kB
Dirty:              1340 kB
Writeback:             0 kB
AnonPages:        411700 kB
Mapped:           131116 kB
Shmem:               460 kB
Slab:              36328 kB
SReclaimable:      14624 kB
SUnreclaim:        21704 kB
KernelStack:        9648 kB
PageTables:        14408 kB
NFS_Unstable:          0 kB
Bounce:                0 kB
WritebackTmp:          0 kB
CommitLimit:      950276 kB
Committed_AS:   42221112 kB
VmallocTotal:     245760 kB
VmallocUsed:       65484 kB
VmallocChunk:      78696 kB
==>Sat Apr 15 08:35:15 2017
MemTotal:        1900556 kB
MemFree:          822084 kB
Buffers:           12048 kB
Cached:           393232 kB
SwapCached:            0 kB
Active:           537520 kB
Inactive:         285552 kB
Active(anon):     418004 kB
Inactive(anon):      416 kB
Active(file):     119516 kB
Inactive(file):   285136 kB
Unevictable:           0 kB
Mlocked:               0 kB
HighTotal:       1158144 kB
HighFree:         164536 kB
LowTotal:         742412 kB
LowFree:          657548 kB
SwapTotal:             0 kB
SwapFree:              0 kB
Dirty:                76 kB
Writeback:             0 kB
AnonPages:        418016 kB
Mapped:           136464 kB
Shmem:               460 kB
Slab:              37888 kB
SReclaimable:      15964 kB
SUnreclaim:        21924 kB
KernelStack:        9568 kB
PageTables:        14156 kB
NFS_Unstable:          0 kB
Bounce:                0 kB
WritebackTmp:          0 kB
CommitLimit:      950276 kB
Committed_AS:   39799256 kB
VmallocTotal:     245760 kB
VmallocUsed:       65516 kB
VmallocChunk:      78696 kB
==>Sat Apr 15 08:35:26 2017
MemTotal:        1900556 kB
MemFree:          827584 kB
Buffers:           12172 kB
Cached:           393472 kB
SwapCached:            0 kB
Active:           531496 kB
Inactive:         285948 kB
Active(anon):     412024 kB
Inactive(anon):      416 kB
Active(file):     119472 kB
Inactive(file):   285532 kB
Unevictable:           0 kB
Mlocked:               0 kB
HighTotal:       1158144 kB
HighFree:         170400 kB
LowTotal:         742412 kB
LowFree:          657184 kB
SwapTotal:             0 kB
SwapFree:              0 kB
Dirty:                 0 kB
Writeback:             0 kB
AnonPages:        412316 kB
Mapped:           136736 kB
Shmem:               460 kB
Slab:              37800 kB
SReclaimable:      15972 kB
SUnreclaim:        21828 kB
KernelStack:        9592 kB
PageTables:        14312 kB
NFS_Unstable:          0 kB
Bounce:                0 kB
WritebackTmp:          0 kB
CommitLimit:      950276 kB
Committed_AS:   39763196 kB
VmallocTotal:     245760 kB
VmallocUsed:       65520 kB
VmallocChunk:      78696 kB
==>Sat Apr 15 08:35:35 2017
MemTotal:        1900556 kB
MemFree:          827856 kB
Buffers:           12200 kB
Cached:           393608 kB
SwapCached:            0 kB
Active:           532208 kB
Inactive:         284488 kB
Active(anon):     411100 kB
Inactive(anon):      416 kB
Active(file):     121108 kB
Inactive(file):   284072 kB
Unevictable:           0 kB
Mlocked:               0 kB
HighTotal:       1158144 kB
HighFree:         171712 kB
LowTotal:         742412 kB
LowFree:          656144 kB
SwapTotal:             0 kB
SwapFree:              0 kB
Dirty:                52 kB
Writeback:             0 kB
AnonPages:        411056 kB
Mapped:           136716 kB
Shmem:               460 kB
Slab:              39212 kB
SReclaimable:      17132 kB
SUnreclaim:        22080 kB
KernelStack:        9416 kB
PageTables:        14492 kB
NFS_Unstable:          0 kB
Bounce:                0 kB
WritebackTmp:          0 kB
CommitLimit:      950276 kB
Committed_AS:   39829716 kB
VmallocTotal:     245760 kB
VmallocUsed:       65520 kB
VmallocChunk:      78696 kB
==>Sat Apr 15 08:35:46 2017
MemTotal:        1900556 kB
MemFree:          814764 kB
Buffers:           12316 kB
Cached:           393652 kB
SwapCached:            0 kB
Active:           544420 kB
Inactive:         284592 kB
Active(anon):     423256 kB
Inactive(anon):      416 kB
Active(file):     121164 kB
Inactive(file):   284176 kB
Unevictable:           0 kB
Mlocked:               0 kB
HighTotal:       1158144 kB
HighFree:         159484 kB
LowTotal:         742412 kB
LowFree:          655280 kB
SwapTotal:             0 kB
SwapFree:              0 kB
Dirty:                24 kB
Writeback:             0 kB
AnonPages:        423352 kB
Mapped:           136760 kB
Shmem:               460 kB
Slab:              39176 kB
SReclaimable:      17080 kB
SUnreclaim:        22096 kB
KernelStack:        9664 kB
PageTables:        14976 kB
NFS_Unstable:          0 kB
Bounce:                0 kB
WritebackTmp:          0 kB
CommitLimit:      950276 kB
Committed_AS:   39806904 kB
VmallocTotal:     245760 kB
VmallocUsed:       66540 kB
VmallocChunk:      75648 kB
==>Sat Apr 15 08:35:56 2017
MemTotal:        1900556 kB
MemFree:          833568 kB
Buffers:           12344 kB
Cached:           393656 kB
SwapCached:            0 kB
Active:           525288 kB
Inactive:         283980 kB
Active(anon):     403492 kB
Inactive(anon):      416 kB
Active(file):     121796 kB
Inactive(file):   283564 kB
Unevictable:           0 kB
Mlocked:               0 kB
HighTotal:       1158144 kB
HighFree:         179296 kB
LowTotal:         742412 kB
LowFree:          654272 kB
SwapTotal:             0 kB
SwapFree:              0 kB
Dirty:                 4 kB
Writeback:             0 kB
AnonPages:        403632 kB
Mapped:           136520 kB
Shmem:               460 kB
Slab:              39104 kB
SReclaimable:      17060 kB
SUnreclaim:        22044 kB
KernelStack:        9536 kB
PageTables:        15592 kB
NFS_Unstable:          0 kB
Bounce:                0 kB
WritebackTmp:          0 kB
CommitLimit:      950276 kB
Committed_AS:   39828692 kB
VmallocTotal:     245760 kB
VmallocUsed:       66540 kB
VmallocChunk:      75648 kB
==>Sat Apr 15 08:36:05 2017
MemTotal:        1900556 kB
MemFree:          834700 kB
Buffers:           12392 kB
Cached:           393688 kB
SwapCached:            0 kB
Active:           523852 kB
Inactive:         284044 kB
Active(anon):     402040 kB
Inactive(anon):      416 kB
Active(file):     121812 kB
Inactive(file):   283628 kB
Unevictable:           0 kB
Mlocked:               0 kB
HighTotal:       1158144 kB
HighFree:         180128 kB
LowTotal:         742412 kB
LowFree:          654572 kB
SwapTotal:             0 kB
SwapFree:              0 kB
Dirty:                48 kB
Writeback:             0 kB
AnonPages:        402088 kB
Mapped:           136144 kB
Shmem:               460 kB
Slab:              39184 kB
SReclaimable:      17076 kB
SUnreclaim:        22108 kB
KernelStack:        9368 kB
PageTables:        15456 kB
NFS_Unstable:          0 kB
Bounce:                0 kB
WritebackTmp:          0 kB
CommitLimit:      950276 kB
Committed_AS:   39767808 kB
VmallocTotal:     245760 kB
VmallocUsed:       65520 kB
VmallocChunk:      75648 kB
==>Sat Apr 15 08:36:16 2017
MemTotal:        1900556 kB
MemFree:          831992 kB
Buffers:           12424 kB
Cached:           393688 kB
SwapCached:            0 kB
Active:           527864 kB
Inactive:         283824 kB
Active(anon):     405800 kB
Inactive(anon):      416 kB
Active(file):     122064 kB
Inactive(file):   283408 kB
Unevictable:           0 kB
Mlocked:               0 kB
HighTotal:       1158144 kB
HighFree:         177956 kB
LowTotal:         742412 kB
LowFree:          654036 kB
SwapTotal:             0 kB
SwapFree:              0 kB
Dirty:                72 kB
Writeback:             0 kB
AnonPages:        405800 kB
Mapped:           135024 kB
Shmem:               460 kB
Slab:              38932 kB
SReclaimable:      17068 kB
SUnreclaim:        21864 kB
KernelStack:        9544 kB
PageTables:        15712 kB
NFS_Unstable:          0 kB
Bounce:                0 kB
WritebackTmp:          0 kB
CommitLimit:      950276 kB
Committed_AS:   39806524 kB
VmallocTotal:     245760 kB
VmallocUsed:       66548 kB
VmallocChunk:      75648 kB
==>Sat Apr 15 08:36:26 2017
MemTotal:        1900556 kB
MemFree:          821344 kB
Buffers:           12444 kB
Cached:           393704 kB
SwapCached:            0 kB
Active:           533736 kB
Inactive:         283800 kB
Active(anon):     411612 kB
Inactive(anon):      416 kB
Active(file):     122124 kB
Inactive(file):   283384 kB
Unevictable:           0 kB
Mlocked:               0 kB
HighTotal:       1158144 kB
HighFree:         167144 kB
LowTotal:         742412 kB
LowFree:          654200 kB
SwapTotal:             0 kB
SwapFree:              0 kB
Dirty:               172 kB
Writeback:             0 kB
AnonPages:        411328 kB
Mapped:           139968 kB
Shmem:               460 kB
Slab:              39092 kB
SReclaimable:      17080 kB
SUnreclaim:        22012 kB
KernelStack:        9504 kB
PageTables:        15452 kB
NFS_Unstable:          0 kB
Bounce:                0 kB
WritebackTmp:          0 kB
CommitLimit:      950276 kB
Committed_AS:   39769588 kB
VmallocTotal:     245760 kB
VmallocUsed:       65544 kB
VmallocChunk:      75648 kB
==>Sat Apr 15 08:36:36 2017
MemTotal:        1900556 kB
MemFree:          820180 kB
Buffers:           12532 kB
Cached:           393724 kB
SwapCached:            0 kB
Active:           532136 kB
Inactive:         283896 kB
Active(anon):     410000 kB
Inactive(anon):      416 kB
Active(file):     122136 kB
Inactive(file):   283480 kB
Unevictable:           0 kB
Mlocked:               0 kB
HighTotal:       1158144 kB
HighFree:         166040 kB
LowTotal:         742412 kB
LowFree:          654140 kB
SwapTotal:             0 kB
SwapFree:              0 kB
Dirty:                28 kB
Writeback:             0 kB
AnonPages:        409940 kB
Mapped:           140216 kB
Shmem:               460 kB
Slab:              39132 kB
SReclaimable:      17096 kB
SUnreclaim:        22036 kB
KernelStack:        9392 kB
PageTables:        15448 kB
NFS_Unstable:          0 kB
Bounce:                0 kB
WritebackTmp:          0 kB
CommitLimit:      950276 kB
Committed_AS:   39787900 kB
VmallocTotal:     245760 kB
VmallocUsed:       65548 kB
VmallocChunk:      75648 kB
==>Sat Apr 15 08:36:46 2017
MemTotal:        1900556 kB
MemFree:          755312 kB
Buffers:           12840 kB
Cached:           412156 kB
SwapCached:            0 kB
Active:           576728 kB
Inactive:         302528 kB
Active(anon):     454472 kB
Inactive(anon):      436 kB
Active(file):     122256 kB
Inactive(file):   302092 kB
Unevictable:           0 kB
Mlocked:               0 kB
HighTotal:       1158144 kB
HighFree:         104412 kB
LowTotal:         742412 kB
LowFree:          650900 kB
SwapTotal:             0 kB
SwapFree:              0 kB
Dirty:              8908 kB
Writeback:             0 kB
AnonPages:        454708 kB
Mapped:           144016 kB
Shmem:               480 kB
Slab:              39676 kB
SReclaimable:      17348 kB
SUnreclaim:        22328 kB
KernelStack:        9880 kB
PageTables:        16316 kB
NFS_Unstable:          0 kB
Bounce:                0 kB
WritebackTmp:          0 kB
CommitLimit:      950276 kB
Committed_AS:   41121440 kB
VmallocTotal:     245760 kB
VmallocUsed:       66552 kB
VmallocChunk:      75648 kB
==>Sat Apr 15 08:36:56 2017
MemTotal:        1900556 kB
MemFree:          690308 kB
Buffers:           13048 kB
Cached:           430388 kB
SwapCached:            0 kB
Active:           604856 kB
Inactive:         320500 kB
Active(anon):     482240 kB
Inactive(anon):      416 kB
Active(file):     122616 kB
Inactive(file):   320084 kB
Unevictable:           0 kB
Mlocked:               0 kB
HighTotal:       1158144 kB
HighFree:          39572 kB
LowTotal:         742412 kB
LowFree:          650736 kB
SwapTotal:             0 kB
SwapFree:              0 kB
Dirty:               332 kB
Writeback:             0 kB
AnonPages:        481984 kB
Mapped:           166208 kB
Shmem:               460 kB
Slab:              40456 kB
SReclaimable:      17624 kB
SUnreclaim:        22832 kB
KernelStack:        9968 kB
PageTables:        16352 kB
NFS_Unstable:          0 kB
Bounce:                0 kB
WritebackTmp:          0 kB
CommitLimit:      950276 kB
Committed_AS:   41114720 kB
VmallocTotal:     245760 kB
VmallocUsed:       66640 kB
VmallocChunk:      75648 kB
==>Sat Apr 15 08:37:06 2017
MemTotal:        1900556 kB
MemFree:          586672 kB
Buffers:           13316 kB
Cached:           462672 kB
SwapCached:            0 kB
Active:           670616 kB
Inactive:         352052 kB
Active(anon):     547008 kB
Inactive(anon):     2292 kB
Active(file):     123608 kB
Inactive(file):   349760 kB
Unevictable:           0 kB
Mlocked:               0 kB
HighTotal:       1158144 kB
HighFree:           1704 kB
LowTotal:         742412 kB
LowFree:          584968 kB
SwapTotal:             0 kB
SwapFree:              0 kB
Dirty:             10536 kB
Writeback:             0 kB
AnonPages:        547048 kB
Mapped:           181416 kB
Shmem:              2340 kB
Slab:              41340 kB
SReclaimable:      18080 kB
SUnreclaim:        23260 kB
KernelStack:       10200 kB
PageTables:        16724 kB
NFS_Unstable:          0 kB
Bounce:                0 kB
WritebackTmp:          0 kB
CommitLimit:      950276 kB
Committed_AS:   41484280 kB
VmallocTotal:     245760 kB
VmallocUsed:       66652 kB
VmallocChunk:      75648 kB
==>Sat Apr 15 08:37:16 2017
MemTotal:        1900556 kB
MemFree:          543220 kB
Buffers:           13376 kB
Cached:           463188 kB
SwapCached:            0 kB
Active:           680556 kB
Inactive:         352524 kB
Active(anon):     556852 kB
Inactive(anon):     2068 kB
Active(file):     123704 kB
Inactive(file):   350456 kB
Unevictable:           0 kB
Mlocked:               0 kB
HighTotal:       1158144 kB
HighFree:           1788 kB
LowTotal:         742412 kB
LowFree:          541432 kB
SwapTotal:             0 kB
SwapFree:              0 kB
Dirty:               156 kB
Writeback:             0 kB
AnonPages:        556832 kB
Mapped:           192140 kB
Shmem:              2116 kB
Slab:              41252 kB
SReclaimable:      18088 kB
SUnreclaim:        23164 kB
KernelStack:       10440 kB
PageTables:        17160 kB
NFS_Unstable:          0 kB
Bounce:                0 kB
WritebackTmp:          0 kB
CommitLimit:      950276 kB
Committed_AS:   42670412 kB
VmallocTotal:     245760 kB
VmallocUsed:       67912 kB
VmallocChunk:      75648 kB
==>Sat Apr 15 08:37:26 2017
MemTotal:        1900556 kB
MemFree:          567508 kB
Buffers:           13472 kB
Cached:           466380 kB
SwapCached:            0 kB
Active:           672432 kB
Inactive:         355232 kB
Active(anon):     548136 kB
Inactive(anon):     2076 kB
Active(file):     124296 kB
Inactive(file):   353156 kB
Unevictable:           0 kB
Mlocked:               0 kB
HighTotal:       1158144 kB
HighFree:           4360 kB
LowTotal:         742412 kB
LowFree:          563148 kB
SwapTotal:             0 kB
SwapFree:              0 kB
Dirty:               476 kB
Writeback:             0 kB
AnonPages:        547536 kB
Mapped:           183812 kB
Shmem:              2124 kB
Slab:              41972 kB
SReclaimable:      18196 kB
SUnreclaim:        23776 kB
KernelStack:       10480 kB
PageTables:        17268 kB
NFS_Unstable:          0 kB
Bounce:                0 kB
WritebackTmp:          0 kB
CommitLimit:      950276 kB
Committed_AS:   42697288 kB
VmallocTotal:     245760 kB
VmallocUsed:       67832 kB
VmallocChunk:      75648 kB
==>Sat Apr 15 08:37:36 2017
MemTotal:        1900556 kB
MemFree:          526136 kB
Buffers:           13576 kB
Cached:           481516 kB
SwapCached:            0 kB
Active:           675788 kB
Inactive:         369436 kB
Active(anon):     550456 kB
Inactive(anon):    15020 kB
Active(file):     125332 kB
Inactive(file):   354416 kB
Unevictable:           0 kB
Mlocked:               0 kB
HighTotal:       1158144 kB
HighFree:           2324 kB
LowTotal:         742412 kB
LowFree:          523812 kB
SwapTotal:             0 kB
SwapFree:              0 kB
Dirty:                80 kB
Writeback:             0 kB
AnonPages:        550276 kB
Mapped:           204164 kB
Shmem:             15068 kB
Slab:              42056 kB
SReclaimable:      18308 kB
SUnreclaim:        23748 kB
KernelStack:       10312 kB
PageTables:        17064 kB
NFS_Unstable:          0 kB
Bounce:                0 kB
WritebackTmp:          0 kB
CommitLimit:      950276 kB
Committed_AS:   42673588 kB
VmallocTotal:     245760 kB
VmallocUsed:       67852 kB
VmallocChunk:      75648 kB
==>Sat Apr 15 08:37:46 2017
MemTotal:        1900556 kB
MemFree:          516920 kB
Buffers:           13592 kB
Cached:           487896 kB
SwapCached:            0 kB
Active:           676936 kB
Inactive:         375800 kB
Active(anon):     551588 kB
Inactive(anon):    21388 kB
Active(file):     125348 kB
Inactive(file):   354412 kB
Unevictable:           0 kB
Mlocked:               0 kB
HighTotal:       1158144 kB
HighFree:           1800 kB
LowTotal:         742412 kB
LowFree:          515120 kB
SwapTotal:             0 kB
SwapFree:              0 kB
Dirty:                80 kB
Writeback:             0 kB
AnonPages:        551580 kB
Mapped:           224836 kB
Shmem:             21440 kB
Slab:              42088 kB
SReclaimable:      18312 kB
SUnreclaim:        23776 kB
KernelStack:       10296 kB
PageTables:        17080 kB
NFS_Unstable:          0 kB
Bounce:                0 kB
WritebackTmp:          0 kB
CommitLimit:      950276 kB
Committed_AS:   42708036 kB
VmallocTotal:     245760 kB
VmallocUsed:       67852 kB
VmallocChunk:      75648 kB
==>Sat Apr 15 08:37:56 2017
MemTotal:        1900556 kB
MemFree:          466728 kB
Buffers:           13776 kB
Cached:           497400 kB
SwapCached:            0 kB
Active:           693560 kB
Inactive:         385220 kB
Active(anon):     568020 kB
Inactive(anon):    29464 kB
Active(file):     125540 kB
Inactive(file):   355756 kB
Unevictable:           0 kB
Mlocked:               0 kB
HighTotal:       1158144 kB
HighFree:           1700 kB
LowTotal:         742412 kB
LowFree:          465028 kB
SwapTotal:             0 kB
SwapFree:              0 kB
Dirty:               104 kB
Writeback:             0 kB
AnonPages:        568312 kB
Mapped:           252224 kB
Shmem:             29592 kB
Slab:              42020 kB
SReclaimable:      18384 kB
SUnreclaim:        23636 kB
KernelStack:       10472 kB
PageTables:        17272 kB
NFS_Unstable:          0 kB
Bounce:                0 kB
WritebackTmp:          0 kB
CommitLimit:      950276 kB
Committed_AS:   42734608 kB
VmallocTotal:     245760 kB
VmallocUsed:       69892 kB
VmallocChunk:      75648 kB
==>Sat Apr 15 08:38:06 2017
MemTotal:        1900556 kB
MemFree:          452256 kB
Buffers:           13820 kB
Cached:           509876 kB
SwapCached:            0 kB
Active:           696572 kB
Inactive:         397192 kB
Active(anon):     570392 kB
Inactive(anon):    39756 kB
Active(file):     126180 kB
Inactive(file):   357436 kB
Unevictable:           0 kB
Mlocked:               0 kB
HighTotal:       1158144 kB
HighFree:           1768 kB
LowTotal:         742412 kB
LowFree:          450488 kB
SwapTotal:             0 kB
SwapFree:              0 kB
Dirty:                76 kB
Writeback:             0 kB
AnonPages:        570472 kB
Mapped:           265484 kB
Shmem:             39804 kB
Slab:              42164 kB
SReclaimable:      18476 kB
SUnreclaim:        23688 kB
KernelStack:       10128 kB
PageTables:        17236 kB
NFS_Unstable:          0 kB
Bounce:                0 kB
WritebackTmp:          0 kB
CommitLimit:      950276 kB
Committed_AS:   42762228 kB
VmallocTotal:     245760 kB
VmallocUsed:       67860 kB
VmallocChunk:      75648 kB
==>Sat Apr 15 08:38:16 2017
MemTotal:        1900556 kB
MemFree:          451776 kB
Buffers:           13836 kB
Cached:           509880 kB
SwapCached:            0 kB
Active:           696424 kB
Inactive:         397212 kB
Active(anon):     570244 kB
Inactive(anon):    39764 kB
Active(file):     126180 kB
Inactive(file):   357448 kB
Unevictable:           0 kB
Mlocked:               0 kB
HighTotal:       1158144 kB
HighFree:           1804 kB
LowTotal:         742412 kB
LowFree:          449972 kB
SwapTotal:             0 kB
SwapFree:              0 kB
Dirty:                28 kB
Writeback:             0 kB
AnonPages:        570244 kB
Mapped:           266636 kB
Shmem:             39812 kB
Slab:              42200 kB
SReclaimable:      18484 kB
SUnreclaim:        23716 kB
KernelStack:       10232 kB
PageTables:        17336 kB
NFS_Unstable:          0 kB
Bounce:                0 kB
WritebackTmp:          0 kB
CommitLimit:      950276 kB
Committed_AS:   42754104 kB
VmallocTotal:     245760 kB
VmallocUsed:       67852 kB
VmallocChunk:      75648 kB
==>Sat Apr 15 08:38:26 2017
MemTotal:        1900556 kB
MemFree:          443884 kB
Buffers:           13908 kB
Cached:           510136 kB
SwapCached:            0 kB
Active:           701908 kB
Inactive:         397484 kB
Active(anon):     575672 kB
Inactive(anon):    39980 kB
Active(file):     126236 kB
Inactive(file):   357504 kB
Unevictable:           0 kB
Mlocked:               0 kB
HighTotal:       1158144 kB
HighFree:           1800 kB
LowTotal:         742412 kB
LowFree:          442084 kB
SwapTotal:             0 kB
SwapFree:              0 kB
Dirty:               108 kB
Writeback:             0 kB
AnonPages:        575728 kB
Mapped:           267576 kB
Shmem:             40028 kB
Slab:              42048 kB
SReclaimable:      18492 kB
SUnreclaim:        23556 kB
KernelStack:       10240 kB
PageTables:        17296 kB
NFS_Unstable:          0 kB
Bounce:                0 kB
WritebackTmp:          0 kB
CommitLimit:      950276 kB
Committed_AS:   42774936 kB
VmallocTotal:     245760 kB
VmallocUsed:       67860 kB
VmallocChunk:      75648 kB
==>Sat Apr 15 08:38:36 2017
MemTotal:        1900556 kB
MemFree:          512796 kB
Buffers:           14044 kB
Cached:           494388 kB
SwapCached:            0 kB
Active:           702604 kB
Inactive:         375300 kB
Active(anon):     569860 kB
Inactive(anon):    25060 kB
Active(file):     132744 kB
Inactive(file):   350240 kB
Unevictable:           0 kB
Mlocked:               0 kB
HighTotal:       1158144 kB
HighFree:          14284 kB
LowTotal:         742412 kB
LowFree:          498512 kB
SwapTotal:             0 kB
SwapFree:              0 kB
Dirty:               656 kB
Writeback:             0 kB
AnonPages:        569960 kB
Mapped:           212004 kB
Shmem:             25108 kB
Slab:              41908 kB
SReclaimable:      18580 kB
SUnreclaim:        23328 kB
KernelStack:       10128 kB
PageTables:        17236 kB
NFS_Unstable:          0 kB
Bounce:                0 kB
WritebackTmp:          0 kB
CommitLimit:      950276 kB
Committed_AS:   42736936 kB
VmallocTotal:     245760 kB
VmallocUsed:       67848 kB
VmallocChunk:      75648 kB
==>Sat Apr 15 08:38:46 2017
MemTotal:        1900556 kB
MemFree:          484564 kB
Buffers:           14084 kB
Cached:           505032 kB
SwapCached:            0 kB
Active:           701340 kB
Inactive:         384732 kB
Active(anon):     567356 kB
Inactive(anon):    33420 kB
Active(file):     133984 kB
Inactive(file):   351312 kB
Unevictable:           0 kB
Mlocked:               0 kB
HighTotal:       1158144 kB
HighFree:           1632 kB
LowTotal:         742412 kB
LowFree:          482932 kB
SwapTotal:             0 kB
SwapFree:              0 kB
Dirty:                 8 kB
Writeback:             0 kB
AnonPages:        567120 kB
Mapped:           224648 kB
Shmem:             33468 kB
Slab:              41792 kB
SReclaimable:      18560 kB
SUnreclaim:        23232 kB
KernelStack:       10120 kB
PageTables:        17200 kB
NFS_Unstable:          0 kB
Bounce:                0 kB
WritebackTmp:          0 kB
CommitLimit:      950276 kB
Committed_AS:   42722288 kB
VmallocTotal:     245760 kB
VmallocUsed:       67852 kB
VmallocChunk:      75648 kB
==>Sat Apr 15 08:38:56 2017
MemTotal:        1900556 kB
MemFree:          465044 kB
Buffers:           14140 kB
Cached:           507456 kB
SwapCached:            0 kB
Active:           706776 kB
Inactive:         387132 kB
Active(anon):     572712 kB
Inactive(anon):    35660 kB
Active(file):     134064 kB
Inactive(file):   351472 kB
Unevictable:           0 kB
Mlocked:               0 kB
HighTotal:       1158144 kB
HighFree:           1752 kB
LowTotal:         742412 kB
LowFree:          463292 kB
SwapTotal:             0 kB
SwapFree:              0 kB
Dirty:               240 kB
Writeback:             0 kB
AnonPages:        572592 kB
Mapped:           239300 kB
Shmem:             35708 kB
Slab:              41852 kB
SReclaimable:      18560 kB
SUnreclaim:        23292 kB
KernelStack:       10264 kB
PageTables:        17328 kB
NFS_Unstable:          0 kB
Bounce:                0 kB
WritebackTmp:          0 kB
CommitLimit:      950276 kB
Committed_AS:   42790980 kB
VmallocTotal:     245760 kB
VmallocUsed:       67852 kB
VmallocChunk:      75648 kB
==>Sat Apr 15 08:39:06 2017
MemTotal:        1900556 kB
MemFree:          450868 kB
Buffers:           14164 kB
Cached:           510128 kB
SwapCached:            0 kB
Active:           705988 kB
Inactive:         389836 kB
Active(anon):     571924 kB
Inactive(anon):    38328 kB
Active(file):     134064 kB
Inactive(file):   351508 kB
Unevictable:           0 kB
Mlocked:               0 kB
HighTotal:       1158144 kB
HighFree:           2296 kB
LowTotal:         742412 kB
LowFree:          448572 kB
SwapTotal:             0 kB
SwapFree:              0 kB
Dirty:                28 kB
Writeback:             0 kB
AnonPages:        571992 kB
Mapped:           264004 kB
Shmem:             38380 kB
Slab:              41924 kB
SReclaimable:      18568 kB
SUnreclaim:        23356 kB
KernelStack:       10136 kB
PageTables:        17264 kB
NFS_Unstable:          0 kB
Bounce:                0 kB
WritebackTmp:          0 kB
CommitLimit:      950276 kB
Committed_AS:   42759856 kB
VmallocTotal:     245760 kB
VmallocUsed:       67852 kB
VmallocChunk:      75648 kB
==>Sat Apr 15 08:39:16 2017
MemTotal:        1900556 kB
MemFree:          444976 kB
Buffers:           14200 kB
Cached:           511028 kB
SwapCached:            0 kB
Active:           706268 kB
Inactive:         390756 kB
Active(anon):     572196 kB
Inactive(anon):    39208 kB
Active(file):     134072 kB
Inactive(file):   351548 kB
Unevictable:           0 kB
Mlocked:               0 kB
HighTotal:       1158144 kB
HighFree:           1808 kB
LowTotal:         742412 kB
LowFree:          443168 kB
SwapTotal:             0 kB
SwapFree:              0 kB
Dirty:                 8 kB
Writeback:             0 kB
AnonPages:        572192 kB
Mapped:           266572 kB
Shmem:             39268 kB
Slab:              41988 kB
SReclaimable:      18568 kB
SUnreclaim:        23420 kB
KernelStack:       10136 kB
PageTables:        17384 kB
NFS_Unstable:          0 kB
Bounce:                0 kB
WritebackTmp:          0 kB
CommitLimit:      950276 kB
Committed_AS:   42760160 kB
VmallocTotal:     245760 kB
VmallocUsed:       67868 kB
VmallocChunk:      75648 kB
==>Sat Apr 15 08:39:26 2017
MemTotal:        1900556 kB
MemFree:          447900 kB
Buffers:           14216 kB
Cached:           511324 kB
SwapCached:            0 kB
Active:           707196 kB
Inactive:         391064 kB
Active(anon):     573108 kB
Inactive(anon):    39524 kB
Active(file):     134088 kB
Inactive(file):   351540 kB
Unevictable:           0 kB
Mlocked:               0 kB
HighTotal:       1158144 kB
HighFree:           1820 kB
LowTotal:         742412 kB
LowFree:          446080 kB
SwapTotal:             0 kB
SwapFree:              0 kB
Dirty:                52 kB
Writeback:             0 kB
AnonPages:        573164 kB
Mapped:           267760 kB
Shmem:             39572 kB
Slab:              41968 kB
SReclaimable:      18556 kB
SUnreclaim:        23412 kB
KernelStack:       10128 kB
PageTables:        17204 kB
NFS_Unstable:          0 kB
Bounce:                0 kB
WritebackTmp:          0 kB
CommitLimit:      950276 kB
Committed_AS:   42748200 kB
VmallocTotal:     245760 kB
VmallocUsed:       67852 kB
VmallocChunk:      75648 kB
==>Sat Apr 15 08:39:36 2017
MemTotal:        1900556 kB
MemFree:          446780 kB
Buffers:           14232 kB
Cached:           511332 kB
SwapCached:            0 kB
Active:           707944 kB
Inactive:         391084 kB
Active(anon):     573852 kB
Inactive(anon):    39532 kB
Active(file):     134092 kB
Inactive(file):   351552 kB
Unevictable:           0 kB
Mlocked:               0 kB
HighTotal:       1158144 kB
HighFree:           1804 kB
LowTotal:         742412 kB
LowFree:          444976 kB
SwapTotal:             0 kB
SwapFree:              0 kB
Dirty:                 0 kB
Writeback:             0 kB
AnonPages:        573752 kB
Mapped:           268008 kB
Shmem:             39580 kB
Slab:              41976 kB
SReclaimable:      18556 kB
SUnreclaim:        23420 kB
KernelStack:       10112 kB
PageTables:        17404 kB
NFS_Unstable:          0 kB
Bounce:                0 kB
WritebackTmp:          0 kB
CommitLimit:      950276 kB
Committed_AS:   42794464 kB
VmallocTotal:     245760 kB
VmallocUsed:       67852 kB
VmallocChunk:      75648 kB
==>Sat Apr 15 08:39:46 2017
MemTotal:        1900556 kB
MemFree:          439192 kB
Buffers:           14256 kB
Cached:           511468 kB
SwapCached:            0 kB
Active:           713216 kB
Inactive:         391184 kB
Active(anon):     579064 kB
Inactive(anon):    39620 kB
Active(file):     134152 kB
Inactive(file):   351564 kB
Unevictable:           0 kB
Mlocked:               0 kB
HighTotal:       1158144 kB
HighFree:           1660 kB
LowTotal:         742412 kB
LowFree:          437532 kB
SwapTotal:             0 kB
SwapFree:              0 kB
Dirty:               116 kB
Writeback:             0 kB
AnonPages:        579044 kB
Mapped:           268304 kB
Shmem:             39668 kB
Slab:              41988 kB
SReclaimable:      18564 kB
SUnreclaim:        23424 kB
KernelStack:       10240 kB
PageTables:        17384 kB
NFS_Unstable:          0 kB
Bounce:                0 kB
WritebackTmp:          0 kB
CommitLimit:      950276 kB
Committed_AS:   42750208 kB
VmallocTotal:     245760 kB
VmallocUsed:       68888 kB
VmallocChunk:      75648 kB
==>Sat Apr 15 08:39:56 2017
MemTotal:        1900556 kB
MemFree:          439356 kB
Buffers:           14280 kB
Cached:           511496 kB
SwapCached:            0 kB
Active:           712972 kB
Inactive:         391232 kB
Active(anon):     578816 kB
Inactive(anon):    39640 kB
Active(file):     134156 kB
Inactive(file):   351592 kB
Unevictable:           0 kB
Mlocked:               0 kB
HighTotal:       1158144 kB
HighFree:           1752 kB
LowTotal:         742412 kB
LowFree:          437604 kB
SwapTotal:             0 kB
SwapFree:              0 kB
Dirty:                48 kB
Writeback:             0 kB
AnonPages:        578788 kB
Mapped:           268388 kB
Shmem:             39688 kB
Slab:              41980 kB
SReclaimable:      18572 kB
SUnreclaim:        23408 kB
KernelStack:       10128 kB
PageTables:        17612 kB
NFS_Unstable:          0 kB
Bounce:                0 kB
WritebackTmp:          0 kB
CommitLimit:      950276 kB
Committed_AS:   42801944 kB
VmallocTotal:     245760 kB
VmallocUsed:       67868 kB
VmallocChunk:      75648 kB
==>Sat Apr 15 08:40:06 2017
MemTotal:        1900556 kB
MemFree:          437828 kB
Buffers:           14564 kB
Cached:           509640 kB
SwapCached:            0 kB
Active:           746112 kB
Inactive:         389632 kB
Active(anon):     611900 kB
Inactive(anon):    25080 kB
Active(file):     134212 kB
Inactive(file):   364552 kB
Unevictable:           0 kB
Mlocked:               0 kB
HighTotal:       1158144 kB
HighFree:           1704 kB
LowTotal:         742412 kB
LowFree:          436124 kB
SwapTotal:             0 kB
SwapFree:              0 kB
Dirty:              6368 kB
Writeback:             0 kB
AnonPages:        611804 kB
Mapped:           216724 kB
Shmem:             25132 kB
Slab:              43012 kB
SReclaimable:      18700 kB
SUnreclaim:        24312 kB
KernelStack:       10352 kB
PageTables:        17640 kB
NFS_Unstable:          0 kB
Bounce:                0 kB
WritebackTmp:          0 kB
CommitLimit:      950276 kB
Committed_AS:   42774928 kB
VmallocTotal:     245760 kB
VmallocUsed:       67848 kB
VmallocChunk:      75648 kB
==>Sat Apr 15 08:40:16 2017
MemTotal:        1900556 kB
MemFree:          409492 kB
Buffers:           14604 kB
Cached:           511756 kB
SwapCached:            0 kB
Active:           748172 kB
Inactive:         391792 kB
Active(anon):     613944 kB
Inactive(anon):    25080 kB
Active(file):     134228 kB
Inactive(file):   366712 kB
Unevictable:           0 kB
Mlocked:               0 kB
HighTotal:       1158144 kB
HighFree:           1808 kB
LowTotal:         742412 kB
LowFree:          407684 kB
SwapTotal:             0 kB
SwapFree:              0 kB
Dirty:                 8 kB
Writeback:             0 kB
AnonPages:        613948 kB
Mapped:           217800 kB
Shmem:             25132 kB
Slab:              42620 kB
SReclaimable:      18716 kB
SUnreclaim:        23904 kB
KernelStack:       10472 kB
PageTables:        17516 kB
NFS_Unstable:          0 kB
Bounce:                0 kB
WritebackTmp:          0 kB
CommitLimit:      950276 kB
Committed_AS:   42737568 kB
VmallocTotal:     245760 kB
VmallocUsed:       69932 kB
VmallocChunk:      75648 kB
==>Sat Apr 15 08:40:26 2017
MemTotal:        1900556 kB
MemFree:          411688 kB
Buffers:           14628 kB
Cached:           511748 kB
SwapCached:            0 kB
Active:           745224 kB
Inactive:         391776 kB
Active(anon):     610964 kB
Inactive(anon):    25080 kB
Active(file):     134260 kB
Inactive(file):   366696 kB
Unevictable:           0 kB
Mlocked:               0 kB
HighTotal:       1158144 kB
HighFree:           5444 kB
LowTotal:         742412 kB
LowFree:          406244 kB
SwapTotal:             0 kB
SwapFree:              0 kB
Dirty:                36 kB
Writeback:             0 kB
AnonPages:        611028 kB
Mapped:           217520 kB
Shmem:             25132 kB
Slab:              42640 kB
SReclaimable:      18712 kB
SUnreclaim:        23928 kB
KernelStack:       10424 kB
PageTables:        17836 kB
NFS_Unstable:          0 kB
Bounce:                0 kB
WritebackTmp:          0 kB
CommitLimit:      950276 kB
Committed_AS:   42778124 kB
VmallocTotal:     245760 kB
VmallocUsed:       67892 kB
VmallocChunk:      75648 kB
==>Sat Apr 15 08:40:36 2017
MemTotal:        1900556 kB
MemFree:          406036 kB
Buffers:           14644 kB
Cached:           511844 kB
SwapCached:            0 kB
Active:           751500 kB
Inactive:         391884 kB
Active(anon):     617224 kB
Inactive(anon):    25080 kB
Active(file):     134276 kB
Inactive(file):   366804 kB
Unevictable:           0 kB
Mlocked:               0 kB
HighTotal:       1158144 kB
HighFree:           1816 kB
LowTotal:         742412 kB
LowFree:          404220 kB
SwapTotal:             0 kB
SwapFree:              0 kB
Dirty:                16 kB
Writeback:             0 kB
AnonPages:        617248 kB
Mapped:           217560 kB
Shmem:             25132 kB
Slab:              42620 kB
SReclaimable:      18716 kB
SUnreclaim:        23904 kB
KernelStack:       10416 kB
PageTables:        17916 kB
NFS_Unstable:          0 kB
Bounce:                0 kB
WritebackTmp:          0 kB
CommitLimit:      950276 kB
Committed_AS:   42811612 kB
VmallocTotal:     245760 kB
VmallocUsed:       69932 kB
VmallocChunk:      75648 kB
==>Sat Apr 15 08:40:46 2017
MemTotal:        1900556 kB
MemFree:          401040 kB
Buffers:           14688 kB
Cached:           520160 kB
SwapCached:            0 kB
Active:           747296 kB
Inactive:         400232 kB
Active(anon):     613008 kB
Inactive(anon):    25080 kB
Active(file):     134288 kB
Inactive(file):   375152 kB
Unevictable:           0 kB
Mlocked:               0 kB
HighTotal:       1158144 kB
HighFree:           1832 kB
LowTotal:         742412 kB
LowFree:          399208 kB
SwapTotal:             0 kB
SwapFree:              0 kB
Dirty:              8412 kB
Writeback:             0 kB
AnonPages:        612984 kB
Mapped:           217824 kB
Shmem:             25132 kB
Slab:              42692 kB
SReclaimable:      18812 kB
SUnreclaim:        23880 kB
KernelStack:       10536 kB
PageTables:        17548 kB
NFS_Unstable:          0 kB
Bounce:                0 kB
WritebackTmp:          0 kB
CommitLimit:      950276 kB
Committed_AS:   42738904 kB
VmallocTotal:     245760 kB
VmallocUsed:       69932 kB
VmallocChunk:      75648 kB
==>Sat Apr 15 08:40:56 2017
MemTotal:        1900556 kB
MemFree:          394592 kB
Buffers:           14696 kB
Cached:           520180 kB
SwapCached:            0 kB
Active:           754960 kB
Inactive:         400260 kB
Active(anon):     620672 kB
Inactive(anon):    25084 kB
Active(file):     134288 kB
Inactive(file):   375176 kB
Unevictable:           0 kB
Mlocked:               0 kB
HighTotal:       1158144 kB
HighFree:           1776 kB
LowTotal:         742412 kB
LowFree:          392816 kB
SwapTotal:             0 kB
SwapFree:              0 kB
Dirty:                36 kB
Writeback:             0 kB
AnonPages:        620616 kB
Mapped:           217560 kB
Shmem:             25136 kB
Slab:              42620 kB
SReclaimable:      18816 kB
SUnreclaim:        23804 kB
KernelStack:       10408 kB
PageTables:        17636 kB
NFS_Unstable:          0 kB
Bounce:                0 kB
WritebackTmp:          0 kB
CommitLimit:      950276 kB
Committed_AS:   42752592 kB
VmallocTotal:     245760 kB
VmallocUsed:       68912 kB
VmallocChunk:      75648 kB
==>Sat Apr 15 08:41:06 2017
MemTotal:        1900556 kB
MemFree:          396260 kB
Buffers:           14724 kB
Cached:           520288 kB
SwapCached:            0 kB
Active:           760344 kB
Inactive:         400384 kB
Active(anon):     626044 kB
Inactive(anon):    25084 kB
Active(file):     134300 kB
Inactive(file):   375300 kB
Unevictable:           0 kB
Mlocked:               0 kB
HighTotal:       1158144 kB
HighFree:           1764 kB
LowTotal:         742412 kB
LowFree:          394496 kB
SwapTotal:             0 kB
SwapFree:              0 kB
Dirty:                 4 kB
Writeback:             0 kB
AnonPages:        626020 kB
Mapped:           216484 kB
Shmem:             25136 kB
Slab:              42648 kB
SReclaimable:      18824 kB
SUnreclaim:        23824 kB
KernelStack:       10432 kB
PageTables:        17472 kB
NFS_Unstable:          0 kB
Bounce:                0 kB
WritebackTmp:          0 kB
CommitLimit:      950276 kB
Committed_AS:   42767384 kB
VmallocTotal:     245760 kB
VmallocUsed:       72996 kB
VmallocChunk:      75648 kB
==>Sat Apr 15 08:41:16 2017
MemTotal:        1900556 kB
MemFree:          408184 kB
Buffers:           14740 kB
Cached:           520296 kB
SwapCached:            0 kB
Active:           748940 kB
Inactive:         399744 kB
Active(anon):     613976 kB
Inactive(anon):    25080 kB
Active(file):     134964 kB
Inactive(file):   374664 kB
Unevictable:           0 kB
Mlocked:               0 kB
HighTotal:       1158144 kB
HighFree:           2092 kB
LowTotal:         742412 kB
LowFree:          406092 kB
SwapTotal:             0 kB
SwapFree:              0 kB
Dirty:                36 kB
Writeback:             0 kB
AnonPages:        613940 kB
Mapped:           217004 kB
Shmem:             25132 kB
Slab:              42680 kB
SReclaimable:      18832 kB
SUnreclaim:        23848 kB
KernelStack:       10432 kB
PageTables:        17740 kB
NFS_Unstable:          0 kB
Bounce:                0 kB
WritebackTmp:          0 kB
CommitLimit:      950276 kB
Committed_AS:   42822860 kB
VmallocTotal:     245760 kB
VmallocUsed:       68880 kB
VmallocChunk:      75648 kB
==>Sat Apr 15 08:41:26 2017
MemTotal:        1900556 kB
MemFree:          400644 kB
Buffers:           14772 kB
Cached:           520288 kB
SwapCached:            0 kB
Active:           751240 kB
Inactive:         399764 kB
Active(anon):     616272 kB
Inactive(anon):    25080 kB
Active(file):     134968 kB
Inactive(file):   374684 kB
Unevictable:           0 kB
Mlocked:               0 kB
HighTotal:       1158144 kB
HighFree:           2800 kB
LowTotal:         742412 kB
LowFree:          397844 kB
SwapTotal:             0 kB
SwapFree:              0 kB
Dirty:                28 kB
Writeback:             0 kB
AnonPages:        615844 kB
Mapped:           220968 kB
Shmem:             25132 kB
Slab:              42676 kB
SReclaimable:      18832 kB
SUnreclaim:        23844 kB
KernelStack:       10432 kB
PageTables:        17476 kB
NFS_Unstable:          0 kB
Bounce:                0 kB
WritebackTmp:          0 kB
CommitLimit:      950276 kB
Committed_AS:   42749236 kB
VmallocTotal:     245760 kB
VmallocUsed:       67884 kB
VmallocChunk:      75648 kB
==>Sat Apr 15 08:41:36 2017
MemTotal:        1900556 kB
MemFree:          383704 kB
Buffers:           14824 kB
Cached:           528720 kB
SwapCached:            0 kB
Active:           752144 kB
Inactive:         408220 kB
Active(anon):     617148 kB
Inactive(anon):    25080 kB
Active(file):     134996 kB
Inactive(file):   383140 kB
Unevictable:           0 kB
Mlocked:               0 kB
HighTotal:       1158144 kB
HighFree:           1820 kB
LowTotal:         742412 kB
LowFree:          381884 kB
SwapTotal:             0 kB
SwapFree:              0 kB
Dirty:               108 kB
Writeback:             0 kB
AnonPages:        616852 kB
Mapped:           222416 kB
Shmem:             25132 kB
Slab:              42760 kB
SReclaimable:      18940 kB
SUnreclaim:        23820 kB
KernelStack:       10368 kB
PageTables:        17472 kB
NFS_Unstable:          0 kB
Bounce:                0 kB
WritebackTmp:          0 kB
CommitLimit:      950276 kB
Committed_AS:   42734916 kB
VmallocTotal:     245760 kB
VmallocUsed:       69956 kB
VmallocChunk:      75648 kB
==>Sat Apr 15 08:41:46 2017
MemTotal:        1900556 kB
MemFree:          376372 kB
Buffers:           14836 kB
Cached:           528816 kB
SwapCached:            0 kB
Active:           757880 kB
Inactive:         408320 kB
Active(anon):     622876 kB
Inactive(anon):    25080 kB
Active(file):     135004 kB
Inactive(file):   383240 kB
Unevictable:           0 kB
Mlocked:               0 kB
HighTotal:       1158144 kB
HighFree:           1788 kB
LowTotal:         742412 kB
LowFree:          374584 kB
SwapTotal:             0 kB
SwapFree:              0 kB
Dirty:                12 kB
Writeback:             0 kB
AnonPages:        622900 kB
Mapped:           222156 kB
Shmem:             25132 kB
Slab:              43264 kB
SReclaimable:      19024 kB
SUnreclaim:        24240 kB
KernelStack:       10448 kB
PageTables:        17664 kB
NFS_Unstable:          0 kB
Bounce:                0 kB
WritebackTmp:          0 kB
CommitLimit:      950276 kB
Committed_AS:   42801980 kB
VmallocTotal:     245760 kB
VmallocUsed:       71996 kB
VmallocChunk:      75648 kB
==>Sat Apr 15 08:41:56 2017
MemTotal:        1900556 kB
MemFree:          383968 kB
Buffers:           14844 kB
Cached:           528816 kB
SwapCached:            0 kB
Active:           751460 kB
Inactive:         408320 kB
Active(anon):     616448 kB
Inactive(anon):    25080 kB
Active(file):     135012 kB
Inactive(file):   383240 kB
Unevictable:           0 kB
Mlocked:               0 kB
HighTotal:       1158144 kB
HighFree:           1708 kB
LowTotal:         742412 kB
LowFree:          382260 kB
SwapTotal:             0 kB
SwapFree:              0 kB
Dirty:                 8 kB
Writeback:             0 kB
AnonPages:        616380 kB
Mapped:           222216 kB
Shmem:             25132 kB
Slab:              43016 kB
SReclaimable:      18960 kB
SUnreclaim:        24056 kB
KernelStack:       10400 kB
PageTables:        17496 kB
NFS_Unstable:          0 kB
Bounce:                0 kB
WritebackTmp:          0 kB
CommitLimit:      950276 kB
Committed_AS:   42761016 kB
VmallocTotal:     245760 kB
VmallocUsed:       70976 kB
VmallocChunk:      75648 kB
==>Sat Apr 15 08:42:06 2017
MemTotal:        1900556 kB
MemFree:          353724 kB
Buffers:           14844 kB
Cached:           528816 kB
SwapCached:            0 kB
Active:           754252 kB
Inactive:         408312 kB
Active(anon):     619232 kB
Inactive(anon):    25080 kB
Active(file):     135020 kB
Inactive(file):   383232 kB
Unevictable:           0 kB
Mlocked:               0 kB
HighTotal:       1158144 kB
HighFree:           1840 kB
LowTotal:         742412 kB
LowFree:          351884 kB
SwapTotal:             0 kB
SwapFree:              0 kB
Dirty:                 0 kB
Writeback:             0 kB
AnonPages:        619180 kB
Mapped:           222184 kB
Shmem:             25132 kB
Slab:              51712 kB
SReclaimable:      20496 kB
SUnreclaim:        31216 kB
KernelStack:       28952 kB
PageTables:        17888 kB
NFS_Unstable:          0 kB
Bounce:                0 kB
WritebackTmp:          0 kB
CommitLimit:      950276 kB
Committed_AS:   42827952 kB
VmallocTotal:     245760 kB
VmallocUsed:       73016 kB
VmallocChunk:      75648 kB
==>Sat Apr 15 08:42:16 2017
MemTotal:        1900556 kB
MemFree:          364128 kB
Buffers:           14912 kB
Cached:           537248 kB
SwapCached:            0 kB
Active:           760508 kB
Inactive:         416768 kB
Active(anon):     625444 kB
Inactive(anon):    25080 kB
Active(file):     135064 kB
Inactive(file):   391688 kB
Unevictable:           0 kB
Mlocked:               0 kB
HighTotal:       1158144 kB
HighFree:           1708 kB
LowTotal:         742412 kB
LowFree:          362420 kB
SwapTotal:             0 kB
SwapFree:              0 kB
Dirty:              8448 kB
Writeback:             0 kB
AnonPages:        625324 kB
Mapped:           222204 kB
Shmem:             25132 kB
Slab:              44348 kB
SReclaimable:      19176 kB
SUnreclaim:        25172 kB
KernelStack:       10464 kB
PageTables:        17644 kB
NFS_Unstable:          0 kB
Bounce:                0 kB
WritebackTmp:          0 kB
CommitLimit:      950276 kB
Committed_AS:   42796924 kB
VmallocTotal:     245760 kB
VmallocUsed:       76076 kB
VmallocChunk:      75648 kB
==>Sat Apr 15 08:42:26 2017
MemTotal:        1900556 kB
MemFree:          359532 kB
Buffers:           14928 kB
Cached:           537240 kB
SwapCached:            0 kB
Active:           766832 kB
Inactive:         416776 kB
Active(anon):     631768 kB
Inactive(anon):    25080 kB
Active(file):     135064 kB
Inactive(file):   391696 kB
Unevictable:           0 kB
Mlocked:               0 kB
HighTotal:       1158144 kB
HighFree:           1768 kB
LowTotal:         742412 kB
LowFree:          357764 kB
SwapTotal:             0 kB
SwapFree:              0 kB
Dirty:                 0 kB
Writeback:             0 kB
AnonPages:        631764 kB
Mapped:           222208 kB
Shmem:             25132 kB
Slab:              43856 kB
SReclaimable:      19160 kB
SUnreclaim:        24696 kB
KernelStack:       10528 kB
PageTables:        17616 kB
NFS_Unstable:          0 kB
Bounce:                0 kB
WritebackTmp:          0 kB
CommitLimit:      950276 kB
Committed_AS:   42813320 kB
VmallocTotal:     245760 kB
VmallocUsed:       77096 kB
VmallocChunk:      75648 kB
==>Sat Apr 15 08:42:36 2017
MemTotal:        1900556 kB
MemFree:          363808 kB
Buffers:           14980 kB
Cached:           545672 kB
SwapCached:            0 kB
Active:           753952 kB
Inactive:         425240 kB
Active(anon):     618868 kB
Inactive(anon):    25080 kB
Active(file):     135084 kB
Inactive(file):   400160 kB
Unevictable:           0 kB
Mlocked:               0 kB
HighTotal:       1158144 kB
HighFree:           3276 kB
LowTotal:         742412 kB
LowFree:          360532 kB
SwapTotal:             0 kB
SwapFree:              0 kB
Dirty:                48 kB
Writeback:             0 kB
AnonPages:        618900 kB
Mapped:           222492 kB
Shmem:             25132 kB
Slab:              43848 kB
SReclaimable:      19268 kB
SUnreclaim:        24580 kB
KernelStack:       10472 kB
PageTables:        17700 kB
NFS_Unstable:          0 kB
Bounce:                0 kB
WritebackTmp:          0 kB
CommitLimit:      950276 kB
Committed_AS:   42809632 kB
VmallocTotal:     245760 kB
VmallocUsed:       78116 kB
VmallocChunk:      75648 kB
==>Sat Apr 15 08:42:46 2017
MemTotal:        1900556 kB
MemFree:          364688 kB
Buffers:           14988 kB
Cached:           545672 kB
SwapCached:            0 kB
Active:           753528 kB
Inactive:         425248 kB
Active(anon):     618444 kB
Inactive(anon):    25080 kB
Active(file):     135084 kB
Inactive(file):   400168 kB
Unevictable:           0 kB
Mlocked:               0 kB
HighTotal:       1158144 kB
HighFree:           1712 kB
LowTotal:         742412 kB
LowFree:          362976 kB
SwapTotal:             0 kB
SwapFree:              0 kB
Dirty:                 0 kB
Writeback:             0 kB
AnonPages:        618416 kB
Mapped:           222268 kB
Shmem:             25132 kB
Slab:              43800 kB
SReclaimable:      19260 kB
SUnreclaim:        24540 kB
KernelStack:       10480 kB
PageTables:        17648 kB
NFS_Unstable:          0 kB
Bounce:                0 kB
WritebackTmp:          0 kB
CommitLimit:      950276 kB
Committed_AS:   42813860 kB
VmallocTotal:     245760 kB
VmallocUsed:       77096 kB
VmallocChunk:      75648 kB
==>Sat Apr 15 08:42:56 2017
MemTotal:        1900556 kB
MemFree:          361712 kB
Buffers:           15004 kB
Cached:           545776 kB
SwapCached:            0 kB
Active:           756300 kB
Inactive:         425348 kB
Active(anon):     621208 kB
Inactive(anon):    25080 kB
Active(file):     135092 kB
Inactive(file):   400268 kB
Unevictable:           0 kB
Mlocked:               0 kB
HighTotal:       1158144 kB
HighFree:           1804 kB
LowTotal:         742412 kB
LowFree:          359908 kB
SwapTotal:             0 kB
SwapFree:              0 kB
Dirty:                 0 kB
Writeback:             0 kB
AnonPages:        621236 kB
Mapped:           222268 kB
Shmem:             25132 kB
Slab:              43788 kB
SReclaimable:      19260 kB
SUnreclaim:        24528 kB
KernelStack:       10536 kB
PageTables:        17652 kB
NFS_Unstable:          0 kB
Bounce:                0 kB
WritebackTmp:          0 kB
CommitLimit:      950276 kB
Committed_AS:   42813684 kB
VmallocTotal:     245760 kB
VmallocUsed:       77096 kB
VmallocChunk:      75648 kB
==>Sat Apr 15 08:43:06 2017
MemTotal:        1900556 kB
MemFree:          376620 kB
Buffers:           15048 kB
Cached:           548868 kB
SwapCached:            0 kB
Active:           745140 kB
Inactive:         428444 kB
Active(anon):     610028 kB
Inactive(anon):    25088 kB
Active(file):     135112 kB
Inactive(file):   403356 kB
Unevictable:           0 kB
Mlocked:               0 kB
HighTotal:       1158144 kB
HighFree:           1720 kB
LowTotal:         742412 kB
LowFree:          374900 kB
SwapTotal:             0 kB
SwapFree:              0 kB
Dirty:              3072 kB
Writeback:             0 kB
AnonPages:        610104 kB
Mapped:           221160 kB
Shmem:             25140 kB
Slab:              43716 kB
SReclaimable:      19256 kB
SUnreclaim:        24460 kB
KernelStack:       10568 kB
PageTables:        17648 kB
NFS_Unstable:          0 kB
Bounce:                0 kB
WritebackTmp:          0 kB
CommitLimit:      950276 kB
Committed_AS:   42820180 kB
VmallocTotal:     245760 kB
VmallocUsed:       76044 kB
VmallocChunk:      75648 kB
==>Sat Apr 15 08:43:16 2017
MemTotal:        1900556 kB
MemFree:          355292 kB
Buffers:           15104 kB
Cached:           554216 kB
SwapCached:            0 kB
Active:           752296 kB
Inactive:         433832 kB
Active(anon):     617136 kB
Inactive(anon):    25088 kB
Active(file):     135160 kB
Inactive(file):   408744 kB
Unevictable:           0 kB
Mlocked:               0 kB
HighTotal:       1158144 kB
HighFree:           1796 kB
LowTotal:         742412 kB
LowFree:          353496 kB
SwapTotal:             0 kB
SwapFree:              0 kB
Dirty:                60 kB
Writeback:             0 kB
AnonPages:        617132 kB
Mapped:           223300 kB
Shmem:             25140 kB
Slab:              43776 kB
SReclaimable:      19372 kB
SUnreclaim:        24404 kB
KernelStack:       10544 kB
PageTables:        17672 kB
NFS_Unstable:          0 kB
Bounce:                0 kB
WritebackTmp:          0 kB
CommitLimit:      950276 kB
Committed_AS:   42819732 kB
VmallocTotal:     245760 kB
VmallocUsed:       77096 kB
VmallocChunk:      75648 kB
==>Sat Apr 15 08:43:26 2017
MemTotal:        1900556 kB
MemFree:          359988 kB
Buffers:           15112 kB
Cached:           554216 kB
SwapCached:            0 kB
Active:           747224 kB
Inactive:         433840 kB
Active(anon):     612064 kB
Inactive(anon):    25080 kB
Active(file):     135160 kB
Inactive(file):   408760 kB
Unevictable:           0 kB
Mlocked:               0 kB
HighTotal:       1158144 kB
HighFree:           1760 kB
LowTotal:         742412 kB
LowFree:          358228 kB
SwapTotal:             0 kB
SwapFree:              0 kB
Dirty:                 4 kB
Writeback:             0 kB
AnonPages:        612244 kB
Mapped:           223176 kB
Shmem:             25132 kB
Slab:              43700 kB
SReclaimable:      19372 kB
SUnreclaim:        24328 kB
KernelStack:       10664 kB
PageTables:        17664 kB
NFS_Unstable:          0 kB
Bounce:                0 kB
WritebackTmp:          0 kB
CommitLimit:      950276 kB
Committed_AS:   42801964 kB
VmallocTotal:     245760 kB
VmallocUsed:       77096 kB
VmallocChunk:      75648 kB
==>Sat Apr 15 08:43:36 2017
MemTotal:        1900556 kB
MemFree:          360472 kB
Buffers:           15112 kB
Cached:           554216 kB
SwapCached:            0 kB
Active:           747580 kB
Inactive:         433840 kB
Active(anon):     612420 kB
Inactive(anon):    25080 kB
Active(file):     135160 kB
Inactive(file):   408760 kB
Unevictable:           0 kB
Mlocked:               0 kB
HighTotal:       1158144 kB
HighFree:           1820 kB
LowTotal:         742412 kB
LowFree:          358652 kB
SwapTotal:             0 kB
SwapFree:              0 kB
Dirty:                 0 kB
Writeback:             0 kB
AnonPages:        612348 kB
Mapped:           223020 kB
Shmem:             25132 kB
Slab:              43636 kB
SReclaimable:      19364 kB
SUnreclaim:        24272 kB
KernelStack:       10680 kB
PageTables:        17668 kB
NFS_Unstable:          0 kB
Bounce:                0 kB
WritebackTmp:          0 kB
CommitLimit:      950276 kB
Committed_AS:   42813948 kB
VmallocTotal:     245760 kB
VmallocUsed:       77096 kB
VmallocChunk:      75648 kB
==>Sat Apr 15 08:43:46 2017
MemTotal:        1900556 kB
MemFree:          382628 kB
Buffers:           15144 kB
Cached:           554308 kB
SwapCached:            0 kB
Active:           729064 kB
Inactive:         433956 kB
Active(anon):     593892 kB
Inactive(anon):    25064 kB
Active(file):     135172 kB
Inactive(file):   408892 kB
Unevictable:           0 kB
Mlocked:               0 kB
HighTotal:       1158144 kB
HighFree:           1728 kB
LowTotal:         742412 kB
LowFree:          380900 kB
SwapTotal:             0 kB
SwapFree:              0 kB
Dirty:                28 kB
Writeback:             0 kB
AnonPages:        593900 kB
Mapped:           221620 kB
Shmem:             25112 kB
Slab:              43624 kB
SReclaimable:      19356 kB
SUnreclaim:        24268 kB
KernelStack:       10568 kB
PageTables:        17752 kB
NFS_Unstable:          0 kB
Bounce:                0 kB
WritebackTmp:          0 kB
CommitLimit:      950276 kB
Committed_AS:   42805944 kB
VmallocTotal:     245760 kB
VmallocUsed:       76068 kB
VmallocChunk:      75648 kB
==>Sat Apr 15 08:43:56 2017
MemTotal:        1900556 kB
MemFree:          345576 kB
Buffers:           15392 kB
Cached:           573240 kB
SwapCached:            0 kB
Active:           751736 kB
Inactive:         453020 kB
Active(anon):     616464 kB
Inactive(anon):    25080 kB
Active(file):     135272 kB
Inactive(file):   427940 kB
Unevictable:           0 kB
Mlocked:               0 kB
HighTotal:       1158144 kB
HighFree:           3456 kB
LowTotal:         742412 kB
LowFree:          342120 kB
SwapTotal:             0 kB
SwapFree:              0 kB
Dirty:             17844 kB
Writeback:             0 kB
AnonPages:        616428 kB
Mapped:           220756 kB
Shmem:             25132 kB
Slab:              43968 kB
SReclaimable:      19588 kB
SUnreclaim:        24380 kB
KernelStack:       10552 kB
PageTables:        17580 kB
NFS_Unstable:          0 kB
Bounce:                0 kB
WritebackTmp:          0 kB
CommitLimit:      950276 kB
Committed_AS:   42820656 kB
VmallocTotal:     245760 kB
VmallocUsed:       76044 kB
VmallocChunk:      75648 kB
==>Sat Apr 15 08:44:06 2017
MemTotal:        1900556 kB
MemFree:          371604 kB
Buffers:           15440 kB
Cached:           570848 kB
SwapCached:            0 kB
Active:           717276 kB
Inactive:         452052 kB
Active(anon):     583344 kB
Inactive(anon):    25064 kB
Active(file):     133932 kB
Inactive(file):   426988 kB
Unevictable:           0 kB
Mlocked:               0 kB
HighTotal:       1158144 kB
HighFree:           6984 kB
LowTotal:         742412 kB
LowFree:          364620 kB
SwapTotal:             0 kB
SwapFree:              0 kB
Dirty:                 0 kB
Writeback:             0 kB
AnonPages:        583328 kB
Mapped:           218536 kB
Shmem:             25112 kB
Slab:              48624 kB
SReclaimable:      20516 kB
SUnreclaim:        28108 kB
KernelStack:       22432 kB
PageTables:        17764 kB
NFS_Unstable:          0 kB
Bounce:                0 kB
WritebackTmp:          0 kB
CommitLimit:      950276 kB
Committed_AS:   42854976 kB
VmallocTotal:     245760 kB
VmallocUsed:       71944 kB
VmallocChunk:      75648 kB
==>Sat Apr 15 08:44:16 2017
MemTotal:        1900556 kB
MemFree:          379796 kB
Buffers:           15476 kB
Cached:           573884 kB
SwapCached:            0 kB
Active:           719884 kB
Inactive:         454004 kB
Active(anon):     584828 kB
Inactive(anon):    25980 kB
Active(file):     135056 kB
Inactive(file):   428024 kB
Unevictable:           0 kB
Mlocked:               0 kB
HighTotal:       1158144 kB
HighFree:           1808 kB
LowTotal:         742412 kB
LowFree:          377988 kB
SwapTotal:             0 kB
SwapFree:              0 kB
Dirty:              1988 kB
Writeback:             0 kB
AnonPages:        584892 kB
Mapped:           219232 kB
Shmem:             26060 kB
Slab:              45608 kB
SReclaimable:      19792 kB
SUnreclaim:        25816 kB
KernelStack:       10400 kB
PageTables:        17392 kB
NFS_Unstable:          0 kB
Bounce:                0 kB
WritebackTmp:          0 kB
CommitLimit:      950276 kB
Committed_AS:   42816948 kB
VmallocTotal:     245760 kB
VmallocUsed:       69916 kB
VmallocChunk:      75648 kB
==>Sat Apr 15 08:44:26 2017
MemTotal:        1900556 kB
MemFree:          343624 kB
Buffers:           15516 kB
Cached:           581604 kB
SwapCached:            0 kB
Active:           728232 kB
Inactive:         461628 kB
Active(anon):     593076 kB
Inactive(anon):    33496 kB
Active(file):     135156 kB
Inactive(file):   428132 kB
Unevictable:           0 kB
Mlocked:               0 kB
HighTotal:       1158144 kB
HighFree:           1716 kB
LowTotal:         742412 kB
LowFree:          341908 kB
SwapTotal:             0 kB
SwapFree:              0 kB
Dirty:                96 kB
Writeback:             0 kB
AnonPages:        593004 kB
Mapped:           227688 kB
Shmem:             33544 kB
Slab:              45428 kB
SReclaimable:      19768 kB
SUnreclaim:        25660 kB
KernelStack:       10520 kB
PageTables:        17428 kB
NFS_Unstable:          0 kB
Bounce:                0 kB
WritebackTmp:          0 kB
CommitLimit:      950276 kB
Committed_AS:   42819768 kB
VmallocTotal:     245760 kB
VmallocUsed:       72976 kB
VmallocChunk:      75648 kB
==>Sat Apr 15 08:44:36 2017
MemTotal:        1900556 kB
MemFree:          327052 kB
Buffers:           15548 kB
Cached:           582000 kB
SwapCached:            0 kB
Active:           734076 kB
Inactive:         461936 kB
Active(anon):     598816 kB
Inactive(anon):    33720 kB
Active(file):     135260 kB
Inactive(file):   428216 kB
Unevictable:           0 kB
Mlocked:               0 kB
HighTotal:       1158144 kB
HighFree:           1712 kB
LowTotal:         742412 kB
LowFree:          325340 kB
SwapTotal:             0 kB
SwapFree:              0 kB
Dirty:                92 kB
Writeback:             0 kB
AnonPages:        598248 kB
Mapped:           237544 kB
Shmem:             33768 kB
Slab:              45092 kB
SReclaimable:      19764 kB
SUnreclaim:        25328 kB
KernelStack:       10712 kB
PageTables:        17576 kB
NFS_Unstable:          0 kB
Bounce:                0 kB
WritebackTmp:          0 kB
CommitLimit:      950276 kB
Committed_AS:   42842596 kB
VmallocTotal:     245760 kB
VmallocUsed:       76064 kB
VmallocChunk:      75648 kB
==>Sat Apr 15 08:44:46 2017
MemTotal:        1900556 kB
MemFree:          334888 kB
Buffers:           15584 kB
Cached:           581932 kB
SwapCached:            0 kB
Active:           729436 kB
Inactive:         461920 kB
Active(anon):     594164 kB
Inactive(anon):    33652 kB
Active(file):     135272 kB
Inactive(file):   428268 kB
Unevictable:           0 kB
Mlocked:               0 kB
HighTotal:       1158144 kB
HighFree:           1784 kB
LowTotal:         742412 kB
LowFree:          333104 kB
SwapTotal:             0 kB
SwapFree:              0 kB
Dirty:                 0 kB
Writeback:             0 kB
AnonPages:        594120 kB
Mapped:           245800 kB
Shmem:             33700 kB
Slab:              45020 kB
SReclaimable:      19732 kB
SUnreclaim:        25288 kB
KernelStack:       10640 kB
PageTables:        17768 kB
NFS_Unstable:          0 kB
Bounce:                0 kB
WritebackTmp:          0 kB
CommitLimit:      950276 kB
Committed_AS:   42875852 kB
VmallocTotal:     245760 kB
VmallocUsed:       73996 kB
VmallocChunk:      75648 kB
==>Sat Apr 15 08:44:56 2017
MemTotal:        1900556 kB
MemFree:          337100 kB
Buffers:           15592 kB
Cached:           582008 kB
SwapCached:            0 kB
Active:           723936 kB
Inactive:         461936 kB
Active(anon):     588596 kB
Inactive(anon):    33708 kB
Active(file):     135340 kB
Inactive(file):   428228 kB
Unevictable:           0 kB
Mlocked:               0 kB
HighTotal:       1158144 kB
HighFree:           1804 kB
LowTotal:         742412 kB
LowFree:          335296 kB
SwapTotal:             0 kB
SwapFree:              0 kB
Dirty:                12 kB
Writeback:             0 kB
AnonPages:        588552 kB
Mapped:           250672 kB
Shmem:             33756 kB
Slab:              45024 kB
SReclaimable:      19732 kB
SUnreclaim:        25292 kB
KernelStack:       10712 kB
PageTables:        17544 kB
NFS_Unstable:          0 kB
Bounce:                0 kB
WritebackTmp:          0 kB
CommitLimit:      950276 kB
Committed_AS:   42814856 kB
VmallocTotal:     245760 kB
VmallocUsed:       77072 kB
VmallocChunk:      75648 kB
==>Sat Apr 15 08:45:06 2017
MemTotal:        1900556 kB
MemFree:          324540 kB
Buffers:           15664 kB
Cached:           587412 kB
SwapCached:            0 kB
Active:           726796 kB
Inactive:         467120 kB
Active(anon):     591164 kB
Inactive(anon):    38128 kB
Active(file):     135632 kB
Inactive(file):   428992 kB
Unevictable:           0 kB
Mlocked:               0 kB
HighTotal:       1158144 kB
HighFree:           1876 kB
LowTotal:         742412 kB
LowFree:          322664 kB
SwapTotal:             0 kB
SwapFree:              0 kB
Dirty:               124 kB
Writeback:             0 kB
AnonPages:        591140 kB
Mapped:           260404 kB
Shmem:             38176 kB
Slab:              45108 kB
SReclaimable:      19816 kB
SUnreclaim:        25292 kB
KernelStack:       10664 kB
PageTables:        17552 kB
NFS_Unstable:          0 kB
Bounce:                0 kB
WritebackTmp:          0 kB
CommitLimit:      950276 kB
Committed_AS:   42821360 kB
VmallocTotal:     245760 kB
VmallocUsed:       73996 kB
VmallocChunk:      75648 kB
==>Sat Apr 15 08:45:16 2017
MemTotal:        1900556 kB
MemFree:          335600 kB
Buffers:           15736 kB
Cached:           587432 kB
SwapCached:            0 kB
Active:           715440 kB
Inactive:         466988 kB
Active(anon):     579584 kB
Inactive(anon):    38128 kB
Active(file):     135856 kB
Inactive(file):   428860 kB
Unevictable:           0 kB
Mlocked:               0 kB
HighTotal:       1158144 kB
HighFree:           1716 kB
LowTotal:         742412 kB
LowFree:          333884 kB
SwapTotal:             0 kB
SwapFree:              0 kB
Dirty:               104 kB
Writeback:             0 kB
AnonPages:        579652 kB
Mapped:           260324 kB
Shmem:             38176 kB
Slab:              45020 kB
SReclaimable:      19808 kB
SUnreclaim:        25212 kB
KernelStack:       10680 kB
PageTables:        17432 kB
NFS_Unstable:          0 kB
Bounce:                0 kB
WritebackTmp:          0 kB
CommitLimit:      950276 kB
Committed_AS:   42787624 kB
VmallocTotal:     245760 kB
VmallocUsed:       68896 kB
VmallocChunk:      75648 kB
==>Sat Apr 15 08:45:26 2017
MemTotal:        1900556 kB
MemFree:          325232 kB
Buffers:           15752 kB
Cached:           588264 kB
SwapCached:            0 kB
Active:           717356 kB
Inactive:         467828 kB
Active(anon):     581496 kB
Inactive(anon):    38888 kB
Active(file):     135860 kB
Inactive(file):   428940 kB
Unevictable:           0 kB
Mlocked:               0 kB
HighTotal:       1158144 kB
HighFree:           1880 kB
LowTotal:         742412 kB
LowFree:          323352 kB
SwapTotal:             0 kB
SwapFree:              0 kB
Dirty:                32 kB
Writeback:             0 kB
AnonPages:        581484 kB
Mapped:           270576 kB
Shmem:             38940 kB
Slab:              44928 kB
SReclaimable:      19816 kB
SUnreclaim:        25112 kB
KernelStack:       10592 kB
PageTables:        17388 kB
NFS_Unstable:          0 kB
Bounce:                0 kB
WritebackTmp:          0 kB
CommitLimit:      950276 kB
Committed_AS:   42796596 kB
VmallocTotal:     245760 kB
VmallocUsed:       67876 kB
VmallocChunk:      75648 kB
==>Sat Apr 15 08:45:36 2017
MemTotal:        1900556 kB
MemFree:          330884 kB
Buffers:           15760 kB
Cached:           588400 kB
SwapCached:            0 kB
Active:           710724 kB
Inactive:         467940 kB
Active(anon):     574828 kB
Inactive(anon):    39020 kB
Active(file):     135896 kB
Inactive(file):   428920 kB
Unevictable:           0 kB
Mlocked:               0 kB
HighTotal:       1158144 kB
HighFree:           1796 kB
LowTotal:         742412 kB
LowFree:          329088 kB
SwapTotal:             0 kB
SwapFree:              0 kB
Dirty:                48 kB
Writeback:             0 kB
AnonPages:        574800 kB
Mapped:           271668 kB
Shmem:             39068 kB
Slab:              44900 kB
SReclaimable:      19820 kB
SUnreclaim:        25080 kB
KernelStack:       10568 kB
PageTables:        17296 kB
NFS_Unstable:          0 kB
Bounce:                0 kB
WritebackTmp:          0 kB
CommitLimit:      950276 kB
Committed_AS:   42748768 kB
VmallocTotal:     245760 kB
VmallocUsed:       67876 kB
VmallocChunk:      75648 kB
==>Sat Apr 15 08:45:46 2017
MemTotal:        1900556 kB
MemFree:          330832 kB
Buffers:           15768 kB
Cached:           588640 kB
SwapCached:            0 kB
Active:           710260 kB
Inactive:         468164 kB
Active(anon):     574352 kB
Inactive(anon):    39244 kB
Active(file):     135908 kB
Inactive(file):   428920 kB
Unevictable:           0 kB
Mlocked:               0 kB
HighTotal:       1158144 kB
HighFree:           2780 kB
LowTotal:         742412 kB
LowFree:          328052 kB
SwapTotal:             0 kB
SwapFree:              0 kB
Dirty:                 0 kB
Writeback:             0 kB
AnonPages:        574296 kB
Mapped:           272968 kB
Shmem:             39292 kB
Slab:              44880 kB
SReclaimable:      19820 kB
SUnreclaim:        25060 kB
KernelStack:       10424 kB
PageTables:        17396 kB
NFS_Unstable:          0 kB
Bounce:                0 kB
WritebackTmp:          0 kB
CommitLimit:      950276 kB
Committed_AS:   42771296 kB
VmallocTotal:     245760 kB
VmallocUsed:       67876 kB
VmallocChunk:      75648 kB
==>Sat Apr 15 08:45:56 2017
MemTotal:        1900556 kB
MemFree:          327128 kB
Buffers:           15784 kB
Cached:           588660 kB
SwapCached:            0 kB
Active:           714508 kB
Inactive:         468192 kB
Active(anon):     578592 kB
Inactive(anon):    39264 kB
Active(file):     135916 kB
Inactive(file):   428928 kB
Unevictable:           0 kB
Mlocked:               0 kB
HighTotal:       1158144 kB
HighFree:           1760 kB
LowTotal:         742412 kB
LowFree:          325368 kB
SwapTotal:             0 kB
SwapFree:              0 kB
Dirty:                 4 kB
Writeback:             0 kB
AnonPages:        578520 kB
Mapped:           274160 kB
Shmem:             39312 kB
Slab:              44876 kB
SReclaimable:      19820 kB
SUnreclaim:        25056 kB
KernelStack:       10544 kB
PageTables:        17364 kB
NFS_Unstable:          0 kB
Bounce:                0 kB
WritebackTmp:          0 kB
CommitLimit:      950276 kB
Committed_AS:   42765180 kB
VmallocTotal:     245760 kB
VmallocUsed:       68896 kB
VmallocChunk:      75648 kB
==>Sat Apr 15 08:46:06 2017
MemTotal:        1900556 kB
MemFree:          320420 kB
Buffers:           15800 kB
Cached:           588660 kB
SwapCached:            0 kB
Active:           720752 kB
Inactive:         468208 kB
Active(anon):     584836 kB
Inactive(anon):    39256 kB
Active(file):     135916 kB
Inactive(file):   428952 kB
Unevictable:           0 kB
Mlocked:               0 kB
HighTotal:       1158144 kB
HighFree:           1768 kB
LowTotal:         742412 kB
LowFree:          318652 kB
SwapTotal:             0 kB
SwapFree:              0 kB
Dirty:                32 kB
Writeback:             0 kB
AnonPages:        584828 kB
Mapped:           275356 kB
Shmem:             39304 kB
Slab:              44940 kB
SReclaimable:      19820 kB
SUnreclaim:        25120 kB
KernelStack:       10688 kB
PageTables:        17612 kB
NFS_Unstable:          0 kB
Bounce:                0 kB
WritebackTmp:          0 kB
CommitLimit:      950276 kB
Committed_AS:   42837000 kB
VmallocTotal:     245760 kB
VmallocUsed:       71956 kB
VmallocChunk:      75648 kB
==>Sat Apr 15 08:46:16 2017
MemTotal:        1900556 kB
MemFree:          327832 kB
Buffers:           15808 kB
Cached:           588664 kB
SwapCached:            0 kB
Active:           713404 kB
Inactive:         468232 kB
Active(anon):     577488 kB
Inactive(anon):    39260 kB
Active(file):     135916 kB
Inactive(file):   428972 kB
Unevictable:           0 kB
Mlocked:               0 kB
HighTotal:       1158144 kB
HighFree:           1808 kB
LowTotal:         742412 kB
LowFree:          326024 kB
SwapTotal:             0 kB
SwapFree:              0 kB
Dirty:                16 kB
Writeback:             0 kB
AnonPages:        577488 kB
Mapped:           275132 kB
Shmem:             39308 kB
Slab:              44968 kB
SReclaimable:      19820 kB
SUnreclaim:        25148 kB
KernelStack:       10680 kB
PageTables:        17540 kB
NFS_Unstable:          0 kB
Bounce:                0 kB
WritebackTmp:          0 kB
CommitLimit:      950276 kB
Committed_AS:   42807620 kB
VmallocTotal:     245760 kB
VmallocUsed:       70936 kB
VmallocChunk:      75648 kB
==>Sat Apr 15 08:46:26 2017
MemTotal:        1900556 kB
MemFree:          317780 kB
Buffers:           15816 kB
Cached:           588664 kB
SwapCached:            0 kB
Active:           715896 kB
Inactive:         468236 kB
Active(anon):     579976 kB
Inactive(anon):    39260 kB
Active(file):     135920 kB
Inactive(file):   428976 kB
Unevictable:           0 kB
Mlocked:               0 kB
HighTotal:       1158144 kB
HighFree:           1768 kB
LowTotal:         742412 kB
LowFree:          316012 kB
SwapTotal:             0 kB
SwapFree:              0 kB
Dirty:                32 kB
Writeback:             0 kB
AnonPages:        579988 kB
Mapped:           277324 kB
Shmem:             39308 kB
Slab:              46500 kB
SReclaimable:      20228 kB
SUnreclaim:        26272 kB
KernelStack:       16416 kB
PageTables:        17444 kB
NFS_Unstable:          0 kB
Bounce:                0 kB
WritebackTmp:          0 kB
CommitLimit:      950276 kB
Committed_AS:   42775580 kB
VmallocTotal:     245760 kB
VmallocUsed:       70936 kB
VmallocChunk:      75648 kB
==>Sat Apr 15 08:46:36 2017
MemTotal:        1900556 kB
MemFree:          315260 kB
Buffers:           15824 kB
Cached:           588680 kB
SwapCached:            0 kB
Active:           724004 kB
Inactive:         468232 kB
Active(anon):     588068 kB
Inactive(anon):    39268 kB
Active(file):     135936 kB
Inactive(file):   428964 kB
Unevictable:           0 kB
Mlocked:               0 kB
HighTotal:       1158144 kB
HighFree:           1708 kB
LowTotal:         742412 kB
LowFree:          313552 kB
SwapTotal:             0 kB
SwapFree:              0 kB
Dirty:                16 kB
Writeback:             0 kB
AnonPages:        588184 kB
Mapped:           277380 kB
Shmem:             39316 kB
Slab:              45292 kB
SReclaimable:      19892 kB
SUnreclaim:        25400 kB
KernelStack:       10704 kB
PageTables:        17584 kB
NFS_Unstable:          0 kB
Bounce:                0 kB
WritebackTmp:          0 kB
CommitLimit:      950276 kB
Committed_AS:   42807716 kB
VmallocTotal:     245760 kB
VmallocUsed:       71956 kB
VmallocChunk:      75648 kB
==>Sat Apr 15 08:46:46 2017
MemTotal:        1900556 kB
MemFree:          328496 kB
Buffers:           15856 kB
Cached:           589056 kB
SwapCached:            0 kB
Active:           712948 kB
Inactive:         468596 kB
Active(anon):     576972 kB
Inactive(anon):    39600 kB
Active(file):     135976 kB
Inactive(file):   428996 kB
Unevictable:           0 kB
Mlocked:               0 kB
HighTotal:       1158144 kB
HighFree:           1712 kB
LowTotal:         742412 kB
LowFree:          326784 kB
SwapTotal:             0 kB
SwapFree:              0 kB
Dirty:                28 kB
Writeback:             0 kB
AnonPages:        577052 kB
Mapped:           272900 kB
Shmem:             39652 kB
Slab:              44992 kB
SReclaimable:      19832 kB
SUnreclaim:        25160 kB
KernelStack:       10672 kB
PageTables:        17316 kB
NFS_Unstable:          0 kB
Bounce:                0 kB
WritebackTmp:          0 kB
CommitLimit:      950276 kB
Committed_AS:   42743096 kB
VmallocTotal:     245760 kB
VmallocUsed:       68896 kB
VmallocChunk:      75648 kB
==>Sat Apr 15 08:46:56 2017
MemTotal:        1900556 kB
MemFree:          331056 kB
Buffers:           15864 kB
Cached:           589060 kB
SwapCached:            0 kB
Active:           712364 kB
Inactive:         468612 kB
Active(anon):     576388 kB
Inactive(anon):    39608 kB
Active(file):     135976 kB
Inactive(file):   429004 kB
Unevictable:           0 kB
Mlocked:               0 kB
HighTotal:       1158144 kB
HighFree:           1776 kB
LowTotal:         742412 kB
LowFree:          329280 kB
SwapTotal:             0 kB
SwapFree:              0 kB
Dirty:                 4 kB
Writeback:             0 kB
AnonPages:        576504 kB
Mapped:           272836 kB
Shmem:             39656 kB
Slab:              44952 kB
SReclaimable:      19832 kB
SUnreclaim:        25120 kB
KernelStack:       10464 kB
PageTables:        17312 kB
NFS_Unstable:          0 kB
Bounce:                0 kB
WritebackTmp:          0 kB
CommitLimit:      950276 kB
Committed_AS:   42763568 kB
VmallocTotal:     245760 kB
VmallocUsed:       67876 kB
VmallocChunk:      75648 kB
==>Sat Apr 15 08:47:06 2017
MemTotal:        1900556 kB
MemFree:          327776 kB
Buffers:           15880 kB
Cached:           589080 kB
SwapCached:            0 kB
Active:           713504 kB
Inactive:         468660 kB
Active(anon):     577528 kB
Inactive(anon):    39632 kB
Active(file):     135976 kB
Inactive(file):   429028 kB
Unevictable:           0 kB
Mlocked:               0 kB
HighTotal:       1158144 kB
HighFree:           1720 kB
LowTotal:         742412 kB
LowFree:          326056 kB
SwapTotal:             0 kB
SwapFree:              0 kB
Dirty:                24 kB
Writeback:             0 kB
AnonPages:        577236 kB
Mapped:           275420 kB
Shmem:             39680 kB
Slab:              44984 kB
SReclaimable:      19832 kB
SUnreclaim:        25152 kB
KernelStack:       10664 kB
PageTables:        17652 kB
NFS_Unstable:          0 kB
Bounce:                0 kB
WritebackTmp:          0 kB
CommitLimit:      950276 kB
Committed_AS:   42789960 kB
VmallocTotal:     245760 kB
VmallocUsed:       67884 kB
VmallocChunk:      75648 kB
==>Sat Apr 15 08:47:16 2017
MemTotal:        1900556 kB
MemFree:          296172 kB
Buffers:           16072 kB
Cached:           590608 kB
SwapCached:            0 kB
Active:           741728 kB
Inactive:         470236 kB
Active(anon):     605748 kB
Inactive(anon):    39648 kB
Active(file):     135980 kB
Inactive(file):   430588 kB
Unevictable:           0 kB
Mlocked:               0 kB
HighTotal:       1158144 kB
HighFree:           1708 kB
LowTotal:         742412 kB
LowFree:          294464 kB
SwapTotal:             0 kB
SwapFree:              0 kB
Dirty:              1520 kB
Writeback:             0 kB
AnonPages:        606116 kB
Mapped:           277232 kB
Shmem:             39696 kB
Slab:              45056 kB
SReclaimable:      19824 kB
SUnreclaim:        25232 kB
KernelStack:       10720 kB
PageTables:        17476 kB
NFS_Unstable:          0 kB
Bounce:                0 kB
WritebackTmp:          0 kB
CommitLimit:      950276 kB
Committed_AS:   42781340 kB
VmallocTotal:     245760 kB
VmallocUsed:       67872 kB
VmallocChunk:      75648 kB
==>Sat Apr 15 08:47:26 2017
MemTotal:        1900556 kB
MemFree:          373540 kB
Buffers:           16204 kB
Cached:           590576 kB
SwapCached:            0 kB
Active:           709924 kB
Inactive:         471520 kB
Active(anon):     574988 kB
Inactive(anon):    25288 kB
Active(file):     134936 kB
Inactive(file):   446232 kB
Unevictable:           0 kB
Mlocked:               0 kB
HighTotal:       1158144 kB
HighFree:           1704 kB
LowTotal:         742412 kB
LowFree:          371836 kB
SwapTotal:             0 kB
SwapFree:              0 kB
Dirty:               432 kB
Writeback:             0 kB
AnonPages:        574664 kB
Mapped:           219500 kB
Shmem:             25336 kB
Slab:              45244 kB
SReclaimable:      20040 kB
SUnreclaim:        25204 kB
KernelStack:       10592 kB
PageTables:        17304 kB
NFS_Unstable:          0 kB
Bounce:                0 kB
WritebackTmp:          0 kB
CommitLimit:      950276 kB
Committed_AS:   42739072 kB
VmallocTotal:     245760 kB
VmallocUsed:       67876 kB
VmallocChunk:      75648 kB
==>Sat Apr 15 08:47:36 2017
MemTotal:        1900556 kB
MemFree:          365592 kB
Buffers:           16228 kB
Cached:           593028 kB
SwapCached:            0 kB
Active:           715660 kB
Inactive:         473064 kB
Active(anon):     579804 kB
Inactive(anon):    26088 kB
Active(file):     135856 kB
Inactive(file):   446976 kB
Unevictable:           0 kB
Mlocked:               0 kB
HighTotal:       1158144 kB
HighFree:           1736 kB
LowTotal:         742412 kB
LowFree:          363856 kB
SwapTotal:             0 kB
SwapFree:              0 kB
Dirty:                80 kB
Writeback:             0 kB
AnonPages:        579764 kB
Mapped:           220688 kB
Shmem:             26148 kB
Slab:              45252 kB
SReclaimable:      20048 kB
SUnreclaim:        25204 kB
KernelStack:       10640 kB
PageTables:        17420 kB
NFS_Unstable:          0 kB
Bounce:                0 kB
WritebackTmp:          0 kB
CommitLimit:      950276 kB
Committed_AS:   42784948 kB
VmallocTotal:     245760 kB
VmallocUsed:       71956 kB
VmallocChunk:      75648 kB
==>Sat Apr 15 08:47:46 2017
MemTotal:        1900556 kB
MemFree:          345248 kB
Buffers:           16244 kB
Cached:           599608 kB
SwapCached:            0 kB
Active:           718308 kB
Inactive:         479656 kB
Active(anon):     582436 kB
Inactive(anon):    32656 kB
Active(file):     135872 kB
Inactive(file):   447000 kB
Unevictable:           0 kB
Mlocked:               0 kB
HighTotal:       1158144 kB
HighFree:           1828 kB
LowTotal:         742412 kB
LowFree:          343420 kB
SwapTotal:             0 kB
SwapFree:              0 kB
Dirty:                 0 kB
Writeback:             0 kB
AnonPages:        582392 kB
Mapped:           227512 kB
Shmem:             32704 kB
Slab:              45324 kB
SReclaimable:      20056 kB
SUnreclaim:        25268 kB
KernelStack:       10720 kB
PageTables:        17440 kB
NFS_Unstable:          0 kB
Bounce:                0 kB
WritebackTmp:          0 kB
CommitLimit:      950276 kB
Committed_AS:   42812380 kB
VmallocTotal:     245760 kB
VmallocUsed:       76036 kB
VmallocChunk:      75648 kB
==>Sat Apr 15 08:47:56 2017
MemTotal:        1900556 kB
MemFree:          326728 kB
Buffers:           16268 kB
Cached:           600528 kB
SwapCached:            0 kB
Active:           722652 kB
Inactive:         480500 kB
Active(anon):     586680 kB
Inactive(anon):    33424 kB
Active(file):     135972 kB
Inactive(file):   447076 kB
Unevictable:           0 kB
Mlocked:               0 kB
HighTotal:       1158144 kB
HighFree:           2008 kB
LowTotal:         742412 kB
LowFree:          324720 kB
SwapTotal:             0 kB
SwapFree:              0 kB
Dirty:                28 kB
Writeback:             0 kB
AnonPages:        586700 kB
Mapped:           230560 kB
Shmem:             33472 kB
Slab:              45408 kB
SReclaimable:      20072 kB
SUnreclaim:        25336 kB
KernelStack:       10728 kB
PageTables:        17564 kB
NFS_Unstable:          0 kB
Bounce:                0 kB
WritebackTmp:          0 kB
CommitLimit:      950276 kB
Committed_AS:   42871156 kB
VmallocTotal:     245760 kB
VmallocUsed:       79096 kB
VmallocChunk:      75648 kB
==>Sat Apr 15 08:48:06 2017
MemTotal:        1900556 kB
MemFree:          318776 kB
Buffers:           16308 kB
Cached:           600536 kB
SwapCached:            0 kB
Active:           729288 kB
Inactive:         480536 kB
Active(anon):     593308 kB
Inactive(anon):    33396 kB
Active(file):     135980 kB
Inactive(file):   447140 kB
Unevictable:           0 kB
Mlocked:               0 kB
HighTotal:       1158144 kB
HighFree:           1812 kB
LowTotal:         742412 kB
LowFree:          316964 kB
SwapTotal:             0 kB
SwapFree:              0 kB
Dirty:                 0 kB
Writeback:             0 kB
AnonPages:        593280 kB
Mapped:           240244 kB
Shmem:             33448 kB
Slab:              45420 kB
SReclaimable:      20080 kB
SUnreclaim:        25340 kB
KernelStack:       10720 kB
PageTables:        17556 kB
NFS_Unstable:          0 kB
Bounce:                0 kB
WritebackTmp:          0 kB
CommitLimit:      950276 kB
Committed_AS:   42848464 kB
VmallocTotal:     245760 kB
VmallocUsed:       78076 kB
VmallocChunk:      75648 kB
==>Sat Apr 15 08:48:16 2017
MemTotal:        1900556 kB
MemFree:          314428 kB
Buffers:           16348 kB
Cached:           603964 kB
SwapCached:            0 kB
Active:           720848 kB
Inactive:         483992 kB
Active(anon):     584864 kB
Inactive(anon):    36824 kB
Active(file):     135984 kB
Inactive(file):   447168 kB
Unevictable:           0 kB
Mlocked:               0 kB
HighTotal:       1158144 kB
HighFree:           2084 kB
LowTotal:         742412 kB
LowFree:          312344 kB
SwapTotal:             0 kB
SwapFree:              0 kB
Dirty:                60 kB
Writeback:             0 kB
AnonPages:        584808 kB
Mapped:           259828 kB
Shmem:             36872 kB
Slab:              45192 kB
SReclaimable:      20072 kB
SUnreclaim:        25120 kB
KernelStack:       10680 kB
PageTables:        17384 kB
NFS_Unstable:          0 kB
Bounce:                0 kB
WritebackTmp:          0 kB
CommitLimit:      950276 kB
Committed_AS:   42754520 kB
VmallocTotal:     245760 kB
VmallocUsed:       67888 kB
VmallocChunk:      75648 kB
==>Sat Apr 15 08:48:26 2017
MemTotal:        1900556 kB
MemFree:          325648 kB
Buffers:           16432 kB
Cached:           606824 kB
SwapCached:            0 kB
Active:           718420 kB
Inactive:         486992 kB
Active(anon):     582416 kB
Inactive(anon):    36640 kB
Active(file):     136004 kB
Inactive(file):   450352 kB
Unevictable:           0 kB
Mlocked:               0 kB
HighTotal:       1158144 kB
HighFree:           1824 kB
LowTotal:         742412 kB
LowFree:          323824 kB
SwapTotal:             0 kB
SwapFree:              0 kB
Dirty:              3128 kB
Writeback:             0 kB
AnonPages:        582364 kB
Mapped:           248372 kB
Shmem:             36604 kB
Slab:              45320 kB
SReclaimable:      20132 kB
SUnreclaim:        25188 kB
KernelStack:       10752 kB
PageTables:        17436 kB
NFS_Unstable:          0 kB
Bounce:                0 kB
WritebackTmp:          0 kB
CommitLimit:      950276 kB
Committed_AS:   42748000 kB
VmallocTotal:     245760 kB
VmallocUsed:       68900 kB
VmallocChunk:      75648 kB
==>Sat Apr 15 08:48:36 2017
MemTotal:        1900556 kB
MemFree:          314084 kB
Buffers:           16564 kB
Cached:           611068 kB
SwapCached:            0 kB
Active:           746236 kB
Inactive:         491272 kB
Active(anon):     610204 kB
Inactive(anon):    25080 kB
Active(file):     136032 kB
Inactive(file):   466192 kB
Unevictable:           0 kB
Mlocked:               0 kB
HighTotal:       1158144 kB
HighFree:           1792 kB
LowTotal:         742412 kB
LowFree:          312292 kB
SwapTotal:             0 kB
SwapFree:              0 kB
Dirty:              4768 kB
Writeback:             0 kB
AnonPages:        610168 kB
Mapped:           220992 kB
Shmem:             25132 kB
Slab:              45164 kB
SReclaimable:      20320 kB
SUnreclaim:        24844 kB
KernelStack:       10776 kB
PageTables:        17232 kB
NFS_Unstable:          0 kB
Bounce:                0 kB
WritebackTmp:          0 kB
CommitLimit:      950276 kB
Committed_AS:   42724560 kB
VmallocTotal:     245760 kB
VmallocUsed:       67872 kB
VmallocChunk:      75648 kB
==>Sat Apr 15 08:48:46 2017
MemTotal:        1900556 kB
MemFree:          309432 kB
Buffers:           16604 kB
Cached:           611596 kB
SwapCached:            0 kB
Active:           749656 kB
Inactive:         491668 kB
Active(anon):     613452 kB
Inactive(anon):    25224 kB
Active(file):     136204 kB
Inactive(file):   466444 kB
Unevictable:           0 kB
Mlocked:               0 kB
HighTotal:       1158144 kB
HighFree:           1820 kB
LowTotal:         742412 kB
LowFree:          307612 kB
SwapTotal:             0 kB
SwapFree:              0 kB
Dirty:               172 kB
Writeback:             0 kB
AnonPages:        613424 kB
Mapped:           222464 kB
Shmem:             25276 kB
Slab:              45332 kB
SReclaimable:      20320 kB
SUnreclaim:        25012 kB
KernelStack:       10776 kB
PageTables:        17336 kB
NFS_Unstable:          0 kB
Bounce:                0 kB
WritebackTmp:          0 kB
CommitLimit:      950276 kB
Committed_AS:   42765120 kB
VmallocTotal:     245760 kB
VmallocUsed:       69912 kB
VmallocChunk:      75648 kB
==>Sat Apr 15 08:48:56 2017
MemTotal:        1900556 kB
MemFree:          333252 kB
Buffers:           16716 kB
Cached:           614468 kB
SwapCached:            0 kB
Active:           723452 kB
Inactive:         494564 kB
Active(anon):     587152 kB
Inactive(anon):    27880 kB
Active(file):     136300 kB
Inactive(file):   466684 kB
Unevictable:           0 kB
Mlocked:               0 kB
HighTotal:       1158144 kB
HighFree:           1736 kB
LowTotal:         742412 kB
LowFree:          331516 kB
SwapTotal:             0 kB
SwapFree:              0 kB
Dirty:               244 kB
Writeback:             0 kB
AnonPages:        587096 kB
Mapped:           223356 kB
Shmem:             27928 kB
Slab:              45412 kB
SReclaimable:      20396 kB
SUnreclaim:        25016 kB
KernelStack:       10704 kB
PageTables:        17760 kB
NFS_Unstable:          0 kB
Bounce:                0 kB
WritebackTmp:          0 kB
CommitLimit:      950276 kB
Committed_AS:   42838420 kB
VmallocTotal:     245760 kB
VmallocUsed:       73984 kB
VmallocChunk:      75648 kB
==>Sat Apr 15 08:49:06 2017
MemTotal:        1900556 kB
MemFree:          331532 kB
Buffers:           16756 kB
Cached:           613276 kB
SwapCached:            0 kB
Active:           725472 kB
Inactive:         493296 kB
Active(anon):     589152 kB
Inactive(anon):    25064 kB
Active(file):     136320 kB
Inactive(file):   468232 kB
Unevictable:           0 kB
Mlocked:               0 kB
HighTotal:       1158144 kB
HighFree:           1808 kB
LowTotal:         742412 kB
LowFree:          329724 kB
SwapTotal:             0 kB
SwapFree:              0 kB
Dirty:              1592 kB
Writeback:             0 kB
AnonPages:        589204 kB
Mapped:           222132 kB
Shmem:             25112 kB
Slab:              45440 kB
SReclaimable:      20392 kB
SUnreclaim:        25048 kB
KernelStack:       11016 kB
PageTables:        18076 kB
NFS_Unstable:          0 kB
Bounce:                0 kB
WritebackTmp:          0 kB
CommitLimit:      950276 kB
Committed_AS:   42851852 kB
VmallocTotal:     245760 kB
VmallocUsed:       72972 kB
VmallocChunk:      75648 kB
==>Sat Apr 15 08:49:16 2017
MemTotal:        1900556 kB
MemFree:          266772 kB
Buffers:           16896 kB
Cached:           641128 kB
SwapCached:            0 kB
Active:           756680 kB
Inactive:         521304 kB
Active(anon):     620300 kB
Inactive(anon):    25080 kB
Active(file):     136380 kB
Inactive(file):   496224 kB
Unevictable:           0 kB
Mlocked:               0 kB
HighTotal:       1158144 kB
HighFree:           1784 kB
LowTotal:         742412 kB
LowFree:          264988 kB
SwapTotal:             0 kB
SwapFree:              0 kB
Dirty:              9852 kB
Writeback:             0 kB
AnonPages:        620276 kB
Mapped:           223500 kB
Shmem:             25132 kB
Slab:              46708 kB
SReclaimable:      21020 kB
SUnreclaim:        25688 kB
KernelStack:       14904 kB
PageTables:        17784 kB
NFS_Unstable:          0 kB
Bounce:                0 kB
WritebackTmp:          0 kB
CommitLimit:      950276 kB
Committed_AS:   42816988 kB
VmallocTotal:     245760 kB
VmallocUsed:       73992 kB
VmallocChunk:      75648 kB
==>Sat Apr 15 08:49:26 2017
MemTotal:        1900556 kB
MemFree:          241276 kB
Buffers:           16920 kB
Cached:           641128 kB
SwapCached:            0 kB
Active:           755080 kB
Inactive:         521328 kB
Active(anon):     618700 kB
Inactive(anon):    25080 kB
Active(file):     136380 kB
Inactive(file):   496248 kB
Unevictable:           0 kB
Mlocked:               0 kB
HighTotal:       1158144 kB
HighFree:           1804 kB
LowTotal:         742412 kB
LowFree:          239472 kB
SwapTotal:             0 kB
SwapFree:              0 kB
Dirty:                12 kB
Writeback:             0 kB
AnonPages:        618668 kB
Mapped:           222252 kB
Shmem:             25132 kB
Slab:              55932 kB
SReclaimable:      22764 kB
SUnreclaim:        33168 kB
KernelStack:       34536 kB
PageTables:        17496 kB
NFS_Unstable:          0 kB
Bounce:                0 kB
WritebackTmp:          0 kB
CommitLimit:      950276 kB
Committed_AS:   42788360 kB
VmallocTotal:     245760 kB
VmallocUsed:       73992 kB
VmallocChunk:      75648 kB
==>Sat Apr 15 08:49:36 2017
MemTotal:        1900556 kB
MemFree:          270308 kB
Buffers:           16936 kB
Cached:           641228 kB
SwapCached:            0 kB
Active:           758268 kB
Inactive:         521432 kB
Active(anon):     621876 kB
Inactive(anon):    25080 kB
Active(file):     136392 kB
Inactive(file):   496352 kB
Unevictable:           0 kB
Mlocked:               0 kB
HighTotal:       1158144 kB
HighFree:           1784 kB
LowTotal:         742412 kB
LowFree:          268524 kB
SwapTotal:             0 kB
SwapFree:              0 kB
Dirty:                 0 kB
Writeback:             0 kB
AnonPages:        621884 kB
Mapped:           222216 kB
Shmem:             25132 kB
Slab:              47444 kB
SReclaimable:      20956 kB
SUnreclaim:        26488 kB
KernelStack:       10776 kB
PageTables:        17488 kB
NFS_Unstable:          0 kB
Bounce:                0 kB
WritebackTmp:          0 kB
CommitLimit:      950276 kB
Committed_AS:   42796688 kB
VmallocTotal:     245760 kB
VmallocUsed:       76032 kB
VmallocChunk:      75648 kB
==>Sat Apr 15 08:49:46 2017
MemTotal:        1900556 kB
MemFree:          265252 kB
Buffers:           16944 kB
Cached:           642268 kB
SwapCached:            0 kB
Active:           758844 kB
Inactive:         522480 kB
Active(anon):     622452 kB
Inactive(anon):    25080 kB
Active(file):     136392 kB
Inactive(file):   497400 kB
Unevictable:           0 kB
Mlocked:               0 kB
HighTotal:       1158144 kB
HighFree:           1816 kB
LowTotal:         742412 kB
LowFree:          263436 kB
SwapTotal:             0 kB
SwapFree:              0 kB
Dirty:              1044 kB
Writeback:             0 kB
AnonPages:        622364 kB
Mapped:           221968 kB
Shmem:             25132 kB
Slab:              47428 kB
SReclaimable:      21104 kB
SUnreclaim:        26324 kB
KernelStack:       14528 kB
PageTables:        17616 kB
NFS_Unstable:          0 kB
Bounce:                0 kB
WritebackTmp:          0 kB
CommitLimit:      950276 kB
Committed_AS:   42804396 kB
VmallocTotal:     245760 kB
VmallocUsed:       77052 kB
VmallocChunk:      75648 kB
==>Sat Apr 15 08:49:56 2017
MemTotal:        1900556 kB
MemFree:          243764 kB
Buffers:           17008 kB
Cached:           657972 kB
SwapCached:            0 kB
Active:           766428 kB
Inactive:         538224 kB
Active(anon):     630012 kB
Inactive(anon):    25080 kB
Active(file):     136416 kB
Inactive(file):   513144 kB
Unevictable:           0 kB
Mlocked:               0 kB
HighTotal:       1158144 kB
HighFree:           1808 kB
LowTotal:         742412 kB
LowFree:          241956 kB
SwapTotal:             0 kB
SwapFree:              0 kB
Dirty:               780 kB
Writeback:             0 kB
AnonPages:        630028 kB
Mapped:           223148 kB
Shmem:             25132 kB
Slab:              47980 kB
SReclaimable:      21368 kB
SUnreclaim:        26612 kB
KernelStack:       10800 kB
PageTables:        17564 kB
NFS_Unstable:          0 kB
Bounce:                0 kB
WritebackTmp:          0 kB
CommitLimit:      950276 kB
Committed_AS:   42833128 kB
VmallocTotal:     245760 kB
VmallocUsed:       79092 kB
VmallocChunk:      75648 kB
==>Sat Apr 15 08:50:06 2017
MemTotal:        1900556 kB
MemFree:          240288 kB
Buffers:           17032 kB
Cached:           658076 kB
SwapCached:            0 kB
Active:           769760 kB
Inactive:         538344 kB
Active(anon):     633336 kB
Inactive(anon):    25080 kB
Active(file):     136424 kB
Inactive(file):   513264 kB
Unevictable:           0 kB
Mlocked:               0 kB
HighTotal:       1158144 kB
HighFree:           1756 kB
LowTotal:         742412 kB
LowFree:          238532 kB
SwapTotal:             0 kB
SwapFree:              0 kB
Dirty:                56 kB
Writeback:             0 kB
AnonPages:        633336 kB
Mapped:           223172 kB
Shmem:             25132 kB
Slab:              47880 kB
SReclaimable:      21340 kB
SUnreclaim:        26540 kB
KernelStack:       10832 kB
PageTables:        17568 kB
NFS_Unstable:          0 kB
Bounce:                0 kB
WritebackTmp:          0 kB
CommitLimit:      950276 kB
Committed_AS:   42817612 kB
VmallocTotal:     245760 kB
VmallocUsed:       78072 kB
VmallocChunk:      75648 kB
==>Sat Apr 15 08:50:16 2017
MemTotal:        1900556 kB
MemFree:          222796 kB
Buffers:           17088 kB
Cached:           661328 kB
SwapCached:            0 kB
Active:           776716 kB
Inactive:         541608 kB
Active(anon):     640264 kB
Inactive(anon):    25080 kB
Active(file):     136452 kB
Inactive(file):   516528 kB
Unevictable:           0 kB
Mlocked:               0 kB
HighTotal:       1158144 kB
HighFree:           1708 kB
LowTotal:         742412 kB
LowFree:          221088 kB
SwapTotal:             0 kB
SwapFree:              0 kB
Dirty:              1100 kB
Writeback:             0 kB
AnonPages:        640248 kB
Mapped:           225800 kB
Shmem:             25132 kB
Slab:              48572 kB
SReclaimable:      21544 kB
SUnreclaim:        27028 kB
KernelStack:       15720 kB
PageTables:        18064 kB
NFS_Unstable:          0 kB
Bounce:                0 kB
WritebackTmp:          0 kB
CommitLimit:      950276 kB
Committed_AS:   44055196 kB
VmallocTotal:     245760 kB
VmallocUsed:       78272 kB
VmallocChunk:      75648 kB
==>Sat Apr 15 08:50:26 2017
MemTotal:        1900556 kB
MemFree:          233572 kB
Buffers:           17124 kB
Cached:           668628 kB
SwapCached:            0 kB
Active:           763552 kB
Inactive:         548948 kB
Active(anon):     627088 kB
Inactive(anon):    25080 kB
Active(file):     136464 kB
Inactive(file):   523868 kB
Unevictable:           0 kB
Mlocked:               0 kB
HighTotal:       1158144 kB
HighFree:           1808 kB
LowTotal:         742412 kB
LowFree:          231764 kB
SwapTotal:             0 kB
SwapFree:              0 kB
Dirty:                80 kB
Writeback:             0 kB
AnonPages:        627036 kB
Mapped:           225552 kB
Shmem:             25132 kB
Slab:              48604 kB
SReclaimable:      21512 kB
SUnreclaim:        27092 kB
KernelStack:       11088 kB
PageTables:        18156 kB
NFS_Unstable:          0 kB
Bounce:                0 kB
WritebackTmp:          0 kB
CommitLimit:      950276 kB
Committed_AS:   44057604 kB
VmallocTotal:     245760 kB
VmallocUsed:       78272 kB
