==>Mon Apr 10 18:50:53 2017
MemTotal:        1900556 kB
MemFree:          899552 kB
Buffers:           10428 kB
Cached:           341024 kB
SwapCached:            0 kB
Active:           392104 kB
Inactive:         289576 kB
Active(anon):     330232 kB
Inactive(anon):      416 kB
Active(file):      61872 kB
Inactive(file):   289160 kB
Unevictable:           0 kB
Mlocked:               0 kB
HighTotal:       1158144 kB
HighFree:         234656 kB
LowTotal:         742412 kB
LowFree:          664896 kB
SwapTotal:             0 kB
SwapFree:              0 kB
Dirty:              1980 kB
Writeback:             0 kB
AnonPages:        330200 kB
Mapped:           119580 kB
Shmem:               460 kB
Slab:              34160 kB
SReclaimable:      11912 kB
SUnreclaim:        22248 kB
KernelStack:        9656 kB
PageTables:        12976 kB
NFS_Unstable:          0 kB
Bounce:                0 kB
WritebackTmp:          0 kB
CommitLimit:      950276 kB
Committed_AS:   42104160 kB
VmallocTotal:     245760 kB
VmallocUsed:       65440 kB
VmallocChunk:      82320 kB
==>Mon Apr 10 18:51:03 2017
MemTotal:        1900556 kB
MemFree:          873752 kB
Buffers:           10860 kB
Cached:           346836 kB
SwapCached:            0 kB
Active:           405380 kB
Inactive:         292976 kB
Active(anon):     340712 kB
Inactive(anon):      416 kB
Active(file):      64668 kB
Inactive(file):   292560 kB
Unevictable:           0 kB
Mlocked:               0 kB
HighTotal:       1158144 kB
HighFree:         213188 kB
LowTotal:         742412 kB
LowFree:          660564 kB
SwapTotal:             0 kB
SwapFree:              0 kB
Dirty:              1156 kB
Writeback:             0 kB
AnonPages:        340700 kB
Mapped:           120788 kB
Shmem:               460 kB
Slab:              35956 kB
SReclaimable:      12452 kB
SUnreclaim:        23504 kB
KernelStack:        9392 kB
PageTables:        14172 kB
NFS_Unstable:          0 kB
Bounce:                0 kB
WritebackTmp:          0 kB
CommitLimit:      950276 kB
Committed_AS:   44520888 kB
VmallocTotal:     245760 kB
VmallocUsed:       68520 kB
VmallocChunk:      82320 kB
==>Mon Apr 10 18:51:13 2017
MemTotal:        1900556 kB
MemFree:          847360 kB
Buffers:           11388 kB
Cached:           347140 kB
SwapCached:            0 kB
Active:           432000 kB
Inactive:         291488 kB
Active(anon):     365008 kB
Inactive(anon):      416 kB
Active(file):      66992 kB
Inactive(file):   291072 kB
Unevictable:           0 kB
Mlocked:               0 kB
HighTotal:       1158144 kB
HighFree:         188004 kB
LowTotal:         742412 kB
LowFree:          659356 kB
SwapTotal:             0 kB
SwapFree:              0 kB
Dirty:               148 kB
Writeback:             0 kB
AnonPages:        365000 kB
Mapped:           123100 kB
Shmem:               460 kB
Slab:              36888 kB
SReclaimable:      12628 kB
SUnreclaim:        24260 kB
KernelStack:        9400 kB
PageTables:        14336 kB
NFS_Unstable:          0 kB
Bounce:                0 kB
WritebackTmp:          0 kB
CommitLimit:      950276 kB
Committed_AS:   43362376 kB
VmallocTotal:     245760 kB
VmallocUsed:       70560 kB
VmallocChunk:      75648 kB
==>Mon Apr 10 18:51:23 2017
MemTotal:        1900556 kB
MemFree:          841372 kB
Buffers:           11508 kB
Cached:           348848 kB
SwapCached:            0 kB
Active:           435600 kB
Inactive:         291980 kB
Active(anon):     367292 kB
Inactive(anon):      416 kB
Active(file):      68308 kB
Inactive(file):   291564 kB
Unevictable:           0 kB
Mlocked:               0 kB
HighTotal:       1158144 kB
HighFree:         184572 kB
LowTotal:         742412 kB
LowFree:          656800 kB
SwapTotal:             0 kB
SwapFree:              0 kB
Dirty:               124 kB
Writeback:             0 kB
AnonPages:        367296 kB
Mapped:           123520 kB
Shmem:               460 kB
Slab:              37164 kB
SReclaimable:      12760 kB
SUnreclaim:        24404 kB
KernelStack:       10968 kB
PageTables:        14416 kB
NFS_Unstable:          0 kB
Bounce:                0 kB
WritebackTmp:          0 kB
CommitLimit:      950276 kB
Committed_AS:   43347412 kB
VmallocTotal:     245760 kB
VmallocUsed:       69540 kB
VmallocChunk:      75648 kB
==>Mon Apr 10 18:51:33 2017
MemTotal:        1900556 kB
MemFree:          806448 kB
Buffers:           12036 kB
Cached:           372696 kB
SwapCached:            0 kB
Active:           448800 kB
Inactive:         313576 kB
Active(anon):     377896 kB
Inactive(anon):      420 kB
Active(file):      70904 kB
Inactive(file):   313156 kB
Unevictable:           0 kB
Mlocked:               0 kB
HighTotal:       1158144 kB
HighFree:         148416 kB
LowTotal:         742412 kB
LowFree:          658032 kB
SwapTotal:             0 kB
SwapFree:              0 kB
Dirty:              1360 kB
Writeback:             0 kB
AnonPages:        377992 kB
Mapped:           123680 kB
Shmem:               464 kB
Slab:              36968 kB
SReclaimable:      12852 kB
SUnreclaim:        24116 kB
KernelStack:        9616 kB
PageTables:        14428 kB
NFS_Unstable:          0 kB
Bounce:                0 kB
WritebackTmp:          0 kB
CommitLimit:      950276 kB
Committed_AS:   42133988 kB
VmallocTotal:     245760 kB
VmallocUsed:       66488 kB
VmallocChunk:      79884 kB
==>Mon Apr 10 18:51:43 2017
MemTotal:        1900556 kB
MemFree:          769780 kB
Buffers:           12248 kB
Cached:           392092 kB
SwapCached:            0 kB
Active:           514416 kB
Inactive:         284020 kB
Active(anon):     394136 kB
Inactive(anon):      420 kB
Active(file):     120280 kB
Inactive(file):   283600 kB
Unevictable:           0 kB
Mlocked:               0 kB
HighTotal:       1158144 kB
HighFree:         112540 kB
LowTotal:         742412 kB
LowFree:          657240 kB
SwapTotal:             0 kB
SwapFree:              0 kB
Dirty:                12 kB
Writeback:             0 kB
AnonPages:        394144 kB
Mapped:           127100 kB
Shmem:               464 kB
Slab:              36880 kB
SReclaimable:      12960 kB
SUnreclaim:        23920 kB
KernelStack:        9872 kB
PageTables:        14652 kB
NFS_Unstable:          0 kB
Bounce:                0 kB
WritebackTmp:          0 kB
CommitLimit:      950276 kB
Committed_AS:   43365656 kB
VmallocTotal:     245760 kB
VmallocUsed:       69540 kB
VmallocChunk:      75648 kB
==>Mon Apr 10 18:51:53 2017
MemTotal:        1900556 kB
MemFree:          764624 kB
Buffers:           12532 kB
Cached:           395712 kB
SwapCached:            0 kB
Active:           512468 kB
Inactive:         287408 kB
Active(anon):     391828 kB
Inactive(anon):      416 kB
Active(file):     120640 kB
Inactive(file):   286992 kB
Unevictable:           0 kB
Mlocked:               0 kB
HighTotal:       1158144 kB
HighFree:         107788 kB
LowTotal:         742412 kB
LowFree:          656836 kB
SwapTotal:             0 kB
SwapFree:              0 kB
Dirty:               108 kB
Writeback:             0 kB
AnonPages:        391968 kB
Mapped:           126572 kB
Shmem:               460 kB
Slab:              36924 kB
SReclaimable:      13080 kB
SUnreclaim:        23844 kB
KernelStack:        9824 kB
PageTables:        14552 kB
NFS_Unstable:          0 kB
Bounce:                0 kB
WritebackTmp:          0 kB
CommitLimit:      950276 kB
Committed_AS:   40945228 kB
VmallocTotal:     245760 kB
VmallocUsed:       66496 kB
VmallocChunk:      79884 kB
==>Mon Apr 10 18:52:03 2017
MemTotal:        1900556 kB
MemFree:          763584 kB
Buffers:           12572 kB
Cached:           395852 kB
SwapCached:            0 kB
Active:           514492 kB
Inactive:         287512 kB
Active(anon):     393720 kB
Inactive(anon):      416 kB
Active(file):     120772 kB
Inactive(file):   287096 kB
Unevictable:           0 kB
Mlocked:               0 kB
HighTotal:       1158144 kB
HighFree:         106068 kB
LowTotal:         742412 kB
LowFree:          657516 kB
SwapTotal:             0 kB
SwapFree:              0 kB
Dirty:                60 kB
Writeback:             0 kB
AnonPages:        393704 kB
Mapped:           126312 kB
Shmem:               460 kB
Slab:              36840 kB
SReclaimable:      13156 kB
SUnreclaim:        23684 kB
KernelStack:        9728 kB
PageTables:        14460 kB
NFS_Unstable:          0 kB
Bounce:                0 kB
WritebackTmp:          0 kB
CommitLimit:      950276 kB
Committed_AS:   39770808 kB
VmallocTotal:     245760 kB
VmallocUsed:       65484 kB
VmallocChunk:      79884 kB
==>Mon Apr 10 18:52:13 2017
MemTotal:        1900556 kB
MemFree:          754940 kB
Buffers:           12740 kB
Cached:           396624 kB
SwapCached:            0 kB
Active:           522736 kB
Inactive:         288128 kB
Active(anon):     401728 kB
Inactive(anon):      416 kB
Active(file):     121008 kB
Inactive(file):   287712 kB
Unevictable:           0 kB
Mlocked:               0 kB
HighTotal:       1158144 kB
HighFree:          97680 kB
LowTotal:         742412 kB
LowFree:          657260 kB
SwapTotal:             0 kB
SwapFree:              0 kB
Dirty:               312 kB
Writeback:             0 kB
AnonPages:        401816 kB
Mapped:           129140 kB
Shmem:               460 kB
Slab:              37120 kB
SReclaimable:      13168 kB
SUnreclaim:        23952 kB
KernelStack:        9888 kB
PageTables:        14228 kB
NFS_Unstable:          0 kB
Bounce:                0 kB
WritebackTmp:          0 kB
CommitLimit:      950276 kB
Committed_AS:   39752588 kB
VmallocTotal:     245760 kB
VmallocUsed:       65460 kB
VmallocChunk:      79884 kB
==>Mon Apr 10 18:52:23 2017
MemTotal:        1900556 kB
MemFree:          736220 kB
Buffers:           12868 kB
Cached:           397304 kB
SwapCached:            0 kB
Active:           536304 kB
Inactive:         288912 kB
Active(anon):     415260 kB
Inactive(anon):      416 kB
Active(file):     121044 kB
Inactive(file):   288496 kB
Unevictable:           0 kB
Mlocked:               0 kB
HighTotal:       1158144 kB
HighFree:          83788 kB
LowTotal:         742412 kB
LowFree:          652432 kB
SwapTotal:             0 kB
SwapFree:              0 kB
Dirty:                 8 kB
Writeback:             0 kB
AnonPages:        415376 kB
Mapped:           130468 kB
Shmem:               460 kB
Slab:              37812 kB
SReclaimable:      13340 kB
SUnreclaim:        24472 kB
KernelStack:       13824 kB
PageTables:        14516 kB
NFS_Unstable:          0 kB
Bounce:                0 kB
WritebackTmp:          0 kB
CommitLimit:      950276 kB
Committed_AS:   40959060 kB
VmallocTotal:     245760 kB
VmallocUsed:       66480 kB
VmallocChunk:      79884 kB
==>Mon Apr 10 18:52:33 2017
MemTotal:        1900556 kB
MemFree:          724108 kB
Buffers:           12960 kB
Cached:           397916 kB
SwapCached:            0 kB
Active:           547936 kB
Inactive:         289468 kB
Active(anon):     426752 kB
Inactive(anon):      416 kB
Active(file):     121184 kB
Inactive(file):   289052 kB
Unevictable:           0 kB
Mlocked:               0 kB
HighTotal:       1158144 kB
HighFree:          68660 kB
LowTotal:         742412 kB
LowFree:          655448 kB
SwapTotal:             0 kB
SwapFree:              0 kB
Dirty:                84 kB
Writeback:             0 kB
AnonPages:        426716 kB
Mapped:           134496 kB
Shmem:               460 kB
Slab:              38080 kB
SReclaimable:      13408 kB
SUnreclaim:        24672 kB
KernelStack:        9848 kB
PageTables:        14580 kB
NFS_Unstable:          0 kB
Bounce:                0 kB
WritebackTmp:          0 kB
CommitLimit:      950276 kB
Committed_AS:   40959520 kB
VmallocTotal:     245760 kB
VmallocUsed:       66492 kB
VmallocChunk:      79884 kB
==>Mon Apr 10 18:52:43 2017
MemTotal:        1900556 kB
MemFree:          686648 kB
Buffers:           13176 kB
Cached:           415448 kB
SwapCached:            0 kB
Active:           564328 kB
Inactive:         306720 kB
Active(anon):     442648 kB
Inactive(anon):      604 kB
Active(file):     121680 kB
Inactive(file):   306116 kB
Unevictable:           0 kB
Mlocked:               0 kB
HighTotal:       1158144 kB
HighFree:          33504 kB
LowTotal:         742412 kB
LowFree:          653144 kB
SwapTotal:             0 kB
SwapFree:              0 kB
Dirty:              3392 kB
Writeback:             0 kB
AnonPages:        442672 kB
Mapped:           145060 kB
Shmem:               648 kB
Slab:              39568 kB
SReclaimable:      15032 kB
SUnreclaim:        24536 kB
KernelStack:       10184 kB
PageTables:        14972 kB
NFS_Unstable:          0 kB
Bounce:                0 kB
WritebackTmp:          0 kB
CommitLimit:      950276 kB
Committed_AS:   41301984 kB
VmallocTotal:     245760 kB
VmallocUsed:       68552 kB
VmallocChunk:      76812 kB
==>Mon Apr 10 18:52:53 2017
MemTotal:        1900556 kB
MemFree:          640152 kB
Buffers:           13224 kB
Cached:           423952 kB
SwapCached:            0 kB
Active:           599688 kB
Inactive:         314724 kB
Active(anon):     477488 kB
Inactive(anon):      496 kB
Active(file):     122200 kB
Inactive(file):   314228 kB
Unevictable:           0 kB
Mlocked:               0 kB
HighTotal:       1158144 kB
HighFree:           1776 kB
LowTotal:         742412 kB
LowFree:          638376 kB
SwapTotal:             0 kB
SwapFree:              0 kB
Dirty:              2088 kB
Writeback:             0 kB
AnonPages:        477576 kB
Mapped:           148484 kB
Shmem:               544 kB
Slab:              40812 kB
SReclaimable:      15432 kB
SUnreclaim:        25380 kB
KernelStack:       10824 kB
PageTables:        15000 kB
NFS_Unstable:          0 kB
Bounce:                0 kB
WritebackTmp:          0 kB
CommitLimit:      950276 kB
Committed_AS:   41350912 kB
VmallocTotal:     245760 kB
VmallocUsed:       70580 kB
VmallocChunk:      76812 kB
==>Mon Apr 10 18:53:03 2017
MemTotal:        1900556 kB
MemFree:          615184 kB
Buffers:           13272 kB
Cached:           440900 kB
SwapCached:            0 kB
Active:           604868 kB
Inactive:         331568 kB
Active(anon):     482492 kB
Inactive(anon):      496 kB
Active(file):     122376 kB
Inactive(file):   331072 kB
Unevictable:           0 kB
Mlocked:               0 kB
HighTotal:       1158144 kB
HighFree:          10936 kB
LowTotal:         742412 kB
LowFree:          604248 kB
SwapTotal:             0 kB
SwapFree:              0 kB
Dirty:                76 kB
Writeback:             0 kB
AnonPages:        482516 kB
Mapped:           150520 kB
Shmem:               544 kB
Slab:              42744 kB
SReclaimable:      17180 kB
SUnreclaim:        25564 kB
KernelStack:       10280 kB
PageTables:        15568 kB
NFS_Unstable:          0 kB
Bounce:                0 kB
WritebackTmp:          0 kB
CommitLimit:      950276 kB
Committed_AS:   43773416 kB
VmallocTotal:     245760 kB
VmallocUsed:       70580 kB
VmallocChunk:      76812 kB
==>Mon Apr 10 18:53:13 2017
MemTotal:        1900556 kB
MemFree:          610804 kB
Buffers:           13296 kB
Cached:           440916 kB
SwapCached:            0 kB
Active:           609584 kB
Inactive:         331600 kB
Active(anon):     487200 kB
Inactive(anon):      496 kB
Active(file):     122384 kB
Inactive(file):   331104 kB
Unevictable:           0 kB
Mlocked:               0 kB
HighTotal:       1158144 kB
HighFree:           6028 kB
LowTotal:         742412 kB
LowFree:          604776 kB
SwapTotal:             0 kB
SwapFree:              0 kB
Dirty:                16 kB
Writeback:             0 kB
AnonPages:        487016 kB
Mapped:           150704 kB
Shmem:               544 kB
Slab:              42796 kB
SReclaimable:      17188 kB
SUnreclaim:        25608 kB
KernelStack:       10288 kB
PageTables:        15220 kB
NFS_Unstable:          0 kB
Bounce:                0 kB
WritebackTmp:          0 kB
CommitLimit:      950276 kB
Committed_AS:   43721820 kB
VmallocTotal:     245760 kB
VmallocUsed:       73640 kB
VmallocChunk:      76812 kB
==>Mon Apr 10 18:53:23 2017
MemTotal:        1900556 kB
MemFree:          609720 kB
Buffers:           13304 kB
Cached:           440916 kB
SwapCached:            0 kB
Active:           608588 kB
Inactive:         331352 kB
Active(anon):     485948 kB
Inactive(anon):      496 kB
Active(file):     122640 kB
Inactive(file):   330856 kB
Unevictable:           0 kB
Mlocked:               0 kB
HighTotal:       1158144 kB
HighFree:           7744 kB
LowTotal:         742412 kB
LowFree:          601976 kB
SwapTotal:             0 kB
SwapFree:              0 kB
Dirty:                52 kB
Writeback:             0 kB
AnonPages:        485948 kB
Mapped:           151080 kB
Shmem:               544 kB
Slab:              44312 kB
SReclaimable:      18376 kB
SUnreclaim:        25936 kB
KernelStack:       10272 kB
PageTables:        15336 kB
NFS_Unstable:          0 kB
Bounce:                0 kB
WritebackTmp:          0 kB
CommitLimit:      950276 kB
Committed_AS:   43753368 kB
VmallocTotal:     245760 kB
VmallocUsed:       73640 kB
VmallocChunk:      75648 kB
==>Mon Apr 10 18:53:33 2017
MemTotal:        1900556 kB
MemFree:          595260 kB
Buffers:           13404 kB
Cached:           450528 kB
SwapCached:            0 kB
Active:           613920 kB
Inactive:         339920 kB
Active(anon):     490136 kB
Inactive(anon):      496 kB
Active(file):     123784 kB
Inactive(file):   339424 kB
Unevictable:           0 kB
Mlocked:               0 kB
HighTotal:       1158144 kB
HighFree:           2156 kB
LowTotal:         742412 kB
LowFree:          593104 kB
SwapTotal:             0 kB
SwapFree:              0 kB
Dirty:                 0 kB
Writeback:             0 kB
AnonPages:        490112 kB
Mapped:           150432 kB
Shmem:               544 kB
Slab:              44260 kB
SReclaimable:      18488 kB
SUnreclaim:        25772 kB
KernelStack:       10848 kB
PageTables:        15156 kB
NFS_Unstable:          0 kB
Bounce:                0 kB
WritebackTmp:          0 kB
CommitLimit:      950276 kB
Committed_AS:   41371944 kB
VmallocTotal:     245760 kB
VmallocUsed:       74660 kB
VmallocChunk:      75648 kB
==>Mon Apr 10 18:53:43 2017
MemTotal:        1900556 kB
MemFree:          579792 kB
Buffers:           13472 kB
Cached:           450624 kB
SwapCached:            0 kB
Active:           624676 kB
Inactive:         340072 kB
Active(anon):     500880 kB
Inactive(anon):      496 kB
Active(file):     123796 kB
Inactive(file):   339576 kB
Unevictable:           0 kB
Mlocked:               0 kB
HighTotal:       1158144 kB
HighFree:           1820 kB
LowTotal:         742412 kB
LowFree:          577972 kB
SwapTotal:             0 kB
SwapFree:              0 kB
Dirty:                16 kB
Writeback:             0 kB
AnonPages:        500864 kB
Mapped:           150556 kB
Shmem:               544 kB
Slab:              44744 kB
SReclaimable:      18588 kB
SUnreclaim:        26156 kB
KernelStack:       10256 kB
PageTables:        15200 kB
NFS_Unstable:          0 kB
Bounce:                0 kB
WritebackTmp:          0 kB
CommitLimit:      950276 kB
Committed_AS:   41398268 kB
VmallocTotal:     245760 kB
VmallocUsed:       76724 kB
VmallocChunk:      75648 kB
==>Mon Apr 10 18:53:53 2017
MemTotal:        1900556 kB
MemFree:          569256 kB
Buffers:           13552 kB
Cached:           459252 kB
SwapCached:            0 kB
Active:           625452 kB
Inactive:         348704 kB
Active(anon):     501592 kB
Inactive(anon):      516 kB
Active(file):     123860 kB
Inactive(file):   348188 kB
Unevictable:           0 kB
Mlocked:               0 kB
HighTotal:       1158144 kB
HighFree:           1780 kB
LowTotal:         742412 kB
LowFree:          567476 kB
SwapTotal:             0 kB
SwapFree:              0 kB
Dirty:              8408 kB
Writeback:             0 kB
AnonPages:        501584 kB
Mapped:           150532 kB
Shmem:               564 kB
Slab:              45148 kB
SReclaimable:      18708 kB
SUnreclaim:        26440 kB
KernelStack:       10496 kB
PageTables:        15348 kB
NFS_Unstable:          0 kB
Bounce:                0 kB
WritebackTmp:          0 kB
CommitLimit:      950276 kB
Committed_AS:   41377468 kB
VmallocTotal:     245760 kB
VmallocUsed:       75704 kB
VmallocChunk:      75648 kB
==>Mon Apr 10 18:54:03 2017
MemTotal:        1900556 kB
MemFree:          567616 kB
Buffers:           13560 kB
Cached:           459260 kB
SwapCached:            0 kB
Active:           632136 kB
Inactive:         348720 kB
Active(anon):     508276 kB
Inactive(anon):      516 kB
Active(file):     123860 kB
Inactive(file):   348204 kB
Unevictable:           0 kB
Mlocked:               0 kB
HighTotal:       1158144 kB
HighFree:           1720 kB
LowTotal:         742412 kB
LowFree:          565896 kB
SwapTotal:             0 kB
SwapFree:              0 kB
Dirty:                 8 kB
Writeback:             0 kB
AnonPages:        508288 kB
Mapped:           150344 kB
Shmem:               564 kB
Slab:              45140 kB
SReclaimable:      18708 kB
SUnreclaim:        26432 kB
KernelStack:       10440 kB
PageTables:        15484 kB
NFS_Unstable:          0 kB
Bounce:                0 kB
WritebackTmp:          0 kB
CommitLimit:      950276 kB
Committed_AS:   41401952 kB
VmallocTotal:     245760 kB
VmallocUsed:       75680 kB
VmallocChunk:      75648 kB
==>Mon Apr 10 18:54:13 2017
MemTotal:        1900556 kB
MemFree:          573808 kB
Buffers:           13592 kB
Cached:           459284 kB
SwapCached:            0 kB
Active:           625848 kB
Inactive:         348768 kB
Active(anon):     501980 kB
Inactive(anon):      516 kB
Active(file):     123868 kB
Inactive(file):   348252 kB
Unevictable:           0 kB
Mlocked:               0 kB
HighTotal:       1158144 kB
HighFree:           2840 kB
LowTotal:         742412 kB
LowFree:          570968 kB
SwapTotal:             0 kB
SwapFree:              0 kB
Dirty:                40 kB
Writeback:             0 kB
AnonPages:        501988 kB
Mapped:           150328 kB
Shmem:               564 kB
Slab:              45124 kB
SReclaimable:      18708 kB
SUnreclaim:        26416 kB
KernelStack:       10368 kB
PageTables:        15548 kB
NFS_Unstable:          0 kB
Bounce:                0 kB
WritebackTmp:          0 kB
CommitLimit:      950276 kB
Committed_AS:   41406144 kB
VmallocTotal:     245760 kB
VmallocUsed:       75680 kB
VmallocChunk:      75648 kB
==>Mon Apr 10 18:54:23 2017
MemTotal:        1900556 kB
MemFree:          572504 kB
Buffers:           13600 kB
Cached:           459284 kB
SwapCached:            0 kB
Active:           627044 kB
Inactive:         348788 kB
Active(anon):     503176 kB
Inactive(anon):      516 kB
Active(file):     123868 kB
Inactive(file):   348272 kB
Unevictable:           0 kB
Mlocked:               0 kB
HighTotal:       1158144 kB
HighFree:           1792 kB
LowTotal:         742412 kB
LowFree:          570712 kB
SwapTotal:             0 kB
SwapFree:              0 kB
Dirty:                 0 kB
Writeback:             0 kB
AnonPages:        502972 kB
Mapped:           150664 kB
Shmem:               564 kB
Slab:              45140 kB
SReclaimable:      18708 kB
SUnreclaim:        26432 kB
KernelStack:       10464 kB
PageTables:        15456 kB
NFS_Unstable:          0 kB
Bounce:                0 kB
WritebackTmp:          0 kB
CommitLimit:      950276 kB
Committed_AS:   41401892 kB
VmallocTotal:     245760 kB
VmallocUsed:       75680 kB
VmallocChunk:      75648 kB
==>Mon Apr 10 18:54:33 2017
MemTotal:        1900556 kB
MemFree:          570180 kB
Buffers:           13620 kB
Cached:           467612 kB
SwapCached:            0 kB
Active:           621556 kB
Inactive:         357112 kB
Active(anon):     497676 kB
Inactive(anon):      516 kB
Active(file):     123880 kB
Inactive(file):   356596 kB
Unevictable:           0 kB
Mlocked:               0 kB
HighTotal:       1158144 kB
HighFree:           2776 kB
LowTotal:         742412 kB
LowFree:          567404 kB
SwapTotal:             0 kB
SwapFree:              0 kB
Dirty:                28 kB
Writeback:             0 kB
AnonPages:        496772 kB
Mapped:           150436 kB
Shmem:               564 kB
Slab:              45260 kB
SReclaimable:      18804 kB
SUnreclaim:        26456 kB
KernelStack:       10512 kB
PageTables:        15384 kB
NFS_Unstable:          0 kB
Bounce:                0 kB
WritebackTmp:          0 kB
CommitLimit:      950276 kB
Committed_AS:   41370440 kB
VmallocTotal:     245760 kB
VmallocUsed:       75680 kB
VmallocChunk:      75648 kB
==>Mon Apr 10 18:54:43 2017
MemTotal:        1900556 kB
MemFree:          567348 kB
Buffers:           13640 kB
Cached:           467716 kB
SwapCached:            0 kB
Active:           623748 kB
Inactive:         357228 kB
Active(anon):     499860 kB
Inactive(anon):      516 kB
Active(file):     123888 kB
Inactive(file):   356712 kB
Unevictable:           0 kB
Mlocked:               0 kB
HighTotal:       1158144 kB
HighFree:           1816 kB
LowTotal:         742412 kB
LowFree:          565532 kB
SwapTotal:             0 kB
SwapFree:              0 kB
Dirty:                 8 kB
Writeback:             0 kB
AnonPages:        499876 kB
Mapped:           150428 kB
Shmem:               564 kB
Slab:              45244 kB
SReclaimable:      18804 kB
SUnreclaim:        26440 kB
KernelStack:       10472 kB
PageTables:        15548 kB
NFS_Unstable:          0 kB
Bounce:                0 kB
WritebackTmp:          0 kB
CommitLimit:      950276 kB
Committed_AS:   41408620 kB
VmallocTotal:     245760 kB
VmallocUsed:       76700 kB
VmallocChunk:      75648 kB
==>Mon Apr 10 18:54:53 2017
MemTotal:        1900556 kB
MemFree:          557672 kB
Buffers:           13672 kB
Cached:           467708 kB
SwapCached:            0 kB
Active:           633188 kB
Inactive:         357244 kB
Active(anon):     509292 kB
Inactive(anon):      516 kB
Active(file):     123896 kB
Inactive(file):   356728 kB
Unevictable:           0 kB
Mlocked:               0 kB
HighTotal:       1158144 kB
HighFree:           1868 kB
LowTotal:         742412 kB
LowFree:          555804 kB
SwapTotal:             0 kB
SwapFree:              0 kB
Dirty:                 0 kB
Writeback:             0 kB
AnonPages:        509232 kB
Mapped:           150444 kB
Shmem:               564 kB
Slab:              45352 kB
SReclaimable:      18832 kB
SUnreclaim:        26520 kB
KernelStack:       10528 kB
PageTables:        15500 kB
NFS_Unstable:          0 kB
Bounce:                0 kB
WritebackTmp:          0 kB
CommitLimit:      950276 kB
Committed_AS:   41396152 kB
VmallocTotal:     245760 kB
VmallocUsed:       75680 kB
VmallocChunk:      75648 kB
==>Mon Apr 10 18:55:03 2017
MemTotal:        1900556 kB
MemFree:          566980 kB
Buffers:           13680 kB
Cached:           467756 kB
SwapCached:            0 kB
Active:           623924 kB
Inactive:         357288 kB
Active(anon):     500016 kB
Inactive(anon):      516 kB
Active(file):     123908 kB
Inactive(file):   356772 kB
Unevictable:           0 kB
Mlocked:               0 kB
HighTotal:       1158144 kB
HighFree:           1768 kB
LowTotal:         742412 kB
LowFree:          565212 kB
SwapTotal:             0 kB
SwapFree:              0 kB
Dirty:                72 kB
Writeback:             0 kB
AnonPages:        499940 kB
Mapped:           150536 kB
Shmem:               564 kB
Slab:              45100 kB
SReclaimable:      18820 kB
SUnreclaim:        26280 kB
KernelStack:       10504 kB
PageTables:        15360 kB
NFS_Unstable:          0 kB
Bounce:                0 kB
WritebackTmp:          0 kB
CommitLimit:      950276 kB
Committed_AS:   41373172 kB
VmallocTotal:     245760 kB
VmallocUsed:       75680 kB
VmallocChunk:      75648 kB
==>Mon Apr 10 18:55:13 2017
MemTotal:        1900556 kB
MemFree:          557360 kB
Buffers:           13704 kB
Cached:           475144 kB
SwapCached:            0 kB
Active:           626044 kB
Inactive:         364676 kB
Active(anon):     502112 kB
Inactive(anon):      516 kB
Active(file):     123932 kB
Inactive(file):   364160 kB
Unevictable:           0 kB
Mlocked:               0 kB
HighTotal:       1158144 kB
HighFree:           1768 kB
LowTotal:         742412 kB
LowFree:          555592 kB
SwapTotal:             0 kB
SwapFree:              0 kB
Dirty:              7280 kB
Writeback:             0 kB
AnonPages:        502076 kB
Mapped:           150572 kB
Shmem:               564 kB
Slab:              45312 kB
SReclaimable:      18900 kB
SUnreclaim:        26412 kB
KernelStack:       10576 kB
PageTables:        15364 kB
NFS_Unstable:          0 kB
Bounce:                0 kB
WritebackTmp:          0 kB
CommitLimit:      950276 kB
Committed_AS:   41367748 kB
VmallocTotal:     245760 kB
VmallocUsed:       75680 kB
VmallocChunk:      75648 kB
==>Mon Apr 10 18:55:28 2017
MemTotal:        1900556 kB
MemFree:          557012 kB
Buffers:           13752 kB
Cached:           476940 kB
SwapCached:            0 kB
Active:           624464 kB
Inactive:         366504 kB
Active(anon):     500504 kB
Inactive(anon):      516 kB
Active(file):     123960 kB
Inactive(file):   365988 kB
Unevictable:           0 kB
Mlocked:               0 kB
HighTotal:       1158144 kB
HighFree:           5216 kB
LowTotal:         742412 kB
LowFree:          551796 kB
SwapTotal:             0 kB
SwapFree:              0 kB
Dirty:                52 kB
Writeback:             0 kB
AnonPages:        500476 kB
Mapped:           150652 kB
Shmem:               564 kB
Slab:              45180 kB
SReclaimable:      18932 kB
SUnreclaim:        26248 kB
KernelStack:       10736 kB
PageTables:        15984 kB
NFS_Unstable:          0 kB
Bounce:                0 kB
WritebackTmp:          0 kB
CommitLimit:      950276 kB
Committed_AS:   41375708 kB
VmallocTotal:     245760 kB
VmallocUsed:       74660 kB
VmallocChunk:      75648 kB
==>Mon Apr 10 18:55:33 2017
MemTotal:        1900556 kB
MemFree:          563888 kB
Buffers:           13768 kB
Cached:           476940 kB
SwapCached:            0 kB
Active:           617992 kB
Inactive:         366520 kB
Active(anon):     494032 kB
Inactive(anon):      516 kB
Active(file):     123960 kB
Inactive(file):   366004 kB
Unevictable:           0 kB
Mlocked:               0 kB
HighTotal:       1158144 kB
HighFree:           9844 kB
LowTotal:         742412 kB
LowFree:          554044 kB
SwapTotal:             0 kB
SwapFree:              0 kB
Dirty:                32 kB
Writeback:             0 kB
AnonPages:        493328 kB
Mapped:           150980 kB
Shmem:               564 kB
Slab:              45040 kB
SReclaimable:      18932 kB
SUnreclaim:        26108 kB
KernelStack:       10432 kB
PageTables:        16184 kB
NFS_Unstable:          0 kB
Bounce:                0 kB
WritebackTmp:          0 kB
CommitLimit:      950276 kB
Committed_AS:   41387744 kB
VmallocTotal:     245760 kB
VmallocUsed:       76700 kB
VmallocChunk:      75648 kB
==>Mon Apr 10 18:55:43 2017
MemTotal:        1900556 kB
MemFree:          559980 kB
Buffers:           13784 kB
Cached:           477036 kB
SwapCached:            0 kB
Active:           620752 kB
Inactive:         366612 kB
Active(anon):     496784 kB
Inactive(anon):      516 kB
Active(file):     123968 kB
Inactive(file):   366096 kB
Unevictable:           0 kB
Mlocked:               0 kB
HighTotal:       1158144 kB
HighFree:           5036 kB
LowTotal:         742412 kB
LowFree:          554944 kB
SwapTotal:             0 kB
SwapFree:              0 kB
Dirty:                20 kB
Writeback:             0 kB
AnonPages:        496060 kB
Mapped:           152088 kB
Shmem:               564 kB
Slab:              44992 kB
SReclaimable:      18932 kB
SUnreclaim:        26060 kB
KernelStack:       10464 kB
PageTables:        16024 kB
NFS_Unstable:          0 kB
Bounce:                0 kB
WritebackTmp:          0 kB
CommitLimit:      950276 kB
Committed_AS:   41369236 kB
VmallocTotal:     245760 kB
VmallocUsed:       77720 kB
VmallocChunk:      75648 kB
==>Mon Apr 10 18:55:53 2017
MemTotal:        1900556 kB
MemFree:          542192 kB
Buffers:           13804 kB
Cached:           485468 kB
SwapCached:            0 kB
Active:           615832 kB
Inactive:         375044 kB
Active(anon):     491844 kB
Inactive(anon):      516 kB
Active(file):     123988 kB
Inactive(file):   374528 kB
Unevictable:           0 kB
Mlocked:               0 kB
HighTotal:       1158144 kB
HighFree:           4500 kB
LowTotal:         742412 kB
LowFree:          537692 kB
SwapTotal:             0 kB
SwapFree:              0 kB
Dirty:              8384 kB
Writeback:             0 kB
AnonPages:        491620 kB
Mapped:           152444 kB
Shmem:               564 kB
Slab:              48292 kB
SReclaimable:      19808 kB
SUnreclaim:        28484 kB
KernelStack:       21112 kB
PageTables:        15976 kB
NFS_Unstable:          0 kB
Bounce:                0 kB
WritebackTmp:          0 kB
CommitLimit:      950276 kB
Committed_AS:   41361080 kB
VmallocTotal:     245760 kB
VmallocUsed:       73640 kB
VmallocChunk:      75648 kB
==>Mon Apr 10 18:56:03 2017
MemTotal:        1900556 kB
MemFree:          552692 kB
Buffers:           13820 kB
Cached:           485472 kB
SwapCached:            0 kB
Active:           618948 kB
Inactive:         374660 kB
Active(anon):     494544 kB
Inactive(anon):      516 kB
Active(file):     124404 kB
Inactive(file):   374144 kB
Unevictable:           0 kB
Mlocked:               0 kB
HighTotal:       1158144 kB
HighFree:           1756 kB
LowTotal:         742412 kB
LowFree:          550936 kB
SwapTotal:             0 kB
SwapFree:              0 kB
Dirty:                24 kB
Writeback:             0 kB
AnonPages:        494496 kB
Mapped:           151608 kB
Shmem:               564 kB
Slab:              45828 kB
SReclaimable:      19208 kB
SUnreclaim:        26620 kB
KernelStack:       10320 kB
PageTables:        16012 kB
NFS_Unstable:          0 kB
Bounce:                0 kB
WritebackTmp:          0 kB
CommitLimit:      950276 kB
Committed_AS:   41362232 kB
VmallocTotal:     245760 kB
VmallocUsed:       77732 kB
VmallocChunk:      75648 kB
==>Mon Apr 10 18:56:13 2017
MemTotal:        1900556 kB
MemFree:          558240 kB
Buffers:           13864 kB
Cached:           485572 kB
SwapCached:            0 kB
Active:           614828 kB
Inactive:         373940 kB
Active(anon):     489560 kB
Inactive(anon):      516 kB
Active(file):     125268 kB
Inactive(file):   373424 kB
Unevictable:           0 kB
Mlocked:               0 kB
HighTotal:       1158144 kB
HighFree:           6228 kB
LowTotal:         742412 kB
LowFree:          552012 kB
SwapTotal:             0 kB
SwapFree:              0 kB
Dirty:                44 kB
Writeback:             0 kB
AnonPages:        489284 kB
Mapped:           151356 kB
Shmem:               564 kB
Slab:              45540 kB
SReclaimable:      19148 kB
SUnreclaim:        26392 kB
KernelStack:       10168 kB
PageTables:        15636 kB
NFS_Unstable:          0 kB
Bounce:                0 kB
WritebackTmp:          0 kB
CommitLimit:      950276 kB
Committed_AS:   40118900 kB
VmallocTotal:     245760 kB
VmallocUsed:       73640 kB
VmallocChunk:      75648 kB
==>Mon Apr 10 18:56:23 2017
MemTotal:        1900556 kB
MemFree:          600352 kB
Buffers:           13904 kB
Cached:           485780 kB
SwapCached:            0 kB
Active:           576396 kB
Inactive:         373600 kB
Active(anon):     450536 kB
Inactive(anon):      500 kB
Active(file):     125860 kB
Inactive(file):   373100 kB
Unevictable:           0 kB
Mlocked:               0 kB
HighTotal:       1158144 kB
HighFree:          25364 kB
LowTotal:         742412 kB
LowFree:          574988 kB
SwapTotal:             0 kB
SwapFree:              0 kB
Dirty:                 0 kB
Writeback:             0 kB
AnonPages:        450504 kB
Mapped:           148780 kB
Shmem:               544 kB
Slab:              45316 kB
SReclaimable:      19128 kB
SUnreclaim:        26188 kB
KernelStack:       10024 kB
PageTables:        15824 kB
NFS_Unstable:          0 kB
Bounce:                0 kB
WritebackTmp:          0 kB
CommitLimit:      950276 kB
Committed_AS:   38924388 kB
VmallocTotal:     245760 kB
VmallocUsed:       72612 kB
VmallocChunk:      75648 kB
==>Mon Apr 10 18:56:33 2017
MemTotal:        1900556 kB
MemFree:          584244 kB
Buffers:           13912 kB
Cached:           485788 kB
SwapCached:            0 kB
Active:           587520 kB
Inactive:         373612 kB
Active(anon):     461656 kB
Inactive(anon):      500 kB
Active(file):     125864 kB
Inactive(file):   373112 kB
Unevictable:           0 kB
Mlocked:               0 kB
HighTotal:       1158144 kB
HighFree:          12900 kB
LowTotal:         742412 kB
LowFree:          571344 kB
SwapTotal:             0 kB
SwapFree:              0 kB
Dirty:                44 kB
Writeback:             0 kB
AnonPages:        461656 kB
Mapped:           148444 kB
Shmem:               544 kB
Slab:              45556 kB
SReclaimable:      19256 kB
SUnreclaim:        26300 kB
KernelStack:       13968 kB
PageTables:        15936 kB
NFS_Unstable:          0 kB
Bounce:                0 kB
WritebackTmp:          0 kB
CommitLimit:      950276 kB
Committed_AS:   38946240 kB
VmallocTotal:     245760 kB
VmallocUsed:       72612 kB
VmallocChunk:      75648 kB
==>Mon Apr 10 18:56:43 2017
MemTotal:        1900556 kB
MemFree:          549364 kB
Buffers:           14336 kB
Cached:           506232 kB
SwapCached:            0 kB
Active:           599608 kB
Inactive:         394144 kB
Active(anon):     473436 kB
Inactive(anon):      516 kB
Active(file):     126172 kB
Inactive(file):   393628 kB
Unevictable:           0 kB
Mlocked:               0 kB
HighTotal:       1158144 kB
HighFree:           1776 kB
LowTotal:         742412 kB
LowFree:          547588 kB
SwapTotal:             0 kB
SwapFree:              0 kB
Dirty:             16400 kB
Writeback:             0 kB
AnonPages:        473356 kB
Mapped:           150632 kB
Shmem:               564 kB
Slab:              45664 kB
SReclaimable:      19388 kB
SUnreclaim:        26276 kB
KernelStack:       10168 kB
PageTables:        15836 kB
NFS_Unstable:          0 kB
Bounce:                0 kB
WritebackTmp:          0 kB
CommitLimit:      950276 kB
Committed_AS:   38911892 kB
VmallocTotal:     245760 kB
VmallocUsed:       72632 kB
VmallocChunk:      75648 kB
==>Mon Apr 10 18:56:53 2017
MemTotal:        1900556 kB
MemFree:          551308 kB
Buffers:           14352 kB
Cached:           506372 kB
SwapCached:            0 kB
Active:           599504 kB
Inactive:         394312 kB
Active(anon):     473320 kB
Inactive(anon):      516 kB
Active(file):     126184 kB
Inactive(file):   393796 kB
Unevictable:           0 kB
Mlocked:               0 kB
HighTotal:       1158144 kB
HighFree:           2160 kB
LowTotal:         742412 kB
LowFree:          549148 kB
SwapTotal:             0 kB
SwapFree:              0 kB
Dirty:                20 kB
Writeback:             0 kB
AnonPages:        473300 kB
Mapped:           150700 kB
Shmem:               564 kB
Slab:              45556 kB
SReclaimable:      19416 kB
SUnreclaim:        26140 kB
KernelStack:       10080 kB
PageTables:        15872 kB
NFS_Unstable:          0 kB
Bounce:                0 kB
WritebackTmp:          0 kB
CommitLimit:      950276 kB
Committed_AS:   38947556 kB
VmallocTotal:     245760 kB
VmallocUsed:       73652 kB
VmallocChunk:      75648 kB
==>Mon Apr 10 18:57:03 2017
MemTotal:        1900556 kB
MemFree:          556492 kB
Buffers:           14384 kB
Cached:           506156 kB
SwapCached:            0 kB
Active:           583516 kB
Inactive:         394176 kB
Active(anon):     457376 kB
Inactive(anon):      416 kB
Active(file):     126140 kB
Inactive(file):   393760 kB
Unevictable:           0 kB
Mlocked:               0 kB
HighTotal:       1158144 kB
HighFree:          12140 kB
LowTotal:         742412 kB
LowFree:          544352 kB
SwapTotal:             0 kB
SwapFree:              0 kB
Dirty:                28 kB
Writeback:             0 kB
AnonPages:        457304 kB
Mapped:           149292 kB
Shmem:               460 kB
Slab:              48624 kB
SReclaimable:      19976 kB
SUnreclaim:        28648 kB
KernelStack:       20720 kB
PageTables:        15680 kB
NFS_Unstable:          0 kB
Bounce:                0 kB
WritebackTmp:          0 kB
CommitLimit:      950276 kB
Committed_AS:   38711836 kB
VmallocTotal:     245760 kB
VmallocUsed:       73652 kB
VmallocChunk:      75648 kB
==>Mon Apr 10 18:57:13 2017
MemTotal:        1900556 kB
MemFree:          572080 kB
Buffers:           14416 kB
Cached:           506312 kB
SwapCached:            0 kB
Active:           580960 kB
Inactive:         394340 kB
Active(anon):     454808 kB
Inactive(anon):      472 kB
Active(file):     126152 kB
Inactive(file):   393868 kB
Unevictable:           0 kB
Mlocked:               0 kB
HighTotal:       1158144 kB
HighFree:          12656 kB
LowTotal:         742412 kB
LowFree:          559424 kB
SwapTotal:             0 kB
SwapFree:              0 kB
Dirty:                64 kB
Writeback:             0 kB
AnonPages:        454784 kB
Mapped:           149740 kB
Shmem:               516 kB
Slab:              46108 kB
SReclaimable:      19444 kB
SUnreclaim:        26664 kB
KernelStack:       10064 kB
PageTables:        15760 kB
NFS_Unstable:          0 kB
Bounce:                0 kB
WritebackTmp:          0 kB
CommitLimit:      950276 kB
Committed_AS:   38694804 kB
VmallocTotal:     245760 kB
VmallocUsed:       71604 kB
VmallocChunk:      75648 kB
==>Mon Apr 10 18:57:23 2017
MemTotal:        1900556 kB
MemFree:          569368 kB
Buffers:           14468 kB
Cached:           506404 kB
SwapCached:            0 kB
Active:           583812 kB
Inactive:         394472 kB
Active(anon):     457648 kB
Inactive(anon):      504 kB
Active(file):     126164 kB
Inactive(file):   393968 kB
Unevictable:           0 kB
Mlocked:               0 kB
HighTotal:       1158144 kB
HighFree:           9212 kB
LowTotal:         742412 kB
LowFree:          560156 kB
SwapTotal:             0 kB
SwapFree:              0 kB
Dirty:                84 kB
Writeback:             0 kB
AnonPages:        457660 kB
Mapped:           149800 kB
Shmem:               548 kB
Slab:              46036 kB
SReclaimable:      19428 kB
SUnreclaim:        26608 kB
KernelStack:       10024 kB
PageTables:        15964 kB
NFS_Unstable:          0 kB
Bounce:                0 kB
WritebackTmp:          0 kB
CommitLimit:      950276 kB
Committed_AS:   38741996 kB
VmallocTotal:     245760 kB
VmallocUsed:       72624 kB
VmallocChunk:      75648 kB
==>Mon Apr 10 18:57:33 2017
MemTotal:        1900556 kB
MemFree:          571180 kB
Buffers:           14492 kB
Cached:           506564 kB
SwapCached:            0 kB
Active:           581960 kB
Inactive:         394652 kB
Active(anon):     455792 kB
Inactive(anon):      636 kB
Active(file):     126168 kB
Inactive(file):   394016 kB
Unevictable:           0 kB
Mlocked:               0 kB
HighTotal:       1158144 kB
HighFree:          12144 kB
LowTotal:         742412 kB
LowFree:          559036 kB
SwapTotal:             0 kB
SwapFree:              0 kB
Dirty:               124 kB
Writeback:             0 kB
AnonPages:        455832 kB
Mapped:           149932 kB
Shmem:               680 kB
Slab:              45972 kB
SReclaimable:      19428 kB
SUnreclaim:        26544 kB
KernelStack:        9936 kB
PageTables:        15860 kB
NFS_Unstable:          0 kB
Bounce:                0 kB
WritebackTmp:          0 kB
CommitLimit:      950276 kB
Committed_AS:   38712920 kB
VmallocTotal:     245760 kB
VmallocUsed:       72624 kB
VmallocChunk:      75648 kB
==>Mon Apr 10 18:57:43 2017
MemTotal:        1900556 kB
MemFree:          570992 kB
Buffers:           14504 kB
Cached:           506708 kB
SwapCached:            0 kB
Active:           582724 kB
Inactive:         394784 kB
Active(anon):     456532 kB
Inactive(anon):      744 kB
Active(file):     126192 kB
Inactive(file):   394040 kB
Unevictable:           0 kB
Mlocked:               0 kB
HighTotal:       1158144 kB
HighFree:           9428 kB
LowTotal:         742412 kB
LowFree:          561564 kB
SwapTotal:             0 kB
SwapFree:              0 kB
Dirty:                36 kB
Writeback:             0 kB
AnonPages:        456528 kB
Mapped:           149508 kB
Shmem:               788 kB
Slab:              45844 kB
SReclaimable:      19428 kB
SUnreclaim:        26416 kB
KernelStack:        9936 kB
PageTables:        15644 kB
NFS_Unstable:          0 kB
Bounce:                0 kB
WritebackTmp:          0 kB
CommitLimit:      950276 kB
Committed_AS:   38673512 kB
VmallocTotal:     245760 kB
VmallocUsed:       72624 kB
VmallocChunk:      75648 kB
==>Mon Apr 10 18:57:53 2017
MemTotal:        1900556 kB
MemFree:          562224 kB
Buffers:           14612 kB
Cached:           507388 kB
SwapCached:            0 kB
Active:           589100 kB
Inactive:         395464 kB
Active(anon):     462892 kB
Inactive(anon):      864 kB
Active(file):     126208 kB
Inactive(file):   394600 kB
Unevictable:           0 kB
Mlocked:               0 kB
HighTotal:       1158144 kB
HighFree:           5464 kB
LowTotal:         742412 kB
LowFree:          556760 kB
SwapTotal:             0 kB
SwapFree:              0 kB
Dirty:               500 kB
Writeback:             0 kB
AnonPages:        462864 kB
Mapped:           149784 kB
Shmem:               908 kB
Slab:              45844 kB
SReclaimable:      19432 kB
SUnreclaim:        26412 kB
KernelStack:       10008 kB
PageTables:        15684 kB
NFS_Unstable:          0 kB
Bounce:                0 kB
WritebackTmp:          0 kB
CommitLimit:      950276 kB
Committed_AS:   38690232 kB
VmallocTotal:     245760 kB
VmallocUsed:       72624 kB
VmallocChunk:      75648 kB
==>Mon Apr 10 18:58:03 2017
MemTotal:        1900556 kB
MemFree:          563580 kB
Buffers:           14676 kB
Cached:           510160 kB
SwapCached:            0 kB
Active:           585712 kB
Inactive:         398372 kB
Active(anon):     459472 kB
Inactive(anon):      452 kB
Active(file):     126240 kB
Inactive(file):   397920 kB
Unevictable:           0 kB
Mlocked:               0 kB
HighTotal:       1158144 kB
HighFree:          10524 kB
LowTotal:         742412 kB
LowFree:          553056 kB
SwapTotal:             0 kB
SwapFree:              0 kB
Dirty:                 0 kB
Writeback:            28 kB
AnonPages:        459448 kB
Mapped:           150180 kB
Shmem:               496 kB
Slab:              45668 kB
SReclaimable:      19472 kB
SUnreclaim:        26196 kB
KernelStack:        9960 kB
PageTables:        15944 kB
NFS_Unstable:          0 kB
Bounce:                0 kB
WritebackTmp:          0 kB
CommitLimit:      950276 kB
Committed_AS:   38736248 kB
VmallocTotal:     245760 kB
VmallocUsed:       72624 kB
VmallocChunk:      75648 kB
==>Mon Apr 10 18:58:13 2017
MemTotal:        1900556 kB
MemFree:          568432 kB
Buffers:           14724 kB
Cached:           510268 kB
SwapCached:            0 kB
Active:           583452 kB
Inactive:         398480 kB
Active(anon):     457164 kB
Inactive(anon):      416 kB
Active(file):     126288 kB
Inactive(file):   398064 kB
Unevictable:           0 kB
Mlocked:               0 kB
HighTotal:       1158144 kB
HighFree:           8320 kB
LowTotal:         742412 kB
LowFree:          560112 kB
SwapTotal:             0 kB
SwapFree:              0 kB
Dirty:                36 kB
Writeback:             0 kB
AnonPages:        457172 kB
Mapped:           149676 kB
Shmem:               460 kB
Slab:              45652 kB
SReclaimable:      19480 kB
SUnreclaim:        26172 kB
KernelStack:        9904 kB
PageTables:        15668 kB
NFS_Unstable:          0 kB
Bounce:                0 kB
WritebackTmp:          0 kB
CommitLimit:      950276 kB
Committed_AS:   38678476 kB
VmallocTotal:     245760 kB
VmallocUsed:       72612 kB
VmallocChunk:      79884 kB
==>Mon Apr 10 18:58:23 2017
MemTotal:        1900556 kB
MemFree:          569596 kB
Buffers:           14860 kB
Cached:           510520 kB
SwapCached:            0 kB
Active:           581064 kB
Inactive:         398840 kB
Active(anon):     454760 kB
Inactive(anon):      416 kB
Active(file):     126304 kB
Inactive(file):   398424 kB
Unevictable:           0 kB
Mlocked:               0 kB
HighTotal:       1158144 kB
HighFree:          11180 kB
LowTotal:         742412 kB
LowFree:          558416 kB
SwapTotal:             0 kB
SwapFree:              0 kB
Dirty:               196 kB
Writeback:             0 kB
AnonPages:        454864 kB
Mapped:           149080 kB
Shmem:               460 kB
Slab:              45552 kB
SReclaimable:      19496 kB
SUnreclaim:        26056 kB
KernelStack:       10640 kB
PageTables:        15712 kB
NFS_Unstable:          0 kB
Bounce:                0 kB
WritebackTmp:          0 kB
CommitLimit:      950276 kB
Committed_AS:   38685920 kB
VmallocTotal:     245760 kB
VmallocUsed:       72620 kB
VmallocChunk:      75648 kB
==>Mon Apr 10 18:58:33 2017
MemTotal:        1900556 kB
MemFree:          562176 kB
Buffers:           14880 kB
Cached:           510536 kB
SwapCached:            0 kB
Active:           586628 kB
Inactive:         398876 kB
Active(anon):     460324 kB
Inactive(anon):      416 kB
Active(file):     126304 kB
Inactive(file):   398460 kB
Unevictable:           0 kB
Mlocked:               0 kB
HighTotal:       1158144 kB
HighFree:           3472 kB
LowTotal:         742412 kB
LowFree:          558704 kB
SwapTotal:             0 kB
SwapFree:              0 kB
Dirty:                 8 kB
Writeback:             0 kB
AnonPages:        460304 kB
Mapped:           149532 kB
Shmem:               460 kB
Slab:              45872 kB
SReclaimable:      19580 kB
SUnreclaim:        26292 kB
KernelStack:       10544 kB
PageTables:        15536 kB
NFS_Unstable:          0 kB
Bounce:                0 kB
WritebackTmp:          0 kB
CommitLimit:      950276 kB
Committed_AS:   38627120 kB
VmallocTotal:     245760 kB
VmallocUsed:       67532 kB
VmallocChunk:      75648 kB
==>Mon Apr 10 18:58:43 2017
MemTotal:        1900556 kB
MemFree:          564940 kB
Buffers:           14964 kB
Cached:           510820 kB
SwapCached:            0 kB
Active:           582352 kB
Inactive:         399040 kB
Active(anon):     455908 kB
Inactive(anon):      416 kB
Active(file):     126444 kB
Inactive(file):   398624 kB
Unevictable:           0 kB
Mlocked:               0 kB
HighTotal:       1158144 kB
HighFree:           8052 kB
LowTotal:         742412 kB
LowFree:          556888 kB
SwapTotal:             0 kB
SwapFree:              0 kB
Dirty:               184 kB
Writeback:             0 kB
AnonPages:        455928 kB
Mapped:           151568 kB
Shmem:               460 kB
Slab:              45620 kB
SReclaimable:      19524 kB
SUnreclaim:        26096 kB
KernelStack:       10056 kB
PageTables:        15552 kB
NFS_Unstable:          0 kB
Bounce:                0 kB
WritebackTmp:          0 kB
CommitLimit:      950276 kB
Committed_AS:   38640548 kB
VmallocTotal:     245760 kB
VmallocUsed:       65504 kB
VmallocChunk:      77836 kB
==>Mon Apr 10 18:58:53 2017
MemTotal:        1900556 kB
MemFree:          539968 kB
Buffers:           15084 kB
Cached:           511536 kB
SwapCached:            0 kB
Active:           603420 kB
Inactive:         399804 kB
Active(anon):     476984 kB
Inactive(anon):      416 kB
Active(file):     126436 kB
Inactive(file):   399388 kB
Unevictable:           0 kB
Mlocked:               0 kB
HighTotal:       1158144 kB
HighFree:           1812 kB
LowTotal:         742412 kB
LowFree:          538156 kB
SwapTotal:             0 kB
SwapFree:              0 kB
Dirty:               584 kB
Writeback:             0 kB
AnonPages:        477048 kB
Mapped:           151664 kB
Shmem:               460 kB
Slab:              45400 kB
SReclaimable:      19532 kB
SUnreclaim:        25868 kB
KernelStack:       10320 kB
PageTables:        15864 kB
NFS_Unstable:          0 kB
Bounce:                0 kB
WritebackTmp:          0 kB
CommitLimit:      950276 kB
Committed_AS:   38708624 kB
VmallocTotal:     245760 kB
VmallocUsed:       65504 kB
VmallocChunk:      79884 kB
==>Mon Apr 10 18:59:03 2017
MemTotal:        1900556 kB
MemFree:          528208 kB
Buffers:           15244 kB
Cached:           518424 kB
SwapCached:            0 kB
Active:           610032 kB
Inactive:         406904 kB
Active(anon):     483572 kB
Inactive(anon):      432 kB
Active(file):     126460 kB
Inactive(file):   406472 kB
Unevictable:           0 kB
Mlocked:               0 kB
HighTotal:       1158144 kB
HighFree:           2172 kB
LowTotal:         742412 kB
LowFree:          526036 kB
SwapTotal:             0 kB
SwapFree:              0 kB
Dirty:                48 kB
Writeback:             0 kB
AnonPages:        483512 kB
Mapped:           153348 kB
Shmem:               480 kB
Slab:              45564 kB
SReclaimable:      19612 kB
SUnreclaim:        25952 kB
KernelStack:       10272 kB
PageTables:        15796 kB
NFS_Unstable:          0 kB
Bounce:                0 kB
WritebackTmp:          0 kB
CommitLimit:      950276 kB
Committed_AS:   38665008 kB
VmallocTotal:     245760 kB
VmallocUsed:       65492 kB
VmallocChunk:      79884 kB
==>Mon Apr 10 18:59:13 2017
MemTotal:        1900556 kB
MemFree:          520256 kB
Buffers:           15276 kB
Cached:           522176 kB
SwapCached:            0 kB
Active:           614048 kB
Inactive:         410672 kB
Active(anon):     487572 kB
Inactive(anon):      432 kB
Active(file):     126476 kB
Inactive(file):   410240 kB
Unevictable:           0 kB
Mlocked:               0 kB
HighTotal:       1158144 kB
HighFree:           1816 kB
LowTotal:         742412 kB
LowFree:          518440 kB
SwapTotal:             0 kB
SwapFree:              0 kB
Dirty:              1040 kB
Writeback:             0 kB
AnonPages:        487572 kB
Mapped:           153192 kB
Shmem:               480 kB
Slab:              45624 kB
SReclaimable:      19660 kB
SUnreclaim:        25964 kB
KernelStack:       10296 kB
PageTables:        15676 kB
NFS_Unstable:          0 kB
Bounce:                0 kB
WritebackTmp:          0 kB
CommitLimit:      950276 kB
Committed_AS:   38651788 kB
VmallocTotal:     245760 kB
VmallocUsed:       69572 kB
VmallocChunk:      79884 kB
==>Mon Apr 10 18:59:23 2017
MemTotal:        1900556 kB
MemFree:          528964 kB
Buffers:           15308 kB
Cached:           522184 kB
SwapCached:            0 kB
Active:           605452 kB
Inactive:         410708 kB
Active(anon):     478972 kB
Inactive(anon):      432 kB
Active(file):     126480 kB
Inactive(file):   410276 kB
Unevictable:           0 kB
Mlocked:               0 kB
HighTotal:       1158144 kB
HighFree:           8156 kB
LowTotal:         742412 kB
LowFree:          520808 kB
SwapTotal:             0 kB
SwapFree:              0 kB
Dirty:                52 kB
Writeback:             0 kB
AnonPages:        478944 kB
Mapped:           153188 kB
Shmem:               480 kB
Slab:              45608 kB
SReclaimable:      19660 kB
SUnreclaim:        25948 kB
KernelStack:       10296 kB
PageTables:        15700 kB
NFS_Unstable:          0 kB
Bounce:                0 kB
WritebackTmp:          0 kB
CommitLimit:      950276 kB
Committed_AS:   38652796 kB
VmallocTotal:     245760 kB
VmallocUsed:       71612 kB
VmallocChunk:      75648 kB
==>Mon Apr 10 18:59:33 2017
MemTotal:        1900556 kB
MemFree:          540096 kB
Buffers:           15372 kB
Cached:           522192 kB
SwapCached:            0 kB
Active:           591120 kB
Inactive:         410772 kB
Active(anon):     464628 kB
Inactive(anon):      436 kB
Active(file):     126492 kB
Inactive(file):   410336 kB
Unevictable:           0 kB
Mlocked:               0 kB
HighTotal:       1158144 kB
HighFree:           5760 kB
LowTotal:         742412 kB
LowFree:          534336 kB
SwapTotal:             0 kB
SwapFree:              0 kB
Dirty:                 4 kB
Writeback:             0 kB
AnonPages:        464656 kB
Mapped:           153468 kB
Shmem:               480 kB
Slab:              45620 kB
SReclaimable:      19668 kB
SUnreclaim:        25952 kB
KernelStack:       10264 kB
PageTables:        15864 kB
NFS_Unstable:          0 kB
Bounce:                0 kB
WritebackTmp:          0 kB
CommitLimit:      950276 kB
Committed_AS:   38707244 kB
VmallocTotal:     245760 kB
VmallocUsed:       72656 kB
VmallocChunk:      75648 kB
==>Mon Apr 10 18:59:43 2017
MemTotal:        1900556 kB
MemFree:          512296 kB
Buffers:           15400 kB
Cached:           532180 kB
SwapCached:            0 kB
Active:           600672 kB
Inactive:         420444 kB
Active(anon):     473888 kB
Inactive(anon):     9572 kB
Active(file):     126784 kB
Inactive(file):   410872 kB
Unevictable:           0 kB
Mlocked:               0 kB
HighTotal:       1158144 kB
HighFree:           1764 kB
LowTotal:         742412 kB
LowFree:          510532 kB
SwapTotal:             0 kB
SwapFree:              0 kB
Dirty:               636 kB
Writeback:             0 kB
AnonPages:        473900 kB
Mapped:           164156 kB
Shmem:              9620 kB
Slab:              45708 kB
SReclaimable:      19736 kB
SUnreclaim:        25972 kB
KernelStack:       10280 kB
PageTables:        15968 kB
NFS_Unstable:          0 kB
Bounce:                0 kB
WritebackTmp:          0 kB
CommitLimit:      950276 kB
Committed_AS:   38994852 kB
VmallocTotal:     245760 kB
VmallocUsed:       72656 kB
VmallocChunk:      75648 kB
==>Mon Apr 10 18:59:53 2017
MemTotal:        1900556 kB
MemFree:          487932 kB
Buffers:           15460 kB
Cached:           536496 kB
SwapCached:            0 kB
Active:           611812 kB
Inactive:         424756 kB
Active(anon):     484912 kB
Inactive(anon):    13756 kB
Active(file):     126900 kB
Inactive(file):   411000 kB
Unevictable:           0 kB
Mlocked:               0 kB
HighTotal:       1158144 kB
HighFree:           1772 kB
LowTotal:         742412 kB
LowFree:          486160 kB
SwapTotal:             0 kB
SwapFree:              0 kB
Dirty:                 0 kB
Writeback:             0 kB
AnonPages:        484916 kB
Mapped:           169000 kB
Shmem:             13800 kB
Slab:              45708 kB
SReclaimable:      19716 kB
SUnreclaim:        25992 kB
KernelStack:       10224 kB
PageTables:        16016 kB
NFS_Unstable:          0 kB
Bounce:                0 kB
WritebackTmp:          0 kB
CommitLimit:      950276 kB
Committed_AS:   39000644 kB
VmallocTotal:     245760 kB
VmallocUsed:       73676 kB
VmallocChunk:      75648 kB
==>Mon Apr 10 19:00:03 2017
MemTotal:        1900556 kB
MemFree:          455632 kB
Buffers:           15552 kB
Cached:           552772 kB
SwapCached:            0 kB
Active:           620252 kB
Inactive:         440924 kB
Active(anon):     493152 kB
Inactive(anon):    29792 kB
Active(file):     127100 kB
Inactive(file):   411132 kB
Unevictable:           0 kB
Mlocked:               0 kB
HighTotal:       1158144 kB
HighFree:           1768 kB
LowTotal:         742412 kB
LowFree:          453864 kB
SwapTotal:             0 kB
SwapFree:              0 kB
Dirty:               228 kB
Writeback:             0 kB
AnonPages:        493160 kB
Mapped:           185372 kB
Shmem:             29836 kB
Slab:              45852 kB
SReclaimable:      19772 kB
SUnreclaim:        26080 kB
KernelStack:       10336 kB
PageTables:        16300 kB
NFS_Unstable:          0 kB
Bounce:                0 kB
WritebackTmp:          0 kB
CommitLimit:      950276 kB
Committed_AS:   39040780 kB
VmallocTotal:     245760 kB
VmallocUsed:       73676 kB
VmallocChunk:      75648 kB
==>Mon Apr 10 19:00:13 2017
MemTotal:        1900556 kB
MemFree:          428840 kB
Buffers:           15596 kB
Cached:           569664 kB
SwapCached:            0 kB
Active:           617416 kB
Inactive:         457852 kB
Active(anon):     490308 kB
Inactive(anon):    46676 kB
Active(file):     127108 kB
Inactive(file):   411176 kB
Unevictable:           0 kB
Mlocked:               0 kB
HighTotal:       1158144 kB
HighFree:           1716 kB
LowTotal:         742412 kB
LowFree:          427124 kB
SwapTotal:             0 kB
SwapFree:              0 kB
Dirty:                40 kB
Writeback:             0 kB
AnonPages:        490328 kB
Mapped:           223920 kB
Shmem:             46720 kB
Slab:              45996 kB
SReclaimable:      19804 kB
SUnreclaim:        26192 kB
KernelStack:       10296 kB
PageTables:        16000 kB
NFS_Unstable:          0 kB
Bounce:                0 kB
WritebackTmp:          0 kB
CommitLimit:      950276 kB
Committed_AS:   38992016 kB
VmallocTotal:     245760 kB
VmallocUsed:       72656 kB
VmallocChunk:      75648 kB
==>Mon Apr 10 19:00:23 2017
MemTotal:        1900556 kB
MemFree:          428008 kB
Buffers:           15668 kB
Cached:           569680 kB
SwapCached:            0 kB
Active:           618160 kB
Inactive:         457932 kB
Active(anon):     491044 kB
Inactive(anon):    46680 kB
Active(file):     127116 kB
Inactive(file):   411252 kB
Unevictable:           0 kB
Mlocked:               0 kB
HighTotal:       1158144 kB
HighFree:           1792 kB
LowTotal:         742412 kB
LowFree:          426216 kB
SwapTotal:             0 kB
SwapFree:              0 kB
Dirty:                44 kB
Writeback:             0 kB
AnonPages:        491020 kB
Mapped:           223928 kB
Shmem:             46724 kB
Slab:              45956 kB
SReclaimable:      19796 kB
SUnreclaim:        26160 kB
KernelStack:       10280 kB
PageTables:        15988 kB
NFS_Unstable:          0 kB
Bounce:                0 kB
WritebackTmp:          0 kB
CommitLimit:      950276 kB
Committed_AS:   39001184 kB
VmallocTotal:     245760 kB
VmallocUsed:       73676 kB
VmallocChunk:      75648 kB
==>Mon Apr 10 19:00:33 2017
MemTotal:        1900556 kB
MemFree:          431524 kB
Buffers:           15732 kB
Cached:           569696 kB
SwapCached:            0 kB
Active:           614688 kB
Inactive:         458004 kB
Active(anon):     487564 kB
Inactive(anon):    46680 kB
Active(file):     127124 kB
Inactive(file):   411324 kB
Unevictable:           0 kB
Mlocked:               0 kB
HighTotal:       1158144 kB
HighFree:           1784 kB
LowTotal:         742412 kB
LowFree:          429740 kB
SwapTotal:             0 kB
SwapFree:              0 kB
Dirty:                44 kB
Writeback:             0 kB
AnonPages:        487596 kB
Mapped:           223920 kB
Shmem:             46724 kB
Slab:              45924 kB
SReclaimable:      19796 kB
SUnreclaim:        26128 kB
KernelStack:       10280 kB
PageTables:        16228 kB
NFS_Unstable:          0 kB
Bounce:                0 kB
WritebackTmp:          0 kB
CommitLimit:      950276 kB
Committed_AS:   39023848 kB
VmallocTotal:     245760 kB
VmallocUsed:       72656 kB
VmallocChunk:      75648 kB
==>Mon Apr 10 19:00:43 2017
MemTotal:        1900556 kB
MemFree:          431236 kB
Buffers:           15780 kB
Cached:           569708 kB
SwapCached:            0 kB
Active:           614988 kB
Inactive:         458064 kB
Active(anon):     487864 kB
Inactive(anon):    46676 kB
Active(file):     127124 kB
Inactive(file):   411388 kB
Unevictable:           0 kB
Mlocked:               0 kB
HighTotal:       1158144 kB
HighFree:           1804 kB
LowTotal:         742412 kB
LowFree:          429432 kB
SwapTotal:             0 kB
SwapFree:              0 kB
Dirty:                 0 kB
Writeback:             0 kB
AnonPages:        487852 kB
Mapped:           223920 kB
Shmem:             46720 kB
Slab:              45896 kB
SReclaimable:      19800 kB
SUnreclaim:        26096 kB
KernelStack:       10280 kB
PageTables:        15972 kB
NFS_Unstable:          0 kB
Bounce:                0 kB
WritebackTmp:          0 kB
CommitLimit:      950276 kB
Committed_AS:   38997320 kB
VmallocTotal:     245760 kB
VmallocUsed:       72664 kB
VmallocChunk:      75648 kB
==>Mon Apr 10 19:00:53 2017
MemTotal:        1900556 kB
MemFree:          431248 kB
Buffers:           15828 kB
Cached:           569732 kB
SwapCached:            0 kB
Active:           614720 kB
Inactive:         458148 kB
Active(anon):     487596 kB
Inactive(anon):    46688 kB
Active(file):     127124 kB
Inactive(file):   411460 kB
Unevictable:           0 kB
Mlocked:               0 kB
HighTotal:       1158144 kB
HighFree:           1772 kB
LowTotal:         742412 kB
LowFree:          429476 kB
SwapTotal:             0 kB
SwapFree:              0 kB
Dirty:                20 kB
Writeback:             0 kB
AnonPages:        487556 kB
Mapped:           224016 kB
Shmem:             46732 kB
Slab:              45928 kB
SReclaimable:      19800 kB
SUnreclaim:        26128 kB
KernelStack:       10288 kB
PageTables:        16060 kB
NFS_Unstable:          0 kB
Bounce:                0 kB
WritebackTmp:          0 kB
CommitLimit:      950276 kB
Committed_AS:   38975128 kB
VmallocTotal:     245760 kB
VmallocUsed:       71644 kB
VmallocChunk:      75648 kB
==>Mon Apr 10 19:01:03 2017
MemTotal:        1900556 kB
MemFree:          440300 kB
Buffers:           15856 kB
Cached:           569748 kB
SwapCached:            0 kB
Active:           605936 kB
Inactive:         458192 kB
Active(anon):     478812 kB
Inactive(anon):    46688 kB
Active(file):     127124 kB
Inactive(file):   411504 kB
Unevictable:           0 kB
Mlocked:               0 kB
HighTotal:       1158144 kB
HighFree:           1780 kB
LowTotal:         742412 kB
LowFree:          438520 kB
SwapTotal:             0 kB
SwapFree:              0 kB
Dirty:                20 kB
Writeback:             0 kB
AnonPages:        478772 kB
Mapped:           223924 kB
Shmem:             46732 kB
Slab:              45896 kB
SReclaimable:      19800 kB
SUnreclaim:        26096 kB
KernelStack:       10200 kB
PageTables:        15828 kB
NFS_Unstable:          0 kB
Bounce:                0 kB
WritebackTmp:          0 kB
CommitLimit:      950276 kB
Committed_AS:   38901108 kB
VmallocTotal:     245760 kB
VmallocUsed:       65524 kB
VmallocChunk:      75648 kB
==>Mon Apr 10 19:01:13 2017
MemTotal:        1900556 kB
MemFree:          441068 kB
Buffers:           15912 kB
Cached:           569860 kB
SwapCached:            0 kB
Active:           605120 kB
Inactive:         458348 kB
Active(anon):     477996 kB
Inactive(anon):    46688 kB
Active(file):     127124 kB
Inactive(file):   411660 kB
Unevictable:           0 kB
Mlocked:               0 kB
HighTotal:       1158144 kB
HighFree:           6188 kB
LowTotal:         742412 kB
LowFree:          434880 kB
SwapTotal:             0 kB
SwapFree:              0 kB
Dirty:                92 kB
Writeback:             0 kB
AnonPages:        477996 kB
Mapped:           223900 kB
Shmem:             46732 kB
Slab:              45884 kB
SReclaimable:      19820 kB
SUnreclaim:        26064 kB
KernelStack:       10016 kB
PageTables:        15772 kB
NFS_Unstable:          0 kB
Bounce:                0 kB
WritebackTmp:          0 kB
CommitLimit:      950276 kB
Committed_AS:   38895860 kB
VmallocTotal:     245760 kB
VmallocUsed:       64496 kB
VmallocChunk:      79884 kB
==>Mon Apr 10 19:01:23 2017
MemTotal:        1900556 kB
MemFree:          440500 kB
Buffers:           15976 kB
Cached:           569904 kB
SwapCached:            0 kB
Active:           604944 kB
Inactive:         458444 kB
Active(anon):     477816 kB
Inactive(anon):    46688 kB
Active(file):     127128 kB
Inactive(file):   411756 kB
Unevictable:           0 kB
Mlocked:               0 kB
HighTotal:       1158144 kB
HighFree:           1952 kB
LowTotal:         742412 kB
LowFree:          438548 kB
SwapTotal:             0 kB
SwapFree:              0 kB
Dirty:                24 kB
Writeback:             0 kB
AnonPages:        477868 kB
Mapped:           223880 kB
Shmem:             46732 kB
Slab:              45844 kB
SReclaimable:      19820 kB
SUnreclaim:        26024 kB
KernelStack:       10016 kB
PageTables:        15772 kB
NFS_Unstable:          0 kB
Bounce:                0 kB
WritebackTmp:          0 kB
CommitLimit:      950276 kB
Committed_AS:   38903264 kB
VmallocTotal:     245760 kB
VmallocUsed:       64496 kB
VmallocChunk:      79884 kB
==>Mon Apr 10 19:01:33 2017
MemTotal:        1900556 kB
MemFree:          441812 kB
Buffers:           16016 kB
Cached:           569904 kB
SwapCached:            0 kB
Active:           603588 kB
Inactive:         458504 kB
Active(anon):     476460 kB
Inactive(anon):    46688 kB
Active(file):     127128 kB
Inactive(file):   411816 kB
Unevictable:           0 kB
Mlocked:               0 kB
HighTotal:       1158144 kB
HighFree:           5496 kB
LowTotal:         742412 kB
LowFree:          436316 kB
SwapTotal:             0 kB
SwapFree:              0 kB
Dirty:                 0 kB
Writeback:             0 kB
AnonPages:        476432 kB
Mapped:           223896 kB
Shmem:             46732 kB
Slab:              45844 kB
SReclaimable:      19820 kB
SUnreclaim:        26024 kB
KernelStack:       10016 kB
PageTables:        15772 kB
NFS_Unstable:          0 kB
Bounce:                0 kB
WritebackTmp:          0 kB
CommitLimit:      950276 kB
Committed_AS:   38882488 kB
VmallocTotal:     245760 kB
VmallocUsed:       64496 kB
VmallocChunk:      79884 kB
==>Mon Apr 10 19:01:44 2017
MemTotal:        1900556 kB
MemFree:          441484 kB
Buffers:           16064 kB
Cached:           569904 kB
SwapCached:            0 kB
Active:           604032 kB
Inactive:         458532 kB
Active(anon):     476896 kB
Inactive(anon):    46688 kB
Active(file):     127136 kB
Inactive(file):   411844 kB
Unevictable:           0 kB
Mlocked:               0 kB
HighTotal:       1158144 kB
HighFree:           3196 kB
LowTotal:         742412 kB
LowFree:          438288 kB
SwapTotal:             0 kB
SwapFree:              0 kB
Dirty:                 8 kB
Writeback:             0 kB
AnonPages:        476792 kB
Mapped:           223896 kB
Shmem:             46732 kB
Slab:              45852 kB
SReclaimable:      19828 kB
SUnreclaim:        26024 kB
KernelStack:       10024 kB
PageTables:        15808 kB
NFS_Unstable:          0 kB
Bounce:                0 kB
WritebackTmp:          0 kB
CommitLimit:      950276 kB
Committed_AS:   38882816 kB
VmallocTotal:     245760 kB
VmallocUsed:       64496 kB
VmallocChunk:      79884 kB
==>Mon Apr 10 19:01:53 2017
MemTotal:        1900556 kB
MemFree:          401388 kB
Buffers:           16216 kB
Cached:           569400 kB
SwapCached:            0 kB
Active:           613192 kB
Inactive:         458572 kB
Active(anon):     486448 kB
Inactive(anon):    46956 kB
Active(file):     126744 kB
Inactive(file):   411616 kB
Unevictable:           0 kB
Mlocked:               0 kB
HighTotal:       1158144 kB
HighFree:           1796 kB
LowTotal:         742412 kB
LowFree:          399592 kB
SwapTotal:             0 kB
SwapFree:              0 kB
Dirty:               356 kB
Writeback:             0 kB
AnonPages:        486448 kB
Mapped:           227460 kB
Shmem:             47000 kB
Slab:              45872 kB
SReclaimable:      19848 kB
SUnreclaim:        26024 kB
KernelStack:       10176 kB
PageTables:        15864 kB
NFS_Unstable:          0 kB
Bounce:                0 kB
WritebackTmp:          0 kB
CommitLimit:      950276 kB
Committed_AS:   38953160 kB
VmallocTotal:     245760 kB
VmallocUsed:       65732 kB
VmallocChunk:      79884 kB
==>Mon Apr 10 19:02:03 2017
MemTotal:        1900556 kB
MemFree:          371140 kB
Buffers:           16256 kB
Cached:           569536 kB
SwapCached:            0 kB
Active:           610788 kB
Inactive:         458748 kB
Active(anon):     484044 kB
Inactive(anon):    47076 kB
Active(file):     126744 kB
Inactive(file):   411672 kB
Unevictable:           0 kB
Mlocked:               0 kB
HighTotal:       1158144 kB
HighFree:           1780 kB
LowTotal:         742412 kB
LowFree:          369360 kB
SwapTotal:             0 kB
SwapFree:              0 kB
Dirty:                16 kB
Writeback:             0 kB
AnonPages:        483944 kB
Mapped:           226584 kB
Shmem:             47120 kB
Slab:              45924 kB
SReclaimable:      19848 kB
SUnreclaim:        26076 kB
KernelStack:       10160 kB
PageTables:        15864 kB
NFS_Unstable:          0 kB
Bounce:                0 kB
WritebackTmp:          0 kB
CommitLimit:      950276 kB
Committed_AS:   38942312 kB
VmallocTotal:     245760 kB
VmallocUsed:       65976 kB
VmallocChunk:      79884 kB
==>Mon Apr 10 19:02:13 2017
MemTotal:        1900556 kB
MemFree:          369388 kB
Buffers:           16316 kB
Cached:           569592 kB
SwapCached:            0 kB
Active:           611036 kB
Inactive:         458848 kB
Active(anon):     484276 kB
Inactive(anon):    47124 kB
Active(file):     126760 kB
Inactive(file):   411724 kB
Unevictable:           0 kB
Mlocked:               0 kB
HighTotal:       1158144 kB
HighFree:           1804 kB
LowTotal:         742412 kB
LowFree:          367584 kB
SwapTotal:             0 kB
SwapFree:              0 kB
Dirty:                36 kB
Writeback:             0 kB
AnonPages:        484252 kB
Mapped:           226704 kB
Shmem:             47168 kB
Slab:              45916 kB
SReclaimable:      19848 kB
SUnreclaim:        26068 kB
KernelStack:       10160 kB
PageTables:        15868 kB
NFS_Unstable:          0 kB
Bounce:                0 kB
WritebackTmp:          0 kB
CommitLimit:      950276 kB
Committed_AS:   38927208 kB
VmallocTotal:     245760 kB
VmallocUsed:       65988 kB
VmallocChunk:      79884 kB
==>Mon Apr 10 19:02:23 2017
MemTotal:        1900556 kB
MemFree:          390544 kB
Buffers:           16364 kB
Cached:           569656 kB
SwapCached:            0 kB
Active:           612784 kB
Inactive:         458956 kB
Active(anon):     486024 kB
Inactive(anon):    47192 kB
Active(file):     126760 kB
Inactive(file):   411764 kB
Unevictable:           0 kB
Mlocked:               0 kB
HighTotal:       1158144 kB
HighFree:           1756 kB
LowTotal:         742412 kB
LowFree:          388788 kB
SwapTotal:             0 kB
SwapFree:              0 kB
Dirty:                 4 kB
Writeback:             0 kB
AnonPages:        486196 kB
Mapped:           226668 kB
Shmem:             47240 kB
Slab:              45904 kB
SReclaimable:      19848 kB
SUnreclaim:        26056 kB
KernelStack:       10136 kB
PageTables:        16048 kB
NFS_Unstable:          0 kB
Bounce:                0 kB
WritebackTmp:          0 kB
CommitLimit:      950276 kB
Committed_AS:   38968824 kB
VmallocTotal:     245760 kB
VmallocUsed:       64788 kB
VmallocChunk:      79884 kB
==>Mon Apr 10 19:02:33 2017
MemTotal:        1900556 kB
MemFree:          393332 kB
Buffers:           16420 kB
Cached:           569820 kB
SwapCached:            0 kB
Active:           613308 kB
Inactive:         459180 kB
Active(anon):     486548 kB
Inactive(anon):    47360 kB
Active(file):     126760 kB
Inactive(file):   411820 kB
Unevictable:           0 kB
Mlocked:               0 kB
HighTotal:       1158144 kB
HighFree:           1808 kB
LowTotal:         742412 kB
LowFree:          391524 kB
SwapTotal:             0 kB
SwapFree:              0 kB
Dirty:                 8 kB
Writeback:             0 kB
AnonPages:        486432 kB
Mapped:           226908 kB
Shmem:             47404 kB
Slab:              45888 kB
SReclaimable:      19848 kB
SUnreclaim:        26040 kB
KernelStack:       10024 kB
PageTables:        15872 kB
NFS_Unstable:          0 kB
Bounce:                0 kB
WritebackTmp:          0 kB
CommitLimit:      950276 kB
Committed_AS:   38947340 kB
VmallocTotal:     245760 kB
VmallocUsed:       64772 kB
VmallocChunk:      79884 kB
==>Mon Apr 10 19:02:43 2017
MemTotal:        1900556 kB
MemFree:          393756 kB
Buffers:           16492 kB
Cached:           570516 kB
SwapCached:            0 kB
Active:           611156 kB
Inactive:         459948 kB
Active(anon):     484396 kB
Inactive(anon):    47532 kB
Active(file):     126760 kB
Inactive(file):   412416 kB
Unevictable:           0 kB
Mlocked:               0 kB
HighTotal:       1158144 kB
HighFree:           1764 kB
LowTotal:         742412 kB
LowFree:          391992 kB
SwapTotal:             0 kB
SwapFree:              0 kB
Dirty:                 4 kB
Writeback:             0 kB
AnonPages:        484660 kB
Mapped:           227332 kB
Shmem:             47576 kB
Slab:              45880 kB
SReclaimable:      19848 kB
SUnreclaim:        26032 kB
KernelStack:       10224 kB
PageTables:        15968 kB
NFS_Unstable:          0 kB
Bounce:                0 kB
WritebackTmp:          0 kB
CommitLimit:      950276 kB
Committed_AS:   38952288 kB
VmallocTotal:     245760 kB
VmallocUsed:       66820 kB
VmallocChunk:      79884 kB
==>Mon Apr 10 19:02:53 2017
MemTotal:        1900556 kB
MemFree:          424108 kB
Buffers:           16556 kB
Cached:           572948 kB
SwapCached:            0 kB
Active:           609192 kB
Inactive:         462440 kB
Active(anon):     482428 kB
Inactive(anon):    49928 kB
Active(file):     126764 kB
Inactive(file):   412512 kB
Unevictable:           0 kB
Mlocked:               0 kB
HighTotal:       1158144 kB
HighFree:           2504 kB
LowTotal:         742412 kB
LowFree:          421604 kB
SwapTotal:             0 kB
SwapFree:              0 kB
Dirty:                20 kB
Writeback:             0 kB
AnonPages:        482400 kB
Mapped:           239504 kB
Shmem:             49972 kB
Slab:              45892 kB
SReclaimable:      19848 kB
SUnreclaim:        26044 kB
KernelStack:       10064 kB
PageTables:        15784 kB
NFS_Unstable:          0 kB
Bounce:                0 kB
WritebackTmp:          0 kB
CommitLimit:      950276 kB
Committed_AS:   38912856 kB
VmallocTotal:     245760 kB
VmallocUsed:       64496 kB
VmallocChunk:      79884 kB
==>Mon Apr 10 19:03:03 2017
MemTotal:        1900556 kB
MemFree:          408340 kB
Buffers:           16620 kB
Cached:           573720 kB
SwapCached:            0 kB
Active:           614828 kB
Inactive:         463216 kB
Active(anon):     488016 kB
Inactive(anon):    50592 kB
Active(file):     126812 kB
Inactive(file):   412624 kB
Unevictable:           0 kB
Mlocked:               0 kB
HighTotal:       1158144 kB
HighFree:           1784 kB
LowTotal:         742412 kB
LowFree:          406556 kB
SwapTotal:             0 kB
SwapFree:              0 kB
Dirty:               228 kB
Writeback:             0 kB
AnonPages:        487980 kB
Mapped:           245576 kB
Shmem:             50616 kB
Slab:              45892 kB
SReclaimable:      19848 kB
SUnreclaim:        26044 kB
KernelStack:       10136 kB
PageTables:        15936 kB
NFS_Unstable:          0 kB
Bounce:                0 kB
WritebackTmp:          0 kB
CommitLimit:      950276 kB
Committed_AS:   38948368 kB
VmallocTotal:     245760 kB
VmallocUsed:       64536 kB
VmallocChunk:      79884 kB
==>Mon Apr 10 19:03:13 2017
MemTotal:        1900556 kB
MemFree:          378152 kB
Buffers:           16660 kB
Cached:           577872 kB
SwapCached:            0 kB
Active:           640880 kB
Inactive:         465784 kB
Active(anon):     512432 kB
Inactive(anon):    50124 kB
Active(file):     128448 kB
Inactive(file):   415660 kB
Unevictable:           0 kB
Mlocked:               0 kB
HighTotal:       1158144 kB
HighFree:           1812 kB
LowTotal:         742412 kB
LowFree:          376340 kB
SwapTotal:             0 kB
SwapFree:              0 kB
Dirty:              1748 kB
Writeback:             0 kB
AnonPages:        512460 kB
Mapped:           246260 kB
Shmem:             50168 kB
Slab:              46056 kB
SReclaimable:      19932 kB
SUnreclaim:        26124 kB
KernelStack:       10312 kB
PageTables:        16192 kB
NFS_Unstable:          0 kB
Bounce:                0 kB
WritebackTmp:          0 kB
CommitLimit:      950276 kB
Committed_AS:   38993052 kB
VmallocTotal:     245760 kB
VmallocUsed:       66568 kB
VmallocChunk:      79884 kB
==>Mon Apr 10 19:03:23 2017
MemTotal:        1900556 kB
MemFree:          413508 kB
Buffers:           16784 kB
Cached:           578800 kB
SwapCached:            0 kB
Active:           656240 kB
Inactive:         466780 kB
Active(anon):     527740 kB
Inactive(anon):    37300 kB
Active(file):     128500 kB
Inactive(file):   429480 kB
Unevictable:           0 kB
Mlocked:               0 kB
HighTotal:       1158144 kB
HighFree:           1772 kB
LowTotal:         742412 kB
LowFree:          411736 kB
SwapTotal:             0 kB
SwapFree:              0 kB
Dirty:              6356 kB
Writeback:             0 kB
AnonPages:        527452 kB
Mapped:           195188 kB
Shmem:             37348 kB
Slab:              46188 kB
SReclaimable:      20088 kB
SUnreclaim:        26100 kB
KernelStack:       10272 kB
PageTables:        15984 kB
NFS_Unstable:          0 kB
Bounce:                0 kB
WritebackTmp:          0 kB
CommitLimit:      950276 kB
Committed_AS:   38985672 kB
VmallocTotal:     245760 kB
VmallocUsed:       70612 kB
VmallocChunk:      75788 kB
==>Mon Apr 10 19:03:33 2017
MemTotal:        1900556 kB
MemFree:          439096 kB
Buffers:           16880 kB
Cached:           575336 kB
SwapCached:            0 kB
Active:           636116 kB
Inactive:         465072 kB
Active(anon):     509316 kB
Inactive(anon):    37596 kB
Active(file):     126800 kB
Inactive(file):   427476 kB
Unevictable:           0 kB
Mlocked:               0 kB
HighTotal:       1158144 kB
HighFree:           1784 kB
LowTotal:         742412 kB
LowFree:          437312 kB
SwapTotal:             0 kB
SwapFree:              0 kB
Dirty:               188 kB
Writeback:             0 kB
AnonPages:        509332 kB
Mapped:           195456 kB
Shmem:             37664 kB
Slab:              46136 kB
SReclaimable:      20040 kB
SUnreclaim:        26096 kB
KernelStack:       10200 kB
PageTables:        16016 kB
NFS_Unstable:          0 kB
Bounce:                0 kB
WritebackTmp:          0 kB
CommitLimit:      950276 kB
Committed_AS:   39014304 kB
VmallocTotal:     245760 kB
VmallocUsed:       74704 kB
VmallocChunk:      75648 kB
==>Mon Apr 10 19:03:43 2017
MemTotal:        1900556 kB
MemFree:          418632 kB
Buffers:           16904 kB
Cached:           582752 kB
SwapCached:            0 kB
Active:           639556 kB
Inactive:         472504 kB
Active(anon):     512704 kB
Inactive(anon):    44876 kB
Active(file):     126852 kB
Inactive(file):   427628 kB
Unevictable:           0 kB
Mlocked:               0 kB
HighTotal:       1158144 kB
HighFree:           1796 kB
LowTotal:         742412 kB
LowFree:          416836 kB
SwapTotal:             0 kB
SwapFree:              0 kB
Dirty:                 0 kB
Writeback:             0 kB
AnonPages:        512728 kB
Mapped:           202744 kB
Shmem:             44920 kB
Slab:              46400 kB
SReclaimable:      20072 kB
SUnreclaim:        26328 kB
KernelStack:       10184 kB
PageTables:        16208 kB
NFS_Unstable:          0 kB
Bounce:                0 kB
WritebackTmp:          0 kB
CommitLimit:      950276 kB
Committed_AS:   39045164 kB
VmallocTotal:     245760 kB
VmallocUsed:       73676 kB
VmallocChunk:      75648 kB
==>Mon Apr 10 19:03:54 2017
MemTotal:        1900556 kB
MemFree:          403452 kB
Buffers:           16992 kB
Cached:           591360 kB
SwapCached:            0 kB
Active:           646428 kB
Inactive:         481088 kB
Active(anon):     519512 kB
Inactive(anon):    44900 kB
Active(file):     126916 kB
Inactive(file):   436188 kB
Unevictable:           0 kB
Mlocked:               0 kB
HighTotal:       1158144 kB
HighFree:           1816 kB
LowTotal:         742412 kB
LowFree:          401636 kB
SwapTotal:             0 kB
SwapFree:              0 kB
Dirty:              8432 kB
Writeback:             0 kB
AnonPages:        519468 kB
Mapped:           202772 kB
Shmem:             44944 kB
Slab:              46508 kB
SReclaimable:      20144 kB
SUnreclaim:        26364 kB
KernelStack:       11560 kB
PageTables:        16024 kB
NFS_Unstable:          0 kB
Bounce:                0 kB
WritebackTmp:          0 kB
CommitLimit:      950276 kB
Committed_AS:   39030412 kB
VmallocTotal:     245760 kB
VmallocUsed:       73672 kB
VmallocChunk:      75648 kB
==>Mon Apr 10 19:04:03 2017
MemTotal:        1900556 kB
MemFree:          400364 kB
Buffers:           17008 kB
Cached:           583748 kB
SwapCached:            0 kB
Active:           652672 kB
Inactive:         473492 kB
Active(anon):     525708 kB
Inactive(anon):    37284 kB
Active(file):     126964 kB
Inactive(file):   436208 kB
Unevictable:           0 kB
Mlocked:               0 kB
HighTotal:       1158144 kB
HighFree:           1780 kB
LowTotal:         742412 kB
LowFree:          398584 kB
SwapTotal:             0 kB
SwapFree:              0 kB
Dirty:               132 kB
Writeback:             0 kB
AnonPages:        525684 kB
Mapped:           197020 kB
Shmem:             37328 kB
Slab:              48928 kB
SReclaimable:      20704 kB
SUnreclaim:        28224 kB
KernelStack:       19912 kB
PageTables:        16160 kB
NFS_Unstable:          0 kB
Bounce:                0 kB
WritebackTmp:          0 kB
CommitLimit:      950276 kB
Committed_AS:   39006476 kB
VmallocTotal:     245760 kB
VmallocUsed:       74692 kB
VmallocChunk:      75648 kB
==>Mon Apr 10 19:04:14 2017
MemTotal:        1900556 kB
MemFree:          423100 kB
Buffers:           17100 kB
Cached:           583784 kB
SwapCached:            0 kB
Active:           641888 kB
Inactive:         473576 kB
Active(anon):     514880 kB
Inactive(anon):    37284 kB
Active(file):     127008 kB
Inactive(file):   436292 kB
Unevictable:           0 kB
Mlocked:               0 kB
HighTotal:       1158144 kB
HighFree:           1816 kB
LowTotal:         742412 kB
LowFree:          421284 kB
SwapTotal:             0 kB
SwapFree:              0 kB
Dirty:                60 kB
Writeback:             0 kB
AnonPages:        514832 kB
Mapped:           197108 kB
Shmem:             37328 kB
Slab:              46980 kB
SReclaimable:      20228 kB
SUnreclaim:        26752 kB
KernelStack:       10736 kB
PageTables:        16112 kB
NFS_Unstable:          0 kB
Bounce:                0 kB
WritebackTmp:          0 kB
CommitLimit:      950276 kB
Committed_AS:   38995524 kB
VmallocTotal:     245760 kB
VmallocUsed:       72652 kB
VmallocChunk:      79884 kB
==>Mon Apr 10 19:04:24 2017
MemTotal:        1900556 kB
MemFree:          421652 kB
Buffers:           17116 kB
Cached:           583784 kB
SwapCached:            0 kB
Active:           640732 kB
Inactive:         473592 kB
Active(anon):     513724 kB
Inactive(anon):    37284 kB
Active(file):     127008 kB
Inactive(file):   436308 kB
Unevictable:           0 kB
Mlocked:               0 kB
HighTotal:       1158144 kB
HighFree:           1792 kB
LowTotal:         742412 kB
LowFree:          419860 kB
SwapTotal:             0 kB
SwapFree:              0 kB
Dirty:                24 kB
Writeback:             0 kB
AnonPages:        513712 kB
Mapped:           197116 kB
Shmem:             37328 kB
Slab:              46832 kB
SReclaimable:      20216 kB
SUnreclaim:        26616 kB
KernelStack:       10248 kB
PageTables:        16132 kB
NFS_Unstable:          0 kB
Bounce:                0 kB
WritebackTmp:          0 kB
CommitLimit:      950276 kB
Committed_AS:   38988244 kB
VmallocTotal:     245760 kB
VmallocUsed:       72660 kB
VmallocChunk:      75648 kB
==>Mon Apr 10 19:04:33 2017
MemTotal:        1900556 kB
MemFree:          454808 kB
Buffers:           17140 kB
Cached:           546952 kB
SwapCached:            0 kB
Active:           645156 kB
Inactive:         436796 kB
Active(anon):     518148 kB
Inactive(anon):      416 kB
Active(file):     127008 kB
Inactive(file):   436380 kB
Unevictable:           0 kB
Mlocked:               0 kB
HighTotal:       1158144 kB
HighFree:           1760 kB
LowTotal:         742412 kB
LowFree:          453048 kB
SwapTotal:             0 kB
SwapFree:              0 kB
Dirty:                48 kB
Writeback:             0 kB
AnonPages:        518192 kB
Mapped:           159448 kB
Shmem:               460 kB
Slab:              46808 kB
SReclaimable:      20208 kB
SUnreclaim:        26600 kB
KernelStack:       10264 kB
PageTables:        16096 kB
NFS_Unstable:          0 kB
Bounce:                0 kB
WritebackTmp:          0 kB
CommitLimit:      950276 kB
Committed_AS:   38757500 kB
VmallocTotal:     245760 kB
VmallocUsed:       72668 kB
VmallocChunk:      75648 kB
==>Mon Apr 10 19:04:44 2017
MemTotal:        1900556 kB
MemFree:          470564 kB
Buffers:           17180 kB
Cached:           546964 kB
SwapCached:            0 kB
Active:           632200 kB
Inactive:         436844 kB
Active(anon):     505188 kB
Inactive(anon):      416 kB
Active(file):     127012 kB
Inactive(file):   436428 kB
Unevictable:           0 kB
Mlocked:               0 kB
HighTotal:       1158144 kB
HighFree:           2300 kB
LowTotal:         742412 kB
LowFree:          468264 kB
SwapTotal:             0 kB
SwapFree:              0 kB
Dirty:                 8 kB
Writeback:             0 kB
AnonPages:        505212 kB
Mapped:           160116 kB
Shmem:               460 kB
Slab:              46708 kB
SReclaimable:      20188 kB
SUnreclaim:        26520 kB
KernelStack:       10264 kB
PageTables:        15984 kB
NFS_Unstable:          0 kB
Bounce:                0 kB
WritebackTmp:          0 kB
CommitLimit:      950276 kB
Committed_AS:   38756688 kB
VmallocTotal:     245760 kB
VmallocUsed:       73664 kB
VmallocChunk:      75648 kB
==>Mon Apr 10 19:04:54 2017
MemTotal:        1900556 kB
MemFree:          467124 kB
Buffers:           17196 kB
Cached:           546976 kB
SwapCached:            0 kB
Active:           631808 kB
Inactive:         436872 kB
Active(anon):     504796 kB
Inactive(anon):      420 kB
Active(file):     127012 kB
Inactive(file):   436452 kB
Unevictable:           0 kB
Mlocked:               0 kB
HighTotal:       1158144 kB
HighFree:           4200 kB
LowTotal:         742412 kB
LowFree:          462924 kB
SwapTotal:             0 kB
SwapFree:              0 kB
Dirty:                40 kB
Writeback:             0 kB
AnonPages:        504692 kB
Mapped:           159900 kB
Shmem:               464 kB
Slab:              46636 kB
SReclaimable:      20172 kB
SUnreclaim:        26464 kB
KernelStack:       10312 kB
PageTables:        16100 kB
NFS_Unstable:          0 kB
Bounce:                0 kB
WritebackTmp:          0 kB
CommitLimit:      950276 kB
Committed_AS:   38743272 kB
VmallocTotal:     245760 kB
VmallocUsed:       72668 kB
VmallocChunk:      75648 kB
==>Mon Apr 10 19:05:04 2017
MemTotal:        1900556 kB
MemFree:          477060 kB
Buffers:           17196 kB
Cached:           546976 kB
SwapCached:            0 kB
Active:           623332 kB
Inactive:         436860 kB
Active(anon):     496320 kB
Inactive(anon):      420 kB
Active(file):     127012 kB
Inactive(file):   436440 kB
Unevictable:           0 kB
Mlocked:               0 kB
HighTotal:       1158144 kB
HighFree:           1792 kB
LowTotal:         742412 kB
LowFree:          475268 kB
SwapTotal:             0 kB
SwapFree:              0 kB
Dirty:                 0 kB
Writeback:             0 kB
AnonPages:        496332 kB
Mapped:           159576 kB
Shmem:               464 kB
Slab:              46488 kB
SReclaimable:      20172 kB
SUnreclaim:        26316 kB
KernelStack:       10272 kB
PageTables:        16200 kB
NFS_Unstable:          0 kB
Bounce:                0 kB
WritebackTmp:          0 kB
CommitLimit:      950276 kB
Committed_AS:   38770668 kB
VmallocTotal:     245760 kB
VmallocUsed:       73688 kB
VmallocChunk:      75648 kB
==>Mon Apr 10 19:05:13 2017
MemTotal:        1900556 kB
MemFree:          478140 kB
Buffers:           17196 kB
Cached:           546976 kB
SwapCached:            0 kB
Active:           622044 kB
Inactive:         436868 kB
Active(anon):     495032 kB
Inactive(anon):      420 kB
Active(file):     127012 kB
Inactive(file):   436448 kB
Unevictable:           0 kB
Mlocked:               0 kB
HighTotal:       1158144 kB
HighFree:           2360 kB
LowTotal:         742412 kB
LowFree:          475780 kB
SwapTotal:             0 kB
SwapFree:              0 kB
Dirty:                 0 kB
Writeback:             0 kB
AnonPages:        495012 kB
Mapped:           159804 kB
Shmem:               464 kB
Slab:              46512 kB
SReclaimable:      20172 kB
SUnreclaim:        26340 kB
KernelStack:       10176 kB
PageTables:        16244 kB
NFS_Unstable:          0 kB
Bounce:                0 kB
WritebackTmp:          0 kB
CommitLimit:      950276 kB
Committed_AS:   38777720 kB
VmallocTotal:     245760 kB
VmallocUsed:       72696 kB
VmallocChunk:      75648 kB
==>Mon Apr 10 19:05:24 2017
MemTotal:        1900556 kB
MemFree:          471012 kB
Buffers:           17232 kB
Cached:           546960 kB
SwapCached:            0 kB
Active:           628144 kB
Inactive:         436868 kB
Active(anon):     501120 kB
Inactive(anon):      416 kB
Active(file):     127024 kB
Inactive(file):   436452 kB
Unevictable:           0 kB
Mlocked:               0 kB
HighTotal:       1158144 kB
HighFree:           1720 kB
LowTotal:         742412 kB
LowFree:          469292 kB
SwapTotal:             0 kB
SwapFree:              0 kB
Dirty:                72 kB
Writeback:             0 kB
AnonPages:        501124 kB
Mapped:           159912 kB
Shmem:               460 kB
Slab:              46476 kB
SReclaimable:      20172 kB
SUnreclaim:        26304 kB
KernelStack:       10328 kB
PageTables:        15980 kB
NFS_Unstable:          0 kB
Bounce:                0 kB
WritebackTmp:          0 kB
CommitLimit:      950276 kB
Committed_AS:   38746720 kB
VmallocTotal:     245760 kB
VmallocUsed:       72668 kB
VmallocChunk:      75648 kB
==>Mon Apr 10 19:05:34 2017
MemTotal:        1900556 kB
MemFree:          455144 kB
Buffers:           17264 kB
Cached:           556984 kB
SwapCached:            0 kB
Active:           634536 kB
Inactive:         446876 kB
Active(anon):     507468 kB
Inactive(anon):      432 kB
Active(file):     127068 kB
Inactive(file):   446444 kB
Unevictable:           0 kB
Mlocked:               0 kB
HighTotal:       1158144 kB
HighFree:           1764 kB
LowTotal:         742412 kB
LowFree:          453380 kB
SwapTotal:             0 kB
SwapFree:              0 kB
Dirty:                52 kB
Writeback:             0 kB
AnonPages:        507432 kB
Mapped:           162124 kB
Shmem:               480 kB
Slab:              46552 kB
SReclaimable:      20252 kB
SUnreclaim:        26300 kB
KernelStack:       10360 kB
PageTables:        16120 kB
NFS_Unstable:          0 kB
Bounce:                0 kB
WritebackTmp:          0 kB
CommitLimit:      950276 kB
Committed_AS:   38774924 kB
VmallocTotal:     245760 kB
VmallocUsed:       73672 kB
VmallocChunk:      75648 kB
==>Mon Apr 10 19:05:44 2017
MemTotal:        1900556 kB
MemFree:          431912 kB
Buffers:           17304 kB
Cached:           559176 kB
SwapCached:            0 kB
Active:           654740 kB
Inactive:         449092 kB
Active(anon):     527656 kB
Inactive(anon):      432 kB
Active(file):     127084 kB
Inactive(file):   448660 kB
Unevictable:           0 kB
Mlocked:               0 kB
HighTotal:       1158144 kB
HighFree:           1708 kB
LowTotal:         742412 kB
LowFree:          430204 kB
SwapTotal:             0 kB
SwapFree:              0 kB
Dirty:                 0 kB
Writeback:             0 kB
AnonPages:        527656 kB
Mapped:           162976 kB
Shmem:               480 kB
Slab:              46632 kB
SReclaimable:      20268 kB
SUnreclaim:        26364 kB
KernelStack:       10392 kB
PageTables:        16140 kB
NFS_Unstable:          0 kB
Bounce:                0 kB
WritebackTmp:          0 kB
CommitLimit:      950276 kB
Committed_AS:   38779604 kB
VmallocTotal:     245760 kB
VmallocUsed:       73672 kB
VmallocChunk:      75648 kB
==>Mon Apr 10 19:05:54 2017
MemTotal:        1900556 kB
MemFree:          427000 kB
Buffers:           17328 kB
Cached:           559320 kB
SwapCached:            0 kB
Active:           659168 kB
Inactive:         449252 kB
Active(anon):     532076 kB
Inactive(anon):      432 kB
Active(file):     127092 kB
Inactive(file):   448820 kB
Unevictable:           0 kB
Mlocked:               0 kB
HighTotal:       1158144 kB
HighFree:           1812 kB
LowTotal:         742412 kB
LowFree:          425188 kB
SwapTotal:             0 kB
SwapFree:              0 kB
Dirty:                 0 kB
Writeback:             0 kB
AnonPages:        532076 kB
Mapped:           163416 kB
Shmem:               480 kB
Slab:              46596 kB
SReclaimable:      20268 kB
SUnreclaim:        26328 kB
KernelStack:       10320 kB
PageTables:        15992 kB
NFS_Unstable:          0 kB
Bounce:                0 kB
WritebackTmp:          0 kB
CommitLimit:      950276 kB
Committed_AS:   38776612 kB
VmallocTotal:     245760 kB
VmallocUsed:       73672 kB
VmallocChunk:      75648 kB
==>Mon Apr 10 19:06:04 2017
MemTotal:        1900556 kB
MemFree:          439848 kB
Buffers:           17336 kB
Cached:           559416 kB
SwapCached:            0 kB
Active:           646836 kB
Inactive:         449348 kB
Active(anon):     519736 kB
Inactive(anon):      432 kB
Active(file):     127100 kB
Inactive(file):   448916 kB
Unevictable:           0 kB
Mlocked:               0 kB
HighTotal:       1158144 kB
HighFree:           1900 kB
LowTotal:         742412 kB
LowFree:          437948 kB
SwapTotal:             0 kB
SwapFree:              0 kB
Dirty:                 0 kB
Writeback:             0 kB
AnonPages:        519656 kB
Mapped:           162896 kB
Shmem:               480 kB
Slab:              46600 kB
SReclaimable:      20268 kB
SUnreclaim:        26332 kB
KernelStack:       10320 kB
PageTables:        15956 kB
NFS_Unstable:          0 kB
Bounce:                0 kB
WritebackTmp:          0 kB
CommitLimit:      950276 kB
Committed_AS:   38768976 kB
VmallocTotal:     245760 kB
VmallocUsed:       74692 kB
VmallocChunk:      75648 kB
==>Mon Apr 10 19:06:14 2017
MemTotal:        1900556 kB
MemFree:          437768 kB
Buffers:           17344 kB
Cached:           559408 kB
SwapCached:            0 kB
Active:           648780 kB
Inactive:         449348 kB
Active(anon):     521680 kB
Inactive(anon):      432 kB
Active(file):     127100 kB
Inactive(file):   448916 kB
Unevictable:           0 kB
Mlocked:               0 kB
HighTotal:       1158144 kB
HighFree:           1720 kB
LowTotal:         742412 kB
LowFree:          436048 kB
SwapTotal:             0 kB
SwapFree:              0 kB
Dirty:                 4 kB
Writeback:             0 kB
AnonPages:        521712 kB
Mapped:           162744 kB
Shmem:               480 kB
Slab:              46584 kB
SReclaimable:      20268 kB
SUnreclaim:        26316 kB
KernelStack:       10376 kB
PageTables:        16084 kB
NFS_Unstable:          0 kB
Bounce:                0 kB
WritebackTmp:          0 kB
CommitLimit:      950276 kB
Committed_AS:   38785744 kB
VmallocTotal:     245760 kB
VmallocUsed:       74684 kB
VmallocChunk:      75648 kB
==>Mon Apr 10 19:06:24 2017
MemTotal:        1900556 kB
MemFree:          465272 kB
Buffers:           17400 kB
Cached:           559512 kB
SwapCached:            0 kB
Active:           619604 kB
Inactive:         449500 kB
Active(anon):     492492 kB
Inactive(anon):      416 kB
Active(file):     127112 kB
Inactive(file):   449084 kB
Unevictable:           0 kB
Mlocked:               0 kB
HighTotal:       1158144 kB
HighFree:           2004 kB
LowTotal:         742412 kB
LowFree:          463268 kB
SwapTotal:             0 kB
SwapFree:              0 kB
Dirty:                 0 kB
Writeback:             0 kB
AnonPages:        492488 kB
Mapped:           160860 kB
Shmem:               460 kB
Slab:              46620 kB
SReclaimable:      20312 kB
SUnreclaim:        26308 kB
KernelStack:       10128 kB
PageTables:        15960 kB
NFS_Unstable:          0 kB
Bounce:                0 kB
WritebackTmp:          0 kB
CommitLimit:      950276 kB
Committed_AS:   38776920 kB
VmallocTotal:     245760 kB
VmallocUsed:       73688 kB
