==>Sat Nov 14 19:11:41 2015
MemTotal:        1901064 kB
MemFree:          995540 kB
Buffers:           21844 kB
Cached:           334260 kB
SwapCached:            0 kB
Active:           384328 kB
Inactive:         232120 kB
Active(anon):     260372 kB
Inactive(anon):      376 kB
Active(file):     123956 kB
Inactive(file):   231744 kB
Unevictable:           0 kB
Mlocked:               0 kB
HighTotal:       1158144 kB
HighFree:         341492 kB
LowTotal:         742920 kB
LowFree:          654048 kB
SwapTotal:             0 kB
SwapFree:              0 kB
Dirty:                48 kB
Writeback:             0 kB
AnonPages:        260224 kB
Mapped:            95928 kB
Shmem:               424 kB
Slab:              39900 kB
SReclaimable:      21432 kB
SUnreclaim:        18468 kB
KernelStack:        6984 kB
PageTables:         9428 kB
NFS_Unstable:          0 kB
Bounce:                0 kB
WritebackTmp:          0 kB
CommitLimit:      950532 kB
Committed_AS:   26338276 kB
VmallocTotal:     245760 kB
VmallocUsed:       68288 kB
VmallocChunk:      75648 kB
==>Sat Nov 14 19:11:51 2015
MemTotal:        1901064 kB
MemFree:          954608 kB
Buffers:           22032 kB
Cached:           335672 kB
SwapCached:            0 kB
Active:           411368 kB
Inactive:         231688 kB
Active(anon):     285376 kB
Inactive(anon):      376 kB
Active(file):     125992 kB
Inactive(file):   231312 kB
Unevictable:           0 kB
Mlocked:               0 kB
HighTotal:       1158144 kB
HighFree:         301384 kB
LowTotal:         742920 kB
LowFree:          653224 kB
SwapTotal:             0 kB
SwapFree:              0 kB
Dirty:                40 kB
Writeback:             0 kB
AnonPages:        285408 kB
Mapped:            95776 kB
Shmem:               424 kB
Slab:              40052 kB
SReclaimable:      21476 kB
SUnreclaim:        18576 kB
KernelStack:        7152 kB
PageTables:         9608 kB
NFS_Unstable:          0 kB
Bounce:                0 kB
WritebackTmp:          0 kB
CommitLimit:      950532 kB
Committed_AS:   26342616 kB
VmallocTotal:     245760 kB
VmallocUsed:       68356 kB
VmallocChunk:      75648 kB
==>Sat Nov 14 19:12:01 2015
MemTotal:        1901064 kB
MemFree:          950372 kB
Buffers:           22064 kB
Cached:           335720 kB
SwapCached:            0 kB
Active:           416116 kB
Inactive:         231264 kB
Active(anon):     289620 kB
Inactive(anon):      376 kB
Active(file):     126496 kB
Inactive(file):   230888 kB
Unevictable:           0 kB
Mlocked:               0 kB
HighTotal:       1158144 kB
HighFree:         297748 kB
LowTotal:         742920 kB
LowFree:          652624 kB
SwapTotal:             0 kB
SwapFree:              0 kB
Dirty:                 4 kB
Writeback:             0 kB
AnonPages:        289624 kB
Mapped:            95708 kB
Shmem:               424 kB
Slab:              40984 kB
SReclaimable:      22248 kB
SUnreclaim:        18736 kB
KernelStack:        7032 kB
PageTables:         9644 kB
NFS_Unstable:          0 kB
Bounce:                0 kB
WritebackTmp:          0 kB
CommitLimit:      950532 kB
Committed_AS:   26345472 kB
VmallocTotal:     245760 kB
VmallocUsed:       68356 kB
VmallocChunk:      75648 kB
==>Sat Nov 14 19:12:11 2015
MemTotal:        1901064 kB
MemFree:          933288 kB
Buffers:           22144 kB
Cached:           335844 kB
SwapCached:            0 kB
Active:           431280 kB
Inactive:         231264 kB
Active(anon):     304580 kB
Inactive(anon):      376 kB
Active(file):     126700 kB
Inactive(file):   230888 kB
Unevictable:           0 kB
Mlocked:               0 kB
HighTotal:       1158144 kB
HighFree:         282832 kB
LowTotal:         742920 kB
LowFree:          650456 kB
SwapTotal:             0 kB
SwapFree:              0 kB
Dirty:               120 kB
Writeback:             0 kB
AnonPages:        304496 kB
Mapped:            95708 kB
Shmem:               424 kB
Slab:              41292 kB
SReclaimable:      22272 kB
SUnreclaim:        19020 kB
KernelStack:        7344 kB
PageTables:        10000 kB
NFS_Unstable:          0 kB
Bounce:                0 kB
WritebackTmp:          0 kB
CommitLimit:      950532 kB
Committed_AS:   27119180 kB
VmallocTotal:     245760 kB
VmallocUsed:       69384 kB
VmallocChunk:      75648 kB
==>Sat Nov 14 19:12:21 2015
MemTotal:        1901064 kB
MemFree:          933568 kB
Buffers:           22184 kB
Cached:           335856 kB
SwapCached:            0 kB
Active:           432000 kB
Inactive:         231312 kB
Active(anon):     305296 kB
Inactive(anon):      376 kB
Active(file):     126704 kB
Inactive(file):   230936 kB
Unevictable:           0 kB
Mlocked:               0 kB
HighTotal:       1158144 kB
HighFree:         282240 kB
LowTotal:         742920 kB
LowFree:          651328 kB
SwapTotal:             0 kB
SwapFree:              0 kB
Dirty:                48 kB
Writeback:             0 kB
AnonPages:        305492 kB
Mapped:            95688 kB
Shmem:               424 kB
Slab:              41200 kB
SReclaimable:      22284 kB
SUnreclaim:        18916 kB
KernelStack:        7224 kB
PageTables:        10020 kB
NFS_Unstable:          0 kB
Bounce:                0 kB
WritebackTmp:          0 kB
CommitLimit:      950532 kB
Committed_AS:   27118832 kB
VmallocTotal:     245760 kB
VmallocUsed:       69384 kB
VmallocChunk:      75648 kB
==>Sat Nov 14 19:12:31 2015
MemTotal:        1901064 kB
MemFree:          934180 kB
Buffers:           22208 kB
Cached:           335860 kB
SwapCached:            0 kB
Active:           432328 kB
Inactive:         231340 kB
Active(anon):     305624 kB
Inactive(anon):      376 kB
Active(file):     126704 kB
Inactive(file):   230964 kB
Unevictable:           0 kB
Mlocked:               0 kB
HighTotal:       1158144 kB
HighFree:         282344 kB
LowTotal:         742920 kB
LowFree:          651836 kB
SwapTotal:             0 kB
SwapFree:              0 kB
Dirty:                56 kB
Writeback:             0 kB
AnonPages:        305656 kB
Mapped:            96052 kB
Shmem:               424 kB
Slab:              41232 kB
SReclaimable:      22304 kB
SUnreclaim:        18928 kB
KernelStack:        7136 kB
PageTables:        10112 kB
NFS_Unstable:          0 kB
Bounce:                0 kB
WritebackTmp:          0 kB
CommitLimit:      950532 kB
Committed_AS:   27118940 kB
VmallocTotal:     245760 kB
VmallocUsed:       69376 kB
VmallocChunk:      75648 kB
==>Sat Nov 14 19:12:41 2015
MemTotal:        1901064 kB
MemFree:          932692 kB
Buffers:           22240 kB
Cached:           335864 kB
SwapCached:            0 kB
Active:           433116 kB
Inactive:         231376 kB
Active(anon):     306412 kB
Inactive(anon):      376 kB
Active(file):     126704 kB
Inactive(file):   231000 kB
Unevictable:           0 kB
Mlocked:               0 kB
HighTotal:       1158144 kB
HighFree:         281196 kB
LowTotal:         742920 kB
LowFree:          651496 kB
SwapTotal:             0 kB
SwapFree:              0 kB
Dirty:                52 kB
Writeback:             0 kB
AnonPages:        306404 kB
Mapped:            96144 kB
Shmem:               424 kB
Slab:              41184 kB
SReclaimable:      22296 kB
SUnreclaim:        18888 kB
KernelStack:        7176 kB
PageTables:        10012 kB
NFS_Unstable:          0 kB
Bounce:                0 kB
WritebackTmp:          0 kB
CommitLimit:      950532 kB
Committed_AS:   27118976 kB
VmallocTotal:     245760 kB
VmallocUsed:       69376 kB
VmallocChunk:      75648 kB
==>Sat Nov 14 19:12:51 2015
MemTotal:        1901064 kB
MemFree:          932300 kB
Buffers:           22272 kB
Cached:           335868 kB
SwapCached:            0 kB
Active:           434316 kB
Inactive:         231412 kB
Active(anon):     307612 kB
Inactive(anon):      376 kB
Active(file):     126704 kB
Inactive(file):   231036 kB
Unevictable:           0 kB
Mlocked:               0 kB
HighTotal:       1158144 kB
HighFree:         280624 kB
LowTotal:         742920 kB
LowFree:          651676 kB
SwapTotal:             0 kB
SwapFree:              0 kB
Dirty:                52 kB
Writeback:             0 kB
AnonPages:        307600 kB
Mapped:            96040 kB
Shmem:               424 kB
Slab:              41144 kB
SReclaimable:      22296 kB
SUnreclaim:        18848 kB
KernelStack:        7064 kB
PageTables:        10068 kB
NFS_Unstable:          0 kB
Bounce:                0 kB
WritebackTmp:          0 kB
CommitLimit:      950532 kB
Committed_AS:   27119436 kB
VmallocTotal:     245760 kB
VmallocUsed:       69376 kB
VmallocChunk:      75648 kB
==>Sat Nov 14 19:13:01 2015
MemTotal:        1901064 kB
MemFree:          931204 kB
Buffers:           22304 kB
Cached:           335872 kB
SwapCached:            0 kB
Active:           435276 kB
Inactive:         231448 kB
Active(anon):     308572 kB
Inactive(anon):      376 kB
Active(file):     126704 kB
Inactive(file):   231072 kB
Unevictable:           0 kB
Mlocked:               0 kB
HighTotal:       1158144 kB
HighFree:         279608 kB
LowTotal:         742920 kB
LowFree:          651596 kB
SwapTotal:             0 kB
SwapFree:              0 kB
Dirty:                52 kB
Writeback:             0 kB
AnonPages:        308520 kB
Mapped:            96036 kB
Shmem:               424 kB
Slab:              41164 kB
SReclaimable:      22296 kB
SUnreclaim:        18868 kB
KernelStack:        7168 kB
PageTables:        10068 kB
NFS_Unstable:          0 kB
Bounce:                0 kB
WritebackTmp:          0 kB
CommitLimit:      950532 kB
Committed_AS:   27119536 kB
VmallocTotal:     245760 kB
VmallocUsed:       69376 kB
VmallocChunk:      75648 kB
==>Sat Nov 14 19:13:11 2015
MemTotal:        1901064 kB
MemFree:          929860 kB
Buffers:           22336 kB
Cached:           335876 kB
SwapCached:            0 kB
Active:           436300 kB
Inactive:         231484 kB
Active(anon):     309596 kB
Inactive(anon):      376 kB
Active(file):     126704 kB
Inactive(file):   231108 kB
Unevictable:           0 kB
Mlocked:               0 kB
HighTotal:       1158144 kB
HighFree:         278336 kB
LowTotal:         742920 kB
LowFree:          651524 kB
SwapTotal:             0 kB
SwapFree:              0 kB
Dirty:                52 kB
Writeback:             0 kB
AnonPages:        309592 kB
Mapped:            96040 kB
Shmem:               424 kB
Slab:              41168 kB
SReclaimable:      22296 kB
SUnreclaim:        18872 kB
KernelStack:        7216 kB
PageTables:        10120 kB
NFS_Unstable:          0 kB
Bounce:                0 kB
WritebackTmp:          0 kB
CommitLimit:      950532 kB
Committed_AS:   27119528 kB
VmallocTotal:     245760 kB
VmallocUsed:       69376 kB
VmallocChunk:      75648 kB
==>Sat Nov 14 19:13:22 2015
MemTotal:        1901064 kB
MemFree:          928144 kB
Buffers:           22368 kB
Cached:           335880 kB
SwapCached:            0 kB
Active:           437452 kB
Inactive:         231520 kB
Active(anon):     310748 kB
Inactive(anon):      376 kB
Active(file):     126704 kB
Inactive(file):   231144 kB
Unevictable:           0 kB
Mlocked:               0 kB
HighTotal:       1158144 kB
HighFree:         276824 kB
LowTotal:         742920 kB
LowFree:          651320 kB
SwapTotal:             0 kB
SwapFree:              0 kB
Dirty:                52 kB
Writeback:             0 kB
AnonPages:        310712 kB
Mapped:            96276 kB
Shmem:               424 kB
Slab:              41196 kB
SReclaimable:      22296 kB
SUnreclaim:        18900 kB
KernelStack:        7168 kB
PageTables:        10080 kB
NFS_Unstable:          0 kB
Bounce:                0 kB
WritebackTmp:          0 kB
CommitLimit:      950532 kB
Committed_AS:   27120040 kB
VmallocTotal:     245760 kB
VmallocUsed:       69376 kB
VmallocChunk:      75648 kB
==>Sat Nov 14 19:13:32 2015
MemTotal:        1901064 kB
MemFree:          930468 kB
Buffers:           22392 kB
Cached:           335880 kB
SwapCached:            0 kB
Active:           438084 kB
Inactive:         231544 kB
Active(anon):     311380 kB
Inactive(anon):      376 kB
Active(file):     126704 kB
Inactive(file):   231168 kB
Unevictable:           0 kB
Mlocked:               0 kB
HighTotal:       1158144 kB
HighFree:         278976 kB
LowTotal:         742920 kB
LowFree:          651492 kB
SwapTotal:             0 kB
SwapFree:              0 kB
Dirty:                 4 kB
Writeback:             0 kB
AnonPages:        311308 kB
Mapped:            95836 kB
Shmem:               424 kB
Slab:              41160 kB
SReclaimable:      22288 kB
SUnreclaim:        18872 kB
KernelStack:        7176 kB
PageTables:        10016 kB
NFS_Unstable:          0 kB
Bounce:                0 kB
WritebackTmp:          0 kB
CommitLimit:      950532 kB
Committed_AS:   27119492 kB
VmallocTotal:     245760 kB
VmallocUsed:       69368 kB
VmallocChunk:      75648 kB
==>Sat Nov 14 19:13:41 2015
MemTotal:        1901064 kB
MemFree:          928632 kB
Buffers:           22424 kB
Cached:           335884 kB
SwapCached:            0 kB
Active:           439052 kB
Inactive:         231580 kB
Active(anon):     312348 kB
Inactive(anon):      376 kB
Active(file):     126704 kB
Inactive(file):   231204 kB
Unevictable:           0 kB
Mlocked:               0 kB
HighTotal:       1158144 kB
HighFree:         277672 kB
LowTotal:         742920 kB
LowFree:          650960 kB
SwapTotal:             0 kB
SwapFree:              0 kB
Dirty:                72 kB
Writeback:             0 kB
AnonPages:        312328 kB
Mapped:            95956 kB
Shmem:               424 kB
Slab:              41136 kB
SReclaimable:      22288 kB
SUnreclaim:        18848 kB
KernelStack:        7256 kB
PageTables:        10060 kB
NFS_Unstable:          0 kB
Bounce:                0 kB
WritebackTmp:          0 kB
CommitLimit:      950532 kB
Committed_AS:   27119648 kB
VmallocTotal:     245760 kB
VmallocUsed:       69368 kB
VmallocChunk:      75648 kB
==>Sat Nov 14 19:13:51 2015
MemTotal:        1901064 kB
MemFree:          928032 kB
Buffers:           22456 kB
Cached:           335984 kB
SwapCached:            0 kB
Active:           440296 kB
Inactive:         231712 kB
Active(anon):     313592 kB
Inactive(anon):      472 kB
Active(file):     126704 kB
Inactive(file):   231240 kB
Unevictable:           0 kB
Mlocked:               0 kB
HighTotal:       1158144 kB
HighFree:         277056 kB
LowTotal:         742920 kB
LowFree:          650976 kB
SwapTotal:             0 kB
SwapFree:              0 kB
Dirty:                76 kB
Writeback:             0 kB
AnonPages:        313624 kB
Mapped:            95780 kB
Shmem:               520 kB
Slab:              41116 kB
SReclaimable:      22288 kB
SUnreclaim:        18828 kB
KernelStack:        7240 kB
PageTables:        10036 kB
NFS_Unstable:          0 kB
Bounce:                0 kB
WritebackTmp:          0 kB
CommitLimit:      950532 kB
Committed_AS:   27122184 kB
VmallocTotal:     245760 kB
VmallocUsed:       69368 kB
VmallocChunk:      75648 kB
==>Sat Nov 14 19:14:02 2015
MemTotal:        1901064 kB
MemFree:          923068 kB
Buffers:           22472 kB
Cached:           335892 kB
SwapCached:            0 kB
Active:           440824 kB
Inactive:         231636 kB
Active(anon):     314120 kB
Inactive(anon):      376 kB
Active(file):     126704 kB
Inactive(file):   231260 kB
Unevictable:           0 kB
Mlocked:               0 kB
HighTotal:       1158144 kB
HighFree:         272072 kB
LowTotal:         742920 kB
LowFree:          650996 kB
SwapTotal:             0 kB
SwapFree:              0 kB
Dirty:                56 kB
Writeback:             0 kB
AnonPages:        314112 kB
Mapped:            96224 kB
Shmem:               424 kB
Slab:              41188 kB
SReclaimable:      22288 kB
SUnreclaim:        18900 kB
KernelStack:        7240 kB
PageTables:        10008 kB
NFS_Unstable:          0 kB
Bounce:                0 kB
WritebackTmp:          0 kB
CommitLimit:      950532 kB
Committed_AS:   27120300 kB
VmallocTotal:     245760 kB
VmallocUsed:       69388 kB
VmallocChunk:      75648 kB
==>Sat Nov 14 19:14:12 2015
MemTotal:        1901064 kB
MemFree:          922108 kB
Buffers:           22504 kB
Cached:           335896 kB
SwapCached:            0 kB
Active:           441616 kB
Inactive:         231672 kB
Active(anon):     314912 kB
Inactive(anon):      376 kB
Active(file):     126704 kB
Inactive(file):   231296 kB
Unevictable:           0 kB
Mlocked:               0 kB
HighTotal:       1158144 kB
HighFree:         270912 kB
LowTotal:         742920 kB
LowFree:          651196 kB
SwapTotal:             0 kB
SwapFree:              0 kB
Dirty:                44 kB
Writeback:             0 kB
AnonPages:        315028 kB
Mapped:            96976 kB
Shmem:               424 kB
Slab:              41128 kB
SReclaimable:      22272 kB
SUnreclaim:        18856 kB
KernelStack:        7232 kB
PageTables:        10008 kB
NFS_Unstable:          0 kB
Bounce:                0 kB
WritebackTmp:          0 kB
CommitLimit:      950532 kB
Committed_AS:   27120420 kB
VmallocTotal:     245760 kB
VmallocUsed:       69380 kB
VmallocChunk:      75648 kB
==>Sat Nov 14 19:14:22 2015
MemTotal:        1901064 kB
MemFree:          923308 kB
Buffers:           22536 kB
Cached:           335900 kB
SwapCached:            0 kB
Active:           442268 kB
Inactive:         231708 kB
Active(anon):     315564 kB
Inactive(anon):      376 kB
Active(file):     126704 kB
Inactive(file):   231332 kB
Unevictable:           0 kB
Mlocked:               0 kB
HighTotal:       1158144 kB
HighFree:         272160 kB
LowTotal:         742920 kB
LowFree:          651148 kB
SwapTotal:             0 kB
SwapFree:              0 kB
Dirty:                44 kB
Writeback:             0 kB
AnonPages:        315644 kB
Mapped:            95732 kB
Shmem:               424 kB
Slab:              41220 kB
SReclaimable:      22292 kB
SUnreclaim:        18928 kB
KernelStack:        7224 kB
PageTables:         9984 kB
NFS_Unstable:          0 kB
Bounce:                0 kB
WritebackTmp:          0 kB
CommitLimit:      950532 kB
Committed_AS:   27120148 kB
VmallocTotal:     245760 kB
VmallocUsed:       69384 kB
VmallocChunk:      75648 kB
==>Sat Nov 14 19:14:32 2015
MemTotal:        1901064 kB
MemFree:          921324 kB
Buffers:           22568 kB
Cached:           335904 kB
SwapCached:            0 kB
Active:           443716 kB
Inactive:         231740 kB
Active(anon):     317008 kB
Inactive(anon):      376 kB
Active(file):     126708 kB
Inactive(file):   231364 kB
Unevictable:           0 kB
Mlocked:               0 kB
HighTotal:       1158144 kB
HighFree:         270240 kB
LowTotal:         742920 kB
LowFree:          651084 kB
SwapTotal:             0 kB
SwapFree:              0 kB
Dirty:                44 kB
Writeback:             0 kB
AnonPages:        317004 kB
Mapped:            95740 kB
Shmem:               424 kB
Slab:              41124 kB
SReclaimable:      22292 kB
SUnreclaim:        18832 kB
KernelStack:        7240 kB
PageTables:        10020 kB
NFS_Unstable:          0 kB
Bounce:                0 kB
WritebackTmp:          0 kB
CommitLimit:      950532 kB
Committed_AS:   27120300 kB
VmallocTotal:     245760 kB
VmallocUsed:       69384 kB
VmallocChunk:      75648 kB
==>Sat Nov 14 19:14:42 2015
MemTotal:        1901064 kB
MemFree:          920684 kB
Buffers:           22592 kB
Cached:           335908 kB
SwapCached:            0 kB
Active:           444356 kB
Inactive:         231772 kB
Active(anon):     317652 kB
Inactive(anon):      376 kB
Active(file):     126704 kB
Inactive(file):   231396 kB
Unevictable:           0 kB
Mlocked:               0 kB
HighTotal:       1158144 kB
HighFree:         269584 kB
LowTotal:         742920 kB
LowFree:          651100 kB
SwapTotal:             0 kB
SwapFree:              0 kB
Dirty:                 0 kB
Writeback:             0 kB
AnonPages:        317552 kB
Mapped:            95732 kB
Shmem:               424 kB
Slab:              41116 kB
SReclaimable:      22292 kB
SUnreclaim:        18824 kB
KernelStack:        7312 kB
PageTables:        10020 kB
NFS_Unstable:          0 kB
Bounce:                0 kB
WritebackTmp:          0 kB
CommitLimit:      950532 kB
Committed_AS:   27120972 kB
VmallocTotal:     245760 kB
VmallocUsed:       69384 kB
VmallocChunk:      75648 kB
==>Sat Nov 14 19:14:52 2015
MemTotal:        1901064 kB
MemFree:          921196 kB
Buffers:           22624 kB
Cached:           335912 kB
SwapCached:            0 kB
Active:           444324 kB
Inactive:         231808 kB
Active(anon):     317620 kB
Inactive(anon):      376 kB
Active(file):     126704 kB
Inactive(file):   231432 kB
Unevictable:           0 kB
Mlocked:               0 kB
HighTotal:       1158144 kB
HighFree:         269792 kB
LowTotal:         742920 kB
LowFree:          651404 kB
SwapTotal:             0 kB
SwapFree:              0 kB
Dirty:                52 kB
Writeback:             0 kB
AnonPages:        317588 kB
Mapped:            96120 kB
Shmem:               424 kB
Slab:              41084 kB
SReclaimable:      22292 kB
SUnreclaim:        18792 kB
KernelStack:        7176 kB
PageTables:        10048 kB
NFS_Unstable:          0 kB
Bounce:                0 kB
WritebackTmp:          0 kB
CommitLimit:      950532 kB
Committed_AS:   27121000 kB
VmallocTotal:     245760 kB
VmallocUsed:       69376 kB
VmallocChunk:      75648 kB
==>Sat Nov 14 19:15:02 2015
MemTotal:        1901064 kB
MemFree:          920904 kB
Buffers:           22656 kB
Cached:           335916 kB
SwapCached:            0 kB
Active:           444536 kB
Inactive:         231844 kB
Active(anon):     317832 kB
Inactive(anon):      376 kB
Active(file):     126704 kB
Inactive(file):   231468 kB
Unevictable:           0 kB
Mlocked:               0 kB
HighTotal:       1158144 kB
HighFree:         269812 kB
LowTotal:         742920 kB
LowFree:          651092 kB
SwapTotal:             0 kB
SwapFree:              0 kB
Dirty:                52 kB
Writeback:             0 kB
AnonPages:        317848 kB
Mapped:            96192 kB
Shmem:               424 kB
Slab:              41132 kB
SReclaimable:      22316 kB
SUnreclaim:        18816 kB
KernelStack:        7176 kB
PageTables:        10052 kB
NFS_Unstable:          0 kB
Bounce:                0 kB
WritebackTmp:          0 kB
CommitLimit:      950532 kB
Committed_AS:   27121080 kB
VmallocTotal:     245760 kB
VmallocUsed:       69376 kB
VmallocChunk:      75648 kB
==>Sat Nov 14 19:15:12 2015
MemTotal:        1901064 kB
MemFree:          923184 kB
Buffers:           22684 kB
Cached:           335916 kB
SwapCached:            0 kB
Active:           444884 kB
Inactive:         231868 kB
Active(anon):     318176 kB
Inactive(anon):      376 kB
Active(file):     126708 kB
Inactive(file):   231492 kB
Unevictable:           0 kB
Mlocked:               0 kB
HighTotal:       1158144 kB
HighFree:         271968 kB
LowTotal:         742920 kB
LowFree:          651216 kB
SwapTotal:             0 kB
SwapFree:              0 kB
Dirty:                 8 kB
Writeback:             0 kB
AnonPages:        318124 kB
Mapped:            95900 kB
Shmem:               424 kB
Slab:              41060 kB
SReclaimable:      22316 kB
SUnreclaim:        18744 kB
KernelStack:        7184 kB
PageTables:        10092 kB
NFS_Unstable:          0 kB
Bounce:                0 kB
WritebackTmp:          0 kB
CommitLimit:      950532 kB
Committed_AS:   27121368 kB
VmallocTotal:     245760 kB
VmallocUsed:       69360 kB
VmallocChunk:      75648 kB
==>Sat Nov 14 19:15:22 2015
MemTotal:        1901064 kB
MemFree:          921992 kB
Buffers:           22716 kB
Cached:           335892 kB
SwapCached:            0 kB
Active:           445016 kB
Inactive:         231916 kB
Active(anon):     318308 kB
Inactive(anon):      388 kB
Active(file):     126708 kB
Inactive(file):   231528 kB
Unevictable:           0 kB
Mlocked:               0 kB
HighTotal:       1158144 kB
HighFree:         271036 kB
LowTotal:         742920 kB
LowFree:          650956 kB
SwapTotal:             0 kB
SwapFree:              0 kB
Dirty:                80 kB
Writeback:             0 kB
AnonPages:        318260 kB
Mapped:            95848 kB
Shmem:               396 kB
Slab:              41100 kB
SReclaimable:      22308 kB
SUnreclaim:        18792 kB
KernelStack:        7248 kB
PageTables:        10144 kB
NFS_Unstable:          0 kB
Bounce:                0 kB
WritebackTmp:          0 kB
CommitLimit:      950532 kB
Committed_AS:   27121084 kB
VmallocTotal:     245760 kB
VmallocUsed:       69368 kB
VmallocChunk:      75648 kB
==>Sat Nov 14 19:15:32 2015
MemTotal:        1901064 kB
MemFree:          917224 kB
Buffers:           22732 kB
Cached:           335924 kB
SwapCached:            0 kB
Active:           445280 kB
Inactive:         231924 kB
Active(anon):     318572 kB
Inactive(anon):      376 kB
Active(file):     126708 kB
Inactive(file):   231548 kB
Unevictable:           0 kB
Mlocked:               0 kB
HighTotal:       1158144 kB
HighFree:         266444 kB
LowTotal:         742920 kB
LowFree:          650780 kB
SwapTotal:             0 kB
SwapFree:              0 kB
Dirty:                44 kB
Writeback:             0 kB
AnonPages:        318648 kB
Mapped:            96952 kB
Shmem:               424 kB
Slab:              41040 kB
SReclaimable:      22308 kB
SUnreclaim:        18732 kB
KernelStack:        7240 kB
PageTables:         9992 kB
NFS_Unstable:          0 kB
Bounce:                0 kB
WritebackTmp:          0 kB
CommitLimit:      950532 kB
Committed_AS:   27121156 kB
VmallocTotal:     245760 kB
VmallocUsed:       69380 kB
VmallocChunk:      75648 kB
==>Sat Nov 14 19:15:42 2015
MemTotal:        1901064 kB
MemFree:          919276 kB
Buffers:           22764 kB
Cached:           335932 kB
SwapCached:            0 kB
Active:           446008 kB
Inactive:         231964 kB
Active(anon):     319300 kB
Inactive(anon):      376 kB
Active(file):     126708 kB
Inactive(file):   231588 kB
Unevictable:           0 kB
Mlocked:               0 kB
HighTotal:       1158144 kB
HighFree:         268308 kB
LowTotal:         742920 kB
LowFree:          650968 kB
SwapTotal:             0 kB
SwapFree:              0 kB
Dirty:                52 kB
Writeback:             0 kB
AnonPages:        319296 kB
Mapped:            95768 kB
Shmem:               424 kB
Slab:              41052 kB
SReclaimable:      22312 kB
SUnreclaim:        18740 kB
KernelStack:        7232 kB
PageTables:        10000 kB
NFS_Unstable:          0 kB
Bounce:                0 kB
WritebackTmp:          0 kB
CommitLimit:      950532 kB
Committed_AS:   27121624 kB
VmallocTotal:     245760 kB
VmallocUsed:       69384 kB
VmallocChunk:      75648 kB
==>Sat Nov 14 19:15:52 2015
MemTotal:        1901064 kB
MemFree:          918572 kB
Buffers:           22788 kB
Cached:           335936 kB
SwapCached:            0 kB
Active:           446008 kB
Inactive:         231988 kB
Active(anon):     319296 kB
Inactive(anon):      376 kB
Active(file):     126712 kB
Inactive(file):   231612 kB
Unevictable:           0 kB
Mlocked:               0 kB
HighTotal:       1158144 kB
HighFree:         267700 kB
LowTotal:         742920 kB
LowFree:          650872 kB
SwapTotal:             0 kB
SwapFree:              0 kB
Dirty:                 0 kB
Writeback:             0 kB
AnonPages:        319292 kB
Mapped:            96296 kB
Shmem:               424 kB
Slab:              41060 kB
SReclaimable:      22312 kB
SUnreclaim:        18748 kB
KernelStack:        7224 kB
PageTables:        10052 kB
NFS_Unstable:          0 kB
Bounce:                0 kB
WritebackTmp:          0 kB
CommitLimit:      950532 kB
Committed_AS:   27121876 kB
VmallocTotal:     245760 kB
VmallocUsed:       69384 kB
VmallocChunk:      75648 kB
==>Sat Nov 14 19:16:02 2015
MemTotal:        1901064 kB
MemFree:          918900 kB
Buffers:           22820 kB
Cached:           335940 kB
SwapCached:            0 kB
Active:           446440 kB
Inactive:         232024 kB
Active(anon):     319728 kB
Inactive(anon):      376 kB
Active(file):     126712 kB
Inactive(file):   231648 kB
Unevictable:           0 kB
Mlocked:               0 kB
HighTotal:       1158144 kB
HighFree:         267900 kB
LowTotal:         742920 kB
LowFree:          651000 kB
SwapTotal:             0 kB
SwapFree:              0 kB
Dirty:                52 kB
Writeback:             0 kB
AnonPages:        319696 kB
Mapped:            96332 kB
Shmem:               424 kB
Slab:              41092 kB
SReclaimable:      22312 kB
SUnreclaim:        18780 kB
KernelStack:        7208 kB
PageTables:        10048 kB
NFS_Unstable:          0 kB
Bounce:                0 kB
WritebackTmp:          0 kB
CommitLimit:      950532 kB
Committed_AS:   27121956 kB
VmallocTotal:     245760 kB
VmallocUsed:       69376 kB
VmallocChunk:      75648 kB
==>Sat Nov 14 19:16:12 2015
MemTotal:        1901064 kB
MemFree:          918064 kB
Buffers:           22852 kB
Cached:           335944 kB
SwapCached:            0 kB
Active:           446716 kB
Inactive:         232060 kB
Active(anon):     320004 kB
Inactive(anon):      376 kB
Active(file):     126712 kB
Inactive(file):   231684 kB
Unevictable:           0 kB
Mlocked:               0 kB
HighTotal:       1158144 kB
HighFree:         267076 kB
LowTotal:         742920 kB
LowFree:          650988 kB
SwapTotal:             0 kB
SwapFree:              0 kB
Dirty:                52 kB
Writeback:             0 kB
AnonPages:        319972 kB
Mapped:            96328 kB
Shmem:               424 kB
Slab:              41140 kB
SReclaimable:      22312 kB
SUnreclaim:        18828 kB
KernelStack:        7176 kB
PageTables:        10056 kB
NFS_Unstable:          0 kB
Bounce:                0 kB
WritebackTmp:          0 kB
CommitLimit:      950532 kB
Committed_AS:   27122100 kB
VmallocTotal:     245760 kB
VmallocUsed:       69376 kB
VmallocChunk:      75648 kB
==>Sat Nov 14 19:16:22 2015
MemTotal:        1901064 kB
MemFree:          920456 kB
Buffers:           22876 kB
Cached:           335944 kB
SwapCached:            0 kB
Active:           446808 kB
Inactive:         232084 kB
Active(anon):     320096 kB
Inactive(anon):      376 kB
Active(file):     126712 kB
Inactive(file):   231708 kB
Unevictable:           0 kB
Mlocked:               0 kB
HighTotal:       1158144 kB
HighFree:         269588 kB
LowTotal:         742920 kB
LowFree:          650868 kB
SwapTotal:             0 kB
SwapFree:              0 kB
Dirty:                 8 kB
Writeback:             0 kB
AnonPages:        320024 kB
Mapped:            96108 kB
Shmem:               424 kB
Slab:              41132 kB
SReclaimable:      22312 kB
SUnreclaim:        18820 kB
KernelStack:        7192 kB
PageTables:        10048 kB
NFS_Unstable:          0 kB
Bounce:                0 kB
WritebackTmp:          0 kB
CommitLimit:      950532 kB
Committed_AS:   27121884 kB
VmallocTotal:     245760 kB
VmallocUsed:       69368 kB
VmallocChunk:      75648 kB
==>Sat Nov 14 19:16:32 2015
MemTotal:        1901064 kB
MemFree:          918956 kB
Buffers:           22908 kB
Cached:           335920 kB
SwapCached:            0 kB
Active:           447040 kB
Inactive:         232132 kB
Active(anon):     320328 kB
Inactive(anon):      388 kB
Active(file):     126712 kB
Inactive(file):   231744 kB
Unevictable:           0 kB
Mlocked:               0 kB
HighTotal:       1158144 kB
HighFree:         268656 kB
LowTotal:         742920 kB
LowFree:          650300 kB
SwapTotal:             0 kB
SwapFree:              0 kB
Dirty:                 8 kB
Writeback:             0 kB
AnonPages:        320320 kB
Mapped:            95980 kB
Shmem:               396 kB
Slab:              41120 kB
SReclaimable:      22312 kB
SUnreclaim:        18808 kB
KernelStack:        7256 kB
PageTables:        10120 kB
NFS_Unstable:          0 kB
Bounce:                0 kB
WritebackTmp:          0 kB
CommitLimit:      950532 kB
Committed_AS:   27122096 kB
VmallocTotal:     245760 kB
VmallocUsed:       69368 kB
VmallocChunk:      75648 kB
==>Sat Nov 14 19:16:42 2015
MemTotal:        1901064 kB
MemFree:          915248 kB
Buffers:           22924 kB
Cached:           335952 kB
SwapCached:            0 kB
Active:           447288 kB
Inactive:         232140 kB
Active(anon):     320576 kB
Inactive(anon):      376 kB
Active(file):     126712 kB
Inactive(file):   231764 kB
Unevictable:           0 kB
Mlocked:               0 kB
HighTotal:       1158144 kB
HighFree:         264960 kB
LowTotal:         742920 kB
LowFree:          650288 kB
SwapTotal:             0 kB
SwapFree:              0 kB
Dirty:                48 kB
Writeback:             0 kB
AnonPages:        320548 kB
Mapped:            96404 kB
Shmem:               424 kB
Slab:              41148 kB
SReclaimable:      22312 kB
SUnreclaim:        18836 kB
KernelStack:        7288 kB
PageTables:        10072 kB
NFS_Unstable:          0 kB
Bounce:                0 kB
WritebackTmp:          0 kB
CommitLimit:      950532 kB
Committed_AS:   27122368 kB
VmallocTotal:     245760 kB
VmallocUsed:       69388 kB
VmallocChunk:      75648 kB
==>Sat Nov 14 19:16:52 2015
MemTotal:        1901064 kB
MemFree:          914896 kB
Buffers:           22956 kB
Cached:           335956 kB
SwapCached:            0 kB
Active:           447608 kB
Inactive:         232176 kB
Active(anon):     320896 kB
Inactive(anon):      376 kB
Active(file):     126712 kB
Inactive(file):   231800 kB
Unevictable:           0 kB
Mlocked:               0 kB
HighTotal:       1158144 kB
HighFree:         264200 kB
LowTotal:         742920 kB
LowFree:          650696 kB
SwapTotal:             0 kB
SwapFree:              0 kB
Dirty:                44 kB
Writeback:             0 kB
AnonPages:        320888 kB
Mapped:            97060 kB
Shmem:               424 kB
Slab:              41168 kB
SReclaimable:      22312 kB
SUnreclaim:        18856 kB
KernelStack:        7280 kB
PageTables:        10020 kB
NFS_Unstable:          0 kB
Bounce:                0 kB
WritebackTmp:          0 kB
CommitLimit:      950532 kB
Committed_AS:   27122564 kB
VmallocTotal:     245760 kB
VmallocUsed:       69380 kB
VmallocChunk:      75648 kB
==>Sat Nov 14 19:17:02 2015
MemTotal:        1901064 kB
MemFree:          916332 kB
Buffers:           22988 kB
Cached:           335960 kB
SwapCached:            0 kB
Active:           447948 kB
Inactive:         232212 kB
Active(anon):     321236 kB
Inactive(anon):      376 kB
Active(file):     126712 kB
Inactive(file):   231836 kB
Unevictable:           0 kB
Mlocked:               0 kB
HighTotal:       1158144 kB
HighFree:         265884 kB
LowTotal:         742920 kB
LowFree:          650448 kB
SwapTotal:             0 kB
SwapFree:              0 kB
Dirty:                44 kB
Writeback:             0 kB
AnonPages:        321104 kB
Mapped:            95956 kB
Shmem:               424 kB
Slab:              41196 kB
SReclaimable:      22304 kB
SUnreclaim:        18892 kB
KernelStack:        7240 kB
PageTables:        10096 kB
NFS_Unstable:          0 kB
Bounce:                0 kB
WritebackTmp:          0 kB
CommitLimit:      950532 kB
Committed_AS:   27122348 kB
VmallocTotal:     245760 kB
VmallocUsed:       69384 kB
VmallocChunk:      75648 kB
==>Sat Nov 14 19:17:12 2015
MemTotal:        1901064 kB
MemFree:          915852 kB
Buffers:           23012 kB
Cached:           335964 kB
SwapCached:            0 kB
Active:           448244 kB
Inactive:         232240 kB
Active(anon):     321532 kB
Inactive(anon):      376 kB
Active(file):     126712 kB
Inactive(file):   231864 kB
Unevictable:           0 kB
Mlocked:               0 kB
HighTotal:       1158144 kB
HighFree:         265276 kB
LowTotal:         742920 kB
LowFree:          650576 kB
SwapTotal:             0 kB
SwapFree:              0 kB
Dirty:                 0 kB
Writeback:             0 kB
AnonPages:        321524 kB
Mapped:            96332 kB
Shmem:               424 kB
Slab:              41136 kB
SReclaimable:      22308 kB
SUnreclaim:        18828 kB
KernelStack:        7184 kB
PageTables:        10156 kB
NFS_Unstable:          0 kB
Bounce:                0 kB
WritebackTmp:          0 kB
CommitLimit:      950532 kB
Committed_AS:   27122900 kB
VmallocTotal:     245760 kB
VmallocUsed:       69376 kB
VmallocChunk:      75648 kB
==>Sat Nov 14 19:17:22 2015
MemTotal:        1901064 kB
MemFree:          916176 kB
Buffers:           23044 kB
Cached:           335968 kB
SwapCached:            0 kB
Active:           448628 kB
Inactive:         232276 kB
Active(anon):     321916 kB
Inactive(anon):      376 kB
Active(file):     126712 kB
Inactive(file):   231900 kB
Unevictable:           0 kB
Mlocked:               0 kB
HighTotal:       1158144 kB
HighFree:         265440 kB
LowTotal:         742920 kB
LowFree:          650736 kB
SwapTotal:             0 kB
SwapFree:              0 kB
Dirty:                52 kB
Writeback:             0 kB
AnonPages:        321864 kB
Mapped:            96332 kB
Shmem:               424 kB
Slab:              41080 kB
SReclaimable:      22308 kB
SUnreclaim:        18772 kB
KernelStack:        7280 kB
PageTables:        10096 kB
NFS_Unstable:          0 kB
Bounce:                0 kB
WritebackTmp:          0 kB
CommitLimit:      950532 kB
Committed_AS:   27123100 kB
VmallocTotal:     245760 kB
VmallocUsed:       69376 kB
VmallocChunk:      75648 kB
==>Sat Nov 14 19:17:32 2015
MemTotal:        1901064 kB
MemFree:          918392 kB
Buffers:           23076 kB
Cached:           335972 kB
SwapCached:            0 kB
Active:           448704 kB
Inactive:         232312 kB
Active(anon):     321992 kB
Inactive(anon):      376 kB
Active(file):     126712 kB
Inactive(file):   231936 kB
Unevictable:           0 kB
Mlocked:               0 kB
HighTotal:       1158144 kB
HighFree:         267712 kB
LowTotal:         742920 kB
LowFree:          650680 kB
SwapTotal:             0 kB
SwapFree:              0 kB
Dirty:                56 kB
Writeback:             0 kB
AnonPages:        321984 kB
Mapped:            96104 kB
Shmem:               424 kB
Slab:              41100 kB
SReclaimable:      22300 kB
SUnreclaim:        18800 kB
KernelStack:        7184 kB
PageTables:        10060 kB
NFS_Unstable:          0 kB
Bounce:                0 kB
WritebackTmp:          0 kB
CommitLimit:      950532 kB
Committed_AS:   27123012 kB
VmallocTotal:     245760 kB
VmallocUsed:       69360 kB
VmallocChunk:      75648 kB
==>Sat Nov 14 19:17:42 2015
MemTotal:        1901064 kB
MemFree:          917240 kB
Buffers:           23100 kB
Cached:           336068 kB
SwapCached:            0 kB
Active:           449004 kB
Inactive:         232392 kB
Active(anon):     322292 kB
Inactive(anon):      432 kB
Active(file):     126712 kB
Inactive(file):   231960 kB
Unevictable:           0 kB
Mlocked:               0 kB
HighTotal:       1158144 kB
HighFree:         266944 kB
LowTotal:         742920 kB
LowFree:          650296 kB
SwapTotal:             0 kB
SwapFree:              0 kB
Dirty:                64 kB
Writeback:             0 kB
AnonPages:        322160 kB
Mapped:            96092 kB
Shmem:               520 kB
Slab:              41080 kB
SReclaimable:      22300 kB
SUnreclaim:        18780 kB
KernelStack:        7272 kB
PageTables:        10084 kB
NFS_Unstable:          0 kB
Bounce:                0 kB
WritebackTmp:          0 kB
CommitLimit:      950532 kB
Committed_AS:   27124964 kB
VmallocTotal:     245760 kB
VmallocUsed:       69368 kB
VmallocChunk:      75648 kB
==>Sat Nov 14 19:17:52 2015
MemTotal:        1901064 kB
MemFree:          911784 kB
Buffers:           23124 kB
Cached:           335976 kB
SwapCached:            0 kB
Active:           449188 kB
Inactive:         232364 kB
Active(anon):     322476 kB
Inactive(anon):      376 kB
Active(file):     126712 kB
Inactive(file):   231988 kB
Unevictable:           0 kB
Mlocked:               0 kB
HighTotal:       1158144 kB
HighFree:         261352 kB
LowTotal:         742920 kB
LowFree:          650432 kB
SwapTotal:             0 kB
SwapFree:              0 kB
Dirty:                44 kB
Writeback:             0 kB
AnonPages:        322548 kB
Mapped:            96696 kB
Shmem:               424 kB
Slab:              41068 kB
SReclaimable:      22300 kB
SUnreclaim:        18768 kB
KernelStack:        7376 kB
PageTables:        10116 kB
NFS_Unstable:          0 kB
Bounce:                0 kB
WritebackTmp:          0 kB
CommitLimit:      950532 kB
Committed_AS:   27123336 kB
VmallocTotal:     245760 kB
VmallocUsed:       69376 kB
VmallocChunk:      75648 kB
==>Sat Nov 14 19:18:02 2015
MemTotal:        1901064 kB
MemFree:          914112 kB
Buffers:           23164 kB
Cached:           335980 kB
SwapCached:            0 kB
Active:           449456 kB
Inactive:         232408 kB
Active(anon):     322744 kB
Inactive(anon):      376 kB
Active(file):     126712 kB
Inactive(file):   232032 kB
Unevictable:           0 kB
Mlocked:               0 kB
HighTotal:       1158144 kB
HighFree:         263724 kB
LowTotal:         742920 kB
LowFree:          650388 kB
SwapTotal:             0 kB
SwapFree:              0 kB
Dirty:                44 kB
Writeback:             0 kB
AnonPages:        322676 kB
Mapped:            95964 kB
Shmem:               424 kB
Slab:              41124 kB
SReclaimable:      22300 kB
SUnreclaim:        18824 kB
KernelStack:        7312 kB
PageTables:        10080 kB
NFS_Unstable:          0 kB
Bounce:                0 kB
WritebackTmp:          0 kB
CommitLimit:      950532 kB
Committed_AS:   27123124 kB
VmallocTotal:     245760 kB
VmallocUsed:       69384 kB
VmallocChunk:      75648 kB
==>Sat Nov 14 19:18:12 2015
MemTotal:        1901064 kB
MemFree:          914316 kB
Buffers:           23188 kB
Cached:           335984 kB
SwapCached:            0 kB
Active:           449472 kB
Inactive:         232436 kB
Active(anon):     322760 kB
Inactive(anon):      376 kB
Active(file):     126712 kB
Inactive(file):   232060 kB
Unevictable:           0 kB
Mlocked:               0 kB
HighTotal:       1158144 kB
HighFree:         263928 kB
LowTotal:         742920 kB
LowFree:          650388 kB
SwapTotal:             0 kB
SwapFree:              0 kB
Dirty:                 0 kB
Writeback:             0 kB
AnonPages:        322732 kB
Mapped:            96328 kB
Shmem:               424 kB
Slab:              41080 kB
SReclaimable:      22308 kB
SUnreclaim:        18772 kB
KernelStack:        7200 kB
PageTables:        10064 kB
NFS_Unstable:          0 kB
Bounce:                0 kB
WritebackTmp:          0 kB
CommitLimit:      950532 kB
Committed_AS:   27123076 kB
VmallocTotal:     245760 kB
VmallocUsed:       69376 kB
VmallocChunk:      75648 kB
==>Sat Nov 14 19:18:22 2015
MemTotal:        1901064 kB
MemFree:          914624 kB
Buffers:           23232 kB
Cached:           335988 kB
SwapCached:            0 kB
Active:           449748 kB
Inactive:         232480 kB
Active(anon):     323032 kB
Inactive(anon):      376 kB
Active(file):     126716 kB
Inactive(file):   232104 kB
Unevictable:           0 kB
Mlocked:               0 kB
HighTotal:       1158144 kB
HighFree:         264040 kB
LowTotal:         742920 kB
LowFree:          650584 kB
SwapTotal:             0 kB
SwapFree:              0 kB
Dirty:                80 kB
Writeback:             0 kB
AnonPages:        322960 kB
Mapped:            96588 kB
Shmem:               424 kB
Slab:              41136 kB
SReclaimable:      22336 kB
SUnreclaim:        18800 kB
KernelStack:        7200 kB
PageTables:        10060 kB
NFS_Unstable:          0 kB
Bounce:                0 kB
WritebackTmp:          0 kB
CommitLimit:      950532 kB
Committed_AS:   27123144 kB
VmallocTotal:     245760 kB
VmallocUsed:       69376 kB
VmallocChunk:      75648 kB
==>Sat Nov 14 19:18:32 2015
MemTotal:        1901064 kB
MemFree:          916396 kB
Buffers:           23264 kB
Cached:           335960 kB
SwapCached:            0 kB
Active:           450168 kB
Inactive:         232524 kB
Active(anon):     323452 kB
Inactive(anon):      388 kB
Active(file):     126716 kB
Inactive(file):   232136 kB
Unevictable:           0 kB
Mlocked:               0 kB
HighTotal:       1158144 kB
HighFree:         266048 kB
LowTotal:         742920 kB
LowFree:          650348 kB
SwapTotal:             0 kB
SwapFree:              0 kB
Dirty:                40 kB
Writeback:             0 kB
AnonPages:        323400 kB
Mapped:            96060 kB
Shmem:               396 kB
Slab:              41168 kB
SReclaimable:      22336 kB
SUnreclaim:        18832 kB
KernelStack:        7256 kB
PageTables:        10088 kB
NFS_Unstable:          0 kB
Bounce:                0 kB
WritebackTmp:          0 kB
CommitLimit:      950532 kB
Committed_AS:   27123652 kB
VmallocTotal:     245760 kB
VmallocUsed:       69368 kB
VmallocChunk:      75648 kB
==>Sat Nov 14 19:18:42 2015
MemTotal:        1901064 kB
MemFree:          911652 kB
Buffers:           23280 kB
Cached:           335992 kB
SwapCached:            0 kB
Active:           450336 kB
Inactive:         232528 kB
Active(anon):     323620 kB
Inactive(anon):      376 kB
Active(file):     126716 kB
Inactive(file):   232152 kB
Unevictable:           0 kB
Mlocked:               0 kB
HighTotal:       1158144 kB
HighFree:         261572 kB
LowTotal:         742920 kB
LowFree:          650080 kB
SwapTotal:             0 kB
SwapFree:              0 kB
Dirty:                48 kB
Writeback:             0 kB
AnonPages:        323700 kB
Mapped:            96444 kB
Shmem:               424 kB
Slab:              41132 kB
SReclaimable:      22336 kB
SUnreclaim:        18796 kB
KernelStack:        7320 kB
PageTables:        10028 kB
NFS_Unstable:          0 kB
Bounce:                0 kB
WritebackTmp:          0 kB
CommitLimit:      950532 kB
Committed_AS:   27123852 kB
VmallocTotal:     245760 kB
VmallocUsed:       69388 kB
VmallocChunk:      75648 kB
==>Sat Nov 14 19:18:52 2015
MemTotal:        1901064 kB
MemFree:          913908 kB
Buffers:           23328 kB
Cached:           335996 kB
SwapCached:            0 kB
Active:           450636 kB
Inactive:         232584 kB
Active(anon):     323920 kB
Inactive(anon):      376 kB
Active(file):     126716 kB
Inactive(file):   232208 kB
Unevictable:           0 kB
Mlocked:               0 kB
HighTotal:       1158144 kB
HighFree:         263488 kB
LowTotal:         742920 kB
LowFree:          650420 kB
SwapTotal:             0 kB
SwapFree:              0 kB
Dirty:                44 kB
Writeback:             0 kB
AnonPages:        323872 kB
Mapped:            95972 kB
Shmem:               424 kB
Slab:              41228 kB
SReclaimable:      22336 kB
SUnreclaim:        18892 kB
KernelStack:        7264 kB
PageTables:        10004 kB
NFS_Unstable:          0 kB
Bounce:                0 kB
WritebackTmp:          0 kB
CommitLimit:      950532 kB
Committed_AS:   27123656 kB
VmallocTotal:     245760 kB
VmallocUsed:       69384 kB
VmallocChunk:      75648 kB
==>Sat Nov 14 19:19:02 2015
MemTotal:        1901064 kB
MemFree:          913304 kB
Buffers:           23360 kB
Cached:           336000 kB
SwapCached:            0 kB
Active:           450688 kB
Inactive:         232620 kB
Active(anon):     323972 kB
Inactive(anon):      376 kB
Active(file):     126716 kB
Inactive(file):   232244 kB
Unevictable:           0 kB
Mlocked:               0 kB
HighTotal:       1158144 kB
HighFree:         263100 kB
LowTotal:         742920 kB
LowFree:          650204 kB
SwapTotal:             0 kB
SwapFree:              0 kB
Dirty:                 0 kB
Writeback:             0 kB
AnonPages:        323964 kB
Mapped:            96360 kB
Shmem:               424 kB
Slab:              41136 kB
SReclaimable:      22336 kB
SUnreclaim:        18800 kB
KernelStack:        7208 kB
PageTables:        10156 kB
NFS_Unstable:          0 kB
Bounce:                0 kB
WritebackTmp:          0 kB
CommitLimit:      950532 kB
Committed_AS:   27123872 kB
VmallocTotal:     245760 kB
VmallocUsed:       69376 kB
VmallocChunk:      75648 kB
==>Sat Nov 14 19:19:12 2015
MemTotal:        1901064 kB
MemFree:          912772 kB
Buffers:           23400 kB
Cached:           336004 kB
SwapCached:            0 kB
Active:           451032 kB
Inactive:         232664 kB
Active(anon):     324316 kB
Inactive(anon):      376 kB
Active(file):     126716 kB
Inactive(file):   232288 kB
Unevictable:           0 kB
Mlocked:               0 kB
HighTotal:       1158144 kB
HighFree:         262480 kB
LowTotal:         742920 kB
LowFree:          650292 kB
SwapTotal:             0 kB
SwapFree:              0 kB
Dirty:                72 kB
Writeback:             0 kB
AnonPages:        324264 kB
Mapped:            96332 kB
Shmem:               424 kB
Slab:              41164 kB
SReclaimable:      22320 kB
SUnreclaim:        18844 kB
KernelStack:        7208 kB
PageTables:        10124 kB
NFS_Unstable:          0 kB
Bounce:                0 kB
WritebackTmp:          0 kB
CommitLimit:      950532 kB
Committed_AS:   27124032 kB
VmallocTotal:     245760 kB
VmallocUsed:       69376 kB
VmallocChunk:      75648 kB
==>Sat Nov 14 19:19:22 2015
MemTotal:        1901064 kB
MemFree:          914048 kB
Buffers:           23440 kB
Cached:           335976 kB
SwapCached:            0 kB
Active:           451376 kB
Inactive:         232712 kB
Active(anon):     324656 kB
Inactive(anon):      388 kB
Active(file):     126720 kB
Inactive(file):   232324 kB
Unevictable:           0 kB
Mlocked:               0 kB
HighTotal:       1158144 kB
HighFree:         264512 kB
LowTotal:         742920 kB
LowFree:          649536 kB
SwapTotal:             0 kB
SwapFree:              0 kB
Dirty:                64 kB
Writeback:             0 kB
AnonPages:        324648 kB
Mapped:            95896 kB
Shmem:               396 kB
Slab:              41172 kB
SReclaimable:      22312 kB
SUnreclaim:        18860 kB
KernelStack:        7360 kB
PageTables:        10012 kB
NFS_Unstable:          0 kB
Bounce:                0 kB
WritebackTmp:          0 kB
CommitLimit:      950532 kB
Committed_AS:   27123896 kB
VmallocTotal:     245760 kB
VmallocUsed:       69368 kB
VmallocChunk:      75648 kB
==>Sat Nov 14 19:19:32 2015
MemTotal:        1901064 kB
MemFree:          908628 kB
Buffers:           23456 kB
Cached:           336008 kB
SwapCached:            0 kB
Active:           451888 kB
Inactive:         232720 kB
Active(anon):     325168 kB
Inactive(anon):      376 kB
Active(file):     126720 kB
Inactive(file):   232344 kB
Unevictable:           0 kB
Mlocked:               0 kB
HighTotal:       1158144 kB
HighFree:         258708 kB
LowTotal:         742920 kB
LowFree:          649920 kB
SwapTotal:             0 kB
SwapFree:              0 kB
Dirty:                44 kB
Writeback:             0 kB
AnonPages:        325156 kB
Mapped:            97280 kB
Shmem:               424 kB
Slab:              41180 kB
SReclaimable:      22316 kB
SUnreclaim:        18864 kB
KernelStack:        7272 kB
PageTables:        10104 kB
NFS_Unstable:          0 kB
Bounce:                0 kB
WritebackTmp:          0 kB
CommitLimit:      950532 kB
Committed_AS:   27124176 kB
VmallocTotal:     245760 kB
VmallocUsed:       69388 kB
VmallocChunk:      75648 kB
==>Sat Nov 14 19:19:42 2015
MemTotal:        1901064 kB
MemFree:          912088 kB
Buffers:           23496 kB
Cached:           336012 kB
SwapCached:            0 kB
Active:           451712 kB
Inactive:         232768 kB
Active(anon):     324996 kB
Inactive(anon):      376 kB
Active(file):     126716 kB
Inactive(file):   232392 kB
Unevictable:           0 kB
Mlocked:               0 kB
HighTotal:       1158144 kB
HighFree:         261912 kB
LowTotal:         742920 kB
LowFree:          650176 kB
SwapTotal:             0 kB
SwapFree:              0 kB
Dirty:                44 kB
Writeback:             0 kB
AnonPages:        325076 kB
Mapped:            95980 kB
Shmem:               424 kB
Slab:              41100 kB
SReclaimable:      22316 kB
SUnreclaim:        18784 kB
KernelStack:        7272 kB
PageTables:        10020 kB
NFS_Unstable:          0 kB
Bounce:                0 kB
WritebackTmp:          0 kB
CommitLimit:      950532 kB
Committed_AS:   27124156 kB
VmallocTotal:     245760 kB
VmallocUsed:       69384 kB
VmallocChunk:      75648 kB
==>Sat Nov 14 19:19:52 2015
MemTotal:        1901064 kB
MemFree:          911756 kB
Buffers:           23528 kB
Cached:           336016 kB
SwapCached:            0 kB
Active:           451896 kB
Inactive:         232804 kB
Active(anon):     325180 kB
Inactive(anon):      376 kB
Active(file):     126716 kB
Inactive(file):   232428 kB
Unevictable:           0 kB
Mlocked:               0 kB
HighTotal:       1158144 kB
HighFree:         261324 kB
LowTotal:         742920 kB
LowFree:          650432 kB
SwapTotal:             0 kB
SwapFree:              0 kB
Dirty:                 0 kB
Writeback:             0 kB
AnonPages:        325296 kB
Mapped:            96368 kB
Shmem:               424 kB
Slab:              41132 kB
SReclaimable:      22340 kB
SUnreclaim:        18792 kB
KernelStack:        7200 kB
PageTables:        10176 kB
NFS_Unstable:          0 kB
Bounce:                0 kB
WritebackTmp:          0 kB
CommitLimit:      950532 kB
Committed_AS:   27124556 kB
VmallocTotal:     245760 kB
VmallocUsed:       69384 kB
VmallocChunk:      75648 kB
==>Sat Nov 14 19:20:02 2015
MemTotal:        1901064 kB
MemFree:          911512 kB
Buffers:           23568 kB
Cached:           336020 kB
SwapCached:            0 kB
Active:           452236 kB
Inactive:         232848 kB
Active(anon):     325520 kB
Inactive(anon):      376 kB
Active(file):     126716 kB
Inactive(file):   232472 kB
Unevictable:           0 kB
Mlocked:               0 kB
HighTotal:       1158144 kB
HighFree:         261260 kB
LowTotal:         742920 kB
LowFree:          650252 kB
SwapTotal:             0 kB
SwapFree:              0 kB
Dirty:                72 kB
Writeback:             0 kB
AnonPages:        325448 kB
Mapped:            96380 kB
Shmem:               424 kB
Slab:              41076 kB
SReclaimable:      22340 kB
SUnreclaim:        18736 kB
KernelStack:        7200 kB
PageTables:        10068 kB
NFS_Unstable:          0 kB
Bounce:                0 kB
WritebackTmp:          0 kB
CommitLimit:      950532 kB
Committed_AS:   27124324 kB
VmallocTotal:     245760 kB
VmallocUsed:       69376 kB
VmallocChunk:      75648 kB
==>Sat Nov 14 19:20:12 2015
MemTotal:        1901064 kB
MemFree:          913132 kB
Buffers:           23600 kB
Cached:           336116 kB
SwapCached:            0 kB
Active:           452532 kB
Inactive:         232976 kB
Active(anon):     325816 kB
Inactive(anon):      472 kB
Active(file):     126716 kB
Inactive(file):   232504 kB
Unevictable:           0 kB
Mlocked:               0 kB
HighTotal:       1158144 kB
HighFree:         263092 kB
LowTotal:         742920 kB
LowFree:          650040 kB
SwapTotal:             0 kB
SwapFree:              0 kB
Dirty:                68 kB
Writeback:             0 kB
AnonPages:        325808 kB
Mapped:            96076 kB
Shmem:               520 kB
Slab:              41088 kB
SReclaimable:      22340 kB
SUnreclaim:        18748 kB
KernelStack:        7320 kB
PageTables:        10064 kB
NFS_Unstable:          0 kB
Bounce:                0 kB
WritebackTmp:          0 kB
CommitLimit:      950532 kB
Committed_AS:   27126668 kB
VmallocTotal:     245760 kB
VmallocUsed:       69368 kB
VmallocChunk:      75648 kB
==>Sat Nov 14 19:20:22 2015
MemTotal:        1901064 kB
MemFree:          908648 kB
Buffers:           23616 kB
Cached:           336024 kB
SwapCached:            0 kB
Active:           452812 kB
Inactive:         232900 kB
Active(anon):     326096 kB
Inactive(anon):      376 kB
Active(file):     126716 kB
Inactive(file):   232524 kB
Unevictable:           0 kB
Mlocked:               0 kB
HighTotal:       1158144 kB
HighFree:         258568 kB
LowTotal:         742920 kB
LowFree:          650080 kB
SwapTotal:             0 kB
SwapFree:              0 kB
Dirty:                40 kB
Writeback:             0 kB
AnonPages:        326056 kB
Mapped:            97188 kB
Shmem:               424 kB
Slab:              41124 kB
SReclaimable:      22340 kB
SUnreclaim:        18784 kB
KernelStack:        7296 kB
PageTables:        10032 kB
NFS_Unstable:          0 kB
Bounce:                0 kB
WritebackTmp:          0 kB
CommitLimit:      950532 kB
Committed_AS:   27124996 kB
VmallocTotal:     245760 kB
VmallocUsed:       69380 kB
VmallocChunk:      75648 kB
==>Sat Nov 14 19:20:32 2015
MemTotal:        1901064 kB
MemFree:          910320 kB
Buffers:           23656 kB
Cached:           336032 kB
SwapCached:            0 kB
Active:           453072 kB
Inactive:         232948 kB
Active(anon):     326356 kB
Inactive(anon):      376 kB
Active(file):     126716 kB
Inactive(file):   232572 kB
Unevictable:           0 kB
Mlocked:               0 kB
HighTotal:       1158144 kB
HighFree:         260408 kB
LowTotal:         742920 kB
LowFree:          649912 kB
SwapTotal:             0 kB
SwapFree:              0 kB
Dirty:                36 kB
Writeback:             0 kB
AnonPages:        326348 kB
Mapped:            96040 kB
Shmem:               424 kB
Slab:              41228 kB
SReclaimable:      22340 kB
SUnreclaim:        18888 kB
KernelStack:        7256 kB
PageTables:        10024 kB
NFS_Unstable:          0 kB
Bounce:                0 kB
WritebackTmp:          0 kB
CommitLimit:      950532 kB
Committed_AS:   27124716 kB
VmallocTotal:     245760 kB
VmallocUsed:       69384 kB
VmallocChunk:      75648 kB
==>Sat Nov 14 19:20:42 2015
MemTotal:        1901064 kB
MemFree:          910560 kB
Buffers:           23688 kB
Cached:           336036 kB
SwapCached:            0 kB
Active:           453088 kB
Inactive:         232980 kB
Active(anon):     326368 kB
Inactive(anon):      376 kB
Active(file):     126720 kB
Inactive(file):   232604 kB
Unevictable:           0 kB
Mlocked:               0 kB
HighTotal:       1158144 kB
HighFree:         260192 kB
LowTotal:         742920 kB
LowFree:          650368 kB
SwapTotal:             0 kB
SwapFree:              0 kB
Dirty:                 0 kB
Writeback:             0 kB
AnonPages:        326296 kB
Mapped:            96416 kB
Shmem:               424 kB
Slab:              41060 kB
SReclaimable:      22340 kB
SUnreclaim:        18720 kB
KernelStack:        7200 kB
PageTables:        10076 kB
NFS_Unstable:          0 kB
Bounce:                0 kB
WritebackTmp:          0 kB
CommitLimit:      950532 kB
Committed_AS:   27124700 kB
VmallocTotal:     245760 kB
VmallocUsed:       69376 kB
VmallocChunk:      75648 kB
==>Sat Nov 14 19:20:52 2015
MemTotal:        1901064 kB
MemFree:          913024 kB
Buffers:           23728 kB
Cached:           336040 kB
SwapCached:            0 kB
Active:           453484 kB
Inactive:         233024 kB
Active(anon):     326764 kB
Inactive(anon):      376 kB
Active(file):     126720 kB
Inactive(file):   232648 kB
Unevictable:           0 kB
Mlocked:               0 kB
HighTotal:       1158144 kB
HighFree:         262960 kB
LowTotal:         742920 kB
LowFree:          650064 kB
SwapTotal:             0 kB
SwapFree:              0 kB
Dirty:                72 kB
Writeback:             0 kB
AnonPages:        326732 kB
Mapped:            96188 kB
Shmem:               424 kB
Slab:              41068 kB
SReclaimable:      22340 kB
SUnreclaim:        18728 kB
KernelStack:        7200 kB
PageTables:        10076 kB
NFS_Unstable:          0 kB
Bounce:                0 kB
WritebackTmp:          0 kB
CommitLimit:      950532 kB
Committed_AS:   27125148 kB
VmallocTotal:     245760 kB
VmallocUsed:       69360 kB
VmallocChunk:      75648 kB
==>Sat Nov 14 19:21:02 2015
MemTotal:        1901064 kB
MemFree:          907964 kB
Buffers:           23752 kB
Cached:           336024 kB
SwapCached:            0 kB
Active:           453748 kB
Inactive:         233032 kB
Active(anon):     327028 kB
Inactive(anon):      376 kB
Active(file):     126720 kB
Inactive(file):   232656 kB
Unevictable:           0 kB
Mlocked:               0 kB
HighTotal:       1158144 kB
HighFree:         258360 kB
LowTotal:         742920 kB
LowFree:          649604 kB
SwapTotal:             0 kB
SwapFree:              0 kB
Dirty:                12 kB
Writeback:             0 kB
AnonPages:        327020 kB
Mapped:            96484 kB
Shmem:               424 kB
Slab:              41028 kB
SReclaimable:      22340 kB
SUnreclaim:        18688 kB
KernelStack:        7312 kB
PageTables:        10056 kB
NFS_Unstable:          0 kB
Bounce:                0 kB
WritebackTmp:          0 kB
CommitLimit:      950532 kB
Committed_AS:   27125308 kB
VmallocTotal:     245760 kB
VmallocUsed:       69388 kB
VmallocChunk:      75648 kB
==>Sat Nov 14 19:21:12 2015
MemTotal:        1901064 kB
MemFree:          908380 kB
Buffers:           23776 kB
Cached:           336044 kB
SwapCached:            0 kB
Active:           453896 kB
Inactive:         233076 kB
Active(anon):     327176 kB
Inactive(anon):      376 kB
Active(file):     126720 kB
Inactive(file):   232700 kB
Unevictable:           0 kB
Mlocked:               0 kB
HighTotal:       1158144 kB
HighFree:         258616 kB
LowTotal:         742920 kB
LowFree:          649764 kB
SwapTotal:             0 kB
SwapFree:              0 kB
Dirty:                 0 kB
Writeback:             0 kB
AnonPages:        327252 kB
Mapped:            96168 kB
Shmem:               424 kB
Slab:              41016 kB
SReclaimable:      22336 kB
SUnreclaim:        18680 kB
KernelStack:        7288 kB
PageTables:        10024 kB
NFS_Unstable:          0 kB
Bounce:                0 kB
WritebackTmp:          0 kB
CommitLimit:      950532 kB
Committed_AS:   27125096 kB
VmallocTotal:     245760 kB
VmallocUsed:       69376 kB
VmallocChunk:      75648 kB
==>Sat Nov 14 19:21:22 2015
MemTotal:        1901064 kB
MemFree:          907864 kB
Buffers:           23816 kB
Cached:           336040 kB
SwapCached:            0 kB
Active:           454216 kB
Inactive:         233112 kB
Active(anon):     327496 kB
Inactive(anon):      376 kB
Active(file):     126720 kB
Inactive(file):   232736 kB
Unevictable:           0 kB
Mlocked:               0 kB
HighTotal:       1158144 kB
HighFree:         258568 kB
LowTotal:         742920 kB
LowFree:          649296 kB
SwapTotal:             0 kB
SwapFree:              0 kB
Dirty:                 4 kB
Writeback:             0 kB
AnonPages:        327720 kB
Mapped:            95996 kB
Shmem:               424 kB
Slab:              41052 kB
SReclaimable:      22336 kB
SUnreclaim:        18716 kB
KernelStack:        7560 kB
PageTables:        10132 kB
NFS_Unstable:          0 kB
Bounce:                0 kB
WritebackTmp:          0 kB
CommitLimit:      950532 kB
Committed_AS:   27125496 kB
VmallocTotal:     245760 kB
VmallocUsed:       69384 kB
VmallocChunk:      75648 kB
==>Sat Nov 14 19:21:32 2015
MemTotal:        1901064 kB
MemFree:          909012 kB
Buffers:           23848 kB
Cached:           336052 kB
SwapCached:            0 kB
Active:           454328 kB
Inactive:         233156 kB
Active(anon):     327608 kB
Inactive(anon):      376 kB
Active(file):     126720 kB
Inactive(file):   232780 kB
Unevictable:           0 kB
Mlocked:               0 kB
HighTotal:       1158144 kB
HighFree:         259216 kB
LowTotal:         742920 kB
LowFree:          649796 kB
SwapTotal:             0 kB
SwapFree:              0 kB
Dirty:                52 kB
Writeback:             0 kB
AnonPages:        327600 kB
Mapped:            96408 kB
Shmem:               424 kB
Slab:              41072 kB
SReclaimable:      22336 kB
SUnreclaim:        18736 kB
KernelStack:        7200 kB
PageTables:        10192 kB
NFS_Unstable:          0 kB
Bounce:                0 kB
WritebackTmp:          0 kB
CommitLimit:      950532 kB
Committed_AS:   27125244 kB
VmallocTotal:     245760 kB
VmallocUsed:       69376 kB
VmallocChunk:      75648 kB
==>Sat Nov 14 19:21:42 2015
MemTotal:        1901064 kB
MemFree:          910956 kB
Buffers:           23892 kB
Cached:           336024 kB
SwapCached:            0 kB
Active:           454740 kB
Inactive:         233208 kB
Active(anon):     328016 kB
Inactive(anon):      388 kB
Active(file):     126724 kB
Inactive(file):   232820 kB
Unevictable:           0 kB
Mlocked:               0 kB
HighTotal:       1158144 kB
HighFree:         261092 kB
LowTotal:         742920 kB
LowFree:          649864 kB
SwapTotal:             0 kB
SwapFree:              0 kB
Dirty:                64 kB
Writeback:             0 kB
AnonPages:        327964 kB
Mapped:            96152 kB
Shmem:               396 kB
Slab:              41072 kB
SReclaimable:      22336 kB
SUnreclaim:        18736 kB
KernelStack:        7240 kB
PageTables:        10112 kB
NFS_Unstable:          0 kB
Bounce:                0 kB
WritebackTmp:          0 kB
CommitLimit:      950532 kB
Committed_AS:   27125732 kB
VmallocTotal:     245760 kB
VmallocUsed:       69368 kB
VmallocChunk:      75648 kB
==>Sat Nov 14 19:21:52 2015
MemTotal:        1901064 kB
MemFree:          906216 kB
Buffers:           23916 kB
Cached:           336056 kB
SwapCached:            0 kB
Active:           455136 kB
Inactive:         233224 kB
Active(anon):     328412 kB
Inactive(anon):      376 kB
Active(file):     126724 kB
Inactive(file):   232848 kB
Unevictable:           0 kB
Mlocked:               0 kB
HighTotal:       1158144 kB
HighFree:         256492 kB
LowTotal:         742920 kB
LowFree:          649724 kB
SwapTotal:             0 kB
SwapFree:              0 kB
Dirty:                44 kB
Writeback:             0 kB
AnonPages:        328280 kB
Mapped:            97228 kB
Shmem:               424 kB
Slab:              41020 kB
SReclaimable:      22336 kB
SUnreclaim:        18684 kB
KernelStack:        7232 kB
PageTables:        10000 kB
NFS_Unstable:          0 kB
Bounce:                0 kB
WritebackTmp:          0 kB
CommitLimit:      950532 kB
Committed_AS:   27125608 kB
VmallocTotal:     245760 kB
VmallocUsed:       69380 kB
VmallocChunk:      75648 kB
==>Sat Nov 14 19:22:02 2015
MemTotal:        1901064 kB
MemFree:          907536 kB
Buffers:           23964 kB
Cached:           336060 kB
SwapCached:            0 kB
Active:           455292 kB
Inactive:         233276 kB
Active(anon):     328568 kB
Inactive(anon):      376 kB
Active(file):     126724 kB
Inactive(file):   232900 kB
Unevictable:           0 kB
Mlocked:               0 kB
HighTotal:       1158144 kB
HighFree:         257784 kB
LowTotal:         742920 kB
LowFree:          649752 kB
SwapTotal:             0 kB
SwapFree:              0 kB
Dirty:                40 kB
Writeback:             0 kB
AnonPages:        328560 kB
Mapped:            96048 kB
Shmem:               424 kB
Slab:              41052 kB
SReclaimable:      22336 kB
SUnreclaim:        18716 kB
KernelStack:        7248 kB
PageTables:        10060 kB
NFS_Unstable:          0 kB
Bounce:                0 kB
WritebackTmp:          0 kB
CommitLimit:      950532 kB
Committed_AS:   27125676 kB
VmallocTotal:     245760 kB
VmallocUsed:       69384 kB
VmallocChunk:      75648 kB
==>Sat Nov 14 19:22:12 2015
MemTotal:        1901064 kB
MemFree:          908076 kB
Buffers:           23996 kB
Cached:           336064 kB
SwapCached:            0 kB
Active:           455336 kB
Inactive:         233312 kB
Active(anon):     328612 kB
Inactive(anon):      376 kB
Active(file):     126724 kB
Inactive(file):   232936 kB
Unevictable:           0 kB
Mlocked:               0 kB
HighTotal:       1158144 kB
HighFree:         258252 kB
LowTotal:         742920 kB
LowFree:          649824 kB
SwapTotal:             0 kB
SwapFree:              0 kB
Dirty:                 0 kB
Writeback:             0 kB
AnonPages:        328540 kB
Mapped:            96424 kB
Shmem:               424 kB
Slab:              41052 kB
SReclaimable:      22336 kB
SUnreclaim:        18716 kB
KernelStack:        7248 kB
PageTables:        10100 kB
NFS_Unstable:          0 kB
Bounce:                0 kB
WritebackTmp:          0 kB
CommitLimit:      950532 kB
Committed_AS:   27125672 kB
VmallocTotal:     245760 kB
VmallocUsed:       69376 kB
VmallocChunk:      75648 kB
==>Sat Nov 14 19:22:22 2015
MemTotal:        1901064 kB
MemFree:          909996 kB
Buffers:           24028 kB
Cached:           336064 kB
SwapCached:            0 kB
Active:           455644 kB
Inactive:         233344 kB
Active(anon):     328920 kB
Inactive(anon):      376 kB
Active(file):     126724 kB
Inactive(file):   232968 kB
Unevictable:           0 kB
Mlocked:               0 kB
HighTotal:       1158144 kB
HighFree:         260248 kB
LowTotal:         742920 kB
LowFree:          649748 kB
SwapTotal:             0 kB
SwapFree:              0 kB
Dirty:                64 kB
Writeback:             0 kB
AnonPages:        328888 kB
Mapped:            96176 kB
Shmem:               424 kB
Slab:              41052 kB
SReclaimable:      22336 kB
SUnreclaim:        18716 kB
KernelStack:        7208 kB
PageTables:        10088 kB
NFS_Unstable:          0 kB
Bounce:                0 kB
WritebackTmp:          0 kB
CommitLimit:      950532 kB
Committed_AS:   27126116 kB
VmallocTotal:     245760 kB
VmallocUsed:       69360 kB
VmallocChunk:      75648 kB
==>Sat Nov 14 19:22:32 2015
MemTotal:        1901064 kB
MemFree:          904552 kB
Buffers:           24044 kB
Cached:           336068 kB
SwapCached:            0 kB
Active:           455888 kB
Inactive:         233364 kB
Active(anon):     329164 kB
Inactive(anon):      376 kB
Active(file):     126724 kB
Inactive(file):   232988 kB
Unevictable:           0 kB
Mlocked:               0 kB
HighTotal:       1158144 kB
HighFree:         255648 kB
LowTotal:         742920 kB
LowFree:          648904 kB
SwapTotal:             0 kB
SwapFree:              0 kB
Dirty:                 0 kB
Writeback:             0 kB
AnonPages:        329176 kB
Mapped:            96464 kB
Shmem:               424 kB
Slab:              41132 kB
SReclaimable:      22340 kB
SUnreclaim:        18792 kB
KernelStack:        7264 kB
PageTables:        10184 kB
NFS_Unstable:          0 kB
Bounce:                0 kB
WritebackTmp:          0 kB
CommitLimit:      950532 kB
Committed_AS:   27125960 kB
VmallocTotal:     245760 kB
VmallocUsed:       69388 kB
VmallocChunk:      75648 kB
==>Sat Nov 14 19:22:42 2015
MemTotal:        1901064 kB
MemFree:          906304 kB
Buffers:           24092 kB
Cached:           336072 kB
SwapCached:            0 kB
Active:           456504 kB
Inactive:         233400 kB
Active(anon):     329780 kB
Inactive(anon):      376 kB
Active(file):     126724 kB
Inactive(file):   233024 kB
Unevictable:           0 kB
Mlocked:               0 kB
HighTotal:       1158144 kB
HighFree:         256748 kB
LowTotal:         742920 kB
LowFree:          649556 kB
SwapTotal:             0 kB
SwapFree:              0 kB
Dirty:                20 kB
Writeback:             0 kB
AnonPages:        329772 kB
Mapped:            96056 kB
Shmem:               424 kB
Slab:              41096 kB
SReclaimable:      22340 kB
SUnreclaim:        18756 kB
KernelStack:        7248 kB
PageTables:        10008 kB
NFS_Unstable:          0 kB
Bounce:                0 kB
WritebackTmp:          0 kB
CommitLimit:      950532 kB
Committed_AS:   27126072 kB
VmallocTotal:     245760 kB
VmallocUsed:       69384 kB
VmallocChunk:      75648 kB
==>Sat Nov 14 19:22:52 2015
MemTotal:        1901064 kB
MemFree:          907208 kB
Buffers:           24124 kB
Cached:           336076 kB
SwapCached:            0 kB
Active:           456208 kB
Inactive:         233452 kB
Active(anon):     329484 kB
Inactive(anon):      376 kB
Active(file):     126724 kB
Inactive(file):   233076 kB
Unevictable:           0 kB
Mlocked:               0 kB
HighTotal:       1158144 kB
HighFree:         257452 kB
LowTotal:         742920 kB
LowFree:          649756 kB
SwapTotal:             0 kB
SwapFree:              0 kB
Dirty:                72 kB
Writeback:             0 kB
AnonPages:        329472 kB
Mapped:            96424 kB
Shmem:               424 kB
Slab:              41104 kB
SReclaimable:      22340 kB
SUnreclaim:        18764 kB
KernelStack:        7232 kB
PageTables:        10128 kB
NFS_Unstable:          0 kB
Bounce:                0 kB
WritebackTmp:          0 kB
CommitLimit:      950532 kB
Committed_AS:   27126440 kB
VmallocTotal:     245760 kB
VmallocUsed:       69376 kB
VmallocChunk:      75648 kB
==>Sat Nov 14 19:23:02 2015
MemTotal:        1901064 kB
MemFree:          908400 kB
Buffers:           24164 kB
Cached:           336048 kB
SwapCached:            0 kB
Active:           456444 kB
Inactive:         233504 kB
Active(anon):     329720 kB
Inactive(anon):      388 kB
Active(file):     126724 kB
Inactive(file):   233116 kB
Unevictable:           0 kB
Mlocked:               0 kB
HighTotal:       1158144 kB
HighFree:         259160 kB
LowTotal:         742920 kB
LowFree:          649240 kB
SwapTotal:             0 kB
SwapFree:              0 kB
Dirty:                72 kB
Writeback:             0 kB
AnonPages:        329712 kB
Mapped:            96100 kB
Shmem:               396 kB
Slab:              41120 kB
SReclaimable:      22340 kB
SUnreclaim:        18780 kB
KernelStack:        7320 kB
PageTables:        10168 kB
NFS_Unstable:          0 kB
Bounce:                0 kB
WritebackTmp:          0 kB
CommitLimit:      950532 kB
Committed_AS:   27126484 kB
VmallocTotal:     245760 kB
VmallocUsed:       69368 kB
VmallocChunk:      75648 kB
==>Sat Nov 14 19:23:12 2015
MemTotal:        1901064 kB
MemFree:          905904 kB
Buffers:           24188 kB
Cached:           336080 kB
SwapCached:            0 kB
Active:           456672 kB
Inactive:         233520 kB
Active(anon):     329948 kB
Inactive(anon):      376 kB
Active(file):     126724 kB
Inactive(file):   233144 kB
Unevictable:           0 kB
Mlocked:               0 kB
HighTotal:       1158144 kB
HighFree:         256440 kB
LowTotal:         742920 kB
LowFree:          649464 kB
SwapTotal:             0 kB
SwapFree:              0 kB
Dirty:                32 kB
Writeback:             0 kB
AnonPages:        330024 kB
Mapped:            96056 kB
Shmem:               424 kB
Slab:              41136 kB
SReclaimable:      22340 kB
SUnreclaim:        18796 kB
KernelStack:        7264 kB
PageTables:        10044 kB
NFS_Unstable:          0 kB
Bounce:                0 kB
WritebackTmp:          0 kB
CommitLimit:      950532 kB
Committed_AS:   27126708 kB
VmallocTotal:     245760 kB
VmallocUsed:       69376 kB
VmallocChunk:      75648 kB
==>Sat Nov 14 19:23:22 2015
MemTotal:        1901064 kB
MemFree:          904916 kB
Buffers:           24220 kB
Cached:           336084 kB
SwapCached:            0 kB
Active:           456792 kB
Inactive:         233556 kB
Active(anon):     330068 kB
Inactive(anon):      376 kB
Active(file):     126724 kB
Inactive(file):   233180 kB
Unevictable:           0 kB
Mlocked:               0 kB
HighTotal:       1158144 kB
HighFree:         255812 kB
LowTotal:         742920 kB
LowFree:          649104 kB
SwapTotal:             0 kB
SwapFree:              0 kB
Dirty:                 4 kB
Writeback:             0 kB
AnonPages:        330020 kB
Mapped:            96052 kB
Shmem:               424 kB
Slab:              41100 kB
SReclaimable:      22340 kB
SUnreclaim:        18760 kB
KernelStack:        7240 kB
PageTables:        10092 kB
NFS_Unstable:          0 kB
Bounce:                0 kB
WritebackTmp:          0 kB
CommitLimit:      950532 kB
Committed_AS:   27126460 kB
VmallocTotal:     245760 kB
VmallocUsed:       69384 kB
VmallocChunk:      75648 kB
==>Sat Nov 14 19:23:32 2015
MemTotal:        1901064 kB
MemFree:          905352 kB
Buffers:           24268 kB
Cached:           336088 kB
SwapCached:            0 kB
Active:           457116 kB
Inactive:         233608 kB
Active(anon):     330392 kB
Inactive(anon):      376 kB
Active(file):     126724 kB
Inactive(file):   233232 kB
Unevictable:           0 kB
Mlocked:               0 kB
HighTotal:       1158144 kB
HighFree:         255964 kB
LowTotal:         742920 kB
LowFree:          649388 kB
SwapTotal:             0 kB
SwapFree:              0 kB
Dirty:                52 kB
Writeback:             0 kB
AnonPages:        330320 kB
Mapped:            96456 kB
Shmem:               424 kB
Slab:              41144 kB
SReclaimable:      22344 kB
SUnreclaim:        18800 kB
KernelStack:        7208 kB
PageTables:        10092 kB
NFS_Unstable:          0 kB
Bounce:                0 kB
WritebackTmp:          0 kB
CommitLimit:      950532 kB
Committed_AS:   27126572 kB
VmallocTotal:     245760 kB
VmallocUsed:       69376 kB
VmallocChunk:      75648 kB
==>Sat Nov 14 19:23:42 2015
MemTotal:        1901064 kB
MemFree:          903108 kB
Buffers:           24292 kB
Cached:           336072 kB
SwapCached:            0 kB
Active:           457444 kB
Inactive:         233616 kB
Active(anon):     330720 kB
Inactive(anon):      376 kB
Active(file):     126724 kB
Inactive(file):   233240 kB
Unevictable:           0 kB
Mlocked:               0 kB
HighTotal:       1158144 kB
HighFree:         254332 kB
LowTotal:         742920 kB
LowFree:          648776 kB
SwapTotal:             0 kB
SwapFree:              0 kB
Dirty:                12 kB
Writeback:             0 kB
AnonPages:        330712 kB
Mapped:            96892 kB
Shmem:               424 kB
Slab:              41280 kB
SReclaimable:      22344 kB
SUnreclaim:        18936 kB
KernelStack:        7272 kB
PageTables:        10168 kB
NFS_Unstable:          0 kB
Bounce:                0 kB
WritebackTmp:          0 kB
CommitLimit:      950532 kB
Committed_AS:   27127164 kB
VmallocTotal:     245760 kB
VmallocUsed:       69388 kB
VmallocChunk:      75648 kB
==>Sat Nov 14 19:23:52 2015
MemTotal:        1901064 kB
MemFree:          904484 kB
Buffers:           24316 kB
Cached:           336092 kB
SwapCached:            0 kB
Active:           457700 kB
Inactive:         233660 kB
Active(anon):     330976 kB
Inactive(anon):      376 kB
Active(file):     126724 kB
Inactive(file):   233284 kB
Unevictable:           0 kB
Mlocked:               0 kB
HighTotal:       1158144 kB
HighFree:         255280 kB
LowTotal:         742920 kB
LowFree:          649204 kB
SwapTotal:             0 kB
SwapFree:              0 kB
Dirty:                40 kB
Writeback:             0 kB
AnonPages:        330968 kB
Mapped:            96052 kB
Shmem:               424 kB
Slab:              41236 kB
SReclaimable:      22344 kB
SUnreclaim:        18892 kB
KernelStack:        7264 kB
PageTables:        10136 kB
NFS_Unstable:          0 kB
Bounce:                0 kB
WritebackTmp:          0 kB
CommitLimit:      950532 kB
Committed_AS:   27127124 kB
VmallocTotal:     245760 kB
VmallocUsed:       69376 kB
VmallocChunk:      75648 kB
==>Sat Nov 14 19:24:02 2015
MemTotal:        1901064 kB
MemFree:          904756 kB
Buffers:           24348 kB
Cached:           336096 kB
SwapCached:            0 kB
Active:           457736 kB
Inactive:         233696 kB
Active(anon):     331012 kB
Inactive(anon):      376 kB
Active(file):     126724 kB
Inactive(file):   233320 kB
Unevictable:           0 kB
Mlocked:               0 kB
HighTotal:       1158144 kB
HighFree:         255504 kB
LowTotal:         742920 kB
LowFree:          649252 kB
SwapTotal:             0 kB
SwapFree:              0 kB
Dirty:                 0 kB
Writeback:             0 kB
AnonPages:        330940 kB
Mapped:            96424 kB
Shmem:               424 kB
Slab:              41152 kB
SReclaimable:      22344 kB
SUnreclaim:        18808 kB
KernelStack:        7208 kB
PageTables:        10100 kB
NFS_Unstable:          0 kB
Bounce:                0 kB
WritebackTmp:          0 kB
CommitLimit:      950532 kB
Committed_AS:   27126852 kB
VmallocTotal:     245760 kB
VmallocUsed:       69376 kB
VmallocChunk:      75648 kB
==>Sat Nov 14 19:24:12 2015
MemTotal:        1901064 kB
MemFree:          907280 kB
Buffers:           24396 kB
Cached:           336100 kB
SwapCached:            0 kB
Active:           458128 kB
Inactive:         233748 kB
Active(anon):     331404 kB
Inactive(anon):      376 kB
Active(file):     126724 kB
Inactive(file):   233372 kB
Unevictable:           0 kB
Mlocked:               0 kB
HighTotal:       1158144 kB
HighFree:         257988 kB
LowTotal:         742920 kB
LowFree:          649292 kB
SwapTotal:             0 kB
SwapFree:              0 kB
Dirty:                72 kB
Writeback:             0 kB
AnonPages:        331372 kB
Mapped:            96188 kB
Shmem:               424 kB
Slab:              41116 kB
SReclaimable:      22352 kB
SUnreclaim:        18764 kB
KernelStack:        7208 kB
PageTables:        10092 kB
NFS_Unstable:          0 kB
Bounce:                0 kB
WritebackTmp:          0 kB
CommitLimit:      950532 kB
Committed_AS:   27127276 kB
VmallocTotal:     245760 kB
VmallocUsed:       69360 kB
VmallocChunk:      75648 kB
==>Sat Nov 14 19:24:22 2015
MemTotal:        1901064 kB
MemFree:          901468 kB
Buffers:           24412 kB
Cached:           336100 kB
SwapCached:            0 kB
Active:           458468 kB
Inactive:         233764 kB
Active(anon):     331744 kB
Inactive(anon):      376 kB
Active(file):     126724 kB
Inactive(file):   233388 kB
Unevictable:           0 kB
Mlocked:               0 kB
HighTotal:       1158144 kB
HighFree:         252876 kB
LowTotal:         742920 kB
LowFree:          648592 kB
SwapTotal:             0 kB
SwapFree:              0 kB
Dirty:                44 kB
Writeback:             0 kB
AnonPages:        331660 kB
Mapped:            96500 kB
Shmem:               424 kB
Slab:              41072 kB
SReclaimable:      22352 kB
SUnreclaim:        18720 kB
KernelStack:        7312 kB
PageTables:        10132 kB
NFS_Unstable:          0 kB
Bounce:                0 kB
WritebackTmp:          0 kB
CommitLimit:      950532 kB
Committed_AS:   27127076 kB
VmallocTotal:     245760 kB
VmallocUsed:       69388 kB
VmallocChunk:      75648 kB
==>Sat Nov 14 19:24:32 2015
MemTotal:        1901064 kB
MemFree:          903568 kB
Buffers:           24464 kB
Cached:           336104 kB
SwapCached:            0 kB
Active:           458624 kB
Inactive:         233820 kB
Active(anon):     331900 kB
Inactive(anon):      376 kB
Active(file):     126724 kB
Inactive(file):   233444 kB
Unevictable:           0 kB
Mlocked:               0 kB
HighTotal:       1158144 kB
HighFree:         254532 kB
LowTotal:         742920 kB
LowFree:          649036 kB
SwapTotal:             0 kB
SwapFree:              0 kB
Dirty:                44 kB
Writeback:             0 kB
AnonPages:        331892 kB
Mapped:            96060 kB
Shmem:               424 kB
Slab:              41088 kB
SReclaimable:      22352 kB
SUnreclaim:        18736 kB
KernelStack:        7280 kB
PageTables:        10144 kB
NFS_Unstable:          0 kB
Bounce:                0 kB
WritebackTmp:          0 kB
CommitLimit:      950532 kB
Committed_AS:   27127640 kB
VmallocTotal:     245760 kB
VmallocUsed:       69384 kB
VmallocChunk:      75648 kB
==>Sat Nov 14 19:24:42 2015
MemTotal:        1901064 kB
MemFree:          903376 kB
Buffers:           24496 kB
Cached:           336108 kB
SwapCached:            0 kB
Active:           458692 kB
Inactive:         233848 kB
Active(anon):     331960 kB
Inactive(anon):      376 kB
Active(file):     126732 kB
Inactive(file):   233472 kB
Unevictable:           0 kB
Mlocked:               0 kB
HighTotal:       1158144 kB
HighFree:         254168 kB
LowTotal:         742920 kB
LowFree:          649208 kB
SwapTotal:             0 kB
SwapFree:              0 kB
Dirty:                 4 kB
Writeback:             0 kB
AnonPages:        331972 kB
Mapped:            96540 kB
Shmem:               424 kB
Slab:              41056 kB
SReclaimable:      22356 kB
SUnreclaim:        18700 kB
KernelStack:        7248 kB
PageTables:        10096 kB
NFS_Unstable:          0 kB
Bounce:                0 kB
WritebackTmp:          0 kB
CommitLimit:      950532 kB
Committed_AS:   27127548 kB
VmallocTotal:     245760 kB
VmallocUsed:       69376 kB
VmallocChunk:      75648 kB
==>Sat Nov 14 19:24:52 2015
MemTotal:        1901064 kB
MemFree:          905968 kB
Buffers:           24528 kB
Cached:           336108 kB
SwapCached:            0 kB
Active:           458968 kB
Inactive:         233884 kB
Active(anon):     332240 kB
Inactive(anon):      376 kB
Active(file):     126728 kB
Inactive(file):   233508 kB
Unevictable:           0 kB
Mlocked:               0 kB
HighTotal:       1158144 kB
HighFree:         256776 kB
LowTotal:         742920 kB
LowFree:          649192 kB
SwapTotal:             0 kB
SwapFree:              0 kB
Dirty:                36 kB
Writeback:             0 kB
AnonPages:        332168 kB
Mapped:            96240 kB
Shmem:               424 kB
Slab:              41096 kB
SReclaimable:      22356 kB
SUnreclaim:        18740 kB
KernelStack:        7224 kB
PageTables:        10080 kB
NFS_Unstable:          0 kB
Bounce:                0 kB
WritebackTmp:          0 kB
CommitLimit:      950532 kB
Committed_AS:   27127440 kB
VmallocTotal:     245760 kB
VmallocUsed:       69360 kB
VmallocChunk:      75648 kB
==>Sat Nov 14 19:25:02 2015
MemTotal:        1901064 kB
MemFree:          900444 kB
Buffers:           24552 kB
Cached:           336112 kB
SwapCached:            0 kB
Active:           459260 kB
Inactive:         233912 kB
Active(anon):     332532 kB
Inactive(anon):      376 kB
Active(file):     126728 kB
Inactive(file):   233536 kB
Unevictable:           0 kB
Mlocked:               0 kB
HighTotal:       1158144 kB
HighFree:         251604 kB
LowTotal:         742920 kB
LowFree:          648840 kB
SwapTotal:             0 kB
SwapFree:              0 kB
Dirty:                44 kB
Writeback:             0 kB
AnonPages:        332400 kB
Mapped:            97296 kB
Shmem:               424 kB
Slab:              41088 kB
SReclaimable:      22348 kB
SUnreclaim:        18740 kB
KernelStack:        7280 kB
PageTables:        10076 kB
NFS_Unstable:          0 kB
Bounce:                0 kB
WritebackTmp:          0 kB
CommitLimit:      950532 kB
Committed_AS:   27127596 kB
VmallocTotal:     245760 kB
VmallocUsed:       69380 kB
VmallocChunk:      75648 kB
==>Sat Nov 14 19:25:12 2015
MemTotal:        1901064 kB
MemFree:          902612 kB
Buffers:           24604 kB
Cached:           336116 kB
SwapCached:            0 kB
Active:           459460 kB
Inactive:         233964 kB
Active(anon):     332728 kB
Inactive(anon):      376 kB
Active(file):     126732 kB
Inactive(file):   233588 kB
Unevictable:           0 kB
Mlocked:               0 kB
HighTotal:       1158144 kB
HighFree:         253444 kB
LowTotal:         742920 kB
LowFree:          649168 kB
SwapTotal:             0 kB
SwapFree:              0 kB
Dirty:                52 kB
Writeback:             0 kB
AnonPages:        332696 kB
Mapped:            96072 kB
Shmem:               424 kB
Slab:              41028 kB
SReclaimable:      22348 kB
SUnreclaim:        18680 kB
KernelStack:        7336 kB
PageTables:        10028 kB
NFS_Unstable:          0 kB
Bounce:                0 kB
WritebackTmp:          0 kB
CommitLimit:      950532 kB
Committed_AS:   27127680 kB
VmallocTotal:     245760 kB
VmallocUsed:       69384 kB
VmallocChunk:      75648 kB
==>Sat Nov 14 19:25:22 2015
MemTotal:        1901064 kB
MemFree:          902768 kB
Buffers:           24636 kB
Cached:           336120 kB
SwapCached:            0 kB
Active:           459412 kB
Inactive:         234000 kB
Active(anon):     332680 kB
Inactive(anon):      376 kB
Active(file):     126732 kB
Inactive(file):   233624 kB
Unevictable:           0 kB
Mlocked:               0 kB
HighTotal:       1158144 kB
HighFree:         253728 kB
LowTotal:         742920 kB
LowFree:          649040 kB
SwapTotal:             0 kB
SwapFree:              0 kB
Dirty:                56 kB
Writeback:             0 kB
AnonPages:        332632 kB
Mapped:            96428 kB
Shmem:               424 kB
Slab:              41044 kB
SReclaimable:      22348 kB
SUnreclaim:        18696 kB
KernelStack:        7208 kB
PageTables:        10108 kB
NFS_Unstable:          0 kB
Bounce:                0 kB
WritebackTmp:          0 kB
CommitLimit:      950532 kB
Committed_AS:   27127656 kB
VmallocTotal:     245760 kB
VmallocUsed:       69376 kB
VmallocChunk:      75648 kB
==>Sat Nov 14 19:25:32 2015
MemTotal:        1901064 kB
MemFree:          904388 kB
Buffers:           24676 kB
Cached:           336232 kB
SwapCached:            0 kB
Active:           459716 kB
Inactive:         234108 kB
Active(anon):     332984 kB
Inactive(anon):      460 kB
Active(file):     126732 kB
Inactive(file):   233648 kB
Unevictable:           0 kB
Mlocked:               0 kB
HighTotal:       1158144 kB
HighFree:         255588 kB
LowTotal:         742920 kB
LowFree:          648800 kB
SwapTotal:             0 kB
SwapFree:              0 kB
Dirty:                60 kB
Writeback:             0 kB
AnonPages:        332936 kB
Mapped:            96152 kB
Shmem:               548 kB
Slab:              41036 kB
SReclaimable:      22368 kB
SUnreclaim:        18668 kB
KernelStack:        7264 kB
PageTables:        10076 kB
NFS_Unstable:          0 kB
Bounce:                0 kB
WritebackTmp:          0 kB
CommitLimit:      950532 kB
Committed_AS:   27129864 kB
VmallocTotal:     245760 kB
VmallocUsed:       69368 kB
VmallocChunk:      75648 kB
==>Sat Nov 14 19:25:42 2015
MemTotal:        1901064 kB
MemFree:          898496 kB
Buffers:           24700 kB
Cached:           336128 kB
SwapCached:            0 kB
Active:           460016 kB
Inactive:         234072 kB
Active(anon):     333284 kB
Inactive(anon):      376 kB
Active(file):     126732 kB
Inactive(file):   233696 kB
Unevictable:           0 kB
Mlocked:               0 kB
HighTotal:       1158144 kB
HighFree:         250080 kB
LowTotal:         742920 kB
LowFree:          648416 kB
SwapTotal:             0 kB
SwapFree:              0 kB
Dirty:                48 kB
Writeback:             0 kB
AnonPages:        333236 kB
Mapped:            96944 kB
Shmem:               424 kB
Slab:              41032 kB
SReclaimable:      22368 kB
SUnreclaim:        18664 kB
KernelStack:        7400 kB
PageTables:        10048 kB
NFS_Unstable:          0 kB
Bounce:                0 kB
WritebackTmp:          0 kB
CommitLimit:      950532 kB
Committed_AS:   27127992 kB
VmallocTotal:     245760 kB
VmallocUsed:       69376 kB
VmallocChunk:      75648 kB
==>Sat Nov 14 19:25:52 2015
MemTotal:        1901064 kB
MemFree:          901900 kB
Buffers:           24732 kB
Cached:           336132 kB
SwapCached:            0 kB
Active:           460032 kB
Inactive:         234104 kB
Active(anon):     333296 kB
Inactive(anon):      376 kB
Active(file):     126736 kB
Inactive(file):   233728 kB
Unevictable:           0 kB
Mlocked:               0 kB
HighTotal:       1158144 kB
HighFree:         253036 kB
LowTotal:         742920 kB
LowFree:          648864 kB
SwapTotal:             0 kB
SwapFree:              0 kB
Dirty:                 4 kB
Writeback:             0 kB
AnonPages:        333248 kB
Mapped:            96444 kB
Shmem:               424 kB
Slab:              41064 kB
SReclaimable:      22368 kB
SUnreclaim:        18696 kB
KernelStack:        7208 kB
PageTables:        10104 kB
NFS_Unstable:          0 kB
Bounce:                0 kB
WritebackTmp:          0 kB
CommitLimit:      950532 kB
Committed_AS:   27127944 kB
VmallocTotal:     245760 kB
VmallocUsed:       69376 kB
VmallocChunk:      75648 kB
==>Sat Nov 14 19:26:02 2015
MemTotal:        1901064 kB
MemFree:          904604 kB
Buffers:           24780 kB
Cached:           336096 kB
SwapCached:            0 kB
Active:           460348 kB
Inactive:         234156 kB
Active(anon):     333612 kB
Inactive(anon):      388 kB
Active(file):     126736 kB
Inactive(file):   233768 kB
Unevictable:           0 kB
Mlocked:               0 kB
HighTotal:       1158144 kB
HighFree:         255664 kB
LowTotal:         742920 kB
LowFree:          648940 kB
SwapTotal:             0 kB
SwapFree:              0 kB
Dirty:                56 kB
Writeback:             0 kB
AnonPages:        333584 kB
Mapped:            96192 kB
Shmem:               396 kB
Slab:              41132 kB
SReclaimable:      22376 kB
SUnreclaim:        18756 kB
KernelStack:        7264 kB
PageTables:        10112 kB
NFS_Unstable:          0 kB
Bounce:                0 kB
WritebackTmp:          0 kB
CommitLimit:      950532 kB
Committed_AS:   27127992 kB
VmallocTotal:     245760 kB
VmallocUsed:       69360 kB
VmallocChunk:      75648 kB
==>Sat Nov 14 19:26:12 2015
MemTotal:        1901064 kB
MemFree:          901184 kB
Buffers:           24796 kB
Cached:           336136 kB
SwapCached:            0 kB
Active:           460696 kB
Inactive:         234172 kB
Active(anon):     333960 kB
Inactive(anon):      376 kB
Active(file):     126736 kB
Inactive(file):   233796 kB
Unevictable:           0 kB
Mlocked:               0 kB
HighTotal:       1158144 kB
HighFree:         252448 kB
LowTotal:         742920 kB
LowFree:          648736 kB
SwapTotal:             0 kB
SwapFree:              0 kB
Dirty:                44 kB
Writeback:             0 kB
AnonPages:        333952 kB
Mapped:            96060 kB
Shmem:               424 kB
Slab:              41148 kB
SReclaimable:      22376 kB
SUnreclaim:        18772 kB
KernelStack:        7264 kB
PageTables:        10048 kB
NFS_Unstable:          0 kB
Bounce:                0 kB
WritebackTmp:          0 kB
CommitLimit:      950532 kB
Committed_AS:   27128624 kB
VmallocTotal:     245760 kB
VmallocUsed:       69376 kB
VmallocChunk:      75648 kB
==>Sat Nov 14 19:26:22 2015
MemTotal:        1901064 kB
MemFree:          900896 kB
Buffers:           24828 kB
Cached:           336140 kB
SwapCached:            0 kB
Active:           460668 kB
Inactive:         234208 kB
Active(anon):     333932 kB
Inactive(anon):      376 kB
Active(file):     126736 kB
Inactive(file):   233832 kB
Unevictable:           0 kB
Mlocked:               0 kB
HighTotal:       1158144 kB
HighFree:         252044 kB
LowTotal:         742920 kB
LowFree:          648852 kB
SwapTotal:             0 kB
SwapFree:              0 kB
Dirty:                 4 kB
Writeback:             0 kB
AnonPages:        333952 kB
Mapped:            96404 kB
Shmem:               424 kB
Slab:              41128 kB
SReclaimable:      22376 kB
SUnreclaim:        18752 kB
KernelStack:        7224 kB
PageTables:        10128 kB
NFS_Unstable:          0 kB
Bounce:                0 kB
WritebackTmp:          0 kB
CommitLimit:      950532 kB
Committed_AS:   27128164 kB
VmallocTotal:     245760 kB
VmallocUsed:       69376 kB
VmallocChunk:      75648 kB
==>Sat Nov 14 19:26:32 2015
MemTotal:        1901064 kB
MemFree:          903540 kB
Buffers:           24876 kB
Cached:           336144 kB
SwapCached:            0 kB
Active:           461056 kB
Inactive:         234260 kB
Active(anon):     334320 kB
Inactive(anon):      376 kB
Active(file):     126736 kB
Inactive(file):   233884 kB
Unevictable:           0 kB
Mlocked:               0 kB
HighTotal:       1158144 kB
HighFree:         254792 kB
LowTotal:         742920 kB
LowFree:          648748 kB
SwapTotal:             0 kB
SwapFree:              0 kB
Dirty:                52 kB
Writeback:             0 kB
AnonPages:        334332 kB
Mapped:            96188 kB
Shmem:               424 kB
Slab:              41164 kB
SReclaimable:      22384 kB
SUnreclaim:        18780 kB
KernelStack:        7200 kB
PageTables:        10096 kB
NFS_Unstable:          0 kB
Bounce:                0 kB
WritebackTmp:          0 kB
CommitLimit:      950532 kB
Committed_AS:   27128688 kB
VmallocTotal:     245760 kB
VmallocUsed:       69360 kB
VmallocChunk:      75648 kB
==>Sat Nov 14 19:26:42 2015
MemTotal:        1901064 kB
MemFree:          899984 kB
Buffers:           24892 kB
Cached:           336144 kB
SwapCached:            0 kB
Active:           461544 kB
Inactive:         234276 kB
Active(anon):     334808 kB
Inactive(anon):      376 kB
Active(file):     126736 kB
Inactive(file):   233900 kB
Unevictable:           0 kB
Mlocked:               0 kB
HighTotal:       1158144 kB
HighFree:         251580 kB
LowTotal:         742920 kB
LowFree:          648404 kB
SwapTotal:             0 kB
SwapFree:              0 kB
Dirty:                44 kB
Writeback:             0 kB
AnonPages:        334920 kB
Mapped:            96816 kB
Shmem:               424 kB
Slab:              41132 kB
SReclaimable:      22384 kB
SUnreclaim:        18748 kB
KernelStack:        7208 kB
PageTables:        10048 kB
NFS_Unstable:          0 kB
Bounce:                0 kB
WritebackTmp:          0 kB
CommitLimit:      950532 kB
Committed_AS:   27128516 kB
VmallocTotal:     245760 kB
VmallocUsed:       77428 kB
VmallocChunk:      75648 kB
==>Sat Nov 14 19:26:52 2015
MemTotal:        1901064 kB
MemFree:          900736 kB
Buffers:           24924 kB
Cached:           336148 kB
SwapCached:            0 kB
Active:           461436 kB
Inactive:         234312 kB
Active(anon):     334700 kB
Inactive(anon):      376 kB
Active(file):     126736 kB
Inactive(file):   233936 kB
Unevictable:           0 kB
Mlocked:               0 kB
HighTotal:       1158144 kB
HighFree:         251876 kB
LowTotal:         742920 kB
LowFree:          648860 kB
SwapTotal:             0 kB
SwapFree:              0 kB
Dirty:                 4 kB
Writeback:             0 kB
AnonPages:        334660 kB
Mapped:            96248 kB
Shmem:               424 kB
Slab:              41156 kB
SReclaimable:      22388 kB
SUnreclaim:        18768 kB
KernelStack:        7232 kB
PageTables:        10140 kB
NFS_Unstable:          0 kB
Bounce:                0 kB
WritebackTmp:          0 kB
CommitLimit:      950532 kB
Committed_AS:   27128652 kB
VmallocTotal:     245760 kB
VmallocUsed:       69384 kB
VmallocChunk:      75648 kB
==>Sat Nov 14 19:27:02 2015
MemTotal:        1901064 kB
MemFree:          902272 kB
Buffers:           24972 kB
Cached:           336152 kB
SwapCached:            0 kB
Active:           461616 kB
Inactive:         234364 kB
Active(anon):     334880 kB
Inactive(anon):      376 kB
Active(file):     126736 kB
Inactive(file):   233988 kB
Unevictable:           0 kB
Mlocked:               0 kB
HighTotal:       1158144 kB
HighFree:         253732 kB
LowTotal:         742920 kB
LowFree:          648540 kB
SwapTotal:             0 kB
SwapFree:              0 kB
Dirty:                68 kB
Writeback:             0 kB
AnonPages:        334872 kB
Mapped:            96228 kB
Shmem:               424 kB
Slab:              41180 kB
SReclaimable:      22388 kB
SUnreclaim:        18792 kB
KernelStack:        7152 kB
PageTables:        10200 kB
NFS_Unstable:          0 kB
Bounce:                0 kB
WritebackTmp:          0 kB
CommitLimit:      950532 kB
Committed_AS:   27128792 kB
VmallocTotal:     245760 kB
VmallocUsed:       69360 kB
VmallocChunk:      75648 kB
==>Sat Nov 14 19:27:12 2015
MemTotal:        1901064 kB
MemFree:          897100 kB
Buffers:           24996 kB
Cached:           336144 kB
SwapCached:            0 kB
Active:           461872 kB
Inactive:         234380 kB
Active(anon):     335136 kB
Inactive(anon):      376 kB
Active(file):     126736 kB
Inactive(file):   234004 kB
Unevictable:           0 kB
Mlocked:               0 kB
HighTotal:       1158144 kB
HighFree:         249168 kB
LowTotal:         742920 kB
LowFree:          647932 kB
SwapTotal:             0 kB
SwapFree:              0 kB
Dirty:                44 kB
Writeback:             0 kB
AnonPages:        335180 kB
Mapped:            96516 kB
Shmem:               424 kB
Slab:              41324 kB
SReclaimable:      22388 kB
SUnreclaim:        18936 kB
KernelStack:        7216 kB
PageTables:        10140 kB
NFS_Unstable:          0 kB
Bounce:                0 kB
WritebackTmp:          0 kB
CommitLimit:      950532 kB
Committed_AS:   27129180 kB
VmallocTotal:     245760 kB
VmallocUsed:       69388 kB
