==>Sat Nov 14 19:41:33 2015
MemTotal:        1901064 kB
MemFree:         1108300 kB
Buffers:            9800 kB
Cached:           273808 kB
SwapCached:            0 kB
Active:           288176 kB
Inactive:         241564 kB
Active(anon):     246188 kB
Inactive(anon):      364 kB
Active(file):      41988 kB
Inactive(file):   241200 kB
Unevictable:           0 kB
Mlocked:               0 kB
HighTotal:       1158144 kB
HighFree:         438420 kB
LowTotal:         742920 kB
LowFree:          669880 kB
SwapTotal:             0 kB
SwapFree:              0 kB
Dirty:                 0 kB
Writeback:             0 kB
AnonPages:        246184 kB
Mapped:            89020 kB
Shmem:               412 kB
Slab:              37164 kB
SReclaimable:      19316 kB
SUnreclaim:        17848 kB
KernelStack:        6808 kB
PageTables:         9028 kB
NFS_Unstable:          0 kB
Bounce:                0 kB
WritebackTmp:          0 kB
CommitLimit:      950532 kB
Committed_AS:   26317296 kB
VmallocTotal:     245760 kB
VmallocUsed:       67804 kB
VmallocChunk:      75648 kB
==>Sat Nov 14 19:41:43 2015
MemTotal:        1901064 kB
MemFree:         1091068 kB
Buffers:           10252 kB
Cached:           273836 kB
SwapCached:            0 kB
Active:           299388 kB
Inactive:         240004 kB
Active(anon):     255328 kB
Inactive(anon):      364 kB
Active(file):      44060 kB
Inactive(file):   239640 kB
Unevictable:           0 kB
Mlocked:               0 kB
HighTotal:       1158144 kB
HighFree:         422864 kB
LowTotal:         742920 kB
LowFree:          668204 kB
SwapTotal:             0 kB
SwapFree:              0 kB
Dirty:                40 kB
Writeback:             0 kB
AnonPages:        255408 kB
Mapped:            88156 kB
Shmem:               412 kB
Slab:              37520 kB
SReclaimable:      19464 kB
SUnreclaim:        18056 kB
KernelStack:        6832 kB
PageTables:         9040 kB
NFS_Unstable:          0 kB
Bounce:                0 kB
WritebackTmp:          0 kB
CommitLimit:      950532 kB
Committed_AS:   26323724 kB
VmallocTotal:     245760 kB
VmallocUsed:       67836 kB
VmallocChunk:      75648 kB
==>Sat Nov 14 19:41:53 2015
MemTotal:        1901064 kB
MemFree:         1087444 kB
Buffers:           10284 kB
Cached:           273988 kB
SwapCached:            0 kB
Active:           303320 kB
Inactive:         239644 kB
Active(anon):     258716 kB
Inactive(anon):      364 kB
Active(file):      44604 kB
Inactive(file):   239280 kB
Unevictable:           0 kB
Mlocked:               0 kB
HighTotal:       1158144 kB
HighFree:         419992 kB
LowTotal:         742920 kB
LowFree:          667452 kB
SwapTotal:             0 kB
SwapFree:              0 kB
Dirty:                60 kB
Writeback:             0 kB
AnonPages:        258684 kB
Mapped:            88148 kB
Shmem:               412 kB
Slab:              38848 kB
SReclaimable:      20352 kB
SUnreclaim:        18496 kB
KernelStack:        6808 kB
PageTables:         9000 kB
NFS_Unstable:          0 kB
Bounce:                0 kB
WritebackTmp:          0 kB
CommitLimit:      950532 kB
Committed_AS:   26324300 kB
VmallocTotal:     245760 kB
VmallocUsed:       67836 kB
VmallocChunk:      75648 kB
==>Sat Nov 14 19:42:03 2015
MemTotal:        1901064 kB
MemFree:         1082652 kB
Buffers:           10352 kB
Cached:           274076 kB
SwapCached:            0 kB
Active:           310676 kB
Inactive:         239604 kB
Active(anon):     265876 kB
Inactive(anon):      364 kB
Active(file):      44800 kB
Inactive(file):   239240 kB
Unevictable:           0 kB
Mlocked:               0 kB
HighTotal:       1158144 kB
HighFree:         415908 kB
LowTotal:         742920 kB
LowFree:          666744 kB
SwapTotal:             0 kB
SwapFree:              0 kB
Dirty:                96 kB
Writeback:             0 kB
AnonPages:        265864 kB
Mapped:            87480 kB
Shmem:               412 kB
Slab:              38592 kB
SReclaimable:      20260 kB
SUnreclaim:        18332 kB
KernelStack:        6888 kB
PageTables:         9256 kB
NFS_Unstable:          0 kB
Bounce:                0 kB
WritebackTmp:          0 kB
CommitLimit:      950532 kB
Committed_AS:   26324288 kB
VmallocTotal:     245760 kB
VmallocUsed:       67836 kB
VmallocChunk:      75648 kB
==>Sat Nov 14 19:42:13 2015
MemTotal:        1901064 kB
MemFree:         1081520 kB
Buffers:           10384 kB
Cached:           274088 kB
SwapCached:            0 kB
Active:           312808 kB
Inactive:         239620 kB
Active(anon):     267980 kB
Inactive(anon):      364 kB
Active(file):      44828 kB
Inactive(file):   239256 kB
Unevictable:           0 kB
Mlocked:               0 kB
HighTotal:       1158144 kB
HighFree:         413732 kB
LowTotal:         742920 kB
LowFree:          667788 kB
SwapTotal:             0 kB
SwapFree:              0 kB
Dirty:                80 kB
Writeback:             0 kB
AnonPages:        267972 kB
Mapped:            87052 kB
Shmem:               412 kB
Slab:              38564 kB
SReclaimable:      20280 kB
SUnreclaim:        18284 kB
KernelStack:        6752 kB
PageTables:         9320 kB
NFS_Unstable:          0 kB
Bounce:                0 kB
WritebackTmp:          0 kB
CommitLimit:      950532 kB
Committed_AS:   26323612 kB
VmallocTotal:     245760 kB
VmallocUsed:       67828 kB
VmallocChunk:      75648 kB
==>Sat Nov 14 19:42:23 2015
MemTotal:        1901064 kB
MemFree:         1080832 kB
Buffers:           10416 kB
Cached:           274092 kB
SwapCached:            0 kB
Active:           313764 kB
Inactive:         239660 kB
Active(anon):     268940 kB
Inactive(anon):      364 kB
Active(file):      44824 kB
Inactive(file):   239296 kB
Unevictable:           0 kB
Mlocked:               0 kB
HighTotal:       1158144 kB
HighFree:         413020 kB
LowTotal:         742920 kB
LowFree:          667812 kB
SwapTotal:             0 kB
SwapFree:              0 kB
Dirty:                52 kB
Writeback:             0 kB
AnonPages:        268908 kB
Mapped:            87292 kB
Shmem:               412 kB
Slab:              38580 kB
SReclaimable:      20284 kB
SUnreclaim:        18296 kB
KernelStack:        6720 kB
PageTables:         9232 kB
NFS_Unstable:          0 kB
Bounce:                0 kB
WritebackTmp:          0 kB
CommitLimit:      950532 kB
Committed_AS:   26324112 kB
VmallocTotal:     245760 kB
VmallocUsed:       67828 kB
VmallocChunk:      75648 kB
==>Sat Nov 14 19:42:33 2015
MemTotal:        1901064 kB
MemFree:         1080248 kB
Buffers:           10448 kB
Cached:           274096 kB
SwapCached:            0 kB
Active:           314376 kB
Inactive:         239696 kB
Active(anon):     269552 kB
Inactive(anon):      364 kB
Active(file):      44824 kB
Inactive(file):   239332 kB
Unevictable:           0 kB
Mlocked:               0 kB
HighTotal:       1158144 kB
HighFree:         412348 kB
LowTotal:         742920 kB
LowFree:          667900 kB
SwapTotal:             0 kB
SwapFree:              0 kB
Dirty:                56 kB
Writeback:             0 kB
AnonPages:        269544 kB
Mapped:            87324 kB
Shmem:               412 kB
Slab:              38548 kB
SReclaimable:      20284 kB
SUnreclaim:        18264 kB
KernelStack:        6752 kB
PageTables:         9236 kB
NFS_Unstable:          0 kB
Bounce:                0 kB
WritebackTmp:          0 kB
CommitLimit:      950532 kB
Committed_AS:   26324168 kB
VmallocTotal:     245760 kB
VmallocUsed:       67828 kB
VmallocChunk:      75648 kB
==>Sat Nov 14 19:42:43 2015
MemTotal:        1901064 kB
MemFree:         1079156 kB
Buffers:           10480 kB
Cached:           274100 kB
SwapCached:            0 kB
Active:           315172 kB
Inactive:         239732 kB
Active(anon):     270348 kB
Inactive(anon):      364 kB
Active(file):      44824 kB
Inactive(file):   239368 kB
Unevictable:           0 kB
Mlocked:               0 kB
HighTotal:       1158144 kB
HighFree:         411452 kB
LowTotal:         742920 kB
LowFree:          667704 kB
SwapTotal:             0 kB
SwapFree:              0 kB
Dirty:                52 kB
Writeback:             0 kB
AnonPages:        270344 kB
Mapped:            87076 kB
Shmem:               412 kB
Slab:              38512 kB
SReclaimable:      20268 kB
SUnreclaim:        18244 kB
KernelStack:        6720 kB
PageTables:         9224 kB
NFS_Unstable:          0 kB
Bounce:                0 kB
WritebackTmp:          0 kB
CommitLimit:      950532 kB
Committed_AS:   26324272 kB
VmallocTotal:     245760 kB
VmallocUsed:       67828 kB
VmallocChunk:      75648 kB
==>Sat Nov 14 19:42:53 2015
MemTotal:        1901064 kB
MemFree:         1081352 kB
Buffers:           10504 kB
Cached:           274100 kB
SwapCached:            0 kB
Active:           316052 kB
Inactive:         239756 kB
Active(anon):     271228 kB
Inactive(anon):      364 kB
Active(file):      44824 kB
Inactive(file):   239392 kB
Unevictable:           0 kB
Mlocked:               0 kB
HighTotal:       1158144 kB
HighFree:         413396 kB
LowTotal:         742920 kB
LowFree:          667956 kB
SwapTotal:             0 kB
SwapFree:              0 kB
Dirty:                 8 kB
Writeback:             0 kB
AnonPages:        271196 kB
Mapped:            86848 kB
Shmem:               412 kB
Slab:              38584 kB
SReclaimable:      20268 kB
SUnreclaim:        18316 kB
KernelStack:        6728 kB
PageTables:         9220 kB
NFS_Unstable:          0 kB
Bounce:                0 kB
WritebackTmp:          0 kB
CommitLimit:      950532 kB
Committed_AS:   26324516 kB
VmallocTotal:     245760 kB
VmallocUsed:       67812 kB
VmallocChunk:      75648 kB
==>Sat Nov 14 19:43:03 2015
MemTotal:        1901064 kB
MemFree:         1081008 kB
Buffers:           10536 kB
Cached:           274104 kB
SwapCached:            0 kB
Active:           316900 kB
Inactive:         239792 kB
Active(anon):     272076 kB
Inactive(anon):      364 kB
Active(file):      44824 kB
Inactive(file):   239428 kB
Unevictable:           0 kB
Mlocked:               0 kB
HighTotal:       1158144 kB
HighFree:         412960 kB
LowTotal:         742920 kB
LowFree:          668048 kB
SwapTotal:             0 kB
SwapFree:              0 kB
Dirty:                 8 kB
Writeback:             0 kB
AnonPages:        272044 kB
Mapped:            86848 kB
Shmem:               412 kB
Slab:              38472 kB
SReclaimable:      20260 kB
SUnreclaim:        18212 kB
KernelStack:        6776 kB
PageTables:         9224 kB
NFS_Unstable:          0 kB
Bounce:                0 kB
WritebackTmp:          0 kB
CommitLimit:      950532 kB
Committed_AS:   26324596 kB
VmallocTotal:     245760 kB
VmallocUsed:       67820 kB
VmallocChunk:      75648 kB
==>Sat Nov 14 19:43:13 2015
MemTotal:        1901064 kB
MemFree:         1078240 kB
Buffers:           10568 kB
Cached:           274108 kB
SwapCached:            0 kB
Active:           317624 kB
Inactive:         239828 kB
Active(anon):     272800 kB
Inactive(anon):      364 kB
Active(file):      44824 kB
Inactive(file):   239464 kB
Unevictable:           0 kB
Mlocked:               0 kB
HighTotal:       1158144 kB
HighFree:         411288 kB
LowTotal:         742920 kB
LowFree:          666952 kB
SwapTotal:             0 kB
SwapFree:              0 kB
Dirty:                72 kB
Writeback:             0 kB
AnonPages:        272792 kB
Mapped:            86832 kB
Shmem:               412 kB
Slab:              38488 kB
SReclaimable:      20260 kB
SUnreclaim:        18228 kB
KernelStack:        6792 kB
PageTables:         9328 kB
NFS_Unstable:          0 kB
Bounce:                0 kB
WritebackTmp:          0 kB
CommitLimit:      950532 kB
Committed_AS:   26324556 kB
VmallocTotal:     245760 kB
VmallocUsed:       67820 kB
VmallocChunk:      75648 kB
==>Sat Nov 14 19:43:23 2015
MemTotal:        1901064 kB
MemFree:         1077160 kB
Buffers:           10600 kB
Cached:           274104 kB
SwapCached:            0 kB
Active:           318440 kB
Inactive:         239940 kB
Active(anon):     273616 kB
Inactive(anon):      448 kB
Active(file):      44824 kB
Inactive(file):   239492 kB
Unevictable:           0 kB
Mlocked:               0 kB
HighTotal:       1158144 kB
HighFree:         410100 kB
LowTotal:         742920 kB
LowFree:          667060 kB
SwapTotal:             0 kB
SwapFree:              0 kB
Dirty:                56 kB
Writeback:             0 kB
AnonPages:        273608 kB
Mapped:            86752 kB
Shmem:               412 kB
Slab:              38372 kB
SReclaimable:      20260 kB
SUnreclaim:        18112 kB
KernelStack:        7016 kB
PageTables:         9276 kB
NFS_Unstable:          0 kB
Bounce:                0 kB
WritebackTmp:          0 kB
CommitLimit:      950532 kB
Committed_AS:   26326972 kB
VmallocTotal:     245760 kB
VmallocUsed:       67820 kB
VmallocChunk:      75648 kB
==>Sat Nov 14 19:43:33 2015
MemTotal:        1901064 kB
MemFree:         1074768 kB
Buffers:           10616 kB
Cached:           274116 kB
SwapCached:            0 kB
Active:           319156 kB
Inactive:         239884 kB
Active(anon):     274332 kB
Inactive(anon):      364 kB
Active(file):      44824 kB
Inactive(file):   239520 kB
Unevictable:           0 kB
Mlocked:               0 kB
HighTotal:       1158144 kB
HighFree:         407656 kB
LowTotal:         742920 kB
LowFree:          667112 kB
SwapTotal:             0 kB
SwapFree:              0 kB
Dirty:                40 kB
Writeback:             0 kB
AnonPages:        274408 kB
Mapped:            87476 kB
Shmem:               412 kB
Slab:              38488 kB
SReclaimable:      20260 kB
SUnreclaim:        18228 kB
KernelStack:        6944 kB
PageTables:         9216 kB
NFS_Unstable:          0 kB
Bounce:                0 kB
WritebackTmp:          0 kB
CommitLimit:      950532 kB
Committed_AS:   26324840 kB
VmallocTotal:     245760 kB
VmallocUsed:       67812 kB
VmallocChunk:      75648 kB
==>Sat Nov 14 19:43:43 2015
MemTotal:        1901064 kB
MemFree:         1073408 kB
Buffers:           10648 kB
Cached:           274120 kB
SwapCached:            0 kB
Active:           320220 kB
Inactive:         239920 kB
Active(anon):     275396 kB
Inactive(anon):      364 kB
Active(file):      44824 kB
Inactive(file):   239556 kB
Unevictable:           0 kB
Mlocked:               0 kB
HighTotal:       1158144 kB
HighFree:         406392 kB
LowTotal:         742920 kB
LowFree:          667016 kB
SwapTotal:             0 kB
SwapFree:              0 kB
Dirty:                40 kB
Writeback:             0 kB
AnonPages:        275480 kB
Mapped:            86716 kB
Shmem:               412 kB
Slab:              38552 kB
SReclaimable:      20276 kB
SUnreclaim:        18276 kB
KernelStack:        6928 kB
PageTables:         9184 kB
NFS_Unstable:          0 kB
Bounce:                0 kB
WritebackTmp:          0 kB
CommitLimit:      950532 kB
Committed_AS:   26325496 kB
VmallocTotal:     245760 kB
VmallocUsed:       67836 kB
VmallocChunk:      75648 kB
==>Sat Nov 14 19:43:53 2015
MemTotal:        1901064 kB
MemFree:         1073088 kB
Buffers:           10680 kB
Cached:           274124 kB
SwapCached:            0 kB
Active:           320912 kB
Inactive:         239956 kB
Active(anon):     276088 kB
Inactive(anon):      364 kB
Active(file):      44824 kB
Inactive(file):   239592 kB
Unevictable:           0 kB
Mlocked:               0 kB
HighTotal:       1158144 kB
HighFree:         405712 kB
LowTotal:         742920 kB
LowFree:          667376 kB
SwapTotal:             0 kB
SwapFree:              0 kB
Dirty:                40 kB
Writeback:             0 kB
AnonPages:        275996 kB
Mapped:            86716 kB
Shmem:               412 kB
Slab:              38524 kB
SReclaimable:      20284 kB
SUnreclaim:        18240 kB
KernelStack:        6928 kB
PageTables:         9188 kB
NFS_Unstable:          0 kB
Bounce:                0 kB
WritebackTmp:          0 kB
CommitLimit:      950532 kB
Committed_AS:   26325540 kB
VmallocTotal:     245760 kB
VmallocUsed:       67836 kB
VmallocChunk:      75648 kB
==>Sat Nov 14 19:44:03 2015
MemTotal:        1901064 kB
MemFree:         1072848 kB
Buffers:           10704 kB
Cached:           274128 kB
SwapCached:            0 kB
Active:           321088 kB
Inactive:         239984 kB
Active(anon):     276264 kB
Inactive(anon):      364 kB
Active(file):      44824 kB
Inactive(file):   239620 kB
Unevictable:           0 kB
Mlocked:               0 kB
HighTotal:       1158144 kB
HighFree:         405428 kB
LowTotal:         742920 kB
LowFree:          667420 kB
SwapTotal:             0 kB
SwapFree:              0 kB
Dirty:                 0 kB
Writeback:             0 kB
AnonPages:        276316 kB
Mapped:            86792 kB
Shmem:               412 kB
Slab:              38476 kB
SReclaimable:      20276 kB
SUnreclaim:        18200 kB
KernelStack:        6888 kB
PageTables:         9236 kB
NFS_Unstable:          0 kB
Bounce:                0 kB
WritebackTmp:          0 kB
CommitLimit:      950532 kB
Committed_AS:   26325184 kB
VmallocTotal:     245760 kB
VmallocUsed:       67836 kB
VmallocChunk:      75648 kB
==>Sat Nov 14 19:44:13 2015
MemTotal:        1901064 kB
MemFree:         1072264 kB
Buffers:           10736 kB
Cached:           274132 kB
SwapCached:            0 kB
Active:           321504 kB
Inactive:         240020 kB
Active(anon):     276680 kB
Inactive(anon):      364 kB
Active(file):      44824 kB
Inactive(file):   239656 kB
Unevictable:           0 kB
Mlocked:               0 kB
HighTotal:       1158144 kB
HighFree:         404732 kB
LowTotal:         742920 kB
LowFree:          667532 kB
SwapTotal:             0 kB
SwapFree:              0 kB
Dirty:                52 kB
Writeback:             0 kB
AnonPages:        276756 kB
Mapped:            87344 kB
Shmem:               412 kB
Slab:              38448 kB
SReclaimable:      20284 kB
SUnreclaim:        18164 kB
KernelStack:        6840 kB
PageTables:         9236 kB
NFS_Unstable:          0 kB
Bounce:                0 kB
WritebackTmp:          0 kB
CommitLimit:      950532 kB
Committed_AS:   26325184 kB
VmallocTotal:     245760 kB
VmallocUsed:       67828 kB
VmallocChunk:      75648 kB
==>Sat Nov 14 19:44:23 2015
MemTotal:        1901064 kB
MemFree:         1071132 kB
Buffers:           10768 kB
Cached:           274136 kB
SwapCached:            0 kB
Active:           322640 kB
Inactive:         240056 kB
Active(anon):     277816 kB
Inactive(anon):      364 kB
Active(file):      44824 kB
Inactive(file):   239692 kB
Unevictable:           0 kB
Mlocked:               0 kB
HighTotal:       1158144 kB
HighFree:         403828 kB
LowTotal:         742920 kB
LowFree:          667304 kB
SwapTotal:             0 kB
SwapFree:              0 kB
Dirty:                52 kB
Writeback:             0 kB
AnonPages:        277784 kB
Mapped:            87100 kB
Shmem:               412 kB
Slab:              38496 kB
SReclaimable:      20268 kB
SUnreclaim:        18228 kB
KernelStack:        6840 kB
PageTables:         9244 kB
NFS_Unstable:          0 kB
Bounce:                0 kB
WritebackTmp:          0 kB
CommitLimit:      950532 kB
Committed_AS:   26325540 kB
VmallocTotal:     245760 kB
VmallocUsed:       67828 kB
VmallocChunk:      75648 kB
==>Sat Nov 14 19:44:33 2015
MemTotal:        1901064 kB
MemFree:         1069924 kB
Buffers:           10800 kB
Cached:           274140 kB
SwapCached:            0 kB
Active:           323780 kB
Inactive:         240092 kB
Active(anon):     278956 kB
Inactive(anon):      364 kB
Active(file):      44824 kB
Inactive(file):   239728 kB
Unevictable:           0 kB
Mlocked:               0 kB
HighTotal:       1158144 kB
HighFree:         402760 kB
LowTotal:         742920 kB
LowFree:          667164 kB
SwapTotal:             0 kB
SwapFree:              0 kB
Dirty:                52 kB
Writeback:             0 kB
AnonPages:        278948 kB
Mapped:            87096 kB
Shmem:               412 kB
Slab:              38552 kB
SReclaimable:      20268 kB
SUnreclaim:        18284 kB
KernelStack:        6840 kB
PageTables:         9256 kB
NFS_Unstable:          0 kB
Bounce:                0 kB
WritebackTmp:          0 kB
CommitLimit:      950532 kB
Committed_AS:   26325548 kB
VmallocTotal:     245760 kB
VmallocUsed:       67828 kB
VmallocChunk:      75648 kB
==>Sat Nov 14 19:44:43 2015
MemTotal:        1901064 kB
MemFree:         1072172 kB
Buffers:           10824 kB
Cached:           274140 kB
SwapCached:            0 kB
Active:           324132 kB
Inactive:         240116 kB
Active(anon):     279308 kB
Inactive(anon):      364 kB
Active(file):      44824 kB
Inactive(file):   239752 kB
Unevictable:           0 kB
Mlocked:               0 kB
HighTotal:       1158144 kB
HighFree:         404948 kB
LowTotal:         742920 kB
LowFree:          667224 kB
SwapTotal:             0 kB
SwapFree:              0 kB
Dirty:                 8 kB
Writeback:             0 kB
AnonPages:        279236 kB
Mapped:            86900 kB
Shmem:               412 kB
Slab:              38520 kB
SReclaimable:      20268 kB
SUnreclaim:        18252 kB
KernelStack:        6848 kB
PageTables:         9244 kB
NFS_Unstable:          0 kB
Bounce:                0 kB
WritebackTmp:          0 kB
CommitLimit:      950532 kB
Committed_AS:   26325652 kB
VmallocTotal:     245760 kB
VmallocUsed:       67820 kB
VmallocChunk:      75648 kB
==>Sat Nov 14 19:44:53 2015
MemTotal:        1901064 kB
MemFree:         1071812 kB
Buffers:           10856 kB
Cached:           274144 kB
SwapCached:            0 kB
Active:           324608 kB
Inactive:         240148 kB
Active(anon):     279780 kB
Inactive(anon):      364 kB
Active(file):      44828 kB
Inactive(file):   239784 kB
Unevictable:           0 kB
Mlocked:               0 kB
HighTotal:       1158144 kB
HighFree:         404560 kB
LowTotal:         742920 kB
LowFree:          667252 kB
SwapTotal:             0 kB
SwapFree:              0 kB
Dirty:                 8 kB
Writeback:             0 kB
AnonPages:        279792 kB
Mapped:            86936 kB
Shmem:               412 kB
Slab:              38432 kB
SReclaimable:      20268 kB
SUnreclaim:        18164 kB
KernelStack:        6896 kB
PageTables:         9240 kB
NFS_Unstable:          0 kB
Bounce:                0 kB
WritebackTmp:          0 kB
CommitLimit:      950532 kB
Committed_AS:   26326196 kB
VmallocTotal:     245760 kB
VmallocUsed:       67820 kB
VmallocChunk:      75648 kB
==>Sat Nov 14 19:45:03 2015
MemTotal:        1901064 kB
MemFree:         1070264 kB
Buffers:           10892 kB
Cached:           274132 kB
SwapCached:            0 kB
Active:           324952 kB
Inactive:         240172 kB
Active(anon):     280124 kB
Inactive(anon):      364 kB
Active(file):      44828 kB
Inactive(file):   239808 kB
Unevictable:           0 kB
Mlocked:               0 kB
HighTotal:       1158144 kB
HighFree:         403496 kB
LowTotal:         742920 kB
LowFree:          666768 kB
SwapTotal:             0 kB
SwapFree:              0 kB
Dirty:                56 kB
Writeback:             0 kB
AnonPages:        280208 kB
Mapped:            86868 kB
Shmem:               412 kB
Slab:              38484 kB
SReclaimable:      20268 kB
SUnreclaim:        18216 kB
KernelStack:        6976 kB
PageTables:         9320 kB
NFS_Unstable:          0 kB
Bounce:                0 kB
WritebackTmp:          0 kB
CommitLimit:      950532 kB
Committed_AS:   26326252 kB
VmallocTotal:     245760 kB
VmallocUsed:       67820 kB
VmallocChunk:      75648 kB
==>Sat Nov 14 19:45:13 2015
MemTotal:        1901064 kB
MemFree:         1068124 kB
Buffers:           10908 kB
Cached:           274152 kB
SwapCached:            0 kB
Active:           325008 kB
Inactive:         240208 kB
Active(anon):     280180 kB
Inactive(anon):      364 kB
Active(file):      44828 kB
Inactive(file):   239844 kB
Unevictable:           0 kB
Mlocked:               0 kB
HighTotal:       1158144 kB
HighFree:         401076 kB
LowTotal:         742920 kB
LowFree:          667048 kB
SwapTotal:             0 kB
SwapFree:              0 kB
Dirty:                44 kB
Writeback:             0 kB
AnonPages:        280136 kB
Mapped:            87612 kB
Shmem:               412 kB
Slab:              38480 kB
SReclaimable:      20268 kB
SUnreclaim:        18212 kB
KernelStack:        6888 kB
PageTables:         9292 kB
NFS_Unstable:          0 kB
Bounce:                0 kB
WritebackTmp:          0 kB
CommitLimit:      950532 kB
Committed_AS:   26326500 kB
VmallocTotal:     245760 kB
VmallocUsed:       67812 kB
VmallocChunk:      75648 kB
==>Sat Nov 14 19:45:23 2015
MemTotal:        1901064 kB
MemFree:         1067716 kB
Buffers:           10940 kB
Cached:           274156 kB
SwapCached:            0 kB
Active:           325372 kB
Inactive:         240244 kB
Active(anon):     280544 kB
Inactive(anon):      364 kB
Active(file):      44828 kB
Inactive(file):   239880 kB
Unevictable:           0 kB
Mlocked:               0 kB
HighTotal:       1158144 kB
HighFree:         400716 kB
LowTotal:         742920 kB
LowFree:          667000 kB
SwapTotal:             0 kB
SwapFree:              0 kB
Dirty:                40 kB
Writeback:             0 kB
AnonPages:        280536 kB
Mapped:            86796 kB
Shmem:               412 kB
Slab:              38524 kB
SReclaimable:      20268 kB
SUnreclaim:        18256 kB
KernelStack:        6888 kB
PageTables:         9204 kB
NFS_Unstable:          0 kB
Bounce:                0 kB
WritebackTmp:          0 kB
CommitLimit:      950532 kB
Committed_AS:   26326584 kB
VmallocTotal:     245760 kB
VmallocUsed:       67836 kB
VmallocChunk:      75648 kB
==>Sat Nov 14 19:45:33 2015
MemTotal:        1901064 kB
MemFree:         1066484 kB
Buffers:           10972 kB
Cached:           274164 kB
SwapCached:            0 kB
Active:           326056 kB
Inactive:         240284 kB
Active(anon):     281228 kB
Inactive(anon):      364 kB
Active(file):      44828 kB
Inactive(file):   239920 kB
Unevictable:           0 kB
Mlocked:               0 kB
HighTotal:       1158144 kB
HighFree:         399608 kB
LowTotal:         742920 kB
LowFree:          666876 kB
SwapTotal:             0 kB
SwapFree:              0 kB
Dirty:                40 kB
Writeback:             0 kB
AnonPages:        281152 kB
Mapped:            86800 kB
Shmem:               412 kB
Slab:              38488 kB
SReclaimable:      20260 kB
SUnreclaim:        18228 kB
KernelStack:        6808 kB
PageTables:         9328 kB
NFS_Unstable:          0 kB
Bounce:                0 kB
WritebackTmp:          0 kB
CommitLimit:      950532 kB
Committed_AS:   26326752 kB
VmallocTotal:     245760 kB
VmallocUsed:       67836 kB
VmallocChunk:      75648 kB
==>Sat Nov 14 19:45:43 2015
MemTotal:        1901064 kB
MemFree:         1067240 kB
Buffers:           10996 kB
Cached:           274168 kB
SwapCached:            0 kB
Active:           325700 kB
Inactive:         240308 kB
Active(anon):     280868 kB
Inactive(anon):      364 kB
Active(file):      44832 kB
Inactive(file):   239944 kB
Unevictable:           0 kB
Mlocked:               0 kB
HighTotal:       1158144 kB
HighFree:         400168 kB
LowTotal:         742920 kB
LowFree:          667072 kB
SwapTotal:             0 kB
SwapFree:              0 kB
Dirty:                 0 kB
Writeback:             0 kB
AnonPages:        280860 kB
Mapped:            87188 kB
Shmem:               412 kB
Slab:              38428 kB
SReclaimable:      20260 kB
SUnreclaim:        18168 kB
KernelStack:        6840 kB
PageTables:         9356 kB
NFS_Unstable:          0 kB
Bounce:                0 kB
WritebackTmp:          0 kB
CommitLimit:      950532 kB
Committed_AS:   26326680 kB
VmallocTotal:     245760 kB
VmallocUsed:       67828 kB
VmallocChunk:      75648 kB
==>Sat Nov 14 19:45:53 2015
MemTotal:        1901064 kB
MemFree:         1067280 kB
Buffers:           11028 kB
Cached:           274172 kB
SwapCached:            0 kB
Active:           325996 kB
Inactive:         240344 kB
Active(anon):     281164 kB
Inactive(anon):      364 kB
Active(file):      44832 kB
Inactive(file):   239980 kB
Unevictable:           0 kB
Mlocked:               0 kB
HighTotal:       1158144 kB
HighFree:         400172 kB
LowTotal:         742920 kB
LowFree:          667108 kB
SwapTotal:             0 kB
SwapFree:              0 kB
Dirty:                52 kB
Writeback:             0 kB
AnonPages:        281120 kB
Mapped:            87168 kB
Shmem:               412 kB
Slab:              38500 kB
SReclaimable:      20260 kB
SUnreclaim:        18240 kB
KernelStack:        6888 kB
PageTables:         9264 kB
NFS_Unstable:          0 kB
Bounce:                0 kB
WritebackTmp:          0 kB
CommitLimit:      950532 kB
Committed_AS:   26326680 kB
VmallocTotal:     245760 kB
VmallocUsed:       67828 kB
VmallocChunk:      75648 kB
==>Sat Nov 14 19:46:03 2015
MemTotal:        1901064 kB
MemFree:         1069692 kB
Buffers:           11052 kB
Cached:           274172 kB
SwapCached:            0 kB
Active:           326424 kB
Inactive:         240368 kB
Active(anon):     281592 kB
Inactive(anon):      364 kB
Active(file):      44832 kB
Inactive(file):   240004 kB
Unevictable:           0 kB
Mlocked:               0 kB
HighTotal:       1158144 kB
HighFree:         402432 kB
LowTotal:         742920 kB
LowFree:          667260 kB
SwapTotal:             0 kB
SwapFree:              0 kB
Dirty:                 8 kB
Writeback:             0 kB
AnonPages:        281604 kB
Mapped:            86996 kB
Shmem:               412 kB
Slab:              38440 kB
SReclaimable:      20260 kB
SUnreclaim:        18180 kB
KernelStack:        6840 kB
PageTables:         9256 kB
NFS_Unstable:          0 kB
Bounce:                0 kB
WritebackTmp:          0 kB
CommitLimit:      950532 kB
Committed_AS:   26326972 kB
VmallocTotal:     245760 kB
VmallocUsed:       67812 kB
VmallocChunk:      75648 kB
==>Sat Nov 14 19:46:13 2015
MemTotal:        1901064 kB
MemFree:         1068032 kB
Buffers:           11084 kB
Cached:           274284 kB
SwapCached:            0 kB
Active:           326760 kB
Inactive:         240472 kB
Active(anon):     281928 kB
Inactive(anon):      448 kB
Active(file):      44832 kB
Inactive(file):   240024 kB
Unevictable:           0 kB
Mlocked:               0 kB
HighTotal:       1158144 kB
HighFree:         401392 kB
LowTotal:         742920 kB
LowFree:          666640 kB
SwapTotal:             0 kB
SwapFree:              0 kB
Dirty:                52 kB
Writeback:             0 kB
AnonPages:        281972 kB
Mapped:            86916 kB
Shmem:               536 kB
Slab:              38616 kB
SReclaimable:      20276 kB
SUnreclaim:        18340 kB
KernelStack:        6960 kB
PageTables:         9332 kB
NFS_Unstable:          0 kB
Bounce:                0 kB
WritebackTmp:          0 kB
CommitLimit:      950532 kB
Committed_AS:   26329400 kB
VmallocTotal:     245760 kB
VmallocUsed:       67820 kB
VmallocChunk:      75648 kB
==>Sat Nov 14 19:46:23 2015
MemTotal:        1901064 kB
MemFree:         1062628 kB
Buffers:           11100 kB
Cached:           274180 kB
SwapCached:            0 kB
Active:           326920 kB
Inactive:         240424 kB
Active(anon):     282088 kB
Inactive(anon):      364 kB
Active(file):      44832 kB
Inactive(file):   240060 kB
Unevictable:           0 kB
Mlocked:               0 kB
HighTotal:       1158144 kB
HighFree:         395976 kB
LowTotal:         742920 kB
LowFree:          666652 kB
SwapTotal:             0 kB
SwapFree:              0 kB
Dirty:                40 kB
Writeback:             0 kB
AnonPages:        282028 kB
Mapped:            87900 kB
Shmem:               412 kB
Slab:              38500 kB
SReclaimable:      20276 kB
SUnreclaim:        18224 kB
KernelStack:        6904 kB
PageTables:         9240 kB
NFS_Unstable:          0 kB
Bounce:                0 kB
WritebackTmp:          0 kB
CommitLimit:      950532 kB
Committed_AS:   26326976 kB
VmallocTotal:     245760 kB
VmallocUsed:       67828 kB
VmallocChunk:      75648 kB
==>Sat Nov 14 19:46:33 2015
MemTotal:        1901064 kB
MemFree:         1065384 kB
Buffers:           11132 kB
Cached:           274184 kB
SwapCached:            0 kB
Active:           327140 kB
Inactive:         240460 kB
Active(anon):     282308 kB
Inactive(anon):      364 kB
Active(file):      44832 kB
Inactive(file):   240096 kB
Unevictable:           0 kB
Mlocked:               0 kB
HighTotal:       1158144 kB
HighFree:         398372 kB
LowTotal:         742920 kB
LowFree:          667012 kB
SwapTotal:             0 kB
SwapFree:              0 kB
Dirty:                40 kB
Writeback:             0 kB
AnonPages:        282268 kB
Mapped:            86924 kB
Shmem:               412 kB
Slab:              38452 kB
SReclaimable:      20268 kB
SUnreclaim:        18184 kB
KernelStack:        6984 kB
PageTables:         9168 kB
NFS_Unstable:          0 kB
Bounce:                0 kB
WritebackTmp:          0 kB
CommitLimit:      950532 kB
Committed_AS:   26327012 kB
VmallocTotal:     245760 kB
VmallocUsed:       67836 kB
VmallocChunk:      75648 kB
==>Sat Nov 14 19:46:43 2015
MemTotal:        1901064 kB
MemFree:         1065392 kB
Buffers:           11156 kB
Cached:           274188 kB
SwapCached:            0 kB
Active:           327180 kB
Inactive:         240484 kB
Active(anon):     282344 kB
Inactive(anon):      364 kB
Active(file):      44836 kB
Inactive(file):   240120 kB
Unevictable:           0 kB
Mlocked:               0 kB
HighTotal:       1158144 kB
HighFree:         398588 kB
LowTotal:         742920 kB
LowFree:          666804 kB
SwapTotal:             0 kB
SwapFree:              0 kB
Dirty:                 0 kB
Writeback:             0 kB
AnonPages:        282296 kB
Mapped:            87300 kB
Shmem:               412 kB
Slab:              38408 kB
SReclaimable:      20272 kB
SUnreclaim:        18136 kB
KernelStack:        6832 kB
PageTables:         9264 kB
NFS_Unstable:          0 kB
Bounce:                0 kB
WritebackTmp:          0 kB
CommitLimit:      950532 kB
Committed_AS:   26327004 kB
VmallocTotal:     245760 kB
VmallocUsed:       67828 kB
VmallocChunk:      75648 kB
==>Sat Nov 14 19:46:53 2015
MemTotal:        1901064 kB
MemFree:         1065016 kB
Buffers:           11188 kB
Cached:           274192 kB
SwapCached:            0 kB
Active:           327620 kB
Inactive:         240524 kB
Active(anon):     282788 kB
Inactive(anon):      364 kB
Active(file):      44832 kB
Inactive(file):   240160 kB
Unevictable:           0 kB
Mlocked:               0 kB
HighTotal:       1158144 kB
HighFree:         398100 kB
LowTotal:         742920 kB
LowFree:          666916 kB
SwapTotal:             0 kB
SwapFree:              0 kB
Dirty:                52 kB
Writeback:             0 kB
AnonPages:        282784 kB
Mapped:            87508 kB
Shmem:               412 kB
Slab:              38512 kB
SReclaimable:      20272 kB
SUnreclaim:        18240 kB
KernelStack:        6832 kB
PageTables:         9268 kB
NFS_Unstable:          0 kB
Bounce:                0 kB
WritebackTmp:          0 kB
CommitLimit:      950532 kB
Committed_AS:   26327248 kB
VmallocTotal:     245760 kB
VmallocUsed:       67828 kB
VmallocChunk:      75648 kB
==>Sat Nov 14 19:47:03 2015
MemTotal:        1901064 kB
MemFree:         1067292 kB
Buffers:           11212 kB
Cached:           274192 kB
SwapCached:            0 kB
Active:           327916 kB
Inactive:         240544 kB
Active(anon):     283080 kB
Inactive(anon):      364 kB
Active(file):      44836 kB
Inactive(file):   240180 kB
Unevictable:           0 kB
Mlocked:               0 kB
HighTotal:       1158144 kB
HighFree:         400564 kB
LowTotal:         742920 kB
LowFree:          666728 kB
SwapTotal:             0 kB
SwapFree:              0 kB
Dirty:                 8 kB
Writeback:             0 kB
AnonPages:        283032 kB
Mapped:            87044 kB
Shmem:               412 kB
Slab:              38516 kB
SReclaimable:      20272 kB
SUnreclaim:        18244 kB
KernelStack:        6840 kB
PageTables:         9264 kB
NFS_Unstable:          0 kB
Bounce:                0 kB
WritebackTmp:          0 kB
CommitLimit:      950532 kB
Committed_AS:   26327428 kB
VmallocTotal:     245760 kB
VmallocUsed:       67820 kB
VmallocChunk:      75648 kB
==>Sat Nov 14 19:47:13 2015
MemTotal:        1901064 kB
MemFree:         1063852 kB
Buffers:           11228 kB
Cached:           274196 kB
SwapCached:            0 kB
Active:           328140 kB
Inactive:         240564 kB
Active(anon):     283304 kB
Inactive(anon):      364 kB
Active(file):      44836 kB
Inactive(file):   240200 kB
Unevictable:           0 kB
Mlocked:               0 kB
HighTotal:       1158144 kB
HighFree:         397716 kB
LowTotal:         742920 kB
LowFree:          666136 kB
SwapTotal:             0 kB
SwapFree:              0 kB
Dirty:                44 kB
Writeback:             0 kB
AnonPages:        283216 kB
Mapped:            86956 kB
Shmem:               412 kB
Slab:              38648 kB
SReclaimable:      20272 kB
SUnreclaim:        18376 kB
KernelStack:        6968 kB
PageTables:         9268 kB
NFS_Unstable:          0 kB
Bounce:                0 kB
WritebackTmp:          0 kB
CommitLimit:      950532 kB
Committed_AS:   26327484 kB
VmallocTotal:     245760 kB
VmallocUsed:       67820 kB
VmallocChunk:      75648 kB
==>Sat Nov 14 19:47:23 2015
MemTotal:        1901064 kB
MemFree:         1060460 kB
Buffers:           11260 kB
Cached:           274200 kB
SwapCached:            0 kB
Active:           328396 kB
Inactive:         240604 kB
Active(anon):     283564 kB
Inactive(anon):      364 kB
Active(file):      44832 kB
Inactive(file):   240240 kB
Unevictable:           0 kB
Mlocked:               0 kB
HighTotal:       1158144 kB
HighFree:         394064 kB
LowTotal:         742920 kB
LowFree:          666396 kB
SwapTotal:             0 kB
SwapFree:              0 kB
Dirty:                40 kB
Writeback:             0 kB
AnonPages:        283512 kB
Mapped:            87776 kB
Shmem:               412 kB
Slab:              38508 kB
SReclaimable:      20288 kB
SUnreclaim:        18220 kB
KernelStack:        6936 kB
PageTables:         9212 kB
NFS_Unstable:          0 kB
Bounce:                0 kB
WritebackTmp:          0 kB
CommitLimit:      950532 kB
Committed_AS:   26327624 kB
VmallocTotal:     245760 kB
VmallocUsed:       67828 kB
VmallocChunk:      75648 kB
==>Sat Nov 14 19:47:33 2015
MemTotal:        1901064 kB
MemFree:         1062944 kB
Buffers:           11300 kB
Cached:           274188 kB
SwapCached:            0 kB
Active:           328824 kB
Inactive:         240632 kB
Active(anon):     283992 kB
Inactive(anon):      364 kB
Active(file):      44832 kB
Inactive(file):   240268 kB
Unevictable:           0 kB
Mlocked:               0 kB
HighTotal:       1158144 kB
HighFree:         396588 kB
LowTotal:         742920 kB
LowFree:          666356 kB
SwapTotal:             0 kB
SwapFree:              0 kB
Dirty:                 0 kB
Writeback:             0 kB
AnonPages:        284044 kB
Mapped:            86804 kB
Shmem:               412 kB
Slab:              38424 kB
SReclaimable:      20284 kB
SUnreclaim:        18140 kB
KernelStack:        7064 kB
PageTables:         9264 kB
NFS_Unstable:          0 kB
Bounce:                0 kB
WritebackTmp:          0 kB
CommitLimit:      950532 kB
Committed_AS:   26327844 kB
VmallocTotal:     245760 kB
VmallocUsed:       67836 kB
VmallocChunk:      75648 kB
==>Sat Nov 14 19:47:43 2015
MemTotal:        1901064 kB
MemFree:         1064028 kB
Buffers:           11332 kB
Cached:           274208 kB
SwapCached:            0 kB
Active:           328844 kB
Inactive:         240684 kB
Active(anon):     284012 kB
Inactive(anon):      364 kB
Active(file):      44832 kB
Inactive(file):   240320 kB
Unevictable:           0 kB
Mlocked:               0 kB
HighTotal:       1158144 kB
HighFree:         397096 kB
LowTotal:         742920 kB
LowFree:          666932 kB
SwapTotal:             0 kB
SwapFree:              0 kB
Dirty:                16 kB
Writeback:             0 kB
AnonPages:        283940 kB
Mapped:            87300 kB
Shmem:               412 kB
Slab:              38456 kB
SReclaimable:      20288 kB
SUnreclaim:        18168 kB
KernelStack:        6832 kB
PageTables:         9272 kB
NFS_Unstable:          0 kB
Bounce:                0 kB
WritebackTmp:          0 kB
CommitLimit:      950532 kB
Committed_AS:   26327756 kB
VmallocTotal:     245760 kB
VmallocUsed:       67828 kB
VmallocChunk:      75648 kB
==>Sat Nov 14 19:47:53 2015
MemTotal:        1901064 kB
MemFree:         1065852 kB
Buffers:           11372 kB
Cached:           274212 kB
SwapCached:            0 kB
Active:           329216 kB
Inactive:         240728 kB
Active(anon):     284384 kB
Inactive(anon):      364 kB
Active(file):      44832 kB
Inactive(file):   240364 kB
Unevictable:           0 kB
Mlocked:               0 kB
HighTotal:       1158144 kB
HighFree:         399204 kB
LowTotal:         742920 kB
LowFree:          666648 kB
SwapTotal:             0 kB
SwapFree:              0 kB
Dirty:                68 kB
Writeback:             0 kB
AnonPages:        284352 kB
Mapped:            87084 kB
Shmem:               412 kB
Slab:              38480 kB
SReclaimable:      20288 kB
SUnreclaim:        18192 kB
KernelStack:        6840 kB
PageTables:         9268 kB
NFS_Unstable:          0 kB
Bounce:                0 kB
WritebackTmp:          0 kB
CommitLimit:      950532 kB
Committed_AS:   26328204 kB
VmallocTotal:     245760 kB
VmallocUsed:       67812 kB
VmallocChunk:      75648 kB
==>Sat Nov 14 19:48:03 2015
MemTotal:        1901064 kB
MemFree:         1064844 kB
Buffers:           11404 kB
Cached:           274308 kB
SwapCached:            0 kB
Active:           329532 kB
Inactive:         240856 kB
Active(anon):     284700 kB
Inactive(anon):      460 kB
Active(file):      44832 kB
Inactive(file):   240396 kB
Unevictable:           0 kB
Mlocked:               0 kB
HighTotal:       1158144 kB
HighFree:         398372 kB
LowTotal:         742920 kB
LowFree:          666472 kB
SwapTotal:             0 kB
SwapFree:              0 kB
Dirty:                60 kB
Writeback:             0 kB
AnonPages:        284692 kB
Mapped:            87104 kB
Shmem:               508 kB
Slab:              38504 kB
SReclaimable:      20296 kB
SUnreclaim:        18208 kB
KernelStack:        6912 kB
PageTables:         9344 kB
NFS_Unstable:          0 kB
Bounce:                0 kB
WritebackTmp:          0 kB
CommitLimit:      950532 kB
Committed_AS:   26330196 kB
VmallocTotal:     245760 kB
VmallocUsed:       67820 kB
VmallocChunk:      75648 kB
==>Sat Nov 14 19:48:13 2015
MemTotal:        1901064 kB
MemFree:         1062492 kB
Buffers:           11424 kB
Cached:           274216 kB
SwapCached:            0 kB
Active:           329756 kB
Inactive:         240780 kB
Active(anon):     284920 kB
Inactive(anon):      364 kB
Active(file):      44836 kB
Inactive(file):   240416 kB
Unevictable:           0 kB
Mlocked:               0 kB
HighTotal:       1158144 kB
HighFree:         395948 kB
LowTotal:         742920 kB
LowFree:          666544 kB
SwapTotal:             0 kB
SwapFree:              0 kB
Dirty:                44 kB
Writeback:             0 kB
AnonPages:        285004 kB
Mapped:            87776 kB
Shmem:               412 kB
Slab:              38496 kB
SReclaimable:      20296 kB
SUnreclaim:        18200 kB
KernelStack:        6912 kB
PageTables:         9228 kB
NFS_Unstable:          0 kB
Bounce:                0 kB
WritebackTmp:          0 kB
CommitLimit:      950532 kB
Committed_AS:   26328332 kB
VmallocTotal:     245760 kB
VmallocUsed:       67812 kB
VmallocChunk:      75648 kB
==>Sat Nov 14 19:48:23 2015
MemTotal:        1901064 kB
MemFree:         1061988 kB
Buffers:           11464 kB
Cached:           274220 kB
SwapCached:            0 kB
Active:           330144 kB
Inactive:         240824 kB
Active(anon):     285308 kB
Inactive(anon):      364 kB
Active(file):      44836 kB
Inactive(file):   240460 kB
Unevictable:           0 kB
Mlocked:               0 kB
HighTotal:       1158144 kB
HighFree:         395644 kB
LowTotal:         742920 kB
LowFree:          666344 kB
SwapTotal:             0 kB
SwapFree:              0 kB
Dirty:                44 kB
Writeback:             0 kB
AnonPages:        285300 kB
Mapped:            86956 kB
Shmem:               412 kB
Slab:              38584 kB
SReclaimable:      20296 kB
SUnreclaim:        18288 kB
KernelStack:        6872 kB
PageTables:         9324 kB
NFS_Unstable:          0 kB
Bounce:                0 kB
WritebackTmp:          0 kB
CommitLimit:      950532 kB
Committed_AS:   26328528 kB
VmallocTotal:     245760 kB
VmallocUsed:       67836 kB
VmallocChunk:      75648 kB
==>Sat Nov 14 19:48:33 2015
MemTotal:        1901064 kB
MemFree:         1061952 kB
Buffers:           11496 kB
Cached:           274224 kB
SwapCached:            0 kB
Active:           329996 kB
Inactive:         240860 kB
Active(anon):     285160 kB
Inactive(anon):      364 kB
Active(file):      44836 kB
Inactive(file):   240496 kB
Unevictable:           0 kB
Mlocked:               0 kB
HighTotal:       1158144 kB
HighFree:         395496 kB
LowTotal:         742920 kB
LowFree:          666456 kB
SwapTotal:             0 kB
SwapFree:              0 kB
Dirty:                 0 kB
Writeback:             0 kB
AnonPages:        285112 kB
Mapped:            87336 kB
Shmem:               412 kB
Slab:              38516 kB
SReclaimable:      20296 kB
SUnreclaim:        18220 kB
KernelStack:        6816 kB
PageTables:         9280 kB
NFS_Unstable:          0 kB
Bounce:                0 kB
WritebackTmp:          0 kB
CommitLimit:      950532 kB
Committed_AS:   26328296 kB
VmallocTotal:     245760 kB
VmallocUsed:       67828 kB
VmallocChunk:      75648 kB
==>Sat Nov 14 19:48:43 2015
MemTotal:        1901064 kB
MemFree:         1061820 kB
Buffers:           11536 kB
Cached:           274228 kB
SwapCached:            0 kB
Active:           330516 kB
Inactive:         240904 kB
Active(anon):     285680 kB
Inactive(anon):      364 kB
Active(file):      44836 kB
Inactive(file):   240540 kB
Unevictable:           0 kB
Mlocked:               0 kB
HighTotal:       1158144 kB
HighFree:         395156 kB
LowTotal:         742920 kB
LowFree:          666664 kB
SwapTotal:             0 kB
SwapFree:              0 kB
Dirty:                68 kB
Writeback:             0 kB
AnonPages:        285648 kB
Mapped:            87312 kB
Shmem:               412 kB
Slab:              38440 kB
SReclaimable:      20296 kB
SUnreclaim:        18144 kB
KernelStack:        6816 kB
PageTables:         9316 kB
NFS_Unstable:          0 kB
Bounce:                0 kB
WritebackTmp:          0 kB
CommitLimit:      950532 kB
Committed_AS:   26328776 kB
VmallocTotal:     245760 kB
VmallocUsed:       67828 kB
VmallocChunk:      75648 kB
==>Sat Nov 14 19:48:53 2015
MemTotal:        1901064 kB
MemFree:         1064288 kB
Buffers:           11568 kB
Cached:           274228 kB
SwapCached:            0 kB
Active:           330820 kB
Inactive:         240936 kB
Active(anon):     285984 kB
Inactive(anon):      364 kB
Active(file):      44836 kB
Inactive(file):   240572 kB
Unevictable:           0 kB
Mlocked:               0 kB
HighTotal:       1158144 kB
HighFree:         397804 kB
LowTotal:         742920 kB
LowFree:          666484 kB
SwapTotal:             0 kB
SwapFree:              0 kB
Dirty:                60 kB
Writeback:             0 kB
AnonPages:        285932 kB
Mapped:            87084 kB
Shmem:               412 kB
Slab:              38472 kB
SReclaimable:      20296 kB
SUnreclaim:        18176 kB
KernelStack:        6880 kB
PageTables:         9296 kB
NFS_Unstable:          0 kB
Bounce:                0 kB
WritebackTmp:          0 kB
CommitLimit:      950532 kB
Committed_AS:   26328960 kB
VmallocTotal:     245760 kB
VmallocUsed:       67820 kB
VmallocChunk:      75648 kB
==>Sat Nov 14 19:49:03 2015
MemTotal:        1901064 kB
MemFree:         1060560 kB
Buffers:           11584 kB
Cached:           274232 kB
SwapCached:            0 kB
Active:           331188 kB
Inactive:         240956 kB
Active(anon):     286352 kB
Inactive(anon):      364 kB
Active(file):      44836 kB
Inactive(file):   240592 kB
Unevictable:           0 kB
Mlocked:               0 kB
HighTotal:       1158144 kB
HighFree:         394532 kB
LowTotal:         742920 kB
LowFree:          666028 kB
SwapTotal:             0 kB
SwapFree:              0 kB
Dirty:                40 kB
Writeback:             0 kB
AnonPages:        286260 kB
Mapped:            87228 kB
Shmem:               412 kB
Slab:              38548 kB
SReclaimable:      20296 kB
SUnreclaim:        18252 kB
KernelStack:        6920 kB
PageTables:         9320 kB
NFS_Unstable:          0 kB
Bounce:                0 kB
WritebackTmp:          0 kB
CommitLimit:      950532 kB
Committed_AS:   26328832 kB
VmallocTotal:     245760 kB
VmallocUsed:       67820 kB
VmallocChunk:      75648 kB
==>Sat Nov 14 19:49:13 2015
MemTotal:        1901064 kB
MemFree:         1060212 kB
Buffers:           11616 kB
Cached:           274236 kB
SwapCached:            0 kB
Active:           331348 kB
Inactive:         240992 kB
Active(anon):     286512 kB
Inactive(anon):      364 kB
Active(file):      44836 kB
Inactive(file):   240628 kB
Unevictable:           0 kB
Mlocked:               0 kB
HighTotal:       1158144 kB
HighFree:         393940 kB
LowTotal:         742920 kB
LowFree:          666272 kB
SwapTotal:             0 kB
SwapFree:              0 kB
Dirty:                32 kB
Writeback:             0 kB
AnonPages:        286504 kB
Mapped:            87160 kB
Shmem:               412 kB
Slab:              38588 kB
SReclaimable:      20296 kB
SUnreclaim:        18292 kB
KernelStack:        6904 kB
PageTables:         9332 kB
NFS_Unstable:          0 kB
Bounce:                0 kB
WritebackTmp:          0 kB
CommitLimit:      950532 kB
Committed_AS:   26329300 kB
VmallocTotal:     245760 kB
VmallocUsed:       67836 kB
VmallocChunk:      75648 kB
==>Sat Nov 14 19:49:23 2015
MemTotal:        1901064 kB
MemFree:         1059924 kB
Buffers:           11648 kB
Cached:           274240 kB
SwapCached:            0 kB
Active:           331380 kB
Inactive:         241028 kB
Active(anon):     286544 kB
Inactive(anon):      364 kB
Active(file):      44836 kB
Inactive(file):   240664 kB
Unevictable:           0 kB
Mlocked:               0 kB
HighTotal:       1158144 kB
HighFree:         393868 kB
LowTotal:         742920 kB
LowFree:          666056 kB
SwapTotal:             0 kB
SwapFree:              0 kB
Dirty:                 0 kB
Writeback:             0 kB
AnonPages:        286576 kB
Mapped:            87156 kB
Shmem:               412 kB
Slab:              38528 kB
SReclaimable:      20296 kB
SUnreclaim:        18232 kB
KernelStack:        6856 kB
PageTables:         9384 kB
NFS_Unstable:          0 kB
Bounce:                0 kB
WritebackTmp:          0 kB
CommitLimit:      950532 kB
Committed_AS:   26329420 kB
VmallocTotal:     245760 kB
VmallocUsed:       67836 kB
VmallocChunk:      75648 kB
==>Sat Nov 14 19:49:33 2015
MemTotal:        1901064 kB
MemFree:         1060360 kB
Buffers:           11688 kB
Cached:           274244 kB
SwapCached:            0 kB
Active:           331668 kB
Inactive:         241072 kB
Active(anon):     286832 kB
Inactive(anon):      364 kB
Active(file):      44836 kB
Inactive(file):   240708 kB
Unevictable:           0 kB
Mlocked:               0 kB
HighTotal:       1158144 kB
HighFree:         394072 kB
LowTotal:         742920 kB
LowFree:          666288 kB
SwapTotal:             0 kB
SwapFree:              0 kB
Dirty:                68 kB
Writeback:             0 kB
AnonPages:        286800 kB
Mapped:            87528 kB
Shmem:               412 kB
Slab:              38544 kB
SReclaimable:      20296 kB
SUnreclaim:        18248 kB
KernelStack:        6808 kB
PageTables:         9288 kB
NFS_Unstable:          0 kB
Bounce:                0 kB
WritebackTmp:          0 kB
CommitLimit:      950532 kB
Committed_AS:   26329320 kB
VmallocTotal:     245760 kB
VmallocUsed:       67828 kB
VmallocChunk:      75648 kB
==>Sat Nov 14 19:49:43 2015
MemTotal:        1901064 kB
MemFree:         1061752 kB
Buffers:           11728 kB
Cached:           274344 kB
SwapCached:            0 kB
Active:           331892 kB
Inactive:         241164 kB
Active(anon):     287048 kB
Inactive(anon):      448 kB
Active(file):      44844 kB
Inactive(file):   240716 kB
Unevictable:           0 kB
Mlocked:               0 kB
HighTotal:       1158144 kB
HighFree:         395860 kB
LowTotal:         742920 kB
LowFree:          665892 kB
SwapTotal:             0 kB
SwapFree:              0 kB
Dirty:                12 kB
Writeback:             0 kB
AnonPages:        287084 kB
Mapped:            87224 kB
Shmem:               536 kB
Slab:              38480 kB
SReclaimable:      20288 kB
SUnreclaim:        18192 kB
KernelStack:        6888 kB
PageTables:         9260 kB
NFS_Unstable:          0 kB
Bounce:                0 kB
WritebackTmp:          0 kB
CommitLimit:      950532 kB
Committed_AS:   26331168 kB
VmallocTotal:     245760 kB
VmallocUsed:       67820 kB
VmallocChunk:      75648 kB
==>Sat Nov 14 19:49:53 2015
MemTotal:        1901064 kB
MemFree:         1056224 kB
Buffers:           11744 kB
Cached:           274248 kB
SwapCached:            0 kB
Active:           332228 kB
Inactive:         241124 kB
Active(anon):     287384 kB
Inactive(anon):      364 kB
Active(file):      44844 kB
Inactive(file):   240760 kB
Unevictable:           0 kB
Mlocked:               0 kB
HighTotal:       1158144 kB
HighFree:         390352 kB
LowTotal:         742920 kB
LowFree:          665872 kB
SwapTotal:             0 kB
SwapFree:              0 kB
Dirty:                 0 kB
Writeback:             0 kB
AnonPages:        287492 kB
Mapped:            88028 kB
Shmem:               412 kB
Slab:              38480 kB
SReclaimable:      20296 kB
SUnreclaim:        18184 kB
KernelStack:        7000 kB
PageTables:         9264 kB
NFS_Unstable:          0 kB
Bounce:                0 kB
WritebackTmp:          0 kB
CommitLimit:      950532 kB
Committed_AS:   26329348 kB
VmallocTotal:     245760 kB
VmallocUsed:       67828 kB
VmallocChunk:      75648 kB
==>Sat Nov 14 19:50:03 2015
MemTotal:        1901064 kB
MemFree:         1058472 kB
Buffers:           11784 kB
Cached:           274244 kB
SwapCached:            0 kB
Active:           332840 kB
Inactive:         241164 kB
Active(anon):     288000 kB
Inactive(anon):      364 kB
Active(file):      44840 kB
Inactive(file):   240800 kB
Unevictable:           0 kB
Mlocked:               0 kB
HighTotal:       1158144 kB
HighFree:         392512 kB
LowTotal:         742920 kB
LowFree:          665960 kB
SwapTotal:             0 kB
SwapFree:              0 kB
Dirty:                 4 kB
Writeback:             0 kB
AnonPages:        287936 kB
Mapped:            87168 kB
Shmem:               412 kB
Slab:              38444 kB
SReclaimable:      20296 kB
SUnreclaim:        18148 kB
KernelStack:        6856 kB
PageTables:         9296 kB
NFS_Unstable:          0 kB
Bounce:                0 kB
WritebackTmp:          0 kB
CommitLimit:      950532 kB
Committed_AS:   26329408 kB
VmallocTotal:     245760 kB
VmallocUsed:       67836 kB
VmallocChunk:      75648 kB
==>Sat Nov 14 19:50:13 2015
MemTotal:        1901064 kB
MemFree:         1058916 kB
Buffers:           11816 kB
Cached:           274256 kB
SwapCached:            0 kB
Active:           332560 kB
Inactive:         241208 kB
Active(anon):     287720 kB
Inactive(anon):      364 kB
Active(file):      44840 kB
Inactive(file):   240844 kB
Unevictable:           0 kB
Mlocked:               0 kB
HighTotal:       1158144 kB
HighFree:         392672 kB
LowTotal:         742920 kB
LowFree:          666244 kB
SwapTotal:             0 kB
SwapFree:              0 kB
Dirty:                52 kB
Writeback:             0 kB
AnonPages:        287732 kB
Mapped:            87540 kB
Shmem:               412 kB
Slab:              38412 kB
SReclaimable:      20288 kB
SUnreclaim:        18124 kB
KernelStack:        6864 kB
PageTables:         9280 kB
NFS_Unstable:          0 kB
Bounce:                0 kB
WritebackTmp:          0 kB
CommitLimit:      950532 kB
Committed_AS:   26329724 kB
VmallocTotal:     245760 kB
VmallocUsed:       67828 kB
VmallocChunk:      75648 kB
==>Sat Nov 14 19:50:23 2015
MemTotal:        1901064 kB
MemFree:         1061772 kB
Buffers:           11848 kB
Cached:           274260 kB
SwapCached:            0 kB
Active:           332840 kB
Inactive:         241244 kB
Active(anon):     288000 kB
Inactive(anon):      364 kB
Active(file):      44840 kB
Inactive(file):   240880 kB
Unevictable:           0 kB
Mlocked:               0 kB
HighTotal:       1158144 kB
HighFree:         395548 kB
LowTotal:         742920 kB
LowFree:          666224 kB
SwapTotal:             0 kB
SwapFree:              0 kB
Dirty:                64 kB
Writeback:             0 kB
AnonPages:        287996 kB
Mapped:            87292 kB
Shmem:               412 kB
Slab:              38448 kB
SReclaimable:      20288 kB
SUnreclaim:        18160 kB
KernelStack:        6824 kB
PageTables:         9280 kB
NFS_Unstable:          0 kB
Bounce:                0 kB
WritebackTmp:          0 kB
CommitLimit:      950532 kB
Committed_AS:   26329760 kB
VmallocTotal:     245760 kB
VmallocUsed:       67812 kB
VmallocChunk:      75648 kB
==>Sat Nov 14 19:50:33 2015
MemTotal:        1901064 kB
MemFree:         1058024 kB
Buffers:           11872 kB
Cached:           274264 kB
SwapCached:            0 kB
Active:           333160 kB
Inactive:         241272 kB
Active(anon):     288320 kB
Inactive(anon):      364 kB
Active(file):      44840 kB
Inactive(file):   240908 kB
Unevictable:           0 kB
Mlocked:               0 kB
HighTotal:       1158144 kB
HighFree:         391924 kB
LowTotal:         742920 kB
LowFree:          666100 kB
SwapTotal:             0 kB
SwapFree:              0 kB
Dirty:                40 kB
Writeback:             0 kB
AnonPages:        288312 kB
Mapped:            87956 kB
Shmem:               412 kB
Slab:              38460 kB
SReclaimable:      20288 kB
SUnreclaim:        18172 kB
KernelStack:        6888 kB
PageTables:         9336 kB
NFS_Unstable:          0 kB
Bounce:                0 kB
WritebackTmp:          0 kB
CommitLimit:      950532 kB
Committed_AS:   26330012 kB
VmallocTotal:     245760 kB
VmallocUsed:       67812 kB
VmallocChunk:      75648 kB
==>Sat Nov 14 19:50:43 2015
MemTotal:        1901064 kB
MemFree:         1058132 kB
Buffers:           11920 kB
Cached:           274268 kB
SwapCached:            0 kB
Active:           333400 kB
Inactive:         241320 kB
Active(anon):     288556 kB
Inactive(anon):      364 kB
Active(file):      44844 kB
Inactive(file):   240956 kB
Unevictable:           0 kB
Mlocked:               0 kB
HighTotal:       1158144 kB
HighFree:         392096 kB
LowTotal:         742920 kB
LowFree:          666036 kB
SwapTotal:             0 kB
SwapFree:              0 kB
Dirty:                40 kB
Writeback:             0 kB
AnonPages:        288508 kB
Mapped:            87152 kB
Shmem:               412 kB
Slab:              38460 kB
SReclaimable:      20288 kB
SUnreclaim:        18172 kB
KernelStack:        6872 kB
PageTables:         9360 kB
NFS_Unstable:          0 kB
Bounce:                0 kB
WritebackTmp:          0 kB
CommitLimit:      950532 kB
Committed_AS:   26329872 kB
VmallocTotal:     245760 kB
VmallocUsed:       67836 kB
VmallocChunk:      75648 kB
==>Sat Nov 14 19:50:53 2015
MemTotal:        1901064 kB
MemFree:         1058424 kB
Buffers:           11952 kB
Cached:           274272 kB
SwapCached:            0 kB
Active:           333432 kB
Inactive:         241356 kB
Active(anon):     288588 kB
Inactive(anon):      364 kB
Active(file):      44844 kB
Inactive(file):   240992 kB
Unevictable:           0 kB
Mlocked:               0 kB
HighTotal:       1158144 kB
HighFree:         392256 kB
LowTotal:         742920 kB
LowFree:          666168 kB
SwapTotal:             0 kB
SwapFree:              0 kB
Dirty:                 4 kB
Writeback:             0 kB
AnonPages:        288580 kB
Mapped:            87520 kB
Shmem:               412 kB
Slab:              38420 kB
SReclaimable:      20292 kB
SUnreclaim:        18128 kB
KernelStack:        6856 kB
PageTables:         9288 kB
NFS_Unstable:          0 kB
Bounce:                0 kB
WritebackTmp:          0 kB
CommitLimit:      950532 kB
Committed_AS:   26329992 kB
VmallocTotal:     245760 kB
VmallocUsed:       67828 kB
VmallocChunk:      75648 kB
==>Sat Nov 14 19:51:03 2015
MemTotal:        1901064 kB
MemFree:         1060968 kB
Buffers:           11992 kB
Cached:           274244 kB
SwapCached:            0 kB
Active:           333816 kB
Inactive:         241476 kB
Active(anon):     288972 kB
Inactive(anon):      444 kB
Active(file):      44844 kB
Inactive(file):   241032 kB
Unevictable:           0 kB
Mlocked:               0 kB
HighTotal:       1158144 kB
HighFree:         394584 kB
LowTotal:         742920 kB
LowFree:          666384 kB
SwapTotal:             0 kB
SwapFree:              0 kB
Dirty:                36 kB
Writeback:             0 kB
AnonPages:        288940 kB
Mapped:            87288 kB
Shmem:               384 kB
Slab:              38460 kB
SReclaimable:      20292 kB
SUnreclaim:        18168 kB
KernelStack:        6880 kB
PageTables:         9324 kB
NFS_Unstable:          0 kB
Bounce:                0 kB
WritebackTmp:          0 kB
CommitLimit:      950532 kB
Committed_AS:   26330264 kB
VmallocTotal:     245760 kB
VmallocUsed:       67820 kB
VmallocChunk:      75648 kB
==>Sat Nov 14 19:51:13 2015
MemTotal:        1901064 kB
MemFree:         1057068 kB
Buffers:           12008 kB
Cached:           274276 kB
SwapCached:            0 kB
Active:           333988 kB
Inactive:         241416 kB
Active(anon):     289144 kB
Inactive(anon):      364 kB
Active(file):      44844 kB
Inactive(file):   241052 kB
Unevictable:           0 kB
Mlocked:               0 kB
HighTotal:       1158144 kB
HighFree:         391076 kB
LowTotal:         742920 kB
LowFree:          665992 kB
SwapTotal:             0 kB
SwapFree:              0 kB
Dirty:                40 kB
Writeback:             0 kB
AnonPages:        289096 kB
Mapped:            87924 kB
Shmem:               412 kB
Slab:              38444 kB
SReclaimable:      20292 kB
SUnreclaim:        18152 kB
KernelStack:        6880 kB
PageTables:         9172 kB
NFS_Unstable:          0 kB
Bounce:                0 kB
WritebackTmp:          0 kB
CommitLimit:      950532 kB
Committed_AS:   26330180 kB
VmallocTotal:     245760 kB
VmallocUsed:       67812 kB
VmallocChunk:      75648 kB
==>Sat Nov 14 19:51:23 2015
MemTotal:        1901064 kB
MemFree:         1056416 kB
Buffers:           12056 kB
Cached:           274264 kB
SwapCached:            0 kB
Active:           334348 kB
Inactive:         241452 kB
Active(anon):     289504 kB
Inactive(anon):      364 kB
Active(file):      44844 kB
Inactive(file):   241088 kB
Unevictable:           0 kB
Mlocked:               0 kB
HighTotal:       1158144 kB
HighFree:         390620 kB
LowTotal:         742920 kB
LowFree:          665796 kB
SwapTotal:             0 kB
SwapFree:              0 kB
Dirty:                 4 kB
Writeback:             0 kB
AnonPages:        289580 kB
Mapped:            87164 kB
Shmem:               412 kB
Slab:              38428 kB
SReclaimable:      20292 kB
SUnreclaim:        18136 kB
KernelStack:        6904 kB
PageTables:         9284 kB
NFS_Unstable:          0 kB
Bounce:                0 kB
WritebackTmp:          0 kB
CommitLimit:      950532 kB
Committed_AS:   26330544 kB
VmallocTotal:     245760 kB
VmallocUsed:       67836 kB
VmallocChunk:      75648 kB
==>Sat Nov 14 19:51:33 2015
MemTotal:        1901064 kB
MemFree:         1057328 kB
Buffers:           12088 kB
Cached:           274284 kB
SwapCached:            0 kB
Active:           334292 kB
Inactive:         241504 kB
Active(anon):     289448 kB
Inactive(anon):      364 kB
Active(file):      44844 kB
Inactive(file):   241140 kB
Unevictable:           0 kB
Mlocked:               0 kB
HighTotal:       1158144 kB
HighFree:         391364 kB
LowTotal:         742920 kB
LowFree:          665964 kB
SwapTotal:             0 kB
SwapFree:              0 kB
Dirty:                52 kB
Writeback:             0 kB
AnonPages:        289376 kB
Mapped:            87492 kB
Shmem:               412 kB
Slab:              38428 kB
SReclaimable:      20292 kB
SUnreclaim:        18136 kB
KernelStack:        6816 kB
PageTables:         9292 kB
NFS_Unstable:          0 kB
Bounce:                0 kB
WritebackTmp:          0 kB
CommitLimit:      950532 kB
Committed_AS:   26330184 kB
VmallocTotal:     245760 kB
VmallocUsed:       67828 kB
VmallocChunk:      75648 kB
==>Sat Nov 14 19:51:43 2015
MemTotal:        1901064 kB
MemFree:         1058520 kB
Buffers:           12132 kB
Cached:           274400 kB
SwapCached:            0 kB
Active:           334672 kB
Inactive:         241612 kB
Active(anon):     289824 kB
Inactive(anon):      448 kB
Active(file):      44848 kB
Inactive(file):   241164 kB
Unevictable:           0 kB
Mlocked:               0 kB
HighTotal:       1158144 kB
HighFree:         393028 kB
LowTotal:         742920 kB
LowFree:          665492 kB
SwapTotal:             0 kB
SwapFree:              0 kB
Dirty:                60 kB
Writeback:             0 kB
AnonPages:        289816 kB
Mapped:            87220 kB
Shmem:               536 kB
Slab:              38492 kB
SReclaimable:      20296 kB
SUnreclaim:        18196 kB
KernelStack:        6872 kB
PageTables:         9368 kB
NFS_Unstable:          0 kB
Bounce:                0 kB
WritebackTmp:          0 kB
CommitLimit:      950532 kB
Committed_AS:   26332732 kB
VmallocTotal:     245760 kB
VmallocUsed:       67820 kB
VmallocChunk:      75648 kB
==>Sat Nov 14 19:51:53 2015
MemTotal:        1901064 kB
MemFree:         1055904 kB
Buffers:           12156 kB
Cached:           274288 kB
SwapCached:            0 kB
Active:           334852 kB
Inactive:         241572 kB
Active(anon):     290004 kB
Inactive(anon):      364 kB
Active(file):      44848 kB
Inactive(file):   241208 kB
Unevictable:           0 kB
Mlocked:               0 kB
HighTotal:       1158144 kB
HighFree:         390000 kB
LowTotal:         742920 kB
LowFree:          665904 kB
SwapTotal:             0 kB
SwapFree:              0 kB
Dirty:                44 kB
Writeback:             0 kB
AnonPages:        289996 kB
Mapped:            87828 kB
Shmem:               412 kB
Slab:              38512 kB
SReclaimable:      20296 kB
SUnreclaim:        18216 kB
KernelStack:        6880 kB
PageTables:         9168 kB
NFS_Unstable:          0 kB
Bounce:                0 kB
WritebackTmp:          0 kB
CommitLimit:      950532 kB
Committed_AS:   26330564 kB
VmallocTotal:     245760 kB
VmallocUsed:       67812 kB
VmallocChunk:      75648 kB
==>Sat Nov 14 19:52:03 2015
MemTotal:        1901064 kB
MemFree:         1055772 kB
Buffers:           12196 kB
Cached:           274292 kB
SwapCached:            0 kB
Active:           335268 kB
Inactive:         241612 kB
Active(anon):     290416 kB
Inactive(anon):      364 kB
Active(file):      44852 kB
Inactive(file):   241248 kB
Unevictable:           0 kB
Mlocked:               0 kB
HighTotal:       1158144 kB
HighFree:         390020 kB
LowTotal:         742920 kB
LowFree:          665752 kB
SwapTotal:             0 kB
SwapFree:              0 kB
Dirty:                36 kB
Writeback:             0 kB
AnonPages:        290512 kB
Mapped:            87156 kB
Shmem:               412 kB
Slab:              38516 kB
SReclaimable:      20296 kB
SUnreclaim:        18220 kB
KernelStack:        6968 kB
PageTables:         9264 kB
NFS_Unstable:          0 kB
Bounce:                0 kB
WritebackTmp:          0 kB
CommitLimit:      950532 kB
Committed_AS:   26330968 kB
VmallocTotal:     245760 kB
VmallocUsed:       67836 kB
VmallocChunk:      75648 kB
==>Sat Nov 14 19:52:13 2015
MemTotal:        1901064 kB
MemFree:         1055784 kB
Buffers:           12228 kB
Cached:           274296 kB
SwapCached:            0 kB
Active:           335244 kB
Inactive:         241648 kB
Active(anon):     290392 kB
Inactive(anon):      364 kB
Active(file):      44852 kB
Inactive(file):   241284 kB
Unevictable:           0 kB
Mlocked:               0 kB
HighTotal:       1158144 kB
HighFree:         390168 kB
LowTotal:         742920 kB
LowFree:          665616 kB
SwapTotal:             0 kB
SwapFree:              0 kB
Dirty:                 4 kB
Writeback:             0 kB
AnonPages:        290508 kB
Mapped:            87540 kB
Shmem:               412 kB
Slab:              38440 kB
SReclaimable:      20296 kB
SUnreclaim:        18144 kB
KernelStack:        6816 kB
PageTables:         9396 kB
NFS_Unstable:          0 kB
Bounce:                0 kB
WritebackTmp:          0 kB
CommitLimit:      950532 kB
Committed_AS:   26330924 kB
VmallocTotal:     245760 kB
VmallocUsed:       67828 kB
VmallocChunk:      75648 kB
==>Sat Nov 14 19:52:23 2015
MemTotal:        1901064 kB
MemFree:         1057628 kB
Buffers:           12268 kB
Cached:           274268 kB
SwapCached:            0 kB
Active:           335492 kB
Inactive:         241660 kB
Active(anon):     290640 kB
Inactive(anon):      336 kB
Active(file):      44852 kB
Inactive(file):   241324 kB
Unevictable:           0 kB
Mlocked:               0 kB
HighTotal:       1158144 kB
HighFree:         392068 kB
LowTotal:         742920 kB
LowFree:          665560 kB
SwapTotal:             0 kB
SwapFree:              0 kB
Dirty:                 8 kB
Writeback:             0 kB
AnonPages:        290592 kB
Mapped:            87088 kB
Shmem:               384 kB
Slab:              38416 kB
SReclaimable:      20296 kB
SUnreclaim:        18120 kB
KernelStack:        6896 kB
PageTables:         9292 kB
NFS_Unstable:          0 kB
Bounce:                0 kB
WritebackTmp:          0 kB
CommitLimit:      950532 kB
Committed_AS:   26330648 kB
VmallocTotal:     245760 kB
VmallocUsed:       67820 kB
VmallocChunk:      75648 kB
==>Sat Nov 14 19:52:33 2015
MemTotal:        1901064 kB
MemFree:         1052020 kB
Buffers:           12284 kB
Cached:           274300 kB
SwapCached:            0 kB
Active:           335752 kB
Inactive:         241708 kB
Active(anon):     290900 kB
Inactive(anon):      364 kB
Active(file):      44852 kB
Inactive(file):   241344 kB
Unevictable:           0 kB
Mlocked:               0 kB
HighTotal:       1158144 kB
HighFree:         386680 kB
LowTotal:         742920 kB
LowFree:          665340 kB
SwapTotal:             0 kB
SwapFree:              0 kB
Dirty:                44 kB
Writeback:             0 kB
AnonPages:        290980 kB
Mapped:            88040 kB
Shmem:               412 kB
Slab:              38428 kB
SReclaimable:      20296 kB
SUnreclaim:        18132 kB
KernelStack:        6880 kB
PageTables:         9340 kB
NFS_Unstable:          0 kB
Bounce:                0 kB
WritebackTmp:          0 kB
CommitLimit:      950532 kB
Committed_AS:   26331212 kB
VmallocTotal:     245760 kB
VmallocUsed:       67828 kB
VmallocChunk:      75648 kB
==>Sat Nov 14 19:52:43 2015
MemTotal:        1901064 kB
MemFree:         1054192 kB
Buffers:           12332 kB
Cached:           274288 kB
SwapCached:            0 kB
Active:           336024 kB
Inactive:         241740 kB
Active(anon):     291168 kB
Inactive(anon):      364 kB
Active(file):      44856 kB
Inactive(file):   241376 kB
Unevictable:           0 kB
Mlocked:               0 kB
HighTotal:       1158144 kB
HighFree:         388868 kB
LowTotal:         742920 kB
LowFree:          665324 kB
SwapTotal:             0 kB
SwapFree:              0 kB
Dirty:                 4 kB
Writeback:             0 kB
AnonPages:        291128 kB
Mapped:            87488 kB
Shmem:               412 kB
Slab:              38456 kB
SReclaimable:      20296 kB
SUnreclaim:        18160 kB
KernelStack:        6896 kB
PageTables:         9332 kB
NFS_Unstable:          0 kB
Bounce:                0 kB
WritebackTmp:          0 kB
CommitLimit:      950532 kB
Committed_AS:   26331444 kB
VmallocTotal:     245760 kB
VmallocUsed:       67836 kB
VmallocChunk:      75648 kB
==>Sat Nov 14 19:52:53 2015
MemTotal:        1901064 kB
MemFree:         1054564 kB
Buffers:           12364 kB
Cached:           274308 kB
SwapCached:            0 kB
Active:           336164 kB
Inactive:         241796 kB
Active(anon):     291312 kB
Inactive(anon):      364 kB
Active(file):      44852 kB
Inactive(file):   241432 kB
Unevictable:           0 kB
Mlocked:               0 kB
HighTotal:       1158144 kB
HighFree:         388956 kB
LowTotal:         742920 kB
LowFree:          665608 kB
SwapTotal:             0 kB
SwapFree:              0 kB
Dirty:                52 kB
Writeback:             0 kB
AnonPages:        291304 kB
Mapped:            87780 kB
Shmem:               412 kB
Slab:              38444 kB
SReclaimable:      20296 kB
SUnreclaim:        18148 kB
KernelStack:        6824 kB
PageTables:         9340 kB
NFS_Unstable:          0 kB
Bounce:                0 kB
WritebackTmp:          0 kB
CommitLimit:      950532 kB
Committed_AS:   26331252 kB
VmallocTotal:     245760 kB
VmallocUsed:       67828 kB
VmallocChunk:      75648 kB
==>Sat Nov 14 19:53:03 2015
MemTotal:        1901064 kB
MemFree:         1054184 kB
Buffers:           12388 kB
Cached:           274300 kB
SwapCached:            0 kB
Active:           336496 kB
Inactive:         241812 kB
Active(anon):     291644 kB
Inactive(anon):      364 kB
Active(file):      44852 kB
Inactive(file):   241448 kB
Unevictable:           0 kB
Mlocked:               0 kB
HighTotal:       1158144 kB
HighFree:         389076 kB
LowTotal:         742920 kB
LowFree:          665108 kB
SwapTotal:             0 kB
SwapFree:              0 kB
Dirty:                 4 kB
Writeback:             0 kB
AnonPages:        291636 kB
Mapped:            87520 kB
Shmem:               412 kB
Slab:              38524 kB
SReclaimable:      20296 kB
SUnreclaim:        18228 kB
KernelStack:        6944 kB
PageTables:         9324 kB
NFS_Unstable:          0 kB
Bounce:                0 kB
WritebackTmp:          0 kB
CommitLimit:      950532 kB
Committed_AS:   26331524 kB
VmallocTotal:     245760 kB
VmallocUsed:       67820 kB
VmallocChunk:      75648 kB
==>Sat Nov 14 19:53:13 2015
MemTotal:        1901064 kB
MemFree:         1053540 kB
Buffers:           12428 kB
Cached:           274312 kB
SwapCached:            0 kB
Active:           336812 kB
Inactive:         241864 kB
Active(anon):     291960 kB
Inactive(anon):      364 kB
Active(file):      44852 kB
Inactive(file):   241500 kB
Unevictable:           0 kB
Mlocked:               0 kB
HighTotal:       1158144 kB
HighFree:         387992 kB
LowTotal:         742920 kB
LowFree:          665548 kB
SwapTotal:             0 kB
SwapFree:              0 kB
Dirty:                44 kB
Writeback:             0 kB
AnonPages:        291952 kB
Mapped:            87456 kB
Shmem:               412 kB
Slab:              38484 kB
SReclaimable:      20296 kB
SUnreclaim:        18188 kB
KernelStack:        6880 kB
PageTables:         9248 kB
NFS_Unstable:          0 kB
Bounce:                0 kB
WritebackTmp:          0 kB
CommitLimit:      950532 kB
Committed_AS:   26331644 kB
VmallocTotal:     245760 kB
VmallocUsed:       67836 kB
VmallocChunk:      75648 kB
==>Sat Nov 14 19:53:23 2015
MemTotal:        1901064 kB
MemFree:         1054192 kB
Buffers:           12460 kB
Cached:           274316 kB
SwapCached:            0 kB
Active:           336776 kB
Inactive:         241900 kB
Active(anon):     291924 kB
Inactive(anon):      364 kB
Active(file):      44852 kB
Inactive(file):   241536 kB
Unevictable:           0 kB
Mlocked:               0 kB
HighTotal:       1158144 kB
HighFree:         388276 kB
LowTotal:         742920 kB
LowFree:          665916 kB
SwapTotal:             0 kB
SwapFree:              0 kB
Dirty:                 0 kB
Writeback:             0 kB
AnonPages:        291852 kB
Mapped:            87820 kB
Shmem:               412 kB
Slab:              38468 kB
SReclaimable:      20296 kB
SUnreclaim:        18172 kB
KernelStack:        6824 kB
PageTables:         9292 kB
NFS_Unstable:          0 kB
Bounce:                0 kB
WritebackTmp:          0 kB
CommitLimit:      950532 kB
Committed_AS:   26331300 kB
VmallocTotal:     245760 kB
VmallocUsed:       67828 kB
VmallocChunk:      75648 kB
==>Sat Nov 14 19:53:33 2015
MemTotal:        1901064 kB
MemFree:         1056172 kB
Buffers:           12508 kB
Cached:           274308 kB
SwapCached:            0 kB
Active:           337068 kB
Inactive:         241940 kB
Active(anon):     292216 kB
Inactive(anon):      364 kB
Active(file):      44852 kB
Inactive(file):   241576 kB
Unevictable:           0 kB
Mlocked:               0 kB
HighTotal:       1158144 kB
HighFree:         390744 kB
LowTotal:         742920 kB
LowFree:          665428 kB
SwapTotal:             0 kB
SwapFree:              0 kB
Dirty:                60 kB
Writeback:             0 kB
AnonPages:        292144 kB
Mapped:            87536 kB
Shmem:               412 kB
Slab:              38472 kB
SReclaimable:      20300 kB
SUnreclaim:        18172 kB
KernelStack:        6832 kB
PageTables:         9292 kB
NFS_Unstable:          0 kB
Bounce:                0 kB
WritebackTmp:          0 kB
CommitLimit:      950532 kB
Committed_AS:   26331440 kB
VmallocTotal:     245760 kB
VmallocUsed:       67812 kB
VmallocChunk:      75648 kB
==>Sat Nov 14 19:53:43 2015
MemTotal:        1901064 kB
MemFree:         1052280 kB
Buffers:           12516 kB
Cached:           274320 kB
SwapCached:            0 kB
Active:           337296 kB
Inactive:         241960 kB
Active(anon):     292444 kB
Inactive(anon):      364 kB
Active(file):      44852 kB
Inactive(file):   241596 kB
Unevictable:           0 kB
Mlocked:               0 kB
HighTotal:       1158144 kB
HighFree:         387568 kB
LowTotal:         742920 kB
LowFree:          664712 kB
SwapTotal:             0 kB
SwapFree:              0 kB
Dirty:                44 kB
Writeback:             0 kB
AnonPages:        292580 kB
Mapped:            87488 kB
Shmem:               412 kB
Slab:              38596 kB
SReclaimable:      20300 kB
SUnreclaim:        18296 kB
KernelStack:        6920 kB
PageTables:         9248 kB
NFS_Unstable:          0 kB
Bounce:                0 kB
WritebackTmp:          0 kB
CommitLimit:      950532 kB
Committed_AS:   26331644 kB
VmallocTotal:     245760 kB
VmallocUsed:       67820 kB
VmallocChunk:      75648 kB
==>Sat Nov 14 19:53:53 2015
MemTotal:        1901064 kB
MemFree:         1052852 kB
Buffers:           12564 kB
Cached:           274324 kB
SwapCached:            0 kB
Active:           337576 kB
Inactive:         242012 kB
Active(anon):     292724 kB
Inactive(anon):      364 kB
Active(file):      44852 kB
Inactive(file):   241648 kB
Unevictable:           0 kB
Mlocked:               0 kB
HighTotal:       1158144 kB
HighFree:         387532 kB
LowTotal:         742920 kB
LowFree:          665320 kB
SwapTotal:             0 kB
SwapFree:              0 kB
Dirty:                44 kB
Writeback:             0 kB
AnonPages:        292796 kB
Mapped:            87436 kB
Shmem:               412 kB
Slab:              38380 kB
SReclaimable:      20300 kB
SUnreclaim:        18080 kB
KernelStack:        6872 kB
PageTables:         9272 kB
NFS_Unstable:          0 kB
Bounce:                0 kB
WritebackTmp:          0 kB
CommitLimit:      950532 kB
Committed_AS:   26331748 kB
VmallocTotal:     245760 kB
VmallocUsed:       67836 kB
VmallocChunk:      75648 kB
==>Sat Nov 14 19:54:03 2015
MemTotal:        1901064 kB
MemFree:         1052324 kB
Buffers:           12596 kB
Cached:           274328 kB
SwapCached:            0 kB
Active:           337532 kB
Inactive:         242048 kB
Active(anon):     292680 kB
Inactive(anon):      364 kB
Active(file):      44852 kB
Inactive(file):   241684 kB
Unevictable:           0 kB
Mlocked:               0 kB
HighTotal:       1158144 kB
HighFree:         387056 kB
LowTotal:         742920 kB
LowFree:          665268 kB
SwapTotal:             0 kB
SwapFree:              0 kB
Dirty:                 4 kB
Writeback:             0 kB
AnonPages:        292756 kB
Mapped:            87808 kB
Shmem:               412 kB
Slab:              38476 kB
SReclaimable:      20308 kB
SUnreclaim:        18168 kB
KernelStack:        6856 kB
PageTables:         9308 kB
NFS_Unstable:          0 kB
Bounce:                0 kB
WritebackTmp:          0 kB
CommitLimit:      950532 kB
Committed_AS:   26331744 kB
VmallocTotal:     245760 kB
VmallocUsed:       67828 kB
VmallocChunk:      75648 kB
==>Sat Nov 14 19:54:13 2015
MemTotal:        1901064 kB
MemFree:         1055048 kB
Buffers:           12628 kB
Cached:           274300 kB
SwapCached:            0 kB
Active:           338004 kB
Inactive:         242092 kB
Active(anon):     293152 kB
Inactive(anon):      376 kB
Active(file):      44852 kB
Inactive(file):   241716 kB
Unevictable:           0 kB
Mlocked:               0 kB
HighTotal:       1158144 kB
HighFree:         389644 kB
LowTotal:         742920 kB
LowFree:          665404 kB
SwapTotal:             0 kB
SwapFree:              0 kB
Dirty:                 0 kB
Writeback:             0 kB
AnonPages:        293164 kB
Mapped:            87432 kB
Shmem:               384 kB
Slab:              38504 kB
SReclaimable:      20312 kB
SUnreclaim:        18192 kB
KernelStack:        6920 kB
PageTables:         9304 kB
NFS_Unstable:          0 kB
Bounce:                0 kB
WritebackTmp:          0 kB
CommitLimit:      950532 kB
Committed_AS:   26332072 kB
VmallocTotal:     245760 kB
VmallocUsed:       67820 kB
VmallocChunk:      75648 kB
==>Sat Nov 14 19:54:23 2015
MemTotal:        1901064 kB
MemFree:         1051592 kB
Buffers:           12652 kB
Cached:           274332 kB
SwapCached:            0 kB
Active:           338256 kB
Inactive:         242108 kB
Active(anon):     293404 kB
Inactive(anon):      364 kB
Active(file):      44852 kB
Inactive(file):   241744 kB
Unevictable:           0 kB
Mlocked:               0 kB
HighTotal:       1158144 kB
HighFree:         386476 kB
LowTotal:         742920 kB
LowFree:          665116 kB
SwapTotal:             0 kB
SwapFree:              0 kB
Dirty:                36 kB
Writeback:             0 kB
AnonPages:        293396 kB
Mapped:            87452 kB
Shmem:               412 kB
Slab:              38584 kB
SReclaimable:      20312 kB
SUnreclaim:        18272 kB
KernelStack:        6912 kB
PageTables:         9348 kB
NFS_Unstable:          0 kB
Bounce:                0 kB
WritebackTmp:          0 kB
CommitLimit:      950532 kB
Committed_AS:   26332168 kB
VmallocTotal:     245760 kB
VmallocUsed:       67828 kB
VmallocChunk:      75648 kB
==>Sat Nov 14 19:54:33 2015
MemTotal:        1901064 kB
MemFree:         1044644 kB
Buffers:           12684 kB
Cached:           274336 kB
SwapCached:            0 kB
Active:           338272 kB
Inactive:         242144 kB
Active(anon):     293420 kB
Inactive(anon):      364 kB
Active(file):      44852 kB
Inactive(file):   241780 kB
Unevictable:           0 kB
Mlocked:               0 kB
HighTotal:       1158144 kB
HighFree:         379488 kB
LowTotal:         742920 kB
LowFree:          665156 kB
SwapTotal:             0 kB
SwapFree:              0 kB
Dirty:                 4 kB
Writeback:             0 kB
AnonPages:        293412 kB
Mapped:            87948 kB
Shmem:               412 kB
Slab:              38508 kB
SReclaimable:      20320 kB
SUnreclaim:        18188 kB
KernelStack:        6856 kB
PageTables:         9404 kB
NFS_Unstable:          0 kB
Bounce:                0 kB
WritebackTmp:          0 kB
CommitLimit:      950532 kB
Committed_AS:   26332432 kB
VmallocTotal:     245760 kB
VmallocUsed:       67868 kB
VmallocChunk:      75648 kB
==>Sat Nov 14 19:54:43 2015
MemTotal:        1901064 kB
MemFree:         1054276 kB
Buffers:           12732 kB
Cached:           274328 kB
SwapCached:            0 kB
Active:           338620 kB
Inactive:         242184 kB
Active(anon):     293768 kB
Inactive(anon):      364 kB
Active(file):      44852 kB
Inactive(file):   241820 kB
Unevictable:           0 kB
Mlocked:               0 kB
HighTotal:       1158144 kB
HighFree:         389028 kB
LowTotal:         742920 kB
LowFree:          665248 kB
SwapTotal:             0 kB
SwapFree:              0 kB
Dirty:                56 kB
Writeback:             0 kB
AnonPages:        293736 kB
Mapped:            87588 kB
Shmem:               412 kB
Slab:              38492 kB
SReclaimable:      20320 kB
SUnreclaim:        18172 kB
KernelStack:        6864 kB
PageTables:         9288 kB
NFS_Unstable:          0 kB
Bounce:                0 kB
WritebackTmp:          0 kB
CommitLimit:      950532 kB
Committed_AS:   26332436 kB
VmallocTotal:     245760 kB
VmallocUsed:       67812 kB
VmallocChunk:      75648 kB
==>Sat Nov 14 19:54:53 2015
MemTotal:        1901064 kB
MemFree:         1049284 kB
Buffers:           12748 kB
Cached:           274340 kB
SwapCached:            0 kB
Active:           339516 kB
Inactive:         242196 kB
Active(anon):     294648 kB
Inactive(anon):      364 kB
Active(file):      44868 kB
Inactive(file):   241832 kB
Unevictable:           0 kB
Mlocked:               0 kB
HighTotal:       1158144 kB
HighFree:         384120 kB
LowTotal:         742920 kB
LowFree:          665164 kB
SwapTotal:             0 kB
SwapFree:              0 kB
Dirty:                44 kB
Writeback:             0 kB
AnonPages:        294644 kB
Mapped:            87696 kB
Shmem:               412 kB
Slab:              38496 kB
SReclaimable:      20312 kB
SUnreclaim:        18184 kB
KernelStack:        6920 kB
PageTables:         9352 kB
NFS_Unstable:          0 kB
Bounce:                0 kB
WritebackTmp:          0 kB
CommitLimit:      950532 kB
Committed_AS:   26332768 kB
VmallocTotal:     245760 kB
VmallocUsed:       67836 kB
VmallocChunk:      75648 kB
==>Sat Nov 14 19:55:03 2015
MemTotal:        1901064 kB
MemFree:         1049396 kB
Buffers:           12780 kB
Cached:           274344 kB
SwapCached:            0 kB
Active:           339584 kB
Inactive:         242232 kB
Active(anon):     294716 kB
Inactive(anon):      364 kB
Active(file):      44868 kB
Inactive(file):   241868 kB
Unevictable:           0 kB
Mlocked:               0 kB
HighTotal:       1158144 kB
HighFree:         384120 kB
LowTotal:         742920 kB
LowFree:          665276 kB
SwapTotal:             0 kB
SwapFree:              0 kB
Dirty:                 4 kB
Writeback:             0 kB
AnonPages:        294684 kB
Mapped:            88344 kB
Shmem:               412 kB
Slab:              38520 kB
SReclaimable:      20312 kB
SUnreclaim:        18208 kB
KernelStack:        6896 kB
PageTables:         9316 kB
NFS_Unstable:          0 kB
Bounce:                0 kB
WritebackTmp:          0 kB
CommitLimit:      950532 kB
Committed_AS:   26332768 kB
VmallocTotal:     245760 kB
VmallocUsed:       67828 kB
VmallocChunk:      75648 kB
==>Sat Nov 14 19:55:13 2015
MemTotal:        1901064 kB
MemFree:         1051608 kB
Buffers:           12820 kB
Cached:           274316 kB
SwapCached:            0 kB
Active:           339692 kB
Inactive:         242284 kB
Active(anon):     294824 kB
Inactive(anon):      376 kB
Active(file):      44868 kB
Inactive(file):   241908 kB
Unevictable:           0 kB
Mlocked:               0 kB
HighTotal:       1158144 kB
HighFree:         386540 kB
LowTotal:         742920 kB
LowFree:          665068 kB
SwapTotal:             0 kB
SwapFree:              0 kB
Dirty:                60 kB
Writeback:             0 kB
AnonPages:        294792 kB
Mapped:            87824 kB
Shmem:               384 kB
Slab:              38560 kB
SReclaimable:      20316 kB
SUnreclaim:        18244 kB
KernelStack:        6920 kB
PageTables:         9348 kB
NFS_Unstable:          0 kB
Bounce:                0 kB
WritebackTmp:          0 kB
CommitLimit:      950532 kB
Committed_AS:   26332872 kB
VmallocTotal:     245760 kB
VmallocUsed:       67812 kB
VmallocChunk:      75648 kB
==>Sat Nov 14 19:55:24 2015
MemTotal:        1901064 kB
MemFree:         1047300 kB
Buffers:           12848 kB
Cached:           274348 kB
SwapCached:            0 kB
Active:           339908 kB
Inactive:         242300 kB
Active(anon):     295036 kB
Inactive(anon):      364 kB
Active(file):      44872 kB
Inactive(file):   241936 kB
Unevictable:           0 kB
Mlocked:               0 kB
HighTotal:       1158144 kB
HighFree:         382700 kB
LowTotal:         742920 kB
LowFree:          664600 kB
SwapTotal:             0 kB
SwapFree:              0 kB
Dirty:                48 kB
Writeback:             0 kB
AnonPages:        294904 kB
Mapped:            88480 kB
Shmem:               412 kB
Slab:              38632 kB
SReclaimable:      20316 kB
SUnreclaim:        18316 kB
KernelStack:        7064 kB
PageTables:         9264 kB
NFS_Unstable:          0 kB
Bounce:                0 kB
WritebackTmp:          0 kB
CommitLimit:      950532 kB
Committed_AS:   26332768 kB
VmallocTotal:     245760 kB
VmallocUsed:       67812 kB
VmallocChunk:      75648 kB
==>Sat Nov 14 19:55:34 2015
MemTotal:        1901064 kB
MemFree:         1048176 kB
Buffers:           12896 kB
Cached:           274336 kB
SwapCached:            0 kB
Active:           340252 kB
Inactive:         242336 kB
Active(anon):     295380 kB
Inactive(anon):      364 kB
Active(file):      44872 kB
Inactive(file):   241972 kB
Unevictable:           0 kB
Mlocked:               0 kB
HighTotal:       1158144 kB
HighFree:         383272 kB
LowTotal:         742920 kB
LowFree:          664904 kB
SwapTotal:             0 kB
SwapFree:              0 kB
Dirty:                 0 kB
Writeback:             0 kB
AnonPages:        295336 kB
Mapped:            87788 kB
Shmem:               412 kB
Slab:              38544 kB
SReclaimable:      20316 kB
SUnreclaim:        18228 kB
KernelStack:        6912 kB
PageTables:         9336 kB
NFS_Unstable:          0 kB
Bounce:                0 kB
WritebackTmp:          0 kB
CommitLimit:      950532 kB
Committed_AS:   26332888 kB
VmallocTotal:     245760 kB
VmallocUsed:       67836 kB
VmallocChunk:      75648 kB
==>Sat Nov 14 19:55:44 2015
MemTotal:        1901064 kB
MemFree:         1048512 kB
Buffers:           12928 kB
Cached:           274360 kB
SwapCached:            0 kB
Active:           340292 kB
Inactive:         242392 kB
Active(anon):     295420 kB
Inactive(anon):      364 kB
Active(file):      44872 kB
Inactive(file):   242028 kB
Unevictable:           0 kB
Mlocked:               0 kB
HighTotal:       1158144 kB
HighFree:         383648 kB
LowTotal:         742920 kB
LowFree:          664864 kB
SwapTotal:             0 kB
SwapFree:              0 kB
Dirty:                20 kB
Writeback:             0 kB
AnonPages:        295388 kB
Mapped:            88088 kB
Shmem:               412 kB
Slab:              38508 kB
SReclaimable:      20316 kB
SUnreclaim:        18192 kB
KernelStack:        6872 kB
PageTables:         9328 kB
NFS_Unstable:          0 kB
Bounce:                0 kB
WritebackTmp:          0 kB
CommitLimit:      950532 kB
Committed_AS:   26333120 kB
VmallocTotal:     245760 kB
VmallocUsed:       67828 kB
VmallocChunk:      75648 kB
==>Sat Nov 14 19:55:54 2015
MemTotal:        1901064 kB
MemFree:         1048404 kB
Buffers:           12944 kB
Cached:           274360 kB
SwapCached:            0 kB
Active:           340512 kB
Inactive:         242408 kB
Active(anon):     295640 kB
Inactive(anon):      364 kB
Active(file):      44872 kB
Inactive(file):   242044 kB
Unevictable:           0 kB
Mlocked:               0 kB
HighTotal:       1158144 kB
HighFree:         383700 kB
LowTotal:         742920 kB
LowFree:          664704 kB
SwapTotal:             0 kB
SwapFree:              0 kB
Dirty:                60 kB
Writeback:             0 kB
AnonPages:        295632 kB
Mapped:            87808 kB
Shmem:               412 kB
Slab:              38484 kB
SReclaimable:      20316 kB
SUnreclaim:        18168 kB
KernelStack:        6976 kB
PageTables:         9320 kB
NFS_Unstable:          0 kB
Bounce:                0 kB
WritebackTmp:          0 kB
CommitLimit:      950532 kB
Committed_AS:   26333152 kB
VmallocTotal:     245760 kB
VmallocUsed:       67820 kB
VmallocChunk:      75648 kB
==>Sat Nov 14 19:56:04 2015
MemTotal:        1901064 kB
MemFree:         1047588 kB
Buffers:           12984 kB
Cached:           274364 kB
SwapCached:            0 kB
Active:           340732 kB
Inactive:         242448 kB
Active(anon):     295856 kB
Inactive(anon):      364 kB
Active(file):      44876 kB
Inactive(file):   242084 kB
Unevictable:           0 kB
Mlocked:               0 kB
HighTotal:       1158144 kB
HighFree:         382788 kB
LowTotal:         742920 kB
LowFree:          664800 kB
SwapTotal:             0 kB
SwapFree:              0 kB
Dirty:                44 kB
Writeback:             0 kB
AnonPages:        295808 kB
Mapped:            87740 kB
Shmem:               412 kB
Slab:              38496 kB
SReclaimable:      20316 kB
SUnreclaim:        18180 kB
KernelStack:        6936 kB
PageTables:         9276 kB
NFS_Unstable:          0 kB
Bounce:                0 kB
WritebackTmp:          0 kB
CommitLimit:      950532 kB
Committed_AS:   26333128 kB
VmallocTotal:     245760 kB
VmallocUsed:       67828 kB
VmallocChunk:      75648 kB
==>Sat Nov 14 19:56:14 2015
MemTotal:        1901064 kB
MemFree:         1047512 kB
Buffers:           13016 kB
Cached:           274368 kB
SwapCached:            0 kB
Active:           340876 kB
Inactive:         242484 kB
Active(anon):     296000 kB
Inactive(anon):      364 kB
Active(file):      44876 kB
Inactive(file):   242120 kB
Unevictable:           0 kB
Mlocked:               0 kB
HighTotal:       1158144 kB
HighFree:         382664 kB
LowTotal:         742920 kB
LowFree:          664848 kB
SwapTotal:             0 kB
SwapFree:              0 kB
Dirty:                 4 kB
Writeback:             0 kB
AnonPages:        295968 kB
Mapped:            88124 kB
Shmem:               412 kB
Slab:              38500 kB
SReclaimable:      20320 kB
SUnreclaim:        18180 kB
KernelStack:        6920 kB
PageTables:         9336 kB
NFS_Unstable:          0 kB
Bounce:                0 kB
WritebackTmp:          0 kB
CommitLimit:      950532 kB
Committed_AS:   26333392 kB
VmallocTotal:     245760 kB
VmallocUsed:       67828 kB
VmallocChunk:      75648 kB
==>Sat Nov 14 19:56:24 2015
MemTotal:        1901064 kB
MemFree:         1049640 kB
Buffers:           13056 kB
Cached:           274340 kB
SwapCached:            0 kB
Active:           341204 kB
Inactive:         242536 kB
Active(anon):     296328 kB
Inactive(anon):      376 kB
Active(file):      44876 kB
Inactive(file):   242160 kB
Unevictable:           0 kB
Mlocked:               0 kB
HighTotal:       1158144 kB
HighFree:         384868 kB
LowTotal:         742920 kB
LowFree:          664772 kB
SwapTotal:             0 kB
SwapFree:              0 kB
Dirty:                36 kB
Writeback:             0 kB
AnonPages:        296276 kB
Mapped:            87908 kB
Shmem:               384 kB
Slab:              38500 kB
SReclaimable:      20320 kB
SUnreclaim:        18180 kB
KernelStack:        6944 kB
PageTables:         9356 kB
NFS_Unstable:          0 kB
Bounce:                0 kB
WritebackTmp:          0 kB
CommitLimit:      950532 kB
Committed_AS:   26333472 kB
VmallocTotal:     245760 kB
VmallocUsed:       67812 kB
VmallocChunk:      75648 kB
==>Sat Nov 14 19:56:34 2015
MemTotal:        1901064 kB
MemFree:         1046984 kB
Buffers:           13080 kB
Cached:           274372 kB
SwapCached:            0 kB
Active:           341384 kB
Inactive:         242552 kB
Active(anon):     296508 kB
Inactive(anon):      364 kB
Active(file):      44876 kB
Inactive(file):   242188 kB
Unevictable:           0 kB
Mlocked:               0 kB
HighTotal:       1158144 kB
HighFree:         382288 kB
LowTotal:         742920 kB
LowFree:          664696 kB
SwapTotal:             0 kB
SwapFree:              0 kB
Dirty:                44 kB
Writeback:             0 kB
AnonPages:        296652 kB
Mapped:            88560 kB
Shmem:               412 kB
Slab:              38536 kB
SReclaimable:      20320 kB
SUnreclaim:        18216 kB
KernelStack:        6944 kB
PageTables:         9252 kB
NFS_Unstable:          0 kB
Bounce:                0 kB
WritebackTmp:          0 kB
CommitLimit:      950532 kB
Committed_AS:   26333488 kB
VmallocTotal:     245760 kB
VmallocUsed:       67812 kB
VmallocChunk:      75648 kB
==>Sat Nov 14 19:56:44 2015
MemTotal:        1901064 kB
MemFree:         1046464 kB
Buffers:           13128 kB
Cached:           274360 kB
SwapCached:            0 kB
Active:           341672 kB
Inactive:         242588 kB
Active(anon):     296796 kB
Inactive(anon):      364 kB
Active(file):      44876 kB
Inactive(file):   242224 kB
Unevictable:           0 kB
Mlocked:               0 kB
HighTotal:       1158144 kB
HighFree:         381636 kB
LowTotal:         742920 kB
LowFree:          664828 kB
SwapTotal:             0 kB
SwapFree:              0 kB
Dirty:                 4 kB
Writeback:             0 kB
AnonPages:        296820 kB
Mapped:            87760 kB
Shmem:               412 kB
Slab:              38540 kB
SReclaimable:      20320 kB
SUnreclaim:        18220 kB
KernelStack:        7064 kB
PageTables:         9232 kB
NFS_Unstable:          0 kB
Bounce:                0 kB
WritebackTmp:          0 kB
CommitLimit:      950532 kB
Committed_AS:   26333476 kB
VmallocTotal:     245760 kB
VmallocUsed:       67836 kB
VmallocChunk:      75648 kB
==>Sat Nov 14 19:56:54 2015
MemTotal:        1901064 kB
MemFree:         1046560 kB
Buffers:           13160 kB
Cached:           274380 kB
SwapCached:            0 kB
Active:           341748 kB
Inactive:         242640 kB
Active(anon):     296872 kB
Inactive(anon):      364 kB
Active(file):      44876 kB
Inactive(file):   242276 kB
Unevictable:           0 kB
Mlocked:               0 kB
HighTotal:       1158144 kB
HighFree:         381888 kB
LowTotal:         742920 kB
LowFree:          664672 kB
SwapTotal:             0 kB
SwapFree:              0 kB
Dirty:                52 kB
Writeback:             0 kB
AnonPages:        296800 kB
Mapped:            88088 kB
Shmem:               412 kB
Slab:              38520 kB
SReclaimable:      20320 kB
SUnreclaim:        18200 kB
KernelStack:        6880 kB
PageTables:         9324 kB
NFS_Unstable:          0 kB
Bounce:                0 kB
WritebackTmp:          0 kB
CommitLimit:      950532 kB
Committed_AS:   26333556 kB
VmallocTotal:     245760 kB
VmallocUsed:       67828 kB
VmallocChunk:      75648 kB
==>Sat Nov 14 19:57:04 2015
MemTotal:        1901064 kB
MemFree:         1046148 kB
Buffers:           13184 kB
Cached:           274380 kB
SwapCached:            0 kB
Active:           342304 kB
Inactive:         242660 kB
Active(anon):     297428 kB
Inactive(anon):      364 kB
Active(file):      44876 kB
Inactive(file):   242296 kB
Unevictable:           0 kB
Mlocked:               0 kB
HighTotal:       1158144 kB
HighFree:         381776 kB
LowTotal:         742920 kB
LowFree:          664372 kB
SwapTotal:             0 kB
SwapFree:              0 kB
Dirty:                32 kB
Writeback:             0 kB
AnonPages:        297420 kB
Mapped:            87820 kB
Shmem:               412 kB
Slab:              38464 kB
SReclaimable:      20320 kB
SUnreclaim:        18144 kB
KernelStack:        7008 kB
PageTables:         9428 kB
NFS_Unstable:          0 kB
Bounce:                0 kB
WritebackTmp:          0 kB
CommitLimit:      950532 kB
Committed_AS:   26334208 kB
VmallocTotal:     245760 kB
VmallocUsed:       67820 kB
