==>Fri Apr 14 14:28:34 2017
MemTotal:        1900556 kB
MemFree:         1100956 kB
Buffers:            9588 kB
Cached:           284768 kB
SwapCached:            0 kB
Active:           325480 kB
Inactive:         246836 kB
Active(anon):     277984 kB
Inactive(anon):      424 kB
Active(file):      47496 kB
Inactive(file):   246412 kB
Unevictable:           0 kB
Mlocked:               0 kB
HighTotal:       1158144 kB
HighFree:         431716 kB
LowTotal:         742412 kB
LowFree:          669240 kB
SwapTotal:             0 kB
SwapFree:              0 kB
Dirty:                96 kB
Writeback:             0 kB
AnonPages:        277932 kB
Mapped:           110764 kB
Shmem:               464 kB
Slab:              32620 kB
SReclaimable:      13024 kB
SUnreclaim:        19596 kB
KernelStack:        8072 kB
PageTables:        11536 kB
NFS_Unstable:          0 kB
Bounce:                0 kB
WritebackTmp:          0 kB
CommitLimit:      950276 kB
Committed_AS:   34791100 kB
VmallocTotal:     245760 kB
VmallocUsed:       61204 kB
VmallocChunk:      77496 kB
==>Fri Apr 14 14:28:44 2017
MemTotal:        1900556 kB
MemFree:         1111196 kB
Buffers:            9644 kB
Cached:           285136 kB
SwapCached:            0 kB
Active:           312744 kB
Inactive:         246988 kB
Active(anon):     264976 kB
Inactive(anon):      424 kB
Active(file):      47768 kB
Inactive(file):   246564 kB
Unevictable:           0 kB
Mlocked:               0 kB
HighTotal:       1158144 kB
HighFree:         443408 kB
LowTotal:         742412 kB
LowFree:          667788 kB
SwapTotal:             0 kB
SwapFree:              0 kB
Dirty:               100 kB
Writeback:             0 kB
AnonPages:        264996 kB
Mapped:           111024 kB
Shmem:               464 kB
Slab:              34036 kB
SReclaimable:      14344 kB
SUnreclaim:        19692 kB
KernelStack:        8216 kB
PageTables:        11580 kB
NFS_Unstable:          0 kB
Bounce:                0 kB
WritebackTmp:          0 kB
CommitLimit:      950276 kB
Committed_AS:   34749988 kB
VmallocTotal:     245760 kB
VmallocUsed:       61212 kB
VmallocChunk:      77496 kB
==>Fri Apr 14 14:28:54 2017
MemTotal:        1900556 kB
MemFree:         1082052 kB
Buffers:            9828 kB
Cached:           287120 kB
SwapCached:            0 kB
Active:           326336 kB
Inactive:         249052 kB
Active(anon):     278464 kB
Inactive(anon):      424 kB
Active(file):      47872 kB
Inactive(file):   248628 kB
Unevictable:           0 kB
Mlocked:               0 kB
HighTotal:       1158144 kB
HighFree:         416000 kB
LowTotal:         742412 kB
LowFree:          666052 kB
SwapTotal:             0 kB
SwapFree:              0 kB
Dirty:               112 kB
Writeback:           100 kB
AnonPages:        278504 kB
Mapped:           113636 kB
Shmem:               464 kB
Slab:              34688 kB
SReclaimable:      14488 kB
SUnreclaim:        20200 kB
KernelStack:        8224 kB
PageTables:        11708 kB
NFS_Unstable:          0 kB
Bounce:                0 kB
WritebackTmp:          0 kB
CommitLimit:      950276 kB
Committed_AS:   34782080 kB
VmallocTotal:     245760 kB
VmallocUsed:       61272 kB
VmallocChunk:      77496 kB
==>Fri Apr 14 14:29:04 2017
MemTotal:        1900556 kB
MemFree:         1069792 kB
Buffers:            9896 kB
Cached:           287292 kB
SwapCached:            0 kB
Active:           337852 kB
Inactive:         249280 kB
Active(anon):     289968 kB
Inactive(anon):      424 kB
Active(file):      47884 kB
Inactive(file):   248856 kB
Unevictable:           0 kB
Mlocked:               0 kB
HighTotal:       1158144 kB
HighFree:         403028 kB
LowTotal:         742412 kB
LowFree:          666764 kB
SwapTotal:             0 kB
SwapFree:              0 kB
Dirty:                68 kB
Writeback:             0 kB
AnonPages:        289980 kB
Mapped:           116008 kB
Shmem:               464 kB
Slab:              34884 kB
SReclaimable:      14672 kB
SUnreclaim:        20212 kB
KernelStack:        8192 kB
PageTables:        11692 kB
NFS_Unstable:          0 kB
Bounce:                0 kB
WritebackTmp:          0 kB
CommitLimit:      950276 kB
Committed_AS:   34827816 kB
VmallocTotal:     245760 kB
VmallocUsed:       63340 kB
VmallocChunk:      75788 kB
==>Fri Apr 14 14:29:14 2017
MemTotal:        1900556 kB
MemFree:         1064520 kB
Buffers:            9936 kB
Cached:           287444 kB
SwapCached:            0 kB
Active:           333576 kB
Inactive:         248520 kB
Active(anon):     284736 kB
Inactive(anon):      424 kB
Active(file):      48840 kB
Inactive(file):   248096 kB
Unevictable:           0 kB
Mlocked:               0 kB
HighTotal:       1158144 kB
HighFree:         399604 kB
LowTotal:         742412 kB
LowFree:          664916 kB
SwapTotal:             0 kB
SwapFree:              0 kB
Dirty:                36 kB
Writeback:             0 kB
AnonPages:        284760 kB
Mapped:           121004 kB
Shmem:               460 kB
Slab:              35864 kB
SReclaimable:      15424 kB
SUnreclaim:        20440 kB
KernelStack:        8144 kB
PageTables:        11912 kB
NFS_Unstable:          0 kB
Bounce:                0 kB
WritebackTmp:          0 kB
CommitLimit:      950276 kB
Committed_AS:   34848084 kB
VmallocTotal:     245760 kB
VmallocUsed:       62380 kB
VmallocChunk:      77496 kB
==>Fri Apr 14 14:29:24 2017
MemTotal:        1900556 kB
MemFree:         1049992 kB
Buffers:           10180 kB
Cached:           287600 kB
SwapCached:            0 kB
Active:           345804 kB
Inactive:         248844 kB
Active(anon):     296892 kB
Inactive(anon):      424 kB
Active(file):      48912 kB
Inactive(file):   248420 kB
Unevictable:           0 kB
Mlocked:               0 kB
HighTotal:       1158144 kB
HighFree:         385032 kB
LowTotal:         742412 kB
LowFree:          664960 kB
SwapTotal:             0 kB
SwapFree:              0 kB
Dirty:                44 kB
Writeback:             0 kB
AnonPages:        296152 kB
Mapped:           123828 kB
Shmem:               464 kB
Slab:              36000 kB
SReclaimable:      15484 kB
SUnreclaim:        20516 kB
KernelStack:        8400 kB
PageTables:        11868 kB
NFS_Unstable:          0 kB
Bounce:                0 kB
WritebackTmp:          0 kB
CommitLimit:      950276 kB
Committed_AS:   34805568 kB
VmallocTotal:     245760 kB
VmallocUsed:       62396 kB
VmallocChunk:      77496 kB
==>Fri Apr 14 14:29:34 2017
MemTotal:        1900556 kB
MemFree:         1030108 kB
Buffers:           10200 kB
Cached:           287624 kB
SwapCached:            0 kB
Active:           349604 kB
Inactive:         248812 kB
Active(anon):     300616 kB
Inactive(anon):      424 kB
Active(file):      48988 kB
Inactive(file):   248388 kB
Unevictable:           0 kB
Mlocked:               0 kB
HighTotal:       1158144 kB
HighFree:         365476 kB
LowTotal:         742412 kB
LowFree:          664632 kB
SwapTotal:             0 kB
SwapFree:              0 kB
Dirty:                52 kB
Writeback:             0 kB
AnonPages:        300640 kB
Mapped:           125096 kB
Shmem:               464 kB
Slab:              36036 kB
SReclaimable:      15492 kB
SUnreclaim:        20544 kB
KernelStack:        8416 kB
PageTables:        12228 kB
NFS_Unstable:          0 kB
Bounce:                0 kB
WritebackTmp:          0 kB
CommitLimit:      950276 kB
Committed_AS:   34881608 kB
VmallocTotal:     245760 kB
VmallocUsed:       64500 kB
VmallocChunk:      77496 kB
==>Fri Apr 14 14:29:45 2017
MemTotal:        1900556 kB
MemFree:         1029120 kB
Buffers:           10256 kB
Cached:           287952 kB
SwapCached:            0 kB
Active:           349620 kB
Inactive:         249120 kB
Active(anon):     300556 kB
Inactive(anon):      424 kB
Active(file):      49064 kB
Inactive(file):   248696 kB
Unevictable:           0 kB
Mlocked:               0 kB
HighTotal:       1158144 kB
HighFree:         365144 kB
LowTotal:         742412 kB
LowFree:          663976 kB
SwapTotal:             0 kB
SwapFree:              0 kB
Dirty:                 0 kB
Writeback:             0 kB
AnonPages:        300576 kB
Mapped:           125648 kB
Shmem:               464 kB
Slab:              36248 kB
SReclaimable:      15540 kB
SUnreclaim:        20708 kB
KernelStack:        8520 kB
PageTables:        12444 kB
NFS_Unstable:          0 kB
Bounce:                0 kB
WritebackTmp:          0 kB
CommitLimit:      950276 kB
Committed_AS:   34834456 kB
VmallocTotal:     245760 kB
VmallocUsed:       67560 kB
VmallocChunk:      75648 kB
==>Fri Apr 14 14:29:54 2017
MemTotal:        1900556 kB
MemFree:         1030436 kB
Buffers:           10272 kB
Cached:           288048 kB
SwapCached:            0 kB
Active:           348008 kB
Inactive:         248940 kB
Active(anon):     298652 kB
Inactive(anon):      424 kB
Active(file):      49356 kB
Inactive(file):   248516 kB
Unevictable:           0 kB
Mlocked:               0 kB
HighTotal:       1158144 kB
HighFree:         366780 kB
LowTotal:         742412 kB
LowFree:          663656 kB
SwapTotal:             0 kB
SwapFree:              0 kB
Dirty:                56 kB
Writeback:             0 kB
AnonPages:        298668 kB
Mapped:           125116 kB
Shmem:               464 kB
Slab:              36320 kB
SReclaimable:      15616 kB
SUnreclaim:        20704 kB
KernelStack:        8464 kB
PageTables:        12624 kB
NFS_Unstable:          0 kB
Bounce:                0 kB
WritebackTmp:          0 kB
CommitLimit:      950276 kB
Committed_AS:   34862744 kB
VmallocTotal:     245760 kB
VmallocUsed:       71640 kB
VmallocChunk:      75648 kB
==>Fri Apr 14 14:30:04 2017
MemTotal:        1900556 kB
MemFree:         1023364 kB
Buffers:           10336 kB
Cached:           288416 kB
SwapCached:            0 kB
Active:           352932 kB
Inactive:         249308 kB
Active(anon):     303552 kB
Inactive(anon):      424 kB
Active(file):      49380 kB
Inactive(file):   248884 kB
Unevictable:           0 kB
Mlocked:               0 kB
HighTotal:       1158144 kB
HighFree:         360544 kB
LowTotal:         742412 kB
LowFree:          662820 kB
SwapTotal:             0 kB
SwapFree:              0 kB
Dirty:                84 kB
Writeback:             0 kB
AnonPages:        303792 kB
Mapped:           126648 kB
Shmem:               464 kB
Slab:              36424 kB
SReclaimable:      15648 kB
SUnreclaim:        20776 kB
KernelStack:        8592 kB
PageTables:        12924 kB
NFS_Unstable:          0 kB
Bounce:                0 kB
WritebackTmp:          0 kB
CommitLimit:      950276 kB
Committed_AS:   36087644 kB
VmallocTotal:     245760 kB
VmallocUsed:       64500 kB
VmallocChunk:      77496 kB
==>Fri Apr 14 14:30:14 2017
MemTotal:        1900556 kB
MemFree:         1027620 kB
Buffers:           10356 kB
Cached:           288452 kB
SwapCached:            0 kB
Active:           349464 kB
Inactive:         249388 kB
Active(anon):     300068 kB
Inactive(anon):      424 kB
Active(file):      49396 kB
Inactive(file):   248964 kB
Unevictable:           0 kB
Mlocked:               0 kB
HighTotal:       1158144 kB
HighFree:         364408 kB
LowTotal:         742412 kB
LowFree:          663212 kB
SwapTotal:             0 kB
SwapFree:              0 kB
Dirty:                40 kB
Writeback:             0 kB
AnonPages:        300044 kB
Mapped:           126688 kB
Shmem:               464 kB
Slab:              36400 kB
SReclaimable:      15660 kB
SUnreclaim:        20740 kB
KernelStack:        8520 kB
PageTables:        12904 kB
NFS_Unstable:          0 kB
Bounce:                0 kB
WritebackTmp:          0 kB
CommitLimit:      950276 kB
Committed_AS:   36088120 kB
VmallocTotal:     245760 kB
VmallocUsed:       66540 kB
VmallocChunk:      77496 kB
==>Fri Apr 14 14:30:24 2017
MemTotal:        1900556 kB
MemFree:         1026376 kB
Buffers:           10364 kB
Cached:           288456 kB
SwapCached:            0 kB
Active:           350160 kB
Inactive:         249404 kB
Active(anon):     300768 kB
Inactive(anon):      424 kB
Active(file):      49392 kB
Inactive(file):   248980 kB
Unevictable:           0 kB
Mlocked:               0 kB
HighTotal:       1158144 kB
HighFree:         363716 kB
LowTotal:         742412 kB
LowFree:          662660 kB
SwapTotal:             0 kB
SwapFree:              0 kB
Dirty:                 4 kB
Writeback:             0 kB
AnonPages:        300612 kB
Mapped:           126736 kB
Shmem:               464 kB
Slab:              36428 kB
SReclaimable:      15668 kB
SUnreclaim:        20760 kB
KernelStack:        8488 kB
PageTables:        13380 kB
NFS_Unstable:          0 kB
Bounce:                0 kB
WritebackTmp:          0 kB
CommitLimit:      950276 kB
Committed_AS:   36084576 kB
VmallocTotal:     245760 kB
VmallocUsed:       67560 kB
VmallocChunk:      75648 kB
==>Fri Apr 14 14:30:34 2017
MemTotal:        1900556 kB
MemFree:         1025972 kB
Buffers:           10380 kB
Cached:           288460 kB
SwapCached:            0 kB
Active:           349788 kB
Inactive:         249404 kB
Active(anon):     300376 kB
Inactive(anon):      424 kB
Active(file):      49412 kB
Inactive(file):   248980 kB
Unevictable:           0 kB
Mlocked:               0 kB
HighTotal:       1158144 kB
HighFree:         363672 kB
LowTotal:         742412 kB
LowFree:          662300 kB
SwapTotal:             0 kB
SwapFree:              0 kB
Dirty:                 0 kB
Writeback:             0 kB
AnonPages:        300332 kB
Mapped:           126840 kB
Shmem:               464 kB
Slab:              36164 kB
SReclaimable:      15668 kB
SUnreclaim:        20496 kB
KernelStack:        8528 kB
PageTables:        13596 kB
NFS_Unstable:          0 kB
Bounce:                0 kB
WritebackTmp:          0 kB
CommitLimit:      950276 kB
Committed_AS:   36085792 kB
VmallocTotal:     245760 kB
VmallocUsed:       65520 kB
VmallocChunk:      75648 kB
==>Fri Apr 14 14:30:44 2017
MemTotal:        1900556 kB
MemFree:         1030656 kB
Buffers:           10412 kB
Cached:           288476 kB
SwapCached:            0 kB
Active:           351644 kB
Inactive:         245168 kB
Active(anon):     297952 kB
Inactive(anon):      420 kB
Active(file):      53692 kB
Inactive(file):   244748 kB
Unevictable:           0 kB
Mlocked:               0 kB
HighTotal:       1158144 kB
HighFree:         367172 kB
LowTotal:         742412 kB
LowFree:          663484 kB
SwapTotal:             0 kB
SwapFree:              0 kB
Dirty:                 8 kB
Writeback:             0 kB
AnonPages:        297936 kB
Mapped:           122732 kB
Shmem:               464 kB
Slab:              36004 kB
SReclaimable:      15660 kB
SUnreclaim:        20344 kB
KernelStack:        8272 kB
PageTables:        12824 kB
NFS_Unstable:          0 kB
Bounce:                0 kB
WritebackTmp:          0 kB
CommitLimit:      950276 kB
Committed_AS:   33646244 kB
VmallocTotal:     245760 kB
VmallocUsed:       65532 kB
VmallocChunk:      77496 kB
==>Fri Apr 14 14:30:54 2017
MemTotal:        1900556 kB
MemFree:         1014508 kB
Buffers:           10420 kB
Cached:           288480 kB
SwapCached:            0 kB
Active:           360252 kB
Inactive:         245136 kB
Active(anon):     306516 kB
Inactive(anon):      420 kB
Active(file):      53736 kB
Inactive(file):   244716 kB
Unevictable:           0 kB
Mlocked:               0 kB
HighTotal:       1158144 kB
HighFree:         358468 kB
LowTotal:         742412 kB
LowFree:          656040 kB
SwapTotal:             0 kB
SwapFree:              0 kB
Dirty:                48 kB
Writeback:             0 kB
AnonPages:        306512 kB
Mapped:           122696 kB
Shmem:               464 kB
Slab:              37732 kB
SReclaimable:      16020 kB
SUnreclaim:        21712 kB
KernelStack:       14032 kB
PageTables:        12812 kB
NFS_Unstable:          0 kB
Bounce:                0 kB
WritebackTmp:          0 kB
CommitLimit:      950276 kB
Committed_AS:   33656680 kB
VmallocTotal:     245760 kB
VmallocUsed:       65532 kB
VmallocChunk:      77496 kB
==>Fri Apr 14 14:31:04 2017
MemTotal:        1900556 kB
MemFree:         1003208 kB
Buffers:           10444 kB
Cached:           288480 kB
SwapCached:            0 kB
Active:           372052 kB
Inactive:         245156 kB
Active(anon):     318312 kB
Inactive(anon):      424 kB
Active(file):      53740 kB
Inactive(file):   244732 kB
Unevictable:           0 kB
Mlocked:               0 kB
HighTotal:       1158144 kB
HighFree:         346560 kB
LowTotal:         742412 kB
LowFree:          656648 kB
SwapTotal:             0 kB
SwapFree:              0 kB
Dirty:                12 kB
Writeback:             0 kB
AnonPages:        318384 kB
Mapped:           123396 kB
Shmem:               468 kB
Slab:              37428 kB
SReclaimable:      15836 kB
SUnreclaim:        21592 kB
KernelStack:       12824 kB
PageTables:        13040 kB
NFS_Unstable:          0 kB
Bounce:                0 kB
WritebackTmp:          0 kB
CommitLimit:      950276 kB
Committed_AS:   34845828 kB
VmallocTotal:     245760 kB
VmallocUsed:       66540 kB
VmallocChunk:      75648 kB
==>Fri Apr 14 14:31:14 2017
MemTotal:        1900556 kB
MemFree:         1021152 kB
Buffers:           10676 kB
Cached:           288796 kB
SwapCached:            0 kB
Active:           358436 kB
Inactive:         245592 kB
Active(anon):     304584 kB
Inactive(anon):      420 kB
Active(file):      53852 kB
Inactive(file):   245172 kB
Unevictable:           0 kB
Mlocked:               0 kB
HighTotal:       1158144 kB
HighFree:         359468 kB
LowTotal:         742412 kB
LowFree:          661684 kB
SwapTotal:             0 kB
SwapFree:              0 kB
Dirty:               188 kB
Writeback:             0 kB
AnonPages:        304292 kB
Mapped:           124784 kB
Shmem:               464 kB
Slab:              36800 kB
SReclaimable:      15704 kB
SUnreclaim:        21096 kB
KernelStack:        8488 kB
PageTables:        12964 kB
NFS_Unstable:          0 kB
Bounce:                0 kB
WritebackTmp:          0 kB
CommitLimit:      950276 kB
Committed_AS:   34813944 kB
VmallocTotal:     245760 kB
VmallocUsed:       64508 kB
VmallocChunk:      75648 kB
==>Fri Apr 14 14:31:24 2017
MemTotal:        1900556 kB
MemFree:         1015248 kB
Buffers:           10708 kB
Cached:           288860 kB
SwapCached:            0 kB
Active:           361596 kB
Inactive:         245672 kB
Active(anon):     307728 kB
Inactive(anon):      420 kB
Active(file):      53868 kB
Inactive(file):   245252 kB
Unevictable:           0 kB
Mlocked:               0 kB
HighTotal:       1158144 kB
HighFree:         353196 kB
LowTotal:         742412 kB
LowFree:          662052 kB
SwapTotal:             0 kB
SwapFree:              0 kB
Dirty:                 8 kB
Writeback:             0 kB
AnonPages:        307700 kB
Mapped:           126400 kB
Shmem:               464 kB
Slab:              36872 kB
SReclaimable:      15740 kB
SUnreclaim:        21132 kB
KernelStack:        8512 kB
PageTables:        12936 kB
NFS_Unstable:          0 kB
Bounce:                0 kB
WritebackTmp:          0 kB
CommitLimit:      950276 kB
Committed_AS:   34820620 kB
VmallocTotal:     245760 kB
VmallocUsed:       66572 kB
VmallocChunk:      75648 kB
==>Fri Apr 14 14:31:34 2017
MemTotal:        1900556 kB
MemFree:         1009424 kB
Buffers:           10744 kB
Cached:           288868 kB
SwapCached:            0 kB
Active:           365532 kB
Inactive:         245708 kB
Active(anon):     311656 kB
Inactive(anon):      420 kB
Active(file):      53876 kB
Inactive(file):   245288 kB
Unevictable:           0 kB
Mlocked:               0 kB
HighTotal:       1158144 kB
HighFree:         347932 kB
LowTotal:         742412 kB
LowFree:          661492 kB
SwapTotal:             0 kB
SwapFree:              0 kB
Dirty:                44 kB
Writeback:             0 kB
AnonPages:        311644 kB
Mapped:           127280 kB
Shmem:               464 kB
Slab:              36968 kB
SReclaimable:      15732 kB
SUnreclaim:        21236 kB
KernelStack:        8616 kB
PageTables:        13264 kB
NFS_Unstable:          0 kB
Bounce:                0 kB
WritebackTmp:          0 kB
CommitLimit:      950276 kB
Committed_AS:   36072632 kB
VmallocTotal:     245760 kB
VmallocUsed:       68612 kB
VmallocChunk:      75648 kB
==>Fri Apr 14 14:31:44 2017
MemTotal:        1900556 kB
MemFree:         1008592 kB
Buffers:           10760 kB
Cached:           288872 kB
SwapCached:            0 kB
Active:           364784 kB
Inactive:         245728 kB
Active(anon):     310908 kB
Inactive(anon):      420 kB
Active(file):      53876 kB
Inactive(file):   245308 kB
Unevictable:           0 kB
Mlocked:               0 kB
HighTotal:       1158144 kB
HighFree:         347380 kB
LowTotal:         742412 kB
LowFree:          661212 kB
SwapTotal:             0 kB
SwapFree:              0 kB
Dirty:                36 kB
Writeback:             0 kB
AnonPages:        310876 kB
Mapped:           128884 kB
Shmem:               464 kB
Slab:              37020 kB
SReclaimable:      15732 kB
SUnreclaim:        21288 kB
KernelStack:        8600 kB
PageTables:        13408 kB
NFS_Unstable:          0 kB
Bounce:                0 kB
WritebackTmp:          0 kB
CommitLimit:      950276 kB
Committed_AS:   36089408 kB
VmallocTotal:     245760 kB
VmallocUsed:       68612 kB
VmallocChunk:      75648 kB
==>Fri Apr 14 14:31:54 2017
MemTotal:        1900556 kB
MemFree:         1010428 kB
Buffers:           10780 kB
Cached:           288872 kB
SwapCached:            0 kB
Active:           364372 kB
Inactive:         245748 kB
Active(anon):     310496 kB
Inactive(anon):      420 kB
Active(file):      53876 kB
Inactive(file):   245328 kB
Unevictable:           0 kB
Mlocked:               0 kB
HighTotal:       1158144 kB
HighFree:         349308 kB
LowTotal:         742412 kB
LowFree:          661120 kB
SwapTotal:             0 kB
SwapFree:              0 kB
Dirty:                 4 kB
Writeback:             0 kB
AnonPages:        310504 kB
Mapped:           127384 kB
Shmem:               464 kB
Slab:              37144 kB
SReclaimable:      15740 kB
SUnreclaim:        21404 kB
KernelStack:        8640 kB
PageTables:        13360 kB
NFS_Unstable:          0 kB
Bounce:                0 kB
WritebackTmp:          0 kB
CommitLimit:      950276 kB
Committed_AS:   36080100 kB
VmallocTotal:     245760 kB
VmallocUsed:       70652 kB
VmallocChunk:      75648 kB
==>Fri Apr 14 14:32:05 2017
MemTotal:        1900556 kB
MemFree:         1010444 kB
Buffers:           10784 kB
Cached:           288872 kB
SwapCached:            0 kB
Active:           364564 kB
Inactive:         245752 kB
Active(anon):     310688 kB
Inactive(anon):      420 kB
Active(file):      53876 kB
Inactive(file):   245332 kB
Unevictable:           0 kB
Mlocked:               0 kB
HighTotal:       1158144 kB
HighFree:         349252 kB
LowTotal:         742412 kB
LowFree:          661192 kB
SwapTotal:             0 kB
SwapFree:              0 kB
Dirty:                 0 kB
Writeback:             0 kB
AnonPages:        310692 kB
Mapped:           127836 kB
Shmem:               464 kB
Slab:              37108 kB
SReclaimable:      15732 kB
SUnreclaim:        21376 kB
KernelStack:        8608 kB
PageTables:        13508 kB
NFS_Unstable:          0 kB
Bounce:                0 kB
WritebackTmp:          0 kB
CommitLimit:      950276 kB
Committed_AS:   36105572 kB
VmallocTotal:     245760 kB
VmallocUsed:       71664 kB
VmallocChunk:      75648 kB
==>Fri Apr 14 14:32:14 2017
MemTotal:        1900556 kB
MemFree:         1009812 kB
Buffers:           10832 kB
Cached:           288872 kB
SwapCached:            0 kB
Active:           364400 kB
Inactive:         245792 kB
Active(anon):     310516 kB
Inactive(anon):      420 kB
Active(file):      53884 kB
Inactive(file):   245372 kB
Unevictable:           0 kB
Mlocked:               0 kB
HighTotal:       1158144 kB
HighFree:         349164 kB
LowTotal:         742412 kB
LowFree:          660648 kB
SwapTotal:             0 kB
SwapFree:              0 kB
Dirty:                12 kB
Writeback:             0 kB
AnonPages:        310512 kB
Mapped:           127852 kB
Shmem:               464 kB
Slab:              37096 kB
SReclaimable:      15720 kB
SUnreclaim:        21376 kB
KernelStack:        8632 kB
PageTables:        13480 kB
NFS_Unstable:          0 kB
Bounce:                0 kB
WritebackTmp:          0 kB
CommitLimit:      950276 kB
Committed_AS:   36105988 kB
VmallocTotal:     245760 kB
VmallocUsed:       71672 kB
VmallocChunk:      75648 kB
==>Fri Apr 14 14:32:25 2017
MemTotal:        1900556 kB
MemFree:         1006016 kB
Buffers:           10872 kB
Cached:           288872 kB
SwapCached:            0 kB
Active:           366216 kB
Inactive:         245824 kB
Active(anon):     312324 kB
Inactive(anon):      420 kB
Active(file):      53892 kB
Inactive(file):   245404 kB
Unevictable:           0 kB
Mlocked:               0 kB
HighTotal:       1158144 kB
HighFree:         345232 kB
LowTotal:         742412 kB
LowFree:          660784 kB
SwapTotal:             0 kB
SwapFree:              0 kB
Dirty:                32 kB
Writeback:             0 kB
AnonPages:        312328 kB
Mapped:           127964 kB
Shmem:               464 kB
Slab:              37220 kB
SReclaimable:      15736 kB
SUnreclaim:        21484 kB
KernelStack:        8624 kB
PageTables:        13364 kB
NFS_Unstable:          0 kB
Bounce:                0 kB
WritebackTmp:          0 kB
CommitLimit:      950276 kB
Committed_AS:   36083144 kB
VmallocTotal:     245760 kB
VmallocUsed:       70668 kB
VmallocChunk:      75648 kB
==>Fri Apr 14 14:32:35 2017
MemTotal:        1900556 kB
MemFree:         1004076 kB
Buffers:           10888 kB
Cached:           289076 kB
SwapCached:            0 kB
Active:           368116 kB
Inactive:         246044 kB
Active(anon):     314224 kB
Inactive(anon):      420 kB
Active(file):      53892 kB
Inactive(file):   245624 kB
Unevictable:           0 kB
Mlocked:               0 kB
HighTotal:       1158144 kB
HighFree:         343212 kB
LowTotal:         742412 kB
LowFree:          660864 kB
SwapTotal:             0 kB
SwapFree:              0 kB
Dirty:                48 kB
Writeback:             0 kB
AnonPages:        314248 kB
Mapped:           128328 kB
Shmem:               464 kB
Slab:              37228 kB
SReclaimable:      15724 kB
SUnreclaim:        21504 kB
KernelStack:        8568 kB
PageTables:        13540 kB
NFS_Unstable:          0 kB
Bounce:                0 kB
WritebackTmp:          0 kB
CommitLimit:      950276 kB
Committed_AS:   36104148 kB
VmallocTotal:     245760 kB
VmallocUsed:       71680 kB
VmallocChunk:      75648 kB
==>Fri Apr 14 14:32:44 2017
MemTotal:        1900556 kB
MemFree:          997956 kB
Buffers:           10932 kB
Cached:           289100 kB
SwapCached:            0 kB
Active:           370604 kB
Inactive:         246100 kB
Active(anon):     316700 kB
Inactive(anon):      420 kB
Active(file):      53904 kB
Inactive(file):   245680 kB
Unevictable:           0 kB
Mlocked:               0 kB
HighTotal:       1158144 kB
HighFree:         339300 kB
LowTotal:         742412 kB
LowFree:          658656 kB
SwapTotal:             0 kB
SwapFree:              0 kB
Dirty:                 0 kB
Writeback:             0 kB
AnonPages:        316700 kB
Mapped:           128648 kB
Shmem:               464 kB
Slab:              37344 kB
SReclaimable:      15740 kB
SUnreclaim:        21604 kB
KernelStack:       10664 kB
PageTables:        13384 kB
NFS_Unstable:          0 kB
Bounce:                0 kB
WritebackTmp:          0 kB
CommitLimit:      950276 kB
Committed_AS:   36085708 kB
VmallocTotal:     245760 kB
VmallocUsed:       71688 kB
VmallocChunk:      75648 kB
==>Fri Apr 14 14:32:55 2017
MemTotal:        1900556 kB
MemFree:          997444 kB
Buffers:           10956 kB
Cached:           289100 kB
SwapCached:            0 kB
Active:           373468 kB
Inactive:         246120 kB
Active(anon):     319560 kB
Inactive(anon):      420 kB
Active(file):      53908 kB
Inactive(file):   245700 kB
Unevictable:           0 kB
Mlocked:               0 kB
HighTotal:       1158144 kB
HighFree:         336668 kB
LowTotal:         742412 kB
LowFree:          660776 kB
SwapTotal:             0 kB
SwapFree:              0 kB
Dirty:                16 kB
Writeback:             0 kB
AnonPages:        319608 kB
Mapped:           128468 kB
Shmem:               464 kB
Slab:              37352 kB
SReclaimable:      15732 kB
SUnreclaim:        21620 kB
KernelStack:        8560 kB
PageTables:        13564 kB
NFS_Unstable:          0 kB
Bounce:                0 kB
WritebackTmp:          0 kB
CommitLimit:      950276 kB
Committed_AS:   36113076 kB
VmallocTotal:     245760 kB
VmallocUsed:       71688 kB
VmallocChunk:      75648 kB
==>Fri Apr 14 14:33:05 2017
MemTotal:        1900556 kB
MemFree:          991112 kB
Buffers:           10988 kB
Cached:           289172 kB
SwapCached:            0 kB
Active:           375776 kB
Inactive:         246136 kB
Active(anon):     321844 kB
Inactive(anon):      420 kB
Active(file):      53932 kB
Inactive(file):   245716 kB
Unevictable:           0 kB
Mlocked:               0 kB
HighTotal:       1158144 kB
HighFree:         330472 kB
LowTotal:         742412 kB
LowFree:          660640 kB
SwapTotal:             0 kB
SwapFree:              0 kB
Dirty:                52 kB
Writeback:             0 kB
AnonPages:        321756 kB
Mapped:           130488 kB
Shmem:               528 kB
Slab:              37324 kB
SReclaimable:      15732 kB
SUnreclaim:        21592 kB
KernelStack:        8648 kB
PageTables:        13392 kB
NFS_Unstable:          0 kB
Bounce:                0 kB
WritebackTmp:          0 kB
CommitLimit:      950276 kB
Committed_AS:   36104600 kB
VmallocTotal:     245760 kB
VmallocUsed:       72744 kB
VmallocChunk:      75648 kB
==>Fri Apr 14 14:33:15 2017
MemTotal:        1900556 kB
MemFree:          989852 kB
Buffers:           11020 kB
Cached:           289124 kB
SwapCached:            0 kB
Active:           376944 kB
Inactive:         246176 kB
Active(anon):     323004 kB
Inactive(anon):      420 kB
Active(file):      53940 kB
Inactive(file):   245756 kB
Unevictable:           0 kB
Mlocked:               0 kB
HighTotal:       1158144 kB
HighFree:         329348 kB
LowTotal:         742412 kB
LowFree:          660504 kB
SwapTotal:             0 kB
SwapFree:              0 kB
Dirty:                96 kB
Writeback:             0 kB
AnonPages:        323004 kB
Mapped:           130516 kB
Shmem:               464 kB
Slab:              37572 kB
SReclaimable:      15740 kB
SUnreclaim:        21832 kB
KernelStack:        8600 kB
PageTables:        13540 kB
NFS_Unstable:          0 kB
Bounce:                0 kB
WritebackTmp:          0 kB
CommitLimit:      950276 kB
Committed_AS:   36115664 kB
VmallocTotal:     245760 kB
VmallocUsed:       71696 kB
VmallocChunk:      75648 kB
==>Fri Apr 14 14:33:24 2017
MemTotal:        1900556 kB
MemFree:          992904 kB
Buffers:           11076 kB
Cached:           289132 kB
SwapCached:            0 kB
Active:           373112 kB
Inactive:         246224 kB
Active(anon):     319156 kB
Inactive(anon):      420 kB
Active(file):      53956 kB
Inactive(file):   245804 kB
Unevictable:           0 kB
Mlocked:               0 kB
HighTotal:       1158144 kB
HighFree:         333016 kB
LowTotal:         742412 kB
LowFree:          659888 kB
SwapTotal:             0 kB
SwapFree:              0 kB
Dirty:                80 kB
Writeback:             0 kB
AnonPages:        319120 kB
Mapped:           130500 kB
Shmem:               464 kB
Slab:              37464 kB
SReclaimable:      15736 kB
SUnreclaim:        21728 kB
KernelStack:        8608 kB
PageTables:        13664 kB
NFS_Unstable:          0 kB
Bounce:                0 kB
WritebackTmp:          0 kB
CommitLimit:      950276 kB
Committed_AS:   36123096 kB
VmallocTotal:     245760 kB
VmallocUsed:       70676 kB
VmallocChunk:      75648 kB
==>Fri Apr 14 14:33:35 2017
MemTotal:        1900556 kB
MemFree:          994904 kB
Buffers:           11328 kB
Cached:           289332 kB
SwapCached:            0 kB
Active:           369168 kB
Inactive:         246636 kB
Active(anon):     315172 kB
Inactive(anon):      420 kB
Active(file):      53996 kB
Inactive(file):   246216 kB
Unevictable:           0 kB
Mlocked:               0 kB
HighTotal:       1158144 kB
HighFree:         334948 kB
LowTotal:         742412 kB
LowFree:          659956 kB
SwapTotal:             0 kB
SwapFree:              0 kB
Dirty:               200 kB
Writeback:             0 kB
AnonPages:        315168 kB
Mapped:           131028 kB
Shmem:               464 kB
Slab:              37456 kB
SReclaimable:      15764 kB
SUnreclaim:        21692 kB
KernelStack:        8792 kB
PageTables:        13464 kB
NFS_Unstable:          0 kB
Bounce:                0 kB
WritebackTmp:          0 kB
CommitLimit:      950276 kB
Committed_AS:   36064576 kB
VmallocTotal:     245760 kB
VmallocUsed:       70696 kB
VmallocChunk:      75648 kB
==>Fri Apr 14 14:33:45 2017
MemTotal:        1900556 kB
MemFree:          990304 kB
Buffers:           11376 kB
Cached:           289344 kB
SwapCached:            0 kB
Active:           371180 kB
Inactive:         246692 kB
Active(anon):     317180 kB
Inactive(anon):      420 kB
Active(file):      54000 kB
Inactive(file):   246272 kB
Unevictable:           0 kB
Mlocked:               0 kB
HighTotal:       1158144 kB
HighFree:         330140 kB
LowTotal:         742412 kB
LowFree:          660164 kB
SwapTotal:             0 kB
SwapFree:              0 kB
Dirty:               108 kB
Writeback:             0 kB
AnonPages:        317196 kB
Mapped:           133208 kB
Shmem:               464 kB
Slab:              37416 kB
SReclaimable:      15756 kB
SUnreclaim:        21660 kB
KernelStack:        8608 kB
PageTables:        13744 kB
NFS_Unstable:          0 kB
Bounce:                0 kB
WritebackTmp:          0 kB
CommitLimit:      950276 kB
Committed_AS:   36131828 kB
VmallocTotal:     245760 kB
VmallocUsed:       71736 kB
VmallocChunk:      75648 kB
==>Fri Apr 14 14:33:55 2017
MemTotal:        1900556 kB
MemFree:          971128 kB
Buffers:           11452 kB
Cached:           300508 kB
SwapCached:            0 kB
Active:           378576 kB
Inactive:         257912 kB
Active(anon):     324536 kB
Inactive(anon):      452 kB
Active(file):      54040 kB
Inactive(file):   257460 kB
Unevictable:           0 kB
Mlocked:               0 kB
HighTotal:       1158144 kB
HighFree:         311432 kB
LowTotal:         742412 kB
LowFree:          659696 kB
SwapTotal:             0 kB
SwapFree:              0 kB
Dirty:                20 kB
Writeback:             0 kB
AnonPages:        324540 kB
Mapped:           141864 kB
Shmem:               476 kB
Slab:              37420 kB
SReclaimable:      15772 kB
SUnreclaim:        21648 kB
KernelStack:        8872 kB
PageTables:        13508 kB
NFS_Unstable:          0 kB
Bounce:                0 kB
WritebackTmp:          0 kB
CommitLimit:      950276 kB
Committed_AS:   36117452 kB
VmallocTotal:     245760 kB
VmallocUsed:       71736 kB
VmallocChunk:      75648 kB
==>Fri Apr 14 14:34:05 2017
MemTotal:        1900556 kB
MemFree:          956880 kB
Buffers:           11480 kB
Cached:           304884 kB
SwapCached:            0 kB
Active:           389412 kB
Inactive:         260916 kB
Active(anon):     333968 kB
Inactive(anon):     4456 kB
Active(file):      55444 kB
Inactive(file):   256460 kB
Unevictable:           0 kB
Mlocked:               0 kB
HighTotal:       1158144 kB
HighFree:         296968 kB
LowTotal:         742412 kB
LowFree:          659912 kB
SwapTotal:             0 kB
SwapFree:              0 kB
Dirty:                68 kB
Writeback:             0 kB
AnonPages:        333980 kB
Mapped:           147532 kB
Shmem:              4476 kB
Slab:              37416 kB
SReclaimable:      15784 kB
SUnreclaim:        21632 kB
KernelStack:        8736 kB
PageTables:        13660 kB
NFS_Unstable:          0 kB
Bounce:                0 kB
WritebackTmp:          0 kB
CommitLimit:      950276 kB
Committed_AS:   36151668 kB
VmallocTotal:     245760 kB
VmallocUsed:       71728 kB
VmallocChunk:      75648 kB
==>Fri Apr 14 14:34:15 2017
MemTotal:        1900556 kB
MemFree:          951772 kB
Buffers:           11520 kB
Cached:           305504 kB
SwapCached:            0 kB
Active:           388688 kB
Inactive:         261548 kB
Active(anon):     333240 kB
Inactive(anon):     5044 kB
Active(file):      55448 kB
Inactive(file):   256504 kB
Unevictable:           0 kB
Mlocked:               0 kB
HighTotal:       1158144 kB
HighFree:         292072 kB
LowTotal:         742412 kB
LowFree:          659700 kB
SwapTotal:             0 kB
SwapFree:              0 kB
Dirty:                60 kB
Writeback:             0 kB
AnonPages:        333256 kB
Mapped:           148168 kB
Shmem:              5088 kB
Slab:              37412 kB
SReclaimable:      15784 kB
SUnreclaim:        21628 kB
KernelStack:        8760 kB
PageTables:        13588 kB
NFS_Unstable:          0 kB
Bounce:                0 kB
WritebackTmp:          0 kB
CommitLimit:      950276 kB
Committed_AS:   36135016 kB
VmallocTotal:     245760 kB
VmallocUsed:       71736 kB
VmallocChunk:      75648 kB
==>Fri Apr 14 14:34:25 2017
MemTotal:        1900556 kB
MemFree:          948932 kB
Buffers:           11528 kB
Cached:           305508 kB
SwapCached:            0 kB
Active:           390840 kB
Inactive:         261556 kB
Active(anon):     335388 kB
Inactive(anon):     5048 kB
Active(file):      55452 kB
Inactive(file):   256508 kB
Unevictable:           0 kB
Mlocked:               0 kB
HighTotal:       1158144 kB
HighFree:         289184 kB
LowTotal:         742412 kB
LowFree:          659748 kB
SwapTotal:             0 kB
SwapFree:              0 kB
Dirty:                 4 kB
Writeback:             0 kB
AnonPages:        335356 kB
Mapped:           148908 kB
Shmem:              5092 kB
Slab:              37448 kB
SReclaimable:      15784 kB
SUnreclaim:        21664 kB
KernelStack:        8760 kB
PageTables:        13588 kB
NFS_Unstable:          0 kB
Bounce:                0 kB
WritebackTmp:          0 kB
CommitLimit:      950276 kB
Committed_AS:   36162712 kB
VmallocTotal:     245760 kB
VmallocUsed:       72756 kB
VmallocChunk:      75648 kB
==>Fri Apr 14 14:34:35 2017
MemTotal:        1900556 kB
MemFree:          946180 kB
Buffers:           11556 kB
Cached:           305520 kB
SwapCached:            0 kB
Active:           393332 kB
Inactive:         261592 kB
Active(anon):     337876 kB
Inactive(anon):     5052 kB
Active(file):      55456 kB
Inactive(file):   256540 kB
Unevictable:           0 kB
Mlocked:               0 kB
HighTotal:       1158144 kB
HighFree:         286424 kB
LowTotal:         742412 kB
LowFree:          659756 kB
SwapTotal:             0 kB
SwapFree:              0 kB
Dirty:                60 kB
Writeback:             0 kB
AnonPages:        337892 kB
Mapped:           149128 kB
Shmem:              5096 kB
Slab:              37456 kB
SReclaimable:      15784 kB
SUnreclaim:        21672 kB
KernelStack:        8784 kB
PageTables:        13668 kB
NFS_Unstable:          0 kB
Bounce:                0 kB
WritebackTmp:          0 kB
CommitLimit:      950276 kB
Committed_AS:   36165708 kB
VmallocTotal:     245760 kB
VmallocUsed:       72756 kB
VmallocChunk:      75648 kB
==>Fri Apr 14 14:34:45 2017
MemTotal:        1900556 kB
MemFree:          924260 kB
Buffers:           11592 kB
Cached:           314132 kB
SwapCached:            0 kB
Active:           396680 kB
Inactive:         270200 kB
Active(anon):     341208 kB
Inactive(anon):    13208 kB
Active(file):      55472 kB
Inactive(file):   256992 kB
Unevictable:           0 kB
Mlocked:               0 kB
HighTotal:       1158144 kB
HighFree:         264812 kB
LowTotal:         742412 kB
LowFree:          659448 kB
SwapTotal:             0 kB
SwapFree:              0 kB
Dirty:                56 kB
Writeback:             0 kB
AnonPages:        341212 kB
Mapped:           161668 kB
Shmem:             13276 kB
Slab:              37508 kB
SReclaimable:      15800 kB
SUnreclaim:        21708 kB
KernelStack:        8808 kB
PageTables:        13668 kB
NFS_Unstable:          0 kB
Bounce:                0 kB
WritebackTmp:          0 kB
CommitLimit:      950276 kB
Committed_AS:   36413952 kB
VmallocTotal:     245760 kB
VmallocUsed:       72756 kB
VmallocChunk:      75648 kB
==>Fri Apr 14 14:34:55 2017
MemTotal:        1900556 kB
MemFree:          915304 kB
Buffers:           11616 kB
Cached:           314924 kB
SwapCached:            0 kB
Active:           397956 kB
Inactive:         271036 kB
Active(anon):     342480 kB
Inactive(anon):    13972 kB
Active(file):      55476 kB
Inactive(file):   257064 kB
Unevictable:           0 kB
Mlocked:               0 kB
HighTotal:       1158144 kB
HighFree:         257148 kB
LowTotal:         742412 kB
LowFree:          658156 kB
SwapTotal:             0 kB
SwapFree:              0 kB
Dirty:               136 kB
Writeback:             0 kB
AnonPages:        342488 kB
Mapped:           167888 kB
Shmem:             14016 kB
Slab:              38548 kB
SReclaimable:      15904 kB
SUnreclaim:        22644 kB
KernelStack:        8832 kB
PageTables:        13712 kB
NFS_Unstable:          0 kB
Bounce:                0 kB
WritebackTmp:          0 kB
CommitLimit:      950276 kB
Committed_AS:   36422768 kB
VmallocTotal:     245760 kB
VmallocUsed:       72748 kB
VmallocChunk:      75648 kB
==>Fri Apr 14 14:35:05 2017
MemTotal:        1900556 kB
MemFree:          901612 kB
Buffers:           11656 kB
Cached:           316284 kB
SwapCached:            0 kB
Active:           399644 kB
Inactive:         272432 kB
Active(anon):     344168 kB
Inactive(anon):    15324 kB
Active(file):      55476 kB
Inactive(file):   257108 kB
Unevictable:           0 kB
Mlocked:               0 kB
HighTotal:       1158144 kB
HighFree:         245828 kB
LowTotal:         742412 kB
LowFree:          655784 kB
SwapTotal:             0 kB
SwapFree:              0 kB
Dirty:                44 kB
Writeback:             0 kB
AnonPages:        344168 kB
Mapped:           172932 kB
Shmem:             15372 kB
Slab:              38236 kB
SReclaimable:      15940 kB
SUnreclaim:        22296 kB
KernelStack:       11368 kB
PageTables:        13768 kB
NFS_Unstable:          0 kB
Bounce:                0 kB
WritebackTmp:          0 kB
CommitLimit:      950276 kB
Committed_AS:   36435928 kB
VmallocTotal:     245760 kB
VmallocUsed:       71772 kB
VmallocChunk:      75648 kB
==>Fri Apr 14 14:35:15 2017
MemTotal:        1900556 kB
MemFree:          898376 kB
Buffers:           11676 kB
Cached:           319516 kB
SwapCached:            0 kB
Active:           396908 kB
Inactive:         275684 kB
Active(anon):     341428 kB
Inactive(anon):    18476 kB
Active(file):      55480 kB
Inactive(file):   257208 kB
Unevictable:           0 kB
Mlocked:               0 kB
HighTotal:       1158144 kB
HighFree:         240336 kB
LowTotal:         742412 kB
LowFree:          658040 kB
SwapTotal:             0 kB
SwapFree:              0 kB
Dirty:               156 kB
Writeback:             0 kB
AnonPages:        341400 kB
Mapped:           186296 kB
Shmem:             18520 kB
Slab:              38260 kB
SReclaimable:      15932 kB
SUnreclaim:        22328 kB
KernelStack:        8888 kB
PageTables:        13716 kB
NFS_Unstable:          0 kB
Bounce:                0 kB
WritebackTmp:          0 kB
CommitLimit:      950276 kB
Committed_AS:   36401448 kB
VmallocTotal:     245760 kB
VmallocUsed:       70708 kB
VmallocChunk:      75648 kB
==>Fri Apr 14 14:35:25 2017
MemTotal:        1900556 kB
MemFree:          902000 kB
Buffers:           11728 kB
Cached:           319724 kB
SwapCached:            0 kB
Active:           390460 kB
Inactive:         275864 kB
Active(anon):     334900 kB
Inactive(anon):    18616 kB
Active(file):      55560 kB
Inactive(file):   257248 kB
Unevictable:           0 kB
Mlocked:               0 kB
HighTotal:       1158144 kB
HighFree:         243780 kB
LowTotal:         742412 kB
LowFree:          658220 kB
SwapTotal:             0 kB
SwapFree:              0 kB
Dirty:                88 kB
Writeback:             0 kB
AnonPages:        334908 kB
Mapped:           187804 kB
Shmem:             18660 kB
Slab:              38184 kB
SReclaimable:      15908 kB
SUnreclaim:        22276 kB
KernelStack:        8816 kB
PageTables:        13716 kB
NFS_Unstable:          0 kB
Bounce:                0 kB
WritebackTmp:          0 kB
CommitLimit:      950276 kB
Committed_AS:   36405976 kB
VmallocTotal:     245760 kB
VmallocUsed:       70708 kB
VmallocChunk:      75648 kB
==>Fri Apr 14 14:35:35 2017
MemTotal:        1900556 kB
MemFree:          884036 kB
Buffers:           11956 kB
Cached:           327580 kB
SwapCached:            0 kB
Active:           392620 kB
Inactive:         283136 kB
Active(anon):     336248 kB
Inactive(anon):    25708 kB
Active(file):      56372 kB
Inactive(file):   257428 kB
Unevictable:           0 kB
Mlocked:               0 kB
HighTotal:       1158144 kB
HighFree:         226572 kB
LowTotal:         742412 kB
LowFree:          657464 kB
SwapTotal:             0 kB
SwapFree:              0 kB
Dirty:               840 kB
Writeback:             0 kB
AnonPages:        336084 kB
Mapped:           207392 kB
Shmem:             25752 kB
Slab:              38144 kB
SReclaimable:      15928 kB
SUnreclaim:        22216 kB
KernelStack:        8968 kB
PageTables:        13836 kB
NFS_Unstable:          0 kB
Bounce:                0 kB
WritebackTmp:          0 kB
CommitLimit:      950276 kB
Committed_AS:   36390308 kB
VmallocTotal:     245760 kB
VmallocUsed:       71736 kB
VmallocChunk:      75648 kB
==>Fri Apr 14 14:35:45 2017
MemTotal:        1900556 kB
MemFree:          879048 kB
Buffers:           12008 kB
Cached:           329060 kB
SwapCached:            0 kB
Active:           394960 kB
Inactive:         284608 kB
Active(anon):     338528 kB
Inactive(anon):    27180 kB
Active(file):      56432 kB
Inactive(file):   257428 kB
Unevictable:           0 kB
Mlocked:               0 kB
HighTotal:       1158144 kB
HighFree:         222700 kB
LowTotal:         742412 kB
LowFree:          656348 kB
SwapTotal:             0 kB
SwapFree:              0 kB
Dirty:                 8 kB
Writeback:             0 kB
AnonPages:        338464 kB
Mapped:           209308 kB
Shmem:             27224 kB
Slab:              38212 kB
SReclaimable:      15928 kB
SUnreclaim:        22284 kB
KernelStack:       10312 kB
PageTables:        13764 kB
NFS_Unstable:          0 kB
Bounce:                0 kB
WritebackTmp:          0 kB
CommitLimit:      950276 kB
Committed_AS:   36399528 kB
VmallocTotal:     245760 kB
VmallocUsed:       70708 kB
VmallocChunk:      75648 kB
==>Fri Apr 14 14:35:55 2017
MemTotal:        1900556 kB
MemFree:          878228 kB
Buffers:           12044 kB
Cached:           329216 kB
SwapCached:            0 kB
Active:           395992 kB
Inactive:         284804 kB
Active(anon):     339564 kB
Inactive(anon):    27340 kB
Active(file):      56428 kB
Inactive(file):   257464 kB
Unevictable:           0 kB
Mlocked:               0 kB
HighTotal:       1158144 kB
HighFree:         220564 kB
LowTotal:         742412 kB
LowFree:          657664 kB
SwapTotal:             0 kB
SwapFree:              0 kB
Dirty:                 4 kB
Writeback:             0 kB
AnonPages:        339612 kB
Mapped:           210232 kB
Shmem:             27384 kB
Slab:              38260 kB
SReclaimable:      15928 kB
SUnreclaim:        22332 kB
KernelStack:        8872 kB
PageTables:        13972 kB
NFS_Unstable:          0 kB
Bounce:                0 kB
WritebackTmp:          0 kB
CommitLimit:      950276 kB
Committed_AS:   36443808 kB
VmallocTotal:     245760 kB
VmallocUsed:       70708 kB
VmallocChunk:      75648 kB
==>Fri Apr 14 14:36:05 2017
MemTotal:        1900556 kB
MemFree:          878468 kB
Buffers:           12076 kB
Cached:           329216 kB
SwapCached:            0 kB
Active:           395712 kB
Inactive:         284832 kB
Active(anon):     339280 kB
Inactive(anon):    27340 kB
Active(file):      56432 kB
Inactive(file):   257492 kB
Unevictable:           0 kB
Mlocked:               0 kB
HighTotal:       1158144 kB
HighFree:         220724 kB
LowTotal:         742412 kB
LowFree:          657744 kB
SwapTotal:             0 kB
SwapFree:              0 kB
Dirty:                12 kB
Writeback:             0 kB
AnonPages:        339312 kB
Mapped:           210428 kB
Shmem:             27384 kB
Slab:              38256 kB
SReclaimable:      15928 kB
SUnreclaim:        22328 kB
KernelStack:        8816 kB
PageTables:        13948 kB
NFS_Unstable:          0 kB
Bounce:                0 kB
WritebackTmp:          0 kB
CommitLimit:      950276 kB
Committed_AS:   36428244 kB
VmallocTotal:     245760 kB
VmallocUsed:       71728 kB
VmallocChunk:      75648 kB
==>Fri Apr 14 14:36:15 2017
MemTotal:        1900556 kB
MemFree:          877684 kB
Buffers:           12120 kB
Cached:           329220 kB
SwapCached:            0 kB
Active:           396128 kB
Inactive:         284880 kB
Active(anon):     339696 kB
Inactive(anon):    27340 kB
Active(file):      56432 kB
Inactive(file):   257540 kB
Unevictable:           0 kB
Mlocked:               0 kB
HighTotal:       1158144 kB
HighFree:         219972 kB
LowTotal:         742412 kB
LowFree:          657712 kB
SwapTotal:             0 kB
SwapFree:              0 kB
Dirty:                64 kB
Writeback:             0 kB
AnonPages:        339708 kB
Mapped:           210760 kB
Shmem:             27384 kB
Slab:              38256 kB
SReclaimable:      15928 kB
SUnreclaim:        22328 kB
KernelStack:        8832 kB
PageTables:        13768 kB
NFS_Unstable:          0 kB
Bounce:                0 kB
WritebackTmp:          0 kB
CommitLimit:      950276 kB
Committed_AS:   36416824 kB
VmallocTotal:     245760 kB
VmallocUsed:       71728 kB
VmallocChunk:      75648 kB
==>Fri Apr 14 14:36:25 2017
MemTotal:        1900556 kB
MemFree:          875344 kB
Buffers:           12152 kB
Cached:           329224 kB
SwapCached:            0 kB
Active:           397008 kB
Inactive:         284916 kB
Active(anon):     340576 kB
Inactive(anon):    27344 kB
Active(file):      56432 kB
Inactive(file):   257572 kB
Unevictable:           0 kB
Mlocked:               0 kB
HighTotal:       1158144 kB
HighFree:         217716 kB
LowTotal:         742412 kB
LowFree:          657628 kB
SwapTotal:             0 kB
SwapFree:              0 kB
Dirty:                20 kB
Writeback:             0 kB
AnonPages:        340528 kB
Mapped:           211956 kB
Shmem:             27388 kB
Slab:              38284 kB
SReclaimable:      15928 kB
SUnreclaim:        22356 kB
KernelStack:        8800 kB
PageTables:        14028 kB
NFS_Unstable:          0 kB
Bounce:                0 kB
WritebackTmp:          0 kB
CommitLimit:      950276 kB
Committed_AS:   36454896 kB
VmallocTotal:     245760 kB
VmallocUsed:       71728 kB
VmallocChunk:      75648 kB
==>Fri Apr 14 14:36:35 2017
MemTotal:        1900556 kB
MemFree:          876344 kB
Buffers:           12192 kB
Cached:           331128 kB
SwapCached:            0 kB
Active:           395076 kB
Inactive:         286860 kB
Active(anon):     338644 kB
Inactive(anon):    29256 kB
Active(file):      56432 kB
Inactive(file):   257604 kB
Unevictable:           0 kB
Mlocked:               0 kB
HighTotal:       1158144 kB
HighFree:         218740 kB
LowTotal:         742412 kB
LowFree:          657604 kB
SwapTotal:             0 kB
SwapFree:              0 kB
Dirty:                 0 kB
Writeback:             0 kB
AnonPages:        338616 kB
Mapped:           214748 kB
Shmem:             29300 kB
Slab:              38284 kB
SReclaimable:      15928 kB
SUnreclaim:        22356 kB
KernelStack:        8768 kB
PageTables:        13792 kB
NFS_Unstable:          0 kB
Bounce:                0 kB
WritebackTmp:          0 kB
CommitLimit:      950276 kB
Committed_AS:   36437480 kB
VmallocTotal:     245760 kB
VmallocUsed:       72748 kB
VmallocChunk:      75648 kB
==>Fri Apr 14 14:36:45 2017
MemTotal:        1900556 kB
MemFree:          876456 kB
Buffers:           12224 kB
Cached:           331140 kB
SwapCached:            0 kB
Active:           394920 kB
Inactive:         286904 kB
Active(anon):     338488 kB
Inactive(anon):    29260 kB
Active(file):      56432 kB
Inactive(file):   257644 kB
Unevictable:           0 kB
Mlocked:               0 kB
HighTotal:       1158144 kB
HighFree:         218836 kB
LowTotal:         742412 kB
LowFree:          657620 kB
SwapTotal:             0 kB
SwapFree:              0 kB
Dirty:                28 kB
Writeback:             0 kB
AnonPages:        338508 kB
Mapped:           214728 kB
Shmem:             29304 kB
Slab:              38288 kB
SReclaimable:      15928 kB
SUnreclaim:        22360 kB
KernelStack:        8768 kB
PageTables:        13768 kB
NFS_Unstable:          0 kB
Bounce:                0 kB
WritebackTmp:          0 kB
CommitLimit:      950276 kB
Committed_AS:   36422992 kB
VmallocTotal:     245760 kB
VmallocUsed:       71728 kB
VmallocChunk:      75648 kB
==>Fri Apr 14 14:36:55 2017
MemTotal:        1900556 kB
MemFree:          876948 kB
Buffers:           12240 kB
Cached:           331152 kB
SwapCached:            0 kB
Active:           394180 kB
Inactive:         286928 kB
Active(anon):     337744 kB
Inactive(anon):    29268 kB
Active(file):      56436 kB
Inactive(file):   257660 kB
Unevictable:           0 kB
Mlocked:               0 kB
HighTotal:       1158144 kB
HighFree:         219248 kB
LowTotal:         742412 kB
LowFree:          657700 kB
SwapTotal:             0 kB
SwapFree:              0 kB
Dirty:                16 kB
Writeback:             0 kB
AnonPages:        337712 kB
Mapped:           214808 kB
Shmem:             29312 kB
Slab:              38288 kB
SReclaimable:      15928 kB
SUnreclaim:        22360 kB
KernelStack:        8728 kB
PageTables:        13772 kB
NFS_Unstable:          0 kB
Bounce:                0 kB
WritebackTmp:          0 kB
CommitLimit:      950276 kB
Committed_AS:   36405648 kB
VmallocTotal:     245760 kB
VmallocUsed:       71728 kB
VmallocChunk:      75648 kB
==>Fri Apr 14 14:37:05 2017
MemTotal:        1900556 kB
MemFree:          876556 kB
Buffers:           12280 kB
Cached:           331140 kB
SwapCached:            0 kB
Active:           394600 kB
Inactive:         286956 kB
Active(anon):     338164 kB
Inactive(anon):    29272 kB
Active(file):      56436 kB
Inactive(file):   257684 kB
Unevictable:           0 kB
Mlocked:               0 kB
HighTotal:       1158144 kB
HighFree:         219012 kB
LowTotal:         742412 kB
LowFree:          657544 kB
SwapTotal:             0 kB
SwapFree:              0 kB
Dirty:                 4 kB
Writeback:             0 kB
AnonPages:        338128 kB
Mapped:           214816 kB
Shmem:             29316 kB
Slab:              38288 kB
SReclaimable:      15928 kB
SUnreclaim:        22360 kB
KernelStack:        8752 kB
PageTables:        13780 kB
NFS_Unstable:          0 kB
Bounce:                0 kB
WritebackTmp:          0 kB
CommitLimit:      950276 kB
Committed_AS:   36411420 kB
VmallocTotal:     245760 kB
VmallocUsed:       71756 kB
VmallocChunk:      75648 kB
==>Fri Apr 14 14:37:15 2017
MemTotal:        1900556 kB
MemFree:          875816 kB
Buffers:           12320 kB
Cached:           331160 kB
SwapCached:            0 kB
Active:           395384 kB
Inactive:         287016 kB
Active(anon):     338948 kB
Inactive(anon):    29276 kB
Active(file):      56436 kB
Inactive(file):   257740 kB
Unevictable:           0 kB
Mlocked:               0 kB
HighTotal:       1158144 kB
HighFree:         218328 kB
LowTotal:         742412 kB
LowFree:          657488 kB
SwapTotal:             0 kB
SwapFree:              0 kB
Dirty:                 4 kB
Writeback:             0 kB
AnonPages:        338928 kB
Mapped:           214820 kB
Shmem:             29320 kB
Slab:              38304 kB
SReclaimable:      15928 kB
SUnreclaim:        22376 kB
KernelStack:        8800 kB
PageTables:        13776 kB
NFS_Unstable:          0 kB
Bounce:                0 kB
WritebackTmp:          0 kB
CommitLimit:      950276 kB
Committed_AS:   36424536 kB
VmallocTotal:     245760 kB
VmallocUsed:       71728 kB
VmallocChunk:      75648 kB
==>Fri Apr 14 14:37:25 2017
MemTotal:        1900556 kB
MemFree:          877936 kB
Buffers:           12472 kB
Cached:           331156 kB
SwapCached:            0 kB
Active:           393216 kB
Inactive:         287160 kB
Active(anon):     336776 kB
Inactive(anon):    29276 kB
Active(file):      56440 kB
Inactive(file):   257884 kB
Unevictable:           0 kB
Mlocked:               0 kB
HighTotal:       1158144 kB
HighFree:         220580 kB
LowTotal:         742412 kB
LowFree:          657356 kB
SwapTotal:             0 kB
SwapFree:              0 kB
Dirty:                40 kB
Writeback:             0 kB
AnonPages:        336760 kB
Mapped:           214876 kB
Shmem:             29320 kB
Slab:              38308 kB
SReclaimable:      15932 kB
SUnreclaim:        22376 kB
KernelStack:        8760 kB
PageTables:        13812 kB
NFS_Unstable:          0 kB
Bounce:                0 kB
WritebackTmp:          0 kB
CommitLimit:      950276 kB
Committed_AS:   36428812 kB
VmallocTotal:     245760 kB
VmallocUsed:       70708 kB
VmallocChunk:      75648 kB
==>Fri Apr 14 14:37:35 2017
MemTotal:        1900556 kB
MemFree:          875088 kB
Buffers:           12512 kB
Cached:           331164 kB
SwapCached:            0 kB
Active:           395724 kB
Inactive:         287208 kB
Active(anon):     339284 kB
Inactive(anon):    29276 kB
Active(file):      56440 kB
Inactive(file):   257932 kB
Unevictable:           0 kB
Mlocked:               0 kB
HighTotal:       1158144 kB
HighFree:         217744 kB
LowTotal:         742412 kB
LowFree:          657344 kB
SwapTotal:             0 kB
SwapFree:              0 kB
Dirty:                 4 kB
Writeback:             0 kB
AnonPages:        339284 kB
Mapped:           214912 kB
Shmem:             29320 kB
Slab:              38260 kB
SReclaimable:      15924 kB
SUnreclaim:        22336 kB
KernelStack:        8728 kB
PageTables:        13912 kB
NFS_Unstable:          0 kB
Bounce:                0 kB
WritebackTmp:          0 kB
CommitLimit:      950276 kB
Committed_AS:   36437488 kB
VmallocTotal:     245760 kB
VmallocUsed:       71728 kB
VmallocChunk:      75648 kB
==>Fri Apr 14 14:37:45 2017
MemTotal:        1900556 kB
MemFree:          874396 kB
Buffers:           12608 kB
Cached:           331344 kB
SwapCached:            0 kB
Active:           395700 kB
Inactive:         287464 kB
Active(anon):     339256 kB
Inactive(anon):    29284 kB
Active(file):      56444 kB
Inactive(file):   258180 kB
Unevictable:           0 kB
Mlocked:               0 kB
HighTotal:       1158144 kB
HighFree:         217052 kB
LowTotal:         742412 kB
LowFree:          657344 kB
SwapTotal:             0 kB
SwapFree:              0 kB
Dirty:                 4 kB
Writeback:             0 kB
AnonPages:        339268 kB
Mapped:           215416 kB
Shmem:             29328 kB
Slab:              38228 kB
SReclaimable:      15928 kB
SUnreclaim:        22300 kB
KernelStack:        8728 kB
PageTables:        13748 kB
NFS_Unstable:          0 kB
Bounce:                0 kB
WritebackTmp:          0 kB
CommitLimit:      950276 kB
Committed_AS:   36390632 kB
VmallocTotal:     245760 kB
VmallocUsed:       70708 kB
VmallocChunk:      75648 kB
==>Fri Apr 14 14:37:55 2017
MemTotal:        1900556 kB
MemFree:          876820 kB
Buffers:           12640 kB
Cached:           331336 kB
SwapCached:            0 kB
Active:           393940 kB
Inactive:         287344 kB
Active(anon):     337336 kB
Inactive(anon):    29288 kB
Active(file):      56604 kB
Inactive(file):   258056 kB
Unevictable:           0 kB
Mlocked:               0 kB
HighTotal:       1158144 kB
HighFree:         219556 kB
LowTotal:         742412 kB
LowFree:          657264 kB
SwapTotal:             0 kB
SwapFree:              0 kB
Dirty:                12 kB
Writeback:             0 kB
AnonPages:        337300 kB
Mapped:           214676 kB
Shmem:             29332 kB
Slab:              38228 kB
SReclaimable:      15928 kB
SUnreclaim:        22300 kB
KernelStack:        8800 kB
PageTables:        14056 kB
NFS_Unstable:          0 kB
Bounce:                0 kB
WritebackTmp:          0 kB
CommitLimit:      950276 kB
Committed_AS:   36452220 kB
VmallocTotal:     245760 kB
VmallocUsed:       71728 kB
VmallocChunk:      75648 kB
==>Fri Apr 14 14:38:05 2017
MemTotal:        1900556 kB
MemFree:          875484 kB
Buffers:           12664 kB
Cached:           331336 kB
SwapCached:            0 kB
Active:           394660 kB
Inactive:         287376 kB
Active(anon):     338064 kB
Inactive(anon):    29288 kB
Active(file):      56596 kB
Inactive(file):   258088 kB
Unevictable:           0 kB
Mlocked:               0 kB
HighTotal:       1158144 kB
HighFree:         218412 kB
LowTotal:         742412 kB
LowFree:          657072 kB
SwapTotal:             0 kB
SwapFree:              0 kB
Dirty:                 8 kB
Writeback:             0 kB
AnonPages:        338072 kB
Mapped:           215176 kB
Shmem:             29332 kB
Slab:              38228 kB
SReclaimable:      15928 kB
SUnreclaim:        22300 kB
KernelStack:        8776 kB
PageTables:        13796 kB
NFS_Unstable:          0 kB
Bounce:                0 kB
WritebackTmp:          0 kB
CommitLimit:      950276 kB
Committed_AS:   36408992 kB
VmallocTotal:     245760 kB
VmallocUsed:       71728 kB
VmallocChunk:      75648 kB
==>Fri Apr 14 14:38:15 2017
MemTotal:        1900556 kB
MemFree:          875112 kB
Buffers:           12688 kB
Cached:           331340 kB
SwapCached:            0 kB
Active:           395212 kB
Inactive:         287400 kB
Active(anon):     338612 kB
Inactive(anon):    29292 kB
Active(file):      56600 kB
Inactive(file):   258108 kB
Unevictable:           0 kB
Mlocked:               0 kB
HighTotal:       1158144 kB
HighFree:         217932 kB
LowTotal:         742412 kB
LowFree:          657180 kB
SwapTotal:             0 kB
SwapFree:              0 kB
Dirty:                32 kB
Writeback:             0 kB
AnonPages:        338580 kB
Mapped:           215236 kB
Shmem:             29336 kB
Slab:              38236 kB
SReclaimable:      15928 kB
SUnreclaim:        22308 kB
KernelStack:        8744 kB
PageTables:        13772 kB
NFS_Unstable:          0 kB
Bounce:                0 kB
WritebackTmp:          0 kB
CommitLimit:      950276 kB
Committed_AS:   36416756 kB
VmallocTotal:     245760 kB
VmallocUsed:       71728 kB
VmallocChunk:      75648 kB
==>Fri Apr 14 14:38:25 2017
MemTotal:        1900556 kB
MemFree:          875200 kB
Buffers:           12712 kB
Cached:           331348 kB
SwapCached:            0 kB
Active:           394744 kB
Inactive:         287432 kB
Active(anon):     338144 kB
Inactive(anon):    29300 kB
Active(file):      56600 kB
Inactive(file):   258132 kB
Unevictable:           0 kB
Mlocked:               0 kB
HighTotal:       1158144 kB
HighFree:         218068 kB
LowTotal:         742412 kB
LowFree:          657132 kB
SwapTotal:             0 kB
SwapFree:              0 kB
Dirty:                12 kB
Writeback:             0 kB
AnonPages:        338196 kB
Mapped:           215456 kB
Shmem:             29344 kB
Slab:              38328 kB
SReclaimable:      15932 kB
SUnreclaim:        22396 kB
KernelStack:        8760 kB
PageTables:        13848 kB
NFS_Unstable:          0 kB
Bounce:                0 kB
WritebackTmp:          0 kB
CommitLimit:      950276 kB
Committed_AS:   36422212 kB
VmallocTotal:     245760 kB
VmallocUsed:       71728 kB
VmallocChunk:      75648 kB
==>Fri Apr 14 14:38:35 2017
MemTotal:        1900556 kB
MemFree:          874108 kB
Buffers:           12720 kB
Cached:           331352 kB
SwapCached:            0 kB
Active:           395712 kB
Inactive:         287444 kB
Active(anon):     339112 kB
Inactive(anon):    29304 kB
Active(file):      56600 kB
Inactive(file):   258140 kB
Unevictable:           0 kB
Mlocked:               0 kB
HighTotal:       1158144 kB
HighFree:         216960 kB
LowTotal:         742412 kB
LowFree:          657148 kB
SwapTotal:             0 kB
SwapFree:              0 kB
Dirty:                 8 kB
Writeback:             0 kB
AnonPages:        339132 kB
Mapped:           215580 kB
Shmem:             29348 kB
Slab:              38256 kB
SReclaimable:      15928 kB
SUnreclaim:        22328 kB
KernelStack:        8720 kB
PageTables:        13848 kB
NFS_Unstable:          0 kB
Bounce:                0 kB
WritebackTmp:          0 kB
CommitLimit:      950276 kB
Committed_AS:   36430360 kB
VmallocTotal:     245760 kB
VmallocUsed:       72784 kB
VmallocChunk:      75648 kB
==>Fri Apr 14 14:38:45 2017
MemTotal:        1900556 kB
MemFree:          874012 kB
Buffers:           12748 kB
Cached:           331996 kB
SwapCached:            0 kB
Active:           394860 kB
Inactive:         288092 kB
Active(anon):     338260 kB
Inactive(anon):    29924 kB
Active(file):      56600 kB
Inactive(file):   258168 kB
Unevictable:           0 kB
Mlocked:               0 kB
HighTotal:       1158144 kB
HighFree:         216776 kB
LowTotal:         742412 kB
LowFree:          657236 kB
SwapTotal:             0 kB
SwapFree:              0 kB
Dirty:                 0 kB
Writeback:             0 kB
AnonPages:        338252 kB
Mapped:           216652 kB
Shmem:             29992 kB
Slab:              38272 kB
SReclaimable:      15928 kB
SUnreclaim:        22344 kB
KernelStack:        8696 kB
PageTables:        13876 kB
NFS_Unstable:          0 kB
Bounce:                0 kB
WritebackTmp:          0 kB
CommitLimit:      950276 kB
Committed_AS:   36430860 kB
VmallocTotal:     245760 kB
VmallocUsed:       71728 kB
VmallocChunk:      75648 kB
==>Fri Apr 14 14:38:55 2017
MemTotal:        1900556 kB
MemFree:          872360 kB
Buffers:           12772 kB
Cached:           334576 kB
SwapCached:            0 kB
Active:           394000 kB
Inactive:         290720 kB
Active(anon):     337400 kB
Inactive(anon):    32528 kB
Active(file):      56600 kB
Inactive(file):   258192 kB
Unevictable:           0 kB
Mlocked:               0 kB
HighTotal:       1158144 kB
HighFree:         215256 kB
LowTotal:         742412 kB
LowFree:          657104 kB
SwapTotal:             0 kB
SwapFree:              0 kB
Dirty:                 4 kB
Writeback:             0 kB
AnonPages:        337392 kB
Mapped:           219060 kB
Shmem:             32572 kB
Slab:              38196 kB
SReclaimable:      15936 kB
SUnreclaim:        22260 kB
KernelStack:        8768 kB
PageTables:        13988 kB
NFS_Unstable:          0 kB
Bounce:                0 kB
WritebackTmp:          0 kB
CommitLimit:      950276 kB
Committed_AS:   36438772 kB
VmallocTotal:     245760 kB
VmallocUsed:       71736 kB
VmallocChunk:      75648 kB
==>Fri Apr 14 14:39:05 2017
MemTotal:        1900556 kB
MemFree:          872760 kB
Buffers:           12804 kB
Cached:           334580 kB
SwapCached:            0 kB
Active:           393464 kB
Inactive:         290756 kB
Active(anon):     336864 kB
Inactive(anon):    32532 kB
Active(file):      56600 kB
Inactive(file):   258224 kB
Unevictable:           0 kB
Mlocked:               0 kB
HighTotal:       1158144 kB
HighFree:         215824 kB
LowTotal:         742412 kB
LowFree:          656936 kB
SwapTotal:             0 kB
SwapFree:              0 kB
Dirty:                 8 kB
Writeback:             0 kB
AnonPages:        336880 kB
Mapped:           219040 kB
Shmem:             32576 kB
Slab:              38200 kB
SReclaimable:      15940 kB
SUnreclaim:        22260 kB
KernelStack:        8912 kB
PageTables:        13780 kB
NFS_Unstable:          0 kB
Bounce:                0 kB
WritebackTmp:          0 kB
CommitLimit:      950276 kB
Committed_AS:   36402912 kB
VmallocTotal:     245760 kB
VmallocUsed:       71796 kB
VmallocChunk:      75648 kB
==>Fri Apr 14 14:39:15 2017
MemTotal:        1900556 kB
MemFree:          872716 kB
Buffers:           12828 kB
Cached:           334588 kB
SwapCached:            0 kB
Active:           393452 kB
Inactive:         290788 kB
Active(anon):     336852 kB
Inactive(anon):    32540 kB
Active(file):      56600 kB
Inactive(file):   258248 kB
Unevictable:           0 kB
Mlocked:               0 kB
HighTotal:       1158144 kB
HighFree:         215548 kB
LowTotal:         742412 kB
LowFree:          657168 kB
SwapTotal:             0 kB
SwapFree:              0 kB
Dirty:                12 kB
Writeback:             0 kB
AnonPages:        336880 kB
Mapped:           219372 kB
Shmem:             32584 kB
Slab:              38196 kB
SReclaimable:      15940 kB
SUnreclaim:        22256 kB
KernelStack:        8680 kB
PageTables:        13764 kB
NFS_Unstable:          0 kB
Bounce:                0 kB
WritebackTmp:          0 kB
CommitLimit:      950276 kB
Committed_AS:   36402932 kB
VmallocTotal:     245760 kB
VmallocUsed:       70716 kB
VmallocChunk:      75648 kB
==>Fri Apr 14 14:39:25 2017
MemTotal:        1900556 kB
MemFree:          872160 kB
Buffers:           12868 kB
Cached:           334592 kB
SwapCached:            0 kB
Active:           394268 kB
Inactive:         290832 kB
Active(anon):     337668 kB
Inactive(anon):    32540 kB
Active(file):      56600 kB
Inactive(file):   258292 kB
Unevictable:           0 kB
Mlocked:               0 kB
HighTotal:       1158144 kB
HighFree:         215112 kB
LowTotal:         742412 kB
LowFree:          657048 kB
SwapTotal:             0 kB
SwapFree:              0 kB
Dirty:                84 kB
Writeback:             0 kB
AnonPages:        337456 kB
Mapped:           219068 kB
Shmem:             32584 kB
Slab:              38212 kB
SReclaimable:      15940 kB
SUnreclaim:        22272 kB
KernelStack:        8760 kB
PageTables:        13760 kB
NFS_Unstable:          0 kB
Bounce:                0 kB
WritebackTmp:          0 kB
CommitLimit:      950276 kB
Committed_AS:   36395568 kB
VmallocTotal:     245760 kB
VmallocUsed:       70716 kB
VmallocChunk:      75648 kB
==>Fri Apr 14 14:39:35 2017
MemTotal:        1900556 kB
MemFree:          870000 kB
Buffers:           12900 kB
Cached:           334600 kB
SwapCached:            0 kB
Active:           395976 kB
Inactive:         290872 kB
Active(anon):     339376 kB
Inactive(anon):    32548 kB
Active(file):      56600 kB
Inactive(file):   258324 kB
Unevictable:           0 kB
Mlocked:               0 kB
HighTotal:       1158144 kB
HighFree:         212980 kB
LowTotal:         742412 kB
LowFree:          657020 kB
SwapTotal:             0 kB
SwapFree:              0 kB
Dirty:                 8 kB
Writeback:             0 kB
AnonPages:        339216 kB
Mapped:           219324 kB
Shmem:             32592 kB
Slab:              38192 kB
SReclaimable:      15940 kB
SUnreclaim:        22252 kB
KernelStack:        8776 kB
PageTables:        13796 kB
NFS_Unstable:          0 kB
Bounce:                0 kB
WritebackTmp:          0 kB
CommitLimit:      950276 kB
Committed_AS:   36415428 kB
VmallocTotal:     245760 kB
VmallocUsed:       70716 kB
VmallocChunk:      75648 kB
==>Fri Apr 14 14:39:45 2017
MemTotal:        1900556 kB
MemFree:          868336 kB
Buffers:           12924 kB
Cached:           334604 kB
SwapCached:            0 kB
Active:           397360 kB
Inactive:         290880 kB
Active(anon):     340740 kB
Inactive(anon):    32552 kB
Active(file):      56620 kB
Inactive(file):   258328 kB
Unevictable:           0 kB
Mlocked:               0 kB
HighTotal:       1158144 kB
HighFree:         211412 kB
LowTotal:         742412 kB
LowFree:          656924 kB
SwapTotal:             0 kB
SwapFree:              0 kB
Dirty:                 8 kB
Writeback:             0 kB
AnonPages:        340480 kB
Mapped:           219376 kB
Shmem:             32596 kB
Slab:              38196 kB
SReclaimable:      15940 kB
SUnreclaim:        22256 kB
KernelStack:        8792 kB
PageTables:        13816 kB
NFS_Unstable:          0 kB
Bounce:                0 kB
WritebackTmp:          0 kB
CommitLimit:      950276 kB
Committed_AS:   36418840 kB
VmallocTotal:     245760 kB
VmallocUsed:       71728 kB
VmallocChunk:      75648 kB
==>Fri Apr 14 14:39:55 2017
MemTotal:        1900556 kB
MemFree:          867096 kB
Buffers:           12948 kB
Cached:           334608 kB
SwapCached:            0 kB
Active:           398744 kB
Inactive:         290924 kB
Active(anon):     342140 kB
Inactive(anon):    32556 kB
Active(file):      56604 kB
Inactive(file):   258368 kB
Unevictable:           0 kB
Mlocked:               0 kB
HighTotal:       1158144 kB
HighFree:         210092 kB
LowTotal:         742412 kB
LowFree:          657004 kB
SwapTotal:             0 kB
SwapFree:              0 kB
Dirty:                48 kB
Writeback:             0 kB
AnonPages:        342092 kB
Mapped:           219448 kB
Shmem:             32600 kB
Slab:              38196 kB
SReclaimable:      15940 kB
SUnreclaim:        22256 kB
KernelStack:        8776 kB
PageTables:        13812 kB
NFS_Unstable:          0 kB
Bounce:                0 kB
WritebackTmp:          0 kB
CommitLimit:      950276 kB
Committed_AS:   36432204 kB
VmallocTotal:     245760 kB
VmallocUsed:       71728 kB
VmallocChunk:      75648 kB
==>Fri Apr 14 14:40:05 2017
MemTotal:        1900556 kB
MemFree:          867152 kB
Buffers:           12956 kB
Cached:           334616 kB
SwapCached:            0 kB
Active:           398528 kB
Inactive:         290940 kB
Active(anon):     341924 kB
Inactive(anon):    32564 kB
Active(file):      56604 kB
Inactive(file):   258376 kB
Unevictable:           0 kB
Mlocked:               0 kB
HighTotal:       1158144 kB
HighFree:         210172 kB
LowTotal:         742412 kB
LowFree:          656980 kB
SwapTotal:             0 kB
SwapFree:              0 kB
Dirty:                 0 kB
Writeback:             0 kB
AnonPages:        341928 kB
Mapped:           219392 kB
Shmem:             32608 kB
Slab:              38228 kB
SReclaimable:      15940 kB
SUnreclaim:        22288 kB
KernelStack:        8768 kB
PageTables:        13816 kB
NFS_Unstable:          0 kB
Bounce:                0 kB
WritebackTmp:          0 kB
CommitLimit:      950276 kB
Committed_AS:   36426924 kB
VmallocTotal:     245760 kB
VmallocUsed:       71728 kB
VmallocChunk:      75648 kB
==>Fri Apr 14 14:40:15 2017
MemTotal:        1900556 kB
MemFree:          858624 kB
Buffers:           12980 kB
Cached:           334620 kB
SwapCached:            0 kB
Active:           399292 kB
Inactive:         290968 kB
Active(anon):     342688 kB
Inactive(anon):    32568 kB
Active(file):      56604 kB
Inactive(file):   258400 kB
Unevictable:           0 kB
Mlocked:               0 kB
HighTotal:       1158144 kB
HighFree:         202016 kB
LowTotal:         742412 kB
LowFree:          656608 kB
SwapTotal:             0 kB
SwapFree:              0 kB
Dirty:                 4 kB
Writeback:             0 kB
AnonPages:        342684 kB
Mapped:           219536 kB
Shmem:             32612 kB
Slab:              38228 kB
SReclaimable:      15940 kB
SUnreclaim:        22288 kB
KernelStack:        8704 kB
PageTables:        13996 kB
NFS_Unstable:          0 kB
Bounce:                0 kB
WritebackTmp:          0 kB
CommitLimit:      950276 kB
Committed_AS:   36439436 kB
VmallocTotal:     245760 kB
VmallocUsed:       72784 kB
VmallocChunk:      75648 kB
==>Fri Apr 14 14:40:25 2017
MemTotal:        1900556 kB
MemFree:          866376 kB
Buffers:           12996 kB
Cached:           334632 kB
SwapCached:            0 kB
Active:           399576 kB
Inactive:         290988 kB
Active(anon):     342964 kB
Inactive(anon):    32572 kB
Active(file):      56612 kB
Inactive(file):   258416 kB
Unevictable:           0 kB
Mlocked:               0 kB
HighTotal:       1158144 kB
HighFree:         209544 kB
LowTotal:         742412 kB
LowFree:          656832 kB
SwapTotal:             0 kB
SwapFree:              0 kB
Dirty:                60 kB
Writeback:             0 kB
AnonPages:        342976 kB
Mapped:           219088 kB
Shmem:             32616 kB
Slab:              38364 kB
SReclaimable:      15944 kB
SUnreclaim:        22420 kB
KernelStack:        8736 kB
PageTables:        14008 kB
NFS_Unstable:          0 kB
Bounce:                0 kB
WritebackTmp:          0 kB
CommitLimit:      950276 kB
Committed_AS:   36456080 kB
VmallocTotal:     245760 kB
VmallocUsed:       71728 kB
VmallocChunk:      75648 kB
==>Fri Apr 14 14:40:35 2017
MemTotal:        1900556 kB
MemFree:          867764 kB
Buffers:           13052 kB
Cached:           334624 kB
SwapCached:            0 kB
Active:           398164 kB
Inactive:         291040 kB
Active(anon):     341556 kB
Inactive(anon):    32572 kB
Active(file):      56608 kB
Inactive(file):   258468 kB
Unevictable:           0 kB
Mlocked:               0 kB
HighTotal:       1158144 kB
HighFree:         211036 kB
LowTotal:         742412 kB
LowFree:          656728 kB
SwapTotal:             0 kB
SwapFree:              0 kB
Dirty:                52 kB
Writeback:             0 kB
AnonPages:        341548 kB
Mapped:           219068 kB
Shmem:             32616 kB
Slab:              38380 kB
SReclaimable:      15960 kB
SUnreclaim:        22420 kB
KernelStack:        8768 kB
PageTables:        13784 kB
NFS_Unstable:          0 kB
Bounce:                0 kB
WritebackTmp:          0 kB
CommitLimit:      950276 kB
Committed_AS:   36408740 kB
VmallocTotal:     245760 kB
VmallocUsed:       71728 kB
VmallocChunk:      75648 kB
==>Fri Apr 14 14:40:45 2017
MemTotal:        1900556 kB
MemFree:          870180 kB
Buffers:           13116 kB
Cached:           334628 kB
SwapCached:            0 kB
Active:           395808 kB
Inactive:         291108 kB
Active(anon):     339200 kB
Inactive(anon):    32576 kB
Active(file):      56608 kB
Inactive(file):   258532 kB
Unevictable:           0 kB
Mlocked:               0 kB
HighTotal:       1158144 kB
HighFree:         213768 kB
LowTotal:         742412 kB
LowFree:          656412 kB
SwapTotal:             0 kB
SwapFree:              0 kB
Dirty:                 8 kB
Writeback:             0 kB
AnonPages:        339212 kB
Mapped:           218820 kB
Shmem:             32620 kB
Slab:              38408 kB
SReclaimable:      15960 kB
SUnreclaim:        22448 kB
KernelStack:        8912 kB
PageTables:        13884 kB
NFS_Unstable:          0 kB
Bounce:                0 kB
WritebackTmp:          0 kB
CommitLimit:      950276 kB
Committed_AS:   36428640 kB
VmallocTotal:     245760 kB
VmallocUsed:       70716 kB
VmallocChunk:      75648 kB
==>Fri Apr 14 14:40:55 2017
MemTotal:        1900556 kB
MemFree:          868728 kB
Buffers:           13140 kB
Cached:           334636 kB
SwapCached:            0 kB
Active:           397572 kB
Inactive:         291140 kB
Active(anon):     340964 kB
Inactive(anon):    32584 kB
Active(file):      56608 kB
Inactive(file):   258556 kB
Unevictable:           0 kB
Mlocked:               0 kB
HighTotal:       1158144 kB
HighFree:         212256 kB
LowTotal:         742412 kB
LowFree:          656472 kB
SwapTotal:             0 kB
SwapFree:              0 kB
Dirty:                20 kB
Writeback:             0 kB
AnonPages:        340984 kB
Mapped:           218616 kB
Shmem:             32628 kB
Slab:              38384 kB
SReclaimable:      15952 kB
SUnreclaim:        22432 kB
KernelStack:        8728 kB
PageTables:        13784 kB
NFS_Unstable:          0 kB
Bounce:                0 kB
WritebackTmp:          0 kB
CommitLimit:      950276 kB
Committed_AS:   36410044 kB
VmallocTotal:     245760 kB
VmallocUsed:       71728 kB
VmallocChunk:      75648 kB
==>Fri Apr 14 14:41:05 2017
MemTotal:        1900556 kB
MemFree:          868376 kB
Buffers:           13164 kB
Cached:           334708 kB
SwapCached:            0 kB
Active:           397472 kB
Inactive:         291236 kB
Active(anon):     340864 kB
Inactive(anon):    32656 kB
Active(file):      56608 kB
Inactive(file):   258580 kB
Unevictable:           0 kB
Mlocked:               0 kB
HighTotal:       1158144 kB
HighFree:         211856 kB
LowTotal:         742412 kB
LowFree:          656520 kB
SwapTotal:             0 kB
SwapFree:              0 kB
Dirty:                 4 kB
Writeback:             0 kB
AnonPages:        340892 kB
Mapped:           218904 kB
Shmem:             32700 kB
Slab:              38384 kB
SReclaimable:      15952 kB
SUnreclaim:        22432 kB
KernelStack:        8744 kB
PageTables:        13912 kB
NFS_Unstable:          0 kB
Bounce:                0 kB
WritebackTmp:          0 kB
CommitLimit:      950276 kB
Committed_AS:   36436016 kB
VmallocTotal:     245760 kB
VmallocUsed:       71796 kB
VmallocChunk:      75648 kB
==>Fri Apr 14 14:41:15 2017
MemTotal:        1900556 kB
MemFree:          865640 kB
Buffers:           13196 kB
Cached:           334716 kB
SwapCached:            0 kB
Active:           396800 kB
Inactive:         291276 kB
Active(anon):     340192 kB
Inactive(anon):    32664 kB
Active(file):      56608 kB
Inactive(file):   258612 kB
Unevictable:           0 kB
Mlocked:               0 kB
HighTotal:       1158144 kB
HighFree:         211644 kB
LowTotal:         742412 kB
LowFree:          653996 kB
SwapTotal:             0 kB
SwapFree:              0 kB
Dirty:                 8 kB
Writeback:             0 kB
AnonPages:        340184 kB
Mapped:           219424 kB
Shmem:             32708 kB
Slab:              38416 kB
SReclaimable:      15952 kB
SUnreclaim:        22464 kB
KernelStack:       10696 kB
PageTables:        14168 kB
NFS_Unstable:          0 kB
Bounce:                0 kB
WritebackTmp:          0 kB
CommitLimit:      950276 kB
Committed_AS:   36453848 kB
VmallocTotal:     245760 kB
VmallocUsed:       71728 kB
VmallocChunk:      75648 kB
==>Fri Apr 14 14:41:25 2017
MemTotal:        1900556 kB
MemFree:          867524 kB
Buffers:           13220 kB
Cached:           334716 kB
SwapCached:            0 kB
Active:           397188 kB
Inactive:         291300 kB
Active(anon):     340580 kB
Inactive(anon):    32664 kB
Active(file):      56608 kB
Inactive(file):   258636 kB
Unevictable:           0 kB
Mlocked:               0 kB
HighTotal:       1158144 kB
HighFree:         211488 kB
LowTotal:         742412 kB
LowFree:          656036 kB
SwapTotal:             0 kB
SwapFree:              0 kB
Dirty:                 4 kB
Writeback:             0 kB
AnonPages:        340576 kB
Mapped:           219612 kB
Shmem:             32708 kB
Slab:              38848 kB
SReclaimable:      15980 kB
SUnreclaim:        22868 kB
KernelStack:        8720 kB
PageTables:        13804 kB
NFS_Unstable:          0 kB
Bounce:                0 kB
WritebackTmp:          0 kB
CommitLimit:      950276 kB
Committed_AS:   36412752 kB
VmallocTotal:     245760 kB
VmallocUsed:       71736 kB
VmallocChunk:      75648 kB
==>Fri Apr 14 14:41:35 2017
MemTotal:        1900556 kB
MemFree:          866240 kB
Buffers:           13292 kB
Cached:           334716 kB
SwapCached:            0 kB
Active:           398172 kB
Inactive:         291356 kB
Active(anon):     341548 kB
Inactive(anon):    32668 kB
Active(file):      56624 kB
Inactive(file):   258688 kB
Unevictable:           0 kB
Mlocked:               0 kB
HighTotal:       1158144 kB
HighFree:         210444 kB
LowTotal:         742412 kB
LowFree:          655796 kB
SwapTotal:             0 kB
SwapFree:              0 kB
Dirty:                76 kB
Writeback:             0 kB
AnonPages:        341496 kB
Mapped:           219616 kB
Shmem:             32712 kB
Slab:              38744 kB
SReclaimable:      15976 kB
SUnreclaim:        22768 kB
KernelStack:        8976 kB
PageTables:        13808 kB
NFS_Unstable:          0 kB
Bounce:                0 kB
WritebackTmp:          0 kB
CommitLimit:      950276 kB
Committed_AS:   36406204 kB
VmallocTotal:     245760 kB
VmallocUsed:       70716 kB
VmallocChunk:      75648 kB
==>Fri Apr 14 14:41:45 2017
MemTotal:        1900556 kB
MemFree:          867468 kB
Buffers:           13356 kB
Cached:           334724 kB
SwapCached:            0 kB
Active:           397196 kB
Inactive:         291444 kB
Active(anon):     340588 kB
Inactive(anon):    32676 kB
Active(file):      56608 kB
Inactive(file):   258768 kB
Unevictable:           0 kB
Mlocked:               0 kB
HighTotal:       1158144 kB
HighFree:         211496 kB
LowTotal:         742412 kB
LowFree:          655972 kB
SwapTotal:             0 kB
SwapFree:              0 kB
Dirty:                52 kB
Writeback:             0 kB
AnonPages:        340620 kB
Mapped:           219528 kB
Shmem:             32720 kB
Slab:              38688 kB
SReclaimable:      15976 kB
SUnreclaim:        22712 kB
KernelStack:        8800 kB
PageTables:        13988 kB
NFS_Unstable:          0 kB
Bounce:                0 kB
WritebackTmp:          0 kB
CommitLimit:      950276 kB
Committed_AS:   36433024 kB
VmallocTotal:     245760 kB
VmallocUsed:       71796 kB
VmallocChunk:      75648 kB
==>Fri Apr 14 14:41:55 2017
MemTotal:        1900556 kB
MemFree:          866504 kB
Buffers:           13420 kB
Cached:           334732 kB
SwapCached:            0 kB
Active:           398096 kB
Inactive:         291516 kB
Active(anon):     341488 kB
Inactive(anon):    32680 kB
Active(file):      56608 kB
Inactive(file):   258836 kB
Unevictable:           0 kB
Mlocked:               0 kB
HighTotal:       1158144 kB
HighFree:         210452 kB
LowTotal:         742412 kB
LowFree:          656052 kB
SwapTotal:             0 kB
SwapFree:              0 kB
Dirty:                12 kB
Writeback:             0 kB
AnonPages:        341476 kB
Mapped:           219848 kB
Shmem:             32724 kB
Slab:              38692 kB
SReclaimable:      15976 kB
SUnreclaim:        22716 kB
KernelStack:        8744 kB
PageTables:        14060 kB
NFS_Unstable:          0 kB
Bounce:                0 kB
WritebackTmp:          0 kB
CommitLimit:      950276 kB
Committed_AS:   36453768 kB
VmallocTotal:     245760 kB
VmallocUsed:       71728 kB
VmallocChunk:      75648 kB
==>Fri Apr 14 14:42:05 2017
MemTotal:        1900556 kB
MemFree:          866468 kB
Buffers:           13484 kB
Cached:           334712 kB
SwapCached:            0 kB
Active:           398004 kB
Inactive:         291556 kB
Active(anon):     341392 kB
Inactive(anon):    32684 kB
Active(file):      56612 kB
Inactive(file):   258872 kB
Unevictable:           0 kB
Mlocked:               0 kB
HighTotal:       1158144 kB
HighFree:         210488 kB
LowTotal:         742412 kB
LowFree:          655980 kB
SwapTotal:             0 kB
SwapFree:              0 kB
Dirty:                 4 kB
Writeback:             0 kB
AnonPages:        341364 kB
Mapped:           219856 kB
Shmem:             32728 kB
Slab:              38636 kB
SReclaimable:      15976 kB
SUnreclaim:        22660 kB
KernelStack:        8816 kB
PageTables:        13848 kB
NFS_Unstable:          0 kB
Bounce:                0 kB
WritebackTmp:          0 kB
CommitLimit:      950276 kB
Committed_AS:   36405532 kB
VmallocTotal:     245760 kB
VmallocUsed:       71728 kB
VmallocChunk:      75648 kB
==>Fri Apr 14 14:42:15 2017
MemTotal:        1900556 kB
MemFree:          866236 kB
Buffers:           13572 kB
Cached:           334716 kB
SwapCached:            0 kB
Active:           398692 kB
Inactive:         291648 kB
Active(anon):     342080 kB
Inactive(anon):    32688 kB
Active(file):      56612 kB
Inactive(file):   258960 kB
Unevictable:           0 kB
Mlocked:               0 kB
HighTotal:       1158144 kB
HighFree:         210316 kB
LowTotal:         742412 kB
LowFree:          655920 kB
SwapTotal:             0 kB
SwapFree:              0 kB
Dirty:                 4 kB
Writeback:             0 kB
AnonPages:        342096 kB
Mapped:           219416 kB
Shmem:             32732 kB
Slab:              38588 kB
SReclaimable:      15976 kB
SUnreclaim:        22612 kB
KernelStack:        8800 kB
PageTables:        13776 kB
NFS_Unstable:          0 kB
Bounce:                0 kB
WritebackTmp:          0 kB
CommitLimit:      950276 kB
Committed_AS:   36413888 kB
VmallocTotal:     245760 kB
VmallocUsed:       71728 kB
VmallocChunk:      75648 kB
==>Fri Apr 14 14:42:25 2017
MemTotal:        1900556 kB
MemFree:          866948 kB
Buffers:           13636 kB
Cached:           334752 kB
SwapCached:            0 kB
Active:           397540 kB
Inactive:         291744 kB
Active(anon):     340924 kB
Inactive(anon):    32696 kB
Active(file):      56616 kB
Inactive(file):   259048 kB
Unevictable:           0 kB
Mlocked:               0 kB
HighTotal:       1158144 kB
HighFree:         211080 kB
LowTotal:         742412 kB
LowFree:          655868 kB
SwapTotal:             0 kB
SwapFree:              0 kB
Dirty:                32 kB
Writeback:             0 kB
AnonPages:        340900 kB
Mapped:           219716 kB
Shmem:             32740 kB
Slab:              38556 kB
SReclaimable:      15980 kB
SUnreclaim:        22576 kB
KernelStack:        8728 kB
PageTables:        13772 kB
NFS_Unstable:          0 kB
Bounce:                0 kB
WritebackTmp:          0 kB
CommitLimit:      950276 kB
Committed_AS:   36404148 kB
VmallocTotal:     245760 kB
VmallocUsed:       71736 kB
VmallocChunk:      75648 kB
==>Fri Apr 14 14:42:35 2017
MemTotal:        1900556 kB
MemFree:          865792 kB
Buffers:           13684 kB
Cached:           334740 kB
SwapCached:            0 kB
Active:           397448 kB
Inactive:         291780 kB
Active(anon):     340832 kB
Inactive(anon):    32700 kB
Active(file):      56616 kB
Inactive(file):   259080 kB
Unevictable:           0 kB
Mlocked:               0 kB
HighTotal:       1158144 kB
HighFree:         211012 kB
LowTotal:         742412 kB
LowFree:          654780 kB
SwapTotal:             0 kB
SwapFree:              0 kB
Dirty:                 0 kB
Writeback:             0 kB
AnonPages:        340764 kB
Mapped:           219688 kB
Shmem:             32744 kB
Slab:              38508 kB
SReclaimable:      15980 kB
SUnreclaim:        22528 kB
KernelStack:        9880 kB
PageTables:        13820 kB
NFS_Unstable:          0 kB
Bounce:                0 kB
WritebackTmp:          0 kB
CommitLimit:      950276 kB
Committed_AS:   36404348 kB
VmallocTotal:     245760 kB
VmallocUsed:       71728 kB
VmallocChunk:      75648 kB
==>Fri Apr 14 14:42:45 2017
MemTotal:        1900556 kB
MemFree:          866888 kB
Buffers:           13732 kB
Cached:           334756 kB
SwapCached:            0 kB
Active:           397108 kB
Inactive:         291844 kB
Active(anon):     340492 kB
Inactive(anon):    32708 kB
Active(file):      56616 kB
Inactive(file):   259136 kB
Unevictable:           0 kB
Mlocked:               0 kB
HighTotal:       1158144 kB
HighFree:         211532 kB
LowTotal:         742412 kB
LowFree:          655356 kB
SwapTotal:             0 kB
SwapFree:              0 kB
Dirty:                 8 kB
Writeback:             0 kB
AnonPages:        340500 kB
Mapped:           219640 kB
Shmem:             32752 kB
Slab:              38504 kB
SReclaimable:      15980 kB
SUnreclaim:        22524 kB
KernelStack:        9272 kB
PageTables:        13800 kB
NFS_Unstable:          0 kB
Bounce:                0 kB
WritebackTmp:          0 kB
CommitLimit:      950276 kB
Committed_AS:   36404564 kB
VmallocTotal:     245760 kB
VmallocUsed:       70708 kB
VmallocChunk:      75648 kB
==>Fri Apr 14 14:42:55 2017
MemTotal:        1900556 kB
MemFree:          866604 kB
Buffers:           13756 kB
Cached:           334764 kB
SwapCached:            0 kB
Active:           397780 kB
Inactive:         291876 kB
Active(anon):     341164 kB
Inactive(anon):    32716 kB
Active(file):      56616 kB
Inactive(file):   259160 kB
Unevictable:           0 kB
Mlocked:               0 kB
HighTotal:       1158144 kB
HighFree:         210932 kB
LowTotal:         742412 kB
LowFree:          655672 kB
SwapTotal:             0 kB
SwapFree:              0 kB
Dirty:                 4 kB
Writeback:             0 kB
AnonPages:        341156 kB
Mapped:           219664 kB
Shmem:             32760 kB
Slab:              38500 kB
SReclaimable:      15980 kB
SUnreclaim:        22520 kB
KernelStack:        8856 kB
PageTables:        13772 kB
NFS_Unstable:          0 kB
Bounce:                0 kB
WritebackTmp:          0 kB
CommitLimit:      950276 kB
Committed_AS:   36416444 kB
VmallocTotal:     245760 kB
VmallocUsed:       71728 kB
VmallocChunk:      75648 kB
==>Fri Apr 14 14:43:05 2017
MemTotal:        1900556 kB
MemFree:          866796 kB
Buffers:           13804 kB
Cached:           334772 kB
SwapCached:            0 kB
Active:           397636 kB
Inactive:         291932 kB
Active(anon):     341020 kB
Inactive(anon):    32724 kB
Active(file):      56616 kB
Inactive(file):   259208 kB
Unevictable:           0 kB
Mlocked:               0 kB
HighTotal:       1158144 kB
HighFree:         211004 kB
LowTotal:         742412 kB
LowFree:          655792 kB
SwapTotal:             0 kB
SwapFree:              0 kB
Dirty:                 8 kB
Writeback:             0 kB
AnonPages:        340988 kB
Mapped:           219672 kB
Shmem:             32768 kB
Slab:              38516 kB
SReclaimable:      15980 kB
SUnreclaim:        22536 kB
KernelStack:        8744 kB
PageTables:        14008 kB
NFS_Unstable:          0 kB
Bounce:                0 kB
WritebackTmp:          0 kB
CommitLimit:      950276 kB
Committed_AS:   36445052 kB
VmallocTotal:     245760 kB
VmallocUsed:       70708 kB
VmallocChunk:      75648 kB
==>Fri Apr 14 14:43:15 2017
MemTotal:        1900556 kB
MemFree:          867604 kB
Buffers:           13852 kB
Cached:           334768 kB
SwapCached:            0 kB
Active:           396576 kB
Inactive:         291976 kB
Active(anon):     339960 kB
Inactive(anon):    32728 kB
Active(file):      56616 kB
Inactive(file):   259248 kB
Unevictable:           0 kB
Mlocked:               0 kB
HighTotal:       1158144 kB
HighFree:         211764 kB
LowTotal:         742412 kB
LowFree:          655840 kB
SwapTotal:             0 kB
SwapFree:              0 kB
Dirty:                 8 kB
Writeback:             0 kB
AnonPages:        340004 kB
Mapped:           219964 kB
Shmem:             32772 kB
Slab:              38504 kB
SReclaimable:      15984 kB
SUnreclaim:        22520 kB
KernelStack:        8712 kB
PageTables:        14188 kB
NFS_Unstable:          0 kB
Bounce:                0 kB
WritebackTmp:          0 kB
CommitLimit:      950276 kB
Committed_AS:   36469192 kB
VmallocTotal:     245760 kB
VmallocUsed:       69688 kB
VmallocChunk:      75648 kB
==>Fri Apr 14 14:43:25 2017
MemTotal:        1900556 kB
MemFree:          867960 kB
Buffers:           13860 kB
Cached:           335364 kB
SwapCached:            0 kB
Active:           395412 kB
Inactive:         292576 kB
Active(anon):     338796 kB
Inactive(anon):    32732 kB
Active(file):      56616 kB
Inactive(file):   259844 kB
Unevictable:           0 kB
Mlocked:               0 kB
HighTotal:       1158144 kB
HighFree:         212072 kB
LowTotal:         742412 kB
LowFree:          655888 kB
SwapTotal:             0 kB
SwapFree:              0 kB
Dirty:                 0 kB
Writeback:             0 kB
AnonPages:        338768 kB
Mapped:           220380 kB
Shmem:             32776 kB
Slab:              38472 kB
SReclaimable:      15968 kB
SUnreclaim:        22504 kB
KernelStack:        8712 kB
PageTables:        13980 kB
NFS_Unstable:          0 kB
Bounce:                0 kB
WritebackTmp:          0 kB
CommitLimit:      950276 kB
Committed_AS:   36443844 kB
VmallocTotal:     245760 kB
VmallocUsed:       71728 kB
VmallocChunk:      75648 kB
==>Fri Apr 14 14:43:35 2017
MemTotal:        1900556 kB
MemFree:          866020 kB
Buffers:           13892 kB
Cached:           335392 kB
SwapCached:            0 kB
Active:           397628 kB
Inactive:         292640 kB
Active(anon):     341012 kB
Inactive(anon):    32736 kB
Active(file):      56616 kB
Inactive(file):   259904 kB
Unevictable:           0 kB
Mlocked:               0 kB
HighTotal:       1158144 kB
HighFree:         210288 kB
LowTotal:         742412 kB
LowFree:          655732 kB
SwapTotal:             0 kB
SwapFree:              0 kB
Dirty:                40 kB
Writeback:             0 kB
AnonPages:        340988 kB
Mapped:           219988 kB
Shmem:             32780 kB
Slab:              38472 kB
SReclaimable:      15968 kB
SUnreclaim:        22504 kB
KernelStack:        8744 kB
PageTables:        13768 kB
NFS_Unstable:          0 kB
Bounce:                0 kB
WritebackTmp:          0 kB
CommitLimit:      950276 kB
Committed_AS:   36400580 kB
VmallocTotal:     245760 kB
VmallocUsed:       70716 kB
VmallocChunk:      75648 kB
==>Fri Apr 14 14:43:45 2017
MemTotal:        1900556 kB
MemFree:          864720 kB
Buffers:           13916 kB
Cached:           335388 kB
SwapCached:            0 kB
Active:           397800 kB
Inactive:         292660 kB
Active(anon):     341184 kB
Inactive(anon):    32740 kB
Active(file):      56616 kB
Inactive(file):   259920 kB
Unevictable:           0 kB
Mlocked:               0 kB
HighTotal:       1158144 kB
HighFree:         208972 kB
LowTotal:         742412 kB
LowFree:          655748 kB
SwapTotal:             0 kB
SwapFree:              0 kB
Dirty:                 4 kB
Writeback:             0 kB
AnonPages:        341204 kB
Mapped:           220844 kB
Shmem:             32784 kB
Slab:              38400 kB
SReclaimable:      15968 kB
SUnreclaim:        22432 kB
KernelStack:        8752 kB
PageTables:        14084 kB
NFS_Unstable:          0 kB
Bounce:                0 kB
WritebackTmp:          0 kB
CommitLimit:      950276 kB
Committed_AS:   36449980 kB
VmallocTotal:     245760 kB
VmallocUsed:       71728 kB
VmallocChunk:      75648 kB
==>Fri Apr 14 14:43:55 2017
MemTotal:        1900556 kB
MemFree:          862720 kB
Buffers:           13956 kB
Cached:           335396 kB
SwapCached:            0 kB
Active:           399584 kB
Inactive:         292712 kB
Active(anon):     342972 kB
Inactive(anon):    32744 kB
Active(file):      56612 kB
Inactive(file):   259968 kB
Unevictable:           0 kB
Mlocked:               0 kB
HighTotal:       1158144 kB
HighFree:         207052 kB
LowTotal:         742412 kB
LowFree:          655668 kB
SwapTotal:             0 kB
SwapFree:              0 kB
Dirty:                28 kB
Writeback:             0 kB
AnonPages:        343000 kB
Mapped:           221080 kB
Shmem:             32788 kB
Slab:              38416 kB
SReclaimable:      15972 kB
SUnreclaim:        22444 kB
KernelStack:        8728 kB
PageTables:        14028 kB
NFS_Unstable:          0 kB
Bounce:                0 kB
WritebackTmp:          0 kB
CommitLimit:      950276 kB
Committed_AS:   36447948 kB
VmallocTotal:     245760 kB
VmallocUsed:       71728 kB
VmallocChunk:      75648 kB
==>Fri Apr 14 14:44:05 2017
MemTotal:        1900556 kB
MemFree:          863532 kB
Buffers:           13988 kB
Cached:           335400 kB
SwapCached:            0 kB
Active:           397924 kB
Inactive:         292748 kB
Active(anon):     341312 kB
Inactive(anon):    32748 kB
Active(file):      56612 kB
Inactive(file):   260000 kB
Unevictable:           0 kB
Mlocked:               0 kB
HighTotal:       1158144 kB
HighFree:         207840 kB
LowTotal:         742412 kB
LowFree:          655692 kB
SwapTotal:             0 kB
SwapFree:              0 kB
Dirty:                 4 kB
Writeback:             0 kB
AnonPages:        341340 kB
Mapped:           221972 kB
Shmem:             32792 kB
Slab:              38428 kB
SReclaimable:      15980 kB
SUnreclaim:        22448 kB
KernelStack:        8768 kB
PageTables:        13796 kB
NFS_Unstable:          0 kB
Bounce:                0 kB
WritebackTmp:          0 kB
CommitLimit:      950276 kB
Committed_AS:   36403156 kB
VmallocTotal:     245760 kB
VmallocUsed:       72748 kB
