========================================================
== dumpstate: 2017-04-13 11:18:40
========================================================

Build: aosp_hammerhead-eng 5.1.1 LMY48B eng.test.20170307.012313 test-keys
Build fingerprint: 'Android/aosp_hammerhead/hammerhead:5.1.1/LMY48B/test03070124:eng/test-keys'
Bootloader: HHZ12h
Radio: msm
Network: (unknown)
Kernel: Linux version 3.4.0-gbebb36b (android-build@vpbs1.mtv.corp.google.com) (gcc version 4.7 (GCC) ) #1 SMP PREEMPT Tue Mar 10 18:17:45 UTC 2015
Command line: console=ttyHSL0,115200,n8 androidboot.hardware=hammerhead user_debug=31 maxcpus=2 msm_watchdog_v2.enable=1 uart_console=enable gpt=enable lge.kcal=0|0|0|x lge.rev=rev_11 androidboot.laf androidboot.emmc=true androidboot.serialno=0779991543a78265 androidboot.bootloader=HHZ12h androidboot.baseband=msm bootreason=reboot androidboot.hardware.sku=D821 androidboot.hardware.ddr=hynix androidboot.hardware.display=orise

------ UPTIME (uptime) ------
up time: 00:05:49, idle time: 00:06:19, sleep time: 00:00:00
[uptime: 0.100s elapsed]

------ MMC PERF (/sys/block/mmcblk0/stat) ------
    5657     1938   610396    16630     1063     3098    32396     6220        0     9870    22830

------ MEMORY INFO (/proc/meminfo) ------
MemTotal:        1900556 kB
MemFree:         1083712 kB
Buffers:           11888 kB
Cached:           300136 kB
SwapCached:            0 kB
Active:           330456 kB
Inactive:         256672 kB
Active(anon):     275144 kB
Inactive(anon):      416 kB
Active(file):      55312 kB
Inactive(file):   256256 kB
Unevictable:           0 kB
Mlocked:               0 kB
HighTotal:       1158144 kB
HighFree:         414832 kB
LowTotal:         742412 kB
LowFree:          668880 kB
SwapTotal:             0 kB
SwapFree:              0 kB
Dirty:                52 kB
Writeback:             0 kB
AnonPages:        275304 kB
Mapped:           107540 kB
Shmem:               460 kB
Slab:              30824 kB
SReclaimable:      11728 kB
SUnreclaim:        19096 kB
KernelStack:        7840 kB
PageTables:        11344 kB
NFS_Unstable:          0 kB
Bounce:                0 kB
WritebackTmp:          0 kB
CommitLimit:      950276 kB
Committed_AS:   34732908 kB
VmallocTotal:     245760 kB
VmallocUsed:       61380 kB
VmallocChunk:      75788 kB

------ CPU INFO (top -n 1 -d 1 -m 30 -t) ------



User 51%, System 11%, IOW 0%, IRQ 0%
User 161 + Nice 0 + Sys 37 + Idle 113 + IOW 0 + IRQ 0 + SIRQ 0 = 311

  PID   TID PR CPU% S     VSS     RSS PCY UID      Thread          Proc
 1869  2802  1  26% R 1648148K 101728K  fg u0_a54   pool-6-thread-5 com.zhihu.android
 1869  1869  1   9% R 1648148K 101752K  fg u0_a54   m.zhihu.android com.zhihu.android
 1869  2799  1   5% S 1648148K 101728K  fg u0_a54   RenderThread    com.zhihu.android
 2953  2953  0   3% R  10672K   1416K  fg shell    top             top
  182   182  1   2% S 113896K  10924K  fg system   surfaceflinger  /system/bin/surfaceflinger
 1869  2817  1   0% S 1648148K 101728K  fg u0_a54   hwuiTask1       com.zhihu.android
    7     7  0   0% D      0K      0K  fg root     kworker/u:0H    
  182   436  1   0% S 113896K  10924K  fg system   Binder_3        /system/bin/surfaceflinger
  852  1430  0   0% S 1554476K  90632K  fg u0_a13   RenderThread    com.android.systemui
  182  1442  1   0% S 113896K  10924K  fg system   Binder_4        /system/bin/surfaceflinger
  709   803  1   0% S 1646244K  88840K  fg system   Binder_3        system_server
  709   777  1   0% S 1646244K  88840K  fg system   android.ui      system_server
  207   207  2   0% S  24148K    348K  fg root     adbd            /sbin/adbd
 2718  2718  0   0% S      0K      0K  fg root     kworker/0:0     
 1869  2835  1   0% S 1648148K 101728K  fg u0_a54   hwuiTask2       com.zhihu.android
  182   257  1   0% S 113896K  10924K  fg system   Binder_1        /system/bin/surfaceflinger
 1869  2884  1   0% S 1648148K 101728K  fg u0_a54   RenderThread    com.zhihu.android
 1485  1502  0   0% S  20256K    884K  fg root     mpdecision      /system/bin/mpdecision
 2130  2130  1   0% R      0K      0K  fg root     kworker/u:4     
    6     6  1   0% S      0K      0K  fg root     kworker/u:0     
  335   335  0   0% D      0K      0K  fg root     mdss_fb0        
  182   359  1   0% S 113896K  10924K  fg system   EventThread     /system/bin/surfaceflinger
  199   843  1   0% S  59912K   1948K  fg nobody   sensors.qcom    /system/bin/sensors.qcom
  124   124  0   0% S      0K      0K  fg root     dhd_dpc         
  182   259  1   0% S 113896K  10924K  fg system   Binder_2        /system/bin/surfaceflinger
   35    35  1   0% S      0K      0K  fg root     irq/78-msm_iomm 
   36    36  1   0% S      0K      0K  fg root     irq/74-msm_iomm 
   37    37  1   0% S      0K      0K  fg root     irq/75-msm_iomm 
   38    38  1   0% S      0K      0K  fg root     irq/75-msm_iomm 
   39    39  1   0% S      0K      0K  fg root     irq/75-msm_iomm 
[top: 1.402s elapsed]

------ PROCRANK (procrank) ------
  PID       Vss      Rss      Pss      Uss  cmdline
 1869  1648164K  108628K   62903K   58356K  com.zhihu.android
  852  1554472K   92092K   48289K   44204K  com.android.systemui
  709  1646240K   93936K   46721K   40444K  system_server
 1214  1514316K   63512K   20025K   16772K  com.android.launcher3
 1061  1514800K   59936K   17695K   15068K  com.android.inputmethod.latin
 1175  1493680K   56400K   16962K   14632K  com.android.phone
  203  1456444K   60376K   11319K    4724K  zygote
 2745  1295900K   27824K   11282K    8040K  com.android.commands.monkey
 1798  1481128K   47044K    8985K    7252K  com.android.email
 1259  1470984K   46432K    8243K    6432K  android.process.acore
  869  1468908K   46548K    8097K    6136K  android.process.media
  193   136644K   11052K    7917K    7248K  /system/bin/mediaserver
 1147  1485116K   46420K    7599K    5680K  com.android.nfc
 1736  1480016K   43468K    6874K    5284K  com.android.calendar
 1651  1474888K   44188K    6805K    4984K  com.android.mms
  977  1482020K   43240K    6764K    5156K  com.android.settings
 1763  1470052K   44076K    6601K    4936K  com.android.deskclock
 1588  1466540K   43752K    6126K    4436K  com.android.providers.calendar
  182   113892K   10996K    6006K    4504K  /system/bin/surfaceflinger
 1836  1471748K   41948K    5708K    4164K  com.android.exchange
 1555  1470064K   41356K    5264K    3488K  com.android.dialer
 1236  1466820K   40716K    4872K    3340K  com.android.printspooler
 1616  1465560K   40180K    4583K    3076K  com.android.managedprovisioning
 1503  1465980K   39860K    4378K    2864K  com.android.keychain
 1717  1464976K   39852K    4352K    2848K  com.android.voicedialer
 1689  1464864K   39876K    4326K    2824K  com.android.onetimeinitializer
 1305  1464868K   39592K    4321K    2808K  com.android.smspush
  205    16296K    4904K    4279K    4252K  /system/bin/mm-qcamera-daemon
 2492  1464964K   39688K    4137K    2472K  com.android.musicfx
  191    35980K    5932K    4041K    3780K  /system/bin/rild
  199    59908K    2480K    1710K    1660K  /system/bin/sensors.qcom
  175    27844K    2252K    1598K    1572K  /system/bin/logd
  192    23296K    4148K    1556K    1204K  /system/bin/drmserver
  884    12564K    2724K    1436K    1232K  /system/bin/wpa_supplicant
  181    18024K    1980K     915K     836K  /system/bin/vold
  189    22824K    1540K     875K     816K  /system/bin/netd
  190    10104K    1352K     742K     724K  /system/bin/debuggerd
  195    12532K    1764K     697K     628K  /system/bin/keystore
  198    20032K    1236K     689K     632K  /system/bin/netmgrd
  206    20496K    1424K     675K     632K  /system/bin/time_daemon
 2973     9180K     980K     645K     632K  procrank
  197    24056K    1076K     623K     600K  /system/bin/qmuxd
    1     8852K     720K     557K     428K  /init
  196    18852K    1072K     557K     512K  /system/bin/bridgemgrd
 2868     9424K     960K     493K     460K  /system/bin/dumpstate
  185    19788K    1124K     487K     460K  /system/bin/rmt_storage
  207    24144K     496K     476K     476K  /sbin/adbd
  131     8848K     580K     448K     320K  /sbin/ueventd
 1485    20252K    1060K     436K     416K  /system/bin/mpdecision
  179    10616K    1244K     423K     348K  /system/bin/lmkd
  204    15396K     780K     399K     392K  /system/bin/sdcard
 1910     9340K     756K     372K     360K  /system/bin/dhcpcd
  187     9312K     760K     368K     300K  /system/bin/sh
 2847     9220K     716K     358K     348K  logcat
  176     9828K     352K     348K     348K  /sbin/healthd
 2861     9312K     716K     327K     260K  /system/bin/sh
 2856     9200K     684K     326K     316K  logcat
 2851     9220K     684K     326K     316K  logcat
 2849     9200K     672K     314K     304K  logcat
 2859     9200K     668K     310K     300K  logcat
  180     9448K     684K     301K     292K  /system/bin/servicemanager
  194     9404K     696K     300K     292K  /system/bin/installd
 2863     9240K     572K     215K     208K  bugreport
  188     9196K     548K     211K     204K  /system/bin/subsystem_ramdump
                           ------   ------  ------
                          386017K  319032K  TOTAL

RAM: 1900556K total, 1093540K free, 11892K buffers, 300144K cached, 460K shmem, 32592K slab
[procrank: 1.402s elapsed]

------ VIRTUAL MEMORY STATS (/proc/vmstat) ------
nr_free_pages 273579
nr_inactive_anon 104
nr_active_anon 65399
nr_inactive_file 64060
nr_active_file 13838
nr_unevictable 0
nr_mlock 0
nr_anon_pages 65360
nr_mapped 26946
nr_file_pages 78009
nr_dirty 15
nr_writeback 0
nr_slab_reclaimable 3311
nr_slab_unreclaimable 4837
nr_page_table_pages 2916
nr_kernel_stack 975
nr_unstable 0
nr_bounce 0
nr_vmscan_write 0
nr_vmscan_immediate_reclaim 0
nr_writeback_temp 0
nr_isolated_anon 0
nr_isolated_file 0
nr_shmem 115
nr_dirtied 2815
nr_written 2743
nr_anon_transparent_hugepages 0
nr_free_cma 32115
nr_dirty_threshold 31848
nr_dirty_background_threshold 7962
pgpgin 305236
pgpgout 16198
pswpin 0
pswpout 0
pgalloc_normal 114670
pgalloc_high 360484
pgalloc_movable 0
pgfree 751958
pgactivate 14761
pgdeactivate 0
pgfault 874432
pgmajfault 2092
pgrefill_normal 0
pgrefill_high 0
pgrefill_movable 0
pgsteal_kswapd_normal 0
pgsteal_kswapd_high 0
pgsteal_kswapd_movable 0
pgsteal_direct_normal 0
pgsteal_direct_high 0
pgsteal_direct_movable 0
pgscan_kswapd_normal 0
pgscan_kswapd_high 0
pgscan_kswapd_movable 0
pgscan_direct_normal 0
pgscan_direct_high 0
pgscan_direct_movable 0
pginodesteal 0
slabs_scanned 0
kswapd_inodesteal 0
kswapd_low_wmark_hit_quickly 0
kswapd_high_wmark_hit_quickly 0
kswapd_skip_congestion_wait 0
pageoutrun 1
allocstall 0
pgrotated 4
compact_blocks_moved 0
compact_pages_moved 0
compact_pagemigrate_failed 0
compact_stall 0
compact_fail 0
compact_success 0
unevictable_pgs_culled 0
unevictable_pgs_scanned 0
unevictable_pgs_rescued 0
unevictable_pgs_mlocked 0
unevictable_pgs_munlocked 0
unevictable_pgs_cleared 0
unevictable_pgs_stranded 0
unevictable_pgs_mlockfreed 0

------ VMALLOC INFO (/proc/vmallocinfo) ------
0xee800000-0xef800000 16777216 iotable_init+0x0/0xb8 phys=36c00000 ioremap
0xf0000000-0xf0002000    8192 of_iomap+0x40/0x48 ioremap
0xf000a000-0xf000c000    8192 msm_pm_setup_saved_state+0xdc/0x1bc ioremap
0xf000c000-0xf000e000    8192 devm_ioremap+0x40/0x7c ioremap
0xf000e000-0xf0010000    8192 devm_ioremap+0x40/0x7c ioremap
0xf0010000-0xf0012000    8192 devm_ioremap+0x40/0x7c ioremap
0xf0012000-0xf0014000    8192 devm_ioremap+0x40/0x7c ioremap
0xf0014000-0xf0016000    8192 remote_spinlock_init_address_hw+0x108/0x164 ioremap
0xf0016000-0xf0018000    8192 devm_ioremap+0x40/0x7c ioremap
0xf0018000-0xf001d000   20480 msm_smd_probe+0x644/0x121c ioremap
0xf001e000-0xf0020000    8192 devm_ioremap+0x40/0x7c ioremap
0xf0020000-0xf0022000    8192 devm_ioremap+0x40/0x7c ioremap
0xf0022000-0xf0024000    8192 devm_ioremap+0x40/0x7c ioremap
0xf0024000-0xf0026000    8192 devm_ioremap+0x40/0x7c ioremap
0xf0026000-0xf0028000    8192 _kgsl_sharedmem_page_alloc+0x198/0x208 pages=1 vmalloc
0xf0028000-0xf002a000    8192 devm_ioremap+0x40/0x7c ioremap
0xf002a000-0xf002c000    8192 devm_ioremap+0x40/0x7c ioremap
0xf002c000-0xf002f000   12288 devm_ioremap+0x40/0x7c ioremap
0xf0030000-0xf0033000   12288 devm_ioremap+0x40/0x7c ioremap
0xf0034000-0xf0036000    8192 devm_ioremap+0x40/0x7c ioremap
0xf0036000-0xf0038000    8192 devm_ioremap+0x40/0x7c ioremap
0xf0038000-0xf003b000   12288 devm_ioremap+0x40/0x7c ioremap
0xf003c000-0xf003f000   12288 devm_ioremap+0x40/0x7c ioremap
0xf0040000-0xf0045000   20480 msm8974_clock_pre_init+0x20/0x2d0 ioremap
0xf0046000-0xf0048000    8192 mdss_clk_ctrl_pre_init+0x2c/0x170 ioremap
0xf0048000-0xf004a000    8192 mdss_clk_ctrl_pre_init+0x5c/0x170 ioremap
0xf004a000-0xf004c000    8192 mdss_clk_ctrl_pre_init+0x90/0x170 ioremap
0xf004c000-0xf004e000    8192 mdss_clk_ctrl_pre_init+0xbc/0x170 ioremap
0xf004e000-0xf0050000    8192 tsens_tm_probe+0x4a4/0xf2c ioremap
0xf0050000-0xf0053000   12288 tsens_tm_probe+0x3f8/0xf2c ioremap
0xf0054000-0xf0057000   12288 devm_ioremap_nocache+0x40/0x7c ioremap
0xf0058000-0xf005a000    8192 qup_i2c_probe+0x310/0xa70 ioremap
0xf005a000-0xf005c000    8192 qup_i2c_probe+0x310/0xa70 ioremap
0xf005c000-0xf005e000    8192 qup_i2c_probe+0x310/0xa70 ioremap
0xf005e000-0xf0060000    8192 devm_ioremap+0x40/0x7c ioremap
0xf0060000-0xf0076000   90112 sps_device_init+0x284/0x710 ioremap
0xf0076000-0xf0078000    8192 devm_ioremap+0x40/0x7c ioremap
0xf0078000-0xf007a000    8192 devm_ioremap+0x40/0x7c ioremap
0xf007a000-0xf007c000    8192 devm_ioremap+0x40/0x7c ioremap
0xf007c000-0xf007e000    8192 devm_ioremap+0x40/0x7c ioremap
0xf007e000-0xf0080000    8192 devm_ioremap+0x40/0x7c ioremap
0xf0080000-0xf00c1000  266240 msm8974_clock_pre_init+0x4c/0x2d0 ioremap
0xf00c2000-0xf00c4000    8192 devm_ioremap+0x40/0x7c ioremap
0xf00c4000-0xf00c7000   12288 devm_ioremap_nocache+0x40/0x7c ioremap
0xf00c8000-0xf00cd000   20480 msm_bus_noc_allocate_noc_data+0x148/0x290 ioremap
0xf00ce000-0xf00d0000    8192 devm_ioremap_nocache+0x40/0x7c ioremap
0xf00d0000-0xf00dc000   49152 sps_device_init+0x3e0/0x710 ioremap
0xf00dc000-0xf00df000   12288 devm_ioremap_nocache+0x40/0x7c ioremap
0xf00e0000-0xf00e5000   20480 msm_bus_noc_allocate_noc_data+0x148/0x290 ioremap
0xf00e6000-0xf00e8000    8192 devm_ioremap+0x40/0x7c ioremap
0xf00e8000-0xf00ed000   20480 msm_bus_noc_allocate_noc_data+0x148/0x290 ioremap
0xf00ee000-0xf00f0000    8192 devm_ioremap_nocache+0x40/0x7c ioremap
0xf00f0000-0xf00f5000   20480 msm_bus_noc_allocate_noc_data+0x148/0x290 ioremap
0xf00f6000-0xf00f8000    8192 devm_ioremap+0x40/0x7c ioremap
0xf00f8000-0xf00fd000   20480 msm_bus_noc_allocate_noc_data+0x148/0x290 ioremap
0xf00fe000-0xf0100000    8192 devm_ioremap_nocache+0x40/0x7c ioremap
0xf0100000-0xf0141000  266240 msm8974_clock_pre_init+0x70/0x2d0 ioremap
0xf0141000-0xf0182000  266240 persistent_ram_init_ringbuffer+0x148/0x4f4 vmap
0xf0182000-0xf01c3000  266240 persistent_ram_init_ringbuffer+0x148/0x4f4 vmap
0xf01c4000-0xf01c6000    8192 devm_ioremap_nocache+0x40/0x7c ioremap
0xf01c6000-0xf01c8000    8192 devm_ioremap+0x40/0x7c ioremap
0xf01c8000-0xf01ca000    8192 devm_ioremap_nocache+0x40/0x7c ioremap
0xf01ca000-0xf01cc000    8192 devm_ioremap_nocache+0x40/0x7c ioremap
0xf01cc000-0xf01ce000    8192 devm_ioremap_nocache+0x40/0x7c ioremap
0xf01ce000-0xf01d0000    8192 msm_cpu_status_probe+0xd4/0x228 ioremap
0xf01d0000-0xf01d5000   20480 devm_ioremap_nocache+0x40/0x7c ioremap
0xf01d6000-0xf01d8000    8192 msm_cpu_status_probe+0xd4/0x228 ioremap
0xf01d8000-0xf01da000    8192 msm_cpu_status_probe+0xd4/0x228 ioremap
0xf01da000-0xf01dc000    8192 msm_cpu_status_probe+0xd4/0x228 ioremap
0xf01dc000-0xf01de000    8192 _kgsl_sharedmem_page_alloc+0x198/0x208 pages=1 vmalloc
0xf01de000-0xf01e0000    8192 acpuclk_krait_init+0x268/0x590 ioremap
0xf01e0000-0xf01f1000   69632 devm_ioremap+0x40/0x7c ioremap
0xf01f2000-0xf01f4000    8192 per_cpu_init+0x38/0x3d8 ioremap
0xf01f4000-0xf01f6000    8192 per_cpu_init+0x38/0x3d8 ioremap
0xf01f8000-0xf01fb000   12288 devm_ioremap_nocache+0x40/0x7c ioremap
0xf01fc000-0xf01ff000   12288 devm_ioremap_nocache+0x40/0x7c ioremap
0xf0200000-0xf026b000  438272 msm_bus_bimc_allocate_bimc_data+0x154/0x2a0 ioremap
0xf026c000-0xf026e000    8192 devm_ioremap_nocache+0x40/0x7c ioremap
0xf026e000-0xf0270000    8192 devm_ioremap+0x40/0x7c ioremap
0xf0270000-0xf0276000   24576 msm_rpm_log_probe+0xa4/0x3ac ioremap
0xf0276000-0xf027f000   36864 ion_cma_allocate+0xa4/0x1d8 phys=6b400000 user
0xf0280000-0xf0291000   69632 devm_ioremap+0x40/0x7c ioremap
0xf0291000-0xf0295000   16384 gen_pool_add_virt+0xa0/0xbc pages=3 vmalloc
0xf0295000-0xf029b000   24576 gen_pool_add_virt+0xa0/0xbc pages=5 vmalloc
0xf029c000-0xf029e000    8192 devm_ioremap+0x40/0x7c ioremap
0xf029e000-0xf02a0000    8192 devm_ioremap+0x40/0x7c ioremap
0xf02a0000-0xf02b1000   69632 devm_ioremap+0x40/0x7c ioremap
0xf02b1000-0xf02b7000   24576 gen_pool_add_virt+0xa0/0xbc pages=5 vmalloc
0xf02b8000-0xf02ba000    8192 devm_ioremap+0x40/0x7c ioremap
0xf02ba000-0xf02bc000    8192 devm_ioremap+0x40/0x7c ioremap
0xf02bc000-0xf02be000    8192 devm_ioremap+0x40/0x7c ioremap
0xf02be000-0xf02c0000    8192 devm_ioremap+0x40/0x7c ioremap
0xf02c0000-0xf02d1000   69632 devm_ioremap+0x40/0x7c ioremap
0xf02d2000-0xf02d4000    8192 devm_ioremap+0x40/0x7c ioremap
0xf02d4000-0xf02d6000    8192 devm_ioremap+0x40/0x7c ioremap
0xf02d6000-0xf02d8000    8192 of_iomap+0x40/0x48 ioremap
0xf02d8000-0xf02da000    8192 devm_ioremap+0x40/0x7c ioremap
0xf02da000-0xf02dc000    8192 mdss_dsi_ctrl_probe+0x150/0x6dc ioremap
0xf02dc000-0xf02df000   12288 mdss_dsi_ctrl_probe+0x150/0x6dc ioremap
0xf02e0000-0xf02f1000   69632 devm_ioremap+0x40/0x7c ioremap
0xf02f1000-0xf0302000   69632 gen_pool_add_virt+0xa0/0xbc pages=16 vmalloc
0xf0302000-0xf030c000   40960 gen_pool_add_virt+0xa0/0xbc pages=9 vmalloc
0xf030c000-0xf0316000   40960 gen_pool_add_virt+0xa0/0xbc pages=9 vmalloc
0xf0316000-0xf0318000    8192 mdss_dsi_retrieve_ctrl_resources+0x8c/0x180 ioremap
0xf0318000-0xf031a000    8192 msm_dss_ioremap_byname+0x64/0xf0 ioremap
0xf031a000-0xf031c000    8192 msm_dss_ioremap_byname+0x64/0xf0 ioremap
0xf031e000-0xf0320000    8192 msm_hs_probe+0x214/0xe30 ioremap
0xf0320000-0xf0328000   32768 msm_dss_ioremap_byname+0x64/0xf0 ioremap
0xf0328000-0xf032a000    8192 msm_hsl_request_port+0x80/0x188 ioremap
0xf032a000-0xf032c000    8192 msm_rng_probe+0x8c/0x2a4 ioremap
0xf032c000-0xf032e000    8192 devm_ioremap+0x40/0x7c ioremap
0xf032e000-0xf0330000    8192 devm_ioremap_nocache+0x40/0x7c ioremap
0xf0330000-0xf0332000    8192 msm_cci_probe+0x138/0x60c ioremap
0xf0335000-0xf0338000   12288 _kgsl_sharedmem_page_alloc+0x198/0x208 pages=2 vmalloc
0xf0338000-0xf033a000    8192 msmsdcc_probe+0x6d4/0x2338 ioremap
0xf033a000-0xf033c000    8192 msmsdcc_dml_init+0x6c/0xc0 ioremap
0xf033c000-0xf033e000    8192 sdhci_pltfm_init+0x10c/0x1ec ioremap
0xf033e000-0xf0340000    8192 devm_ioremap+0x40/0x7c ioremap
0xf0340000-0xf0364000  147456 devm_ioremap+0x40/0x7c ioremap
0xf0364000-0xf0376000   73728 gen_pool_add_virt+0xa0/0xbc pages=17 vmalloc
0xf0376000-0xf0378000    8192 devm_ioremap+0x40/0x7c ioremap
0xf0378000-0xf0380000   32768 msmsdcc_sps_init+0x44/0x1e8 ioremap
0xf0380000-0xf039a000  106496 msm_hs_probe+0x250/0xe30 ioremap
0xf039a000-0xf039c000    8192 msm8974_asoc_machine_probe+0x4fc/0x73c ioremap
0xf039c000-0xf039e000    8192 msm8974_asoc_machine_probe+0x554/0x73c ioremap
0xf039e000-0xf03a0000    8192 ebt_register_table+0xa0/0x2d0 pages=1 vmalloc
0xf03a0000-0xf03b1000   69632 devm_ioremap+0x40/0x7c ioremap
0xf03b1000-0xf03b3000    8192 ebt_register_table+0xb0/0x2d0 pages=1 vmalloc
0xf03b4000-0xf03b6000    8192 ion_carveout_heap_map_kernel+0x2c/0x30 ioremap
0xf03b6000-0xf03b8000    8192 ion_carveout_heap_map_kernel+0x2c/0x30 ioremap
0xf03b8000-0xf03be000   24576 devm_ioremap+0x40/0x7c ioremap
0xf03be000-0xf03c0000    8192 msm8974_pwm_vibrator_probe+0x1dc/0x58c ioremap
0xf03c0000-0xf03d1000   69632 kgsl_iommu_init+0x304/0x8c4 ioremap
0xf03d1000-0xf03e3000   73728 gen_pool_add_virt+0xa0/0xbc pages=17 vmalloc
0xf03e3000-0xf03f5000   73728 gen_pool_add_virt+0xa0/0xbc pages=17 vmalloc
0xf03f5000-0xf03f8000   12288 _kgsl_sharedmem_page_alloc+0x198/0x208 pages=2 vmalloc
0xf03f8000-0xf03fb000   12288 ion_carveout_heap_map_kernel+0x2c/0x30 ioremap
0xf0400000-0xf0581000 1576960 devm_ioremap_nocache+0x40/0x7c ioremap
0xf0581000-0xf0593000   73728 gen_pool_add_virt+0xa0/0xbc pages=17 vmalloc
0xf0593000-0xf05a5000   73728 gen_pool_add_virt+0xa0/0xbc pages=17 vmalloc
0xf05a5000-0xf05ad000   32768 gen_pool_add_virt+0xa0/0xbc pages=7 vmalloc
0xf05ad000-0xf05cf000  139264 gen_pool_add_virt+0xa0/0xbc pages=33 vmalloc
0xf05d7000-0xf05df000   32768 gen_pool_add_virt+0xa0/0xbc pages=7 vmalloc
0xf05e0000-0xf05f2000   73728 devm_ioremap+0x40/0x7c ioremap
0xf0600000-0xf06fd000 1036288 devm_ioremap_nocache+0x40/0x7c ioremap
0xf06fe000-0xf0700000    8192 ion_carveout_heap_map_kernel+0x2c/0x30 ioremap
0xf0700000-0xf07f1000  987136 devm_ioremap_nocache+0x40/0x7c ioremap
0xf0800000-0xf0900000 1048576 venus_hfi_initialize+0x170/0x11b4 ioremap
0xf0932000-0xf094b000  102400 sps_bam_pipe_set_params+0x198/0x3a4 pages=24 vmalloc
0xf094b000-0xf0964000  102400 sps_bam_pipe_set_params+0x198/0x3a4 pages=24 vmalloc
0xf0964000-0xf0986000  139264 gen_pool_add_virt+0xa0/0xbc pages=33 vmalloc
0xf0af8000-0xf0afb000   12288 xt_alloc_table_info+0xbc/0xfc pages=2 vmalloc
0xf0afb000-0xf0afe000   12288 xt_alloc_table_info+0xbc/0xfc pages=2 vmalloc
0xf0afe000-0xf0b01000   12288 xt_alloc_table_info+0xbc/0xfc pages=2 vmalloc
0xf0b01000-0xf0b04000   12288 xt_alloc_table_info+0xbc/0xfc pages=2 vmalloc
0xf0bba000-0xf0bbe000   16384 xt_alloc_table_info+0xbc/0xfc pages=3 vmalloc
0xf0bbe000-0xf0bc2000   16384 xt_alloc_table_info+0xbc/0xfc pages=3 vmalloc
0xf0bc2000-0xf0bc6000   16384 xt_alloc_table_info+0xbc/0xfc pages=3 vmalloc
0xf0bc6000-0xf0bca000   16384 xt_alloc_table_info+0xbc/0xfc pages=3 vmalloc
0xf0c00000-0xf0cff000 1044480 binder_mmap+0xbc/0x254 ioremap
0xf0d00000-0xf0dff000 1044480 binder_mmap+0xbc/0x254 ioremap
0xf0e00000-0xf0eff000 1044480 binder_mmap+0xbc/0x254 ioremap
0xf0f00000-0xf0fff000 1044480 binder_mmap+0xbc/0x254 ioremap
0xf1000000-0xf2001000 16781312 allocate_contiguous_memory+0x98/0x128 ioremap
0xf2100000-0xf21ff000 1044480 binder_mmap+0xbc/0x254 ioremap
0xf2200000-0xf22ff000 1044480 binder_mmap+0xbc/0x254 ioremap
0xf2300000-0xf23ff000 1044480 binder_mmap+0xbc/0x254 ioremap
0xf2400000-0xf24ff000 1044480 binder_mmap+0xbc/0x254 ioremap
0xf2500000-0xf25ff000 1044480 binder_mmap+0xbc/0x254 ioremap
0xf2600000-0xf26ff000 1044480 binder_mmap+0xbc/0x254 ioremap
0xf2700000-0xf27ff000 1044480 binder_mmap+0xbc/0x254 ioremap
0xf2800000-0xf28ff000 1044480 binder_mmap+0xbc/0x254 ioremap
0xf2900000-0xf29ff000 1044480 binder_mmap+0xbc/0x254 ioremap
0xf2a00000-0xf2aff000 1044480 binder_mmap+0xbc/0x254 ioremap
0xf2b00000-0xf2bff000 1044480 binder_mmap+0xbc/0x254 ioremap
0xf2c00000-0xf2cff000 1044480 binder_mmap+0xbc/0x254 ioremap
0xf2dc2000-0xf2dca000   32768 gen_pool_add_virt+0xa0/0xbc pages=7 vmalloc
0xf2dca000-0xf2dec000  139264 gen_pool_add_virt+0xa0/0xbc pages=33 vmalloc
0xf2dec000-0xf2dee000    8192 _kgsl_sharedmem_page_alloc+0x198/0x208 pages=1 vmalloc
0xf2dee000-0xf2df1000   12288 _kgsl_sharedmem_page_alloc+0x198/0x208 pages=2 vmalloc
0xf2df4000-0xf2dfc000   32768 gen_pool_add_virt+0xa0/0xbc pages=7 vmalloc
0xf2dfc000-0xf2dfe000    8192 _kgsl_sharedmem_page_alloc+0x198/0x208 pages=1 vmalloc
0xf2e00000-0xf2eff000 1044480 binder_mmap+0xbc/0x254 ioremap
0xf2eff000-0xf2f21000  139264 gen_pool_add_virt+0xa0/0xbc pages=33 vmalloc
0xf2f33000-0xf2f36000   12288 _kgsl_sharedmem_page_alloc+0x198/0x208 pages=2 vmalloc
0xf2f48000-0xf2f4a000    8192 per_cpu_init+0x38/0x3d8 ioremap
0xf2f4c000-0xf2f4e000    8192 per_cpu_init+0x38/0x3d8 ioremap
0xf2f80000-0xf2fb6000  221184 ngd_slim_probe+0x19c/0x634 ioremap
0xf2fc0000-0xf2fe1000  135168 ngd_slim_probe+0x1d4/0x634 ioremap
0xf3200000-0xf32ff000 1044480 binder_mmap+0xbc/0x254 ioremap
0xf3340000-0xf3361000  135168 binder_mmap+0xbc/0x254 ioremap
0xf3400000-0xf34ff000 1044480 binder_mmap+0xbc/0x254 ioremap
0xf3578000-0xf3580000   32768 bam_dmux_smsm_cb+0x248/0x18e0 ioremap
0xf35bb000-0xf35c3000   32768 gen_pool_add_virt+0xa0/0xbc pages=7 vmalloc
0xf35c3000-0xf35e5000  139264 gen_pool_add_virt+0xa0/0xbc pages=33 vmalloc
0xf3600000-0xf36ff000 1044480 binder_mmap+0xbc/0x254 ioremap
0xf3780000-0xf37eb000  438272 ion_carveout_heap_map_kernel+0x2c/0x30 ioremap
0xf3800000-0xf38ff000 1044480 binder_mmap+0xbc/0x254 ioremap
0xf3900000-0xf39ff000 1044480 binder_mmap+0xbc/0x254 ioremap
0xf3a54000-0xf3a58000   16384 ion_cma_allocate+0xa4/0x1d8 phys=6b408000 user
0xf3b00000-0xf3bff000 1044480 binder_mmap+0xbc/0x254 ioremap
0xf3c00000-0xf3cff000 1044480 binder_mmap+0xbc/0x254 ioremap
0xf3d00000-0xf3dff000 1044480 binder_mmap+0xbc/0x254 ioremap
0xf3e00000-0xf3eff000 1044480 binder_mmap+0xbc/0x254 ioremap
0xf3f06000-0xf3f0e000   32768 gen_pool_add_virt+0xa0/0xbc pages=7 vmalloc
0xf3f10000-0xf3f32000  139264 gen_pool_add_virt+0xa0/0xbc pages=33 vmalloc
0xf3f42000-0xf3f4a000   32768 gen_pool_add_virt+0xa0/0xbc pages=7 vmalloc
0xf3f4a000-0xf3f6c000  139264 gen_pool_add_virt+0xa0/0xbc pages=33 vmalloc
0xf4500000-0xf45ff000 1044480 binder_mmap+0xbc/0x254 ioremap
0xf4600000-0xf46ff000 1044480 binder_mmap+0xbc/0x254 ioremap
0xf4700000-0xf47ff000 1044480 binder_mmap+0xbc/0x254 ioremap
0xf4800000-0xf48ff000 1044480 binder_mmap+0xbc/0x254 ioremap
0xf4900000-0xf49ff000 1044480 binder_mmap+0xbc/0x254 ioremap
0xf4a00000-0xf4aff000 1044480 binder_mmap+0xbc/0x254 ioremap
0xf4b00000-0xf4bff000 1044480 binder_mmap+0xbc/0x254 ioremap
0xf5500000-0xf55ff000 1044480 binder_mmap+0xbc/0x254 ioremap
0xfa002000-0xfa003000    4096 iotable_init+0x0/0xb8 phys=f9000000 ioremap
0xfa003000-0xfa004000    4096 iotable_init+0x0/0xb8 phys=f9002000 ioremap
0xfa006000-0xfa007000    4096 iotable_init+0x0/0xb8 phys=f9011000 ioremap
0xfa00a000-0xfa00b000    4096 iotable_init+0x0/0xb8 phys=fe805000 ioremap
0xfa017000-0xfa01b000   16384 iotable_init+0x0/0xb8 phys=fd510000 ioremap
0xfa107000-0xfa108000    4096 iotable_init+0x0/0xb8 phys=fc4ab000 ioremap
0xfa400000-0xfa600000 2097152 iotable_init+0x0/0xb8 phys=fa00000 ioremap
0xfefe0000-0xff000000  131072 pcpu_get_vm_areas+0x0/0x5fc vmalloc

------ SLAB INFO (/proc/slabinfo) ------
slabinfo - version: 2.1
# name            <active_objs> <num_objs> <objsize> <objperslab> <pagesperslab> : tunables <limit> <batchcount> <sharedfactor> : slabdata <active_slabs> <num_slabs> <sharedavail>
ext4_groupinfo_4k    149    156    104   39    1 : tunables    0    0    0 : slabdata      4      4      0
UDPLITEv6              0      0    768   21    4 : tunables    0    0    0 : slabdata      0      0      0
UDPv6                 63    105    768   21    4 : tunables    0    0    0 : slabdata      5      5      0
tw_sock_TCPv6         21     21    192   21    1 : tunables    0    0    0 : slabdata      1      1      0
TCPv6                 75    110   1472   22    8 : tunables    0    0    0 : slabdata      5      5      0
nf_conntrack_expect      0      0    176   23    1 : tunables    0    0    0 : slabdata      0      0      0
nf_conntrack_c12ae1c0     59     80    256   16    1 : tunables    0    0    0 : slabdata      5      5      0
ashmem_area_cache    135    162    296   27    2 : tunables    0    0    0 : slabdata      6      6      0
dm_crypt_io            0      0    104   39    1 : tunables    0    0    0 : slabdata      0      0      0
kcopyd_job             0      0   2880   11    8 : tunables    0    0    0 : slabdata      0      0      0
dm_rq_clone_bio_info      0      0      8  512    1 : tunables    0    0    0 : slabdata      0      0      0
dm_rq_target_io        0      0    248   16    1 : tunables    0    0    0 : slabdata      0      0      0
bsg_cmd                0      0    288   28    2 : tunables    0    0    0 : slabdata      0      0      0
fuse_inode            51     90    448   18    2 : tunables    0    0    0 : slabdata      5      5      0
cifs_request           4      4  16512    1    8 : tunables    0    0    0 : slabdata      4      4      0
cifs_inode_cache       0      0    440   18    2 : tunables    0    0    0 : slabdata      0      0      0
fat_inode_cache       38     72    432   18    2 : tunables    0    0    0 : slabdata      4      4      0
fat_cache            183    680     24  170    1 : tunables    0    0    0 : slabdata      4      4      0
jbd2_transaction_s     85    126    192   21    1 : tunables    0    0    0 : slabdata      6      6      0
jbd2_revoke_record_s      0      0     32  128    1 : tunables    0    0    0 : slabdata      0      0      0
journal_handle       510   1020     24  170    1 : tunables    0    0    0 : slabdata      6      6      0
revoke_record        262    512     16  256    1 : tunables    0    0    0 : slabdata      2      2      0
ext4_inode_cache    2106   2106    600   27    4 : tunables    0    0    0 : slabdata     78     78      0
ext4_free_data       408    510     40  102    1 : tunables    0    0    0 : slabdata      5      5      0
ext4_allocation_context     72    144    112   36    1 : tunables    0    0    0 : slabdata      4      4      0
ext4_prealloc_space    169    224     72   56    1 : tunables    0    0    0 : slabdata      4      4      0
ext4_io_end            0      0    576   28    4 : tunables    0    0    0 : slabdata      0      0      0
ext4_io_page           0      0      8  512    1 : tunables    0    0    0 : slabdata      0      0      0
ext2_inode_cache       0      0    504   16    2 : tunables    0    0    0 : slabdata      0      0      0
ext3_inode_cache       0      0    520   31    4 : tunables    0    0    0 : slabdata      0      0      0
ext3_xattr             3     73     56   73    1 : tunables    0    0    0 : slabdata      1      1      0
dnotify_mark         105    153     80   51    1 : tunables    0    0    0 : slabdata      3      3      0
UDP-Lite               0      0    640   25    4 : tunables    0    0    0 : slabdata      0      0      0
xfrm_dst_cache         0      0    320   25    2 : tunables    0    0    0 : slabdata      0      0      0
ip_fib_trie          397    640     32  128    1 : tunables    0    0    0 : slabdata      5      5      0
RAW                   50    100    640   25    4 : tunables    0    0    0 : slabdata      4      4      0
UDP                   52    125    640   25    4 : tunables    0    0    0 : slabdata      5      5      0
tw_sock_TCP           32     64    128   32    1 : tunables    0    0    0 : slabdata      2      2      0
TCP                   25     25   1280   25    8 : tunables    0    0    0 : slabdata      1      1      0
eventpoll_pwq        444    612     40  102    1 : tunables    0    0    0 : slabdata      6      6      0
blkdev_queue          51     54   1208   27    8 : tunables    0    0    0 : slabdata      2      2      0
blkdev_requests       72     72    216   18    1 : tunables    0    0    0 : slabdata      4      4      0
fsnotify_event_holder   6133   6400     16  256    1 : tunables    0    0    0 : slabdata     25     25      0
biovec-256            10     10   3072   10    8 : tunables    0    0    0 : slabdata      1      1      0
biovec-128             0      0   1536   21    8 : tunables    0    0    0 : slabdata      0      0      0
biovec-64             63    105    768   21    4 : tunables    0    0    0 : slabdata      5      5      0
sock_inode_cache     502    504    384   21    2 : tunables    0    0    0 : slabdata     24     24      0
skbuff_fclone_cache     63    126    384   21    2 : tunables    0    0    0 : slabdata      6      6      0
file_lock_cache      111    216    112   36    1 : tunables    0    0    0 : slabdata      6      6      0
net_namespace          0      0   1600   20    8 : tunables    0    0    0 : slabdata      0      0      0
shmem_inode_cache   1491   1491    384   21    2 : tunables    0    0    0 : slabdata     71     71      0
proc_inode_cache    7581   7581    384   21    2 : tunables    0    0    0 : slabdata    361    361      0
sigqueue             140    140    144   28    1 : tunables    0    0    0 : slabdata      5      5      0
bdev_cache            24     32    512   16    2 : tunables    0    0    0 : slabdata      2      2      0
inode_cache        12974  12995    352   23    2 : tunables    0    0    0 : slabdata    565    565      0
dentry             25568  25568    128   32    1 : tunables    0    0    0 : slabdata    799    799      0
avc_node             690   1105     48   85    1 : tunables    0    0    0 : slabdata     13     13      0
selinux_inode_security  24747  24747     56   73    1 : tunables    0    0    0 : slabdata    339    339      0
buffer_head         4019   4032     64   64    1 : tunables    0    0    0 : slabdata     63     63      0
vm_area_struct     22218  22218     88   46    1 : tunables    0    0    0 : slabdata    483    483      0
mm_struct            252    252    448   18    2 : tunables    0    0    0 : slabdata     14     14      0
signal_cache         522    560    576   28    4 : tunables    0    0    0 : slabdata     20     20      0
sighand_cache        235    288   1344   24    8 : tunables    0    0    0 : slabdata     12     12      0
task_struct         1012   1025   1280   25    8 : tunables    0    0    0 : slabdata     41     41      0
anon_vma_chain     18190  18190     24  170    1 : tunables    0    0    0 : slabdata    107    107      0
anon_vma            9775   9775     48   85    1 : tunables    0    0    0 : slabdata    115    115      0
radix_tree_node     2725   2730    304   26    2 : tunables    0    0    0 : slabdata    105    105      0
idr_layer_cache      872    884    152   26    1 : tunables    0    0    0 : slabdata     34     34      0
kmalloc-8192          92     96   8192    4    8 : tunables    0    0    0 : slabdata     24     24      0
kmalloc-4096         224    224   4096    8    8 : tunables    0    0    0 : slabdata     28     28      0
kmalloc-2048         240    240   2048   16    8 : tunables    0    0    0 : slabdata     15     15      0
kmalloc-1024         880    880   1024   16    4 : tunables    0    0    0 : slabdata     55     55      0
kmalloc-512         1881   1984    512   16    2 : tunables    0    0    0 : slabdata    124    124      0
kmalloc-256          995   1072    256   16    1 : tunables    0    0    0 : slabdata     67     67      0
kmalloc-128         8736   8736    128   32    1 : tunables    0    0    0 : slabdata    273    273      0
kmalloc-64         77461  77568     64   64    1 : tunables    0    0    0 : slabdata   1212   1212      0
kmalloc-192         5763   6048    192   21    1 : tunables    0    0    0 : slabdata    288    288      0
kmem_cache            32     32    128   32    1 : tunables    0    0    0 : slabdata      1      1      0
kmem_cache_node      148    256     32  128    1 : tunables    0    0    0 : slabdata      2      2      0

------ ZONEINFO (/proc/zoneinfo) ------
Node 0, zone   Normal
  pages free     166535
        min      878
        low      1097
        high     1317
        scanned  0
        spanned  228352
        present  192776
    nr_free_pages 166535
    nr_inactive_anon 0
    nr_active_anon 0
    nr_inactive_file 1678
    nr_active_file 1318
    nr_unevictable 0
    nr_mlock     0
    nr_anon_pages 0
    nr_mapped    35
    nr_file_pages 2990
    nr_dirty     12
    nr_writeback 0
    nr_slab_reclaimable 3311
    nr_slab_unreclaimable 4837
    nr_page_table_pages 2916
    nr_kernel_stack 975
    nr_unstable  0
    nr_bounce    0
    nr_vmscan_write 0
    nr_vmscan_immediate_reclaim 0
    nr_writeback_temp 0
    nr_isolated_anon 0
    nr_isolated_file 0
    nr_shmem     0
    nr_dirtied   1594
    nr_written   1582
    nr_anon_transparent_hugepages 0
    nr_free_cma  3908
        protection: (0, 8975, 8975)
  pagesets
    cpu: 0
              count: 185
              high:  186
              batch: 31
  vm stats threshold: 24
    cpu: 1
              count: 135
              high:  186
              batch: 31
  vm stats threshold: 24
    cpu: 2
              count: 51
              high:  186
              batch: 31
  vm stats threshold: 24
    cpu: 3
              count: 42
              high:  186
              batch: 31
  vm stats threshold: 24
  all_unreclaimable: 0
  start_pfn:         0
  inactive_ratio:    1
Node 0, zone  HighMem
  pages free     107137
        min      128
        low      455
        high     782
        scanned  0
        spanned  295936
        present  287224
    nr_free_pages 107137
    nr_inactive_anon 104
    nr_active_anon 65306
    nr_inactive_file 62382
    nr_active_file 12520
    nr_unevictable 0
    nr_mlock     0
    nr_anon_pages 65268
    nr_mapped    26911
    nr_file_pages 75019
    nr_dirty     3
    nr_writeback 0
    nr_slab_reclaimable 0
    nr_slab_unreclaimable 0
    nr_page_table_pages 0
    nr_kernel_stack 0
    nr_unstable  0
    nr_bounce    0
    nr_vmscan_write 0
    nr_vmscan_immediate_reclaim 0
    nr_writeback_temp 0
    nr_isolated_anon 0
    nr_isolated_file 0
    nr_shmem     115
    nr_dirtied   1221
    nr_written   1161
    nr_anon_transparent_hugepages 0
    nr_free_cma  28300
        protection: (0, 0, 0)
  pagesets
    cpu: 0
              count: 173
              high:  186
              batch: 31
  vm stats threshold: 30
    cpu: 1
              count: 35
              high:  186
              batch: 31
  vm stats threshold: 30
    cpu: 2
              count: 47
              high:  186
              batch: 31
  vm stats threshold: 30
    cpu: 3
              count: 61
              high:  186
              batch: 31
  vm stats threshold: 30
  all_unreclaimable: 0
  start_pfn:         228352
  inactive_ratio:    3

------ PAGETYPEINFO (/proc/pagetypeinfo) ------
Page block order: 10
Pages per block:  1024

Free pages count per migrate type at order       0      1      2      3      4      5      6      7      8      9     10 
Node    0, zone   Normal, type    Unmovable      0      0      1      0      0      0      0      0      1      1      0 
Node    0, zone   Normal, type  Reclaimable      1      2      2      0      1      0      0      1      0      1      0 
Node    0, zone   Normal, type      Movable      1      1      1      1      1      1      1      2      6      5    152 
Node    0, zone   Normal, type      Reserve      0      0      0      0      0      0      0      0      0      0      1 
Node    0, zone   Normal, type          CMA      0      0      1      0      0      0      1      0      1      1      3 
Node    0, zone   Normal, type      Isolate      0      0      0      0      0      0      0      0      0      0      0 
Node    0, zone  HighMem, type    Unmovable     10      2      1      1      0      0      1      1      9      8      2 
Node    0, zone  HighMem, type  Reclaimable      0      0      0      0      0      0      0      0      0      0      0 
Node    0, zone  HighMem, type      Movable     38      3      1      0      1      1      0      0      0      1     67 
Node    0, zone  HighMem, type      Reserve      0      0      0      0      0      0      0      0      0      0      1 
Node    0, zone  HighMem, type          CMA    223    153    110     60     42     28     24      3      1      1     22 
Node    0, zone  HighMem, type      Isolate      0      0      0      0      0      0      0      0      0      0      0 

Number of blocks type     Unmovable  Reclaimable      Movable      Reserve          CMA      Isolate 
Node 0, zone   Normal           15            4          166            1            4            0 
Node 0, zone  HighMem           50            0          156            1           76            0 

------ BUDDYINFO (/proc/buddyinfo) ------
Node 0, zone   Normal      2      3      5      1      2      1      2      3      8      8    156 
Node 0, zone  HighMem    271    158    112     61     43     29     25      4     10     10     92 

------ FRAGMENTATION INFO (/d/extfrag/unusable_index: 1970-01-01 08:00:00) ------
Node 0, zone   Normal 0.000 0.000 0.000 0.000 0.000 0.000 0.000 0.001 0.003 0.015 0.040 
Node 0, zone  HighMem 0.000 0.002 0.005 0.009 0.014 0.020 0.029 0.044 0.049 0.072 0.120 

------ KERNEL WAKELOCKS (/proc/wakelocks) ------
*** /proc/wakelocks: No such file or directory

------ KERNEL WAKE SOURCES (/d/wakeup_sources: 1970-01-01 08:00:00) ------
name		active_count	event_count	wakeup_count	expire_count	active_since	total_time	max_time	last_change	prevent_suspend_time
PowerManagerService.Broadcasts	2		2		0		0		0		278		194		302436		0
ipc000000ae_Loc_hal_worker	1		1		0		0		0		0		0		116002		0
ipc000000ad_Loc_hal_worker	125		140		0		0		0		6		0		51379		0
ipc000000ac_Loc_hal_worker	0		0		0		0		0		0		0		23666		0
ipc000000a9_sensors.qcom	1		1		0		0		0		0		0		116002		0
ipc000000a8_sensors.qcom	2806		2815		0		0		0		327		9		352866		0
ipc000000a7_sensors.qcom	1		1		0		0		0		0		0		116002		0
ipc000000a6_sensors.qcom	14		14		0		0		0		2		1		352380		0
PowerManagerService.WakeLocks	20		20		0		0		635		72402		45051		352232		0
event2-709  	0		0		0		0		0		0		0		19263		0
event0-709  	2		2		0		0		0		0		0		302491		0
event1-709  	71		71		0		0		0		3		0		303683		0
event3-709  	0		0		0		0		0		0		0		19258		0
event4-709  	0		0		0		0		0		0		0		19256		0
event5-709  	0		0		0		0		0		0		0		19254		0
KeyEvents   	92		92		0		0		0		216		174		345101		0
PowerManagerService.Display	2		2		0		0		50496		123698		73202		302372		0
ipc000000a3_sensors.qcom	1		1		0		0		0		0		0		116002		0
ipc000000a2_sensors.qcom	1		1		0		0		0		0		0		12536		0
ipc000000a1_sensors.qcom	1		1		0		0		0		0		0		116002		0
ipc000000a0_sensors.qcom	1		1		0		0		0		0		0		12534		0
ipc0000009f_sensors.qcom	1		1		0		0		0		0		0		116002		0
ipc0000009e_sensors.qcom	1		1		0		0		0		0		0		12531		0
ipc0000009d_sensors.qcom	1		1		0		0		0		0		0		116002		0
ipc0000009c_sensors.qcom	1		1		0		0		0		0		0		12527		0
ipc0000009b_sensors.qcom	1		1		0		0		0		0		0		116002		0
ipc0000009a_sensors.qcom	1		1		0		0		0		0		0		12524		0
ipc00000099_sensors.qcom	1		1		0		0		0		0		0		116002		0
ipc00000098_sensors.qcom	1		1		0		0		0		0		0		12518		0
ipc00000097_sensors.qcom	1		1		0		0		0		0		0		116002		0
ipc00000096_sensors.qcom	1		1		0		0		0		0		0		12516		0
ipc00000095_sensors.qcom	1		1		0		0		0		0		0		116002		0
ipc00000094_sensors.qcom	1		1		0		0		0		0		0		12513		0
ipc00000093_sensors.qcom	1		1		0		0		0		0		0		116002		0
ipc00000092_sensors.qcom	1		1		0		0		0		0		0		12511		0
ipc00000091_sensors.qcom	1		1		0		0		0		0		0		116002		0
ipc00000090_sensors.qcom	1		1		0		0		0		0		0		12508		0
ipc0000008f_sensors.qcom	1		1		0		0		0		0		0		116002		0
ipc0000008e_sensors.qcom	1		1		0		0		0		0		0		12506		0
ipc0000008d_sensors.qcom	1		1		0		0		0		0		0		116002		0
ipc0000008c_sensors.qcom	1		1		0		0		0		0		0		12503		0
ipc0000008b_sensors.qcom	1		1		0		0		0		0		0		116002		0
ipc0000008a_sensors.qcom	1		1		0		0		0		0		0		12501		0
ipc00000089_sensors.qcom	1		1		0		0		0		0		0		116002		0
ipc00000088_sensors.qcom	1		1		0		0		0		0		0		12498		0
ipc00000087_sensors.qcom	1		1		0		0		0		0		0		116002		0
ipc00000086_sensors.qcom	1		1		0		0		0		0		0		12496		0
ipc00000085_sensors.qcom	1		1		0		0		0		0		0		116002		0
ipc00000084_sensors.qcom	1		1		0		0		0		0		0		12493		0
ipc00000083_sensors.qcom	1		1		0		0		0		0		0		116002		0
ipc00000082_sensors.qcom	1		1		0		0		0		0		0		12491		0
ipc00000081_sensors.qcom	1		1		0		0		0		0		0		116002		0
ipc00000080_sensors.qcom	1		1		0		0		0		0		0		12488		0
ipc0000007f_sensors.qcom	1		1		0		0		0		0		0		116002		0
ipc0000007e_sensors.qcom	8		8		0		0		0		0		0		12546		0
ipc0000007d_sensors.qcom	1		1		0		0		0		0		0		116002		0
ipc0000007c_sensors.qcom	0		0		0		0		0		0		0		9872		0
ipc00000033_sensors.qcom	1		1		0		0		0		0		0		116002		0
ipc00000032_sensors.qcom	0		0		0		0		0		0		0		7817		0
ipc00000031_sensors.qcom	1		1		0		0		0		0		0		116002		0
ipc00000030_sensors.qcom	1		1		0		0		0		0		0		97821		0
ipc0000002f_sensors.qcom	1		1		0		0		0		0		0		116002		0
ipc0000002e_sensors.qcom	1		1		0		0		0		0		0		7801		0
ipc0000002d_sensors.qcom	1		1		0		0		0		0		0		116002		0
ipc0000002c_sensors.qcom	0		0		0		0		0		0		0		7788		0
ipc0000002b_sensors.qcom	1		1		0		0		0		0		0		116002		0
ipc0000002a_sensors.qcom	0		0		0		0		0		0		0		7787		0
ipc00000029_sensors.qcom	1		1		0		0		0		0		0		116002		0
ipc00000028_sensors.qcom	0		0		0		0		0		0		0		7786		0
ipc00000027_sensors.qcom	1		1		0		0		0		0		0		116002		0
ipc00000026_sensors.qcom	0		0		0		0		0		0		0		7785		0
ipc00000025_sensors.qcom	1		1		0		0		0		0		0		116002		0
ipc00000024_sensors.qcom	0		0		0		0		0		0		0		7784		0
ipc00000023_sensors.qcom	1		1		0		0		0		0		0		116002		0
ipc00000022_sensors.qcom	0		0		0		0		0		0		0		7784		0
ipc00000021_sensors.qcom	1		1		0		0		0		0		0		116002		0
ipc00000020_sensors.qcom	0		0		0		0		0		0		0		7783		0
ipc0000001f_sensors.qcom	1		1		0		0		0		0		0		116002		0
ipc0000001e_sensors.qcom	0		0		0		0		0		0		0		7782		0
ipc0000001d_sensors.qcom	1		1		0		0		0		0		0		116002		0
ipc0000001c_sensors.qcom	0		0		0		0		0		0		0		7781		0
ipc0000001b_sensors.qcom	1		1		0		0		0		0		0		116002		0
ipc0000001a_sensors.qcom	9		9		0		0		0		0		0		7781		0
ipc00000017_sensors.qcom	1		1		0		0		0		0		0		116002		0
ipc00000016_sensors.qcom	8		8		0		0		0		0		0		7771		0
ipc00000015_time_daemon	1		1		0		0		0		0		0		116002		0
ipc00000014_time_daemon	1		1		0		0		0		0		0		7596		0
ipc00000013_rild	1		1		0		0		0		0		0		116002		0
ipc00000012_rild	0		0		0		0		0		0		0		6943		0
ipc00000011_rild	0		0		0		0		0		0		0		6938		0
ipc00000010_rild	1		1		0		0		0		0		0		116002		0
ipc0000000f_rild	0		0		0		0		0		0		0		6938		0
qcril       	48		48		0		0		0		1165		949		302690		0
qmuxd_port_wl_7	8		8		0		0		0		0		0		23868		0
smdcntl7    	8		10		0		0		0		0		0		23868		0
qmuxd_port_wl_6	8		8		0		0		0		1		0		23863		0
smdcntl6    	8		11		0		0		0		4		3		23863		0
qmuxd_port_wl_5	8		8		0		0		0		1		0		23853		0
smdcntl5    	8		11		0		0		0		1		0		23853		0
qmuxd_port_wl_4	8		8		0		0		0		0		0		23846		0
smdcntl4    	8		11		0		0		0		1		0		23846		0
qmuxd_port_wl_3	8		8		0		0		0		0		0		23838		0
smdcntl3    	8		9		0		0		0		1		0		23838		0
qmuxd_port_wl_2	8		8		0		0		0		0		0		23834		0
qmuxd_port_wl_1	73		73		0		0		0		10		0		302685		0
smdcntl2    	8		9		0		0		0		0		0		23834		0
smdcntl1    	66		111		0		0		0		24		4		302685		0
qmuxd_port_wl_0	284		284		0		0		0		76		3		351250		0
rmt_storage_-1236802816	3		3		0		0		0		89		71		6440		0
rmt_storage_-1236803456	3		3		0		0		0		242		171		115999		0
ipc0000000e_sensors.qcom	0		0		0		0		0		0		0		5605		0
ipc0000000b_sensors.qcom	45		45		0		0		0		3		1		116002		0
ipc0000000a_sensors.qcom	3		3		0		0		0		5		5		302377		0
ipc_rtr_smd_ipcrtr	180		188		0		0		0		3		0		116001		0
radio-interface	12		42		0		0		0		19664		4996		303679		0
taiko-slim-pgd	0		0		0		0		0		0		0		3629		0
ipc00000009_rmt_storage	45		45		0		0		0		4		1		116002		0
ipc00000008_rmt_storage	11		11		0		0		0		1		0		115828		0
ipc00000007_time_daemon	0		0		0		0		0		0		0		3524		0
ipc00000006_time_daemon	45		45		0		0		0		4		1		116002		0
ipc00000005_time_daemon	0		0		0		0		0		0		0		3523		0
ipc00000004_sensors.qcom	45		45		0		0		0		7		1		116002		0
ipc00000003_sensors.qcom	54		59		0		0		0		22		11		12546		0
smdcntl0    	221		490		0		0		0		94		13		351250		0
ipc00000001_kworker/0:3	14		14		0		0		0		0		0		352256		0
ipc_rtr_q6_ipcrtr	2940		2955		0		0		0		79		3		352866		0
ear_hook    	0		0		0		0		0		0		0		2178		0
power-supply	1		1		0		0		0		0		0		2165		0
batt_tm_wake_lock	0		0		0		0		0		0		0		2165		0
gpio_keys.70	0		0		0		0		0		0		0		2165		0
wlan_wd_wake	320		320		0		0		0		27127		872		352230		0
wlan_ctrl_wake	11		105		0		11		0		9593		1227		344960		0
wlan_rx_wake	138		732		0		138		0		91767		4083		351950		0
wlan_wake   	1182		1182		0		0		0		5155		903		352173		0
qpnp-chg-eoc-lock	0		0		0		0		0		0		0		1673		0
qpnp-charger-ee169a00	0		0		0		0		0		0		0		1673		0
max17048_alert	2		2		0		0		0		44		26		198579		0
power-supply	7		7		0		0		0		156		36		337601		0
bam_dmux_wakelock	2		2		0		0		0		4001		2001		10366		0
mmc1_detect 	1		1		0		1		0		495		495		2320		0
mmc0        	0		0		0		0		0		0		0		1601		0
mmc0        	0		0		0		0		0		0		0		1601		0
mmc0_detect 	1		1		0		1		0		495		495		2550		0
bluesleep   	0		0		0		0		0		0		0		1595		0
qpnp-iadc-ee16a400	30		30		0		0		0		148		8		337682		0
qpnp-vadc-ee16a200	74		74		0		0		0		459		23		337677		0
extra_chg_lock	0		0		0		0		0		0		0		1541		0
bq24192irq  	4		10		0		4		0		11716		4016		339580		0
icl_wake_lock	0		0		0		0		0		0		0		1541		0
bq24192     	0		0		0		0		0		0		0		1541		0
power-supply	9		17		0		0		0		176		57		337589		0
power-supply	1		1		0		0		0		0		0		1532		0
qpnp-rtc-ee16a000	0		0		0		0		0		0		0		1216		0
alarm       	14		53		0		0		0		461		107		309261		0
alarm_rtc   	2		2		0		0		0		0		0		143487		0
power-supply	1		1		0		0		0		0		0		1215		0
msm_dwc3    	3		3		0		0		21039		349881		326696		331830		0
NFCWAKE     	34		35		0		0		0		90		15		303986		0
slimport_wake_lock	1		1		0		1		0		1991		1991		33880		0
power-supply	7		13		0		0		0		12		4		331984		0
diag_nrt_wcnss_read	0		0		0		0		0		0		0		925		0
diag_nrt_lpass_read	0		0		0		0		0		0		0		925		0
diag_nrt_modem_read	0		0		0		0		0		0		0		925		0
msm_serial_hs_dma	0		0		0		0		0		0		0		919		0
msm_serial_hs_rx	0		0		0		0		0		0		0		919		0
qmi2        	0		0		0		0		0		0		0		833		0
qmi1        	0		0		0		0		0		0		0		833		0
qmi0        	0		0		0		0		0		0		0		833		0
ssr(venus)  	0		0		0		0		0		0		0		831		0
pil-venus   	9		9		0		0		0		470		59		23214		0
ssr(modem)  	0		0		0		0		0		0		0		829		0
pil-modem   	1		1		0		0		0		106		106		5589		0
pil-mba     	1		1		0		0		0		2188		2188		5593		0
ssr(adsp)   	0		0		0		0		0		0		0		827		0
pil-adsp    	1		1		0		0		0		188		188		3207		0
qpnp-power-on-ee168e00	0		0		0		0		0		0		0		700		0
msm_tsens_lock	0		0		0		0		0		0		0		170		0
smsm_snapshot	9		9		0		0		0		11		10		10366		0
autosleep   	0		0		0		0		0		0		0		40		0

------ KERNEL CPUFREQ (/sys/devices/system/cpu/cpu0/cpufreq/stats/time_in_state) ------
300000 23815
422400 104
652800 72
729600 0
883200 34
960000 1439
1036800 28
1190400 66
1267200 1959
1497600 110
1574400 20
1728000 47
1958400 76
2265600 7357

------ KERNEL SYNC (/d/sync: 1970-01-01 08:00:01) ------
objs:
--------------
mdss_fb0_retire sw_sync: 1537
  pt signaled@352.857900: 1537
  pt active: 1538

mdss_fb_0 sw_sync: 1538
  pt signaled@45.275595: 511
  pt signaled@304.649531: 910
  pt signaled@304.666168: 911
  pt signaled@340.015194: 957
  pt signaled@340.031873: 958
  pt signaled@351.037522: 1430
  pt active: 1539
  pt active: 1540
  pt active: 1540
  pt active: 1540
  pt active: 1540

mdss_fb_1 sw_sync: 0

mdss_fb_2 sw_sync: 0

kgsl-timeline kgsl-timeline
  pt signaled@22.650358
  pt signaled@85.454300
  pt signaled@304.639544
  pt signaled@304.656144
  pt signaled@339.986175
  pt signaled@340.002793
  pt signaled@340.019066
  pt signaled@351.027290
  pt signaled@352.863631
  pt signaled@352.864201

kgsl-timeline kgsl-timeline

kgsl-timeline kgsl-timeline
  pt signaled@304.633259
  pt signaled@304.639545
  pt signaled@304.656145
  pt signaled@351.019581
  pt signaled@351.027291
  pt signaled@352.864256
  pt signaled@352.864283

kgsl-timeline kgsl-timeline
  pt signaled@29.466119

kgsl-timeline kgsl-timeline

kgsl-timeline kgsl-timeline

kgsl-timeline kgsl-timeline
  pt signaled@352.844318
  pt signaled@352.860951
  pt signaled@352.863632
  pt signaled@352.864231

fences:
--------------
[ecb1ea80] StrictModeFlash:0: signaled
  kgsl-timeline_pt signaled@22.650358

[ebe47080] kgsl-fence: signaled
  kgsl-timeline_pt signaled@29.466119

[ecbc0400] StrictModeFlash:1: signaled
  mdss_fb_0_pt signaled@45.275595: 511 / 1538

[ecbabf80] kgsl-fence: signaled
  kgsl-timeline_pt signaled@85.454300

[ec854100] kgsl-fence: signaled
  kgsl-timeline_pt signaled@304.633259

[ebff0b00] NavigationBar:2: signaled
  kgsl-timeline_pt signaled@304.639544
  kgsl-timeline_pt signaled@304.639545
  mdss_fb_0_pt signaled@304.649531: 910 / 1538

[ea64e700] NavigationBar:0: signaled
  kgsl-timeline_pt signaled@304.656144
  kgsl-timeline_pt signaled@304.656145
  mdss_fb_0_pt signaled@304.666168: 911 / 1538

[eae8aa00] FramebufferSurface:0: signaled
  mdss_fb_0_pt signaled@340.015194: 957 / 1538
  kgsl-timeline_pt signaled@339.986175

[ed25ac00] FramebufferSurface:1: signaled
  mdss_fb_0_pt signaled@340.031873: 958 / 1538
  kgsl-timeline_pt signaled@340.002793

[ed25a900] kgsl-fence: signaled
  kgsl-timeline_pt signaled@340.019066

[ec1c3f00] kgsl-fence: signaled
  kgsl-timeline_pt signaled@351.019581

[eb2e6300] StatusBar:1: signaled
  kgsl-timeline_pt signaled@351.027290
  mdss_fb_0_pt signaled@351.037522: 1430 / 1538
  kgsl-timeline_pt signaled@351.027291

[e9ce2d00] kgsl-fence: signaled
  kgsl-timeline_pt signaled@352.844318

[e9ce2080] mdp-retire: signaled
  mdss_fb0_retire_pt signaled@352.857900: 1537 / 1537

[ed257400] kgsl-fence: signaled
  kgsl-timeline_pt signaled@352.860951

[ea6c4200] com.zhihu.android/com.zhihu.:1: active
  kgsl-timeline_pt signaled@352.863631
  kgsl-timeline_pt signaled@352.863632
  mdss_fb_0_pt active: 1539 / 1538

[e9ce2a80] mdp-retire: active
  mdss_fb0_retire_pt active: 1538 / 1537

[e9ce2280] FramebufferSurface:0: active
  kgsl-timeline_pt signaled@352.864201
  mdss_fb_0_pt active: 1540 / 1538

[e9ce2300] com.zhihu.android/com.zhihu.:2: active
  mdss_fb_0_pt active: 1540 / 1538
  kgsl-timeline_pt signaled@352.864231

[e9ce2200] StatusBar:0: active
  kgsl-timeline_pt signaled@352.864256
  mdss_fb_0_pt active: 1540 / 1538

[e9ce2880] NavigationBar:1: active
  mdss_fb_0_pt active: 1540 / 1538
  kgsl-timeline_pt signaled@352.864283


------ KERNEL BLUEDROID (/d/bluedroid: 1970-01-01 08:00:01) ------
1492053523.669195: current time
host can sleep: 0
BT_EXT_WAKE bit: 0
bsi->uport not null 0









------ PROCESSES (ps -P) ------
USER     PID   PPID  VSIZE  RSS    PCY  WCHAN    PC        NAME
root      1     0     8856   720   fg  ffffffff 00000000 S /init
root      2     0     0      0     fg  ffffffff 00000000 S kthreadd
root      3     2     0      0     fg  ffffffff 00000000 S ksoftirqd/0
root      5     2     0      0     fg  ffffffff 00000000 S kworker/0:0H
root      6     2     0      0     fg  ffffffff 00000000 S kworker/u:0
root      7     2     0      0     fg  ffffffff 00000000 D kworker/u:0H
root      8     2     0      0     fg  ffffffff 00000000 S migration/0
root      13    2     0      0     fg  ffffffff 00000000 S khelper
root      14    2     0      0     fg  ffffffff 00000000 S netns
root      15    2     0      0     fg  ffffffff 00000000 S kworker/0:1
root      17    2     0      0     fg  ffffffff 00000000 S kworker/0:1H
root      18    2     0      0     fg  ffffffff 00000000 S modem_notifier
root      19    2     0      0     fg  ffffffff 00000000 S smd_channel_clo
root      20    2     0      0     fg  ffffffff 00000000 S smsm_cb_wq
root      22    2     0      0     fg  ffffffff 00000000 S rpm-smd
root      23    2     0      0     fg  ffffffff 00000000 S kworker/u:1H
root      24    2     0      0     fg  ffffffff 00000000 S irq/317-earjack
root      25    2     0      0     fg  ffffffff 00000000 S sync_supers
root      26    2     0      0     fg  ffffffff 00000000 S bdi-default
root      27    2     0      0     fg  ffffffff 00000000 S kblockd
root      28    2     0      0     fg  ffffffff 00000000 S vmalloc
root      29    2     0      0     fg  ffffffff 00000000 S khubd
root      30    2     0      0     fg  ffffffff 00000000 S irq/102-msm_iom
root      31    2     0      0     fg  ffffffff 00000000 S irq/102-msm_iom
root      32    2     0      0     fg  ffffffff 00000000 S irq/102-msm_iom
root      33    2     0      0     fg  ffffffff 00000000 S irq/79-msm_iomm
root      34    2     0      0     fg  ffffffff 00000000 S irq/78-msm_iomm
root      35    2     0      0     fg  ffffffff 00000000 S irq/78-msm_iomm
root      36    2     0      0     fg  ffffffff 00000000 S irq/74-msm_iomm
root      37    2     0      0     fg  ffffffff 00000000 S irq/75-msm_iomm
root      38    2     0      0     fg  ffffffff 00000000 S irq/75-msm_iomm
root      39    2     0      0     fg  ffffffff 00000000 S irq/75-msm_iomm
root      40    2     0      0     fg  ffffffff 00000000 S irq/75-msm_iomm
root      41    2     0      0     fg  ffffffff 00000000 S irq/273-msm_iom
root      42    2     0      0     fg  ffffffff 00000000 S irq/273-msm_iom
root      43    2     0      0     fg  ffffffff 00000000 S irq/97-msm_iomm
root      44    2     0      0     fg  ffffffff 00000000 S irq/97-msm_iomm
root      45    2     0      0     fg  ffffffff 00000000 S irq/97-msm_iomm
root      46    2     0      0     fg  ffffffff 00000000 S l2cap
root      47    2     0      0     fg  ffffffff 00000000 S a2mp
root      48    2     0      0     fg  ffffffff 00000000 S cfg80211
root      50    2     0      0     fg  ffffffff 00000000 S qmi
root      51    2     0      0     fg  ffffffff 00000000 S nmea
root      52    2     0      0     fg  ffffffff 00000000 S msm_ipc_router
root      53    2     0      0     fg  ffffffff 00000000 S apr_driver
root      55    2     0      0     fg  ffffffff 00000000 S kswapd0
root      56    2     0      0     fg  ffffffff 00000000 S fsnotify_mark
root      57    2     0      0     fg  ffffffff 00000000 S cifsiod
root      58    2     0      0     fg  ffffffff 00000000 S crypto
root      76    2     0      0     fg  ffffffff 00000000 S ad_calc_wq
root      77    2     0      0     fg  ffffffff 00000000 S hdmi_tx_workq
root      78    2     0      0     fg  ffffffff 00000000 S anx7808_work
root      79    2     0      0     fg  ffffffff 00000000 S k_hsuart
root      80    2     0      0     fg  ffffffff 00000000 S diag_wq
root      81    2     0      0     fg  ffffffff 00000000 S diag_cntl_wq
root      82    2     0      0     fg  ffffffff 00000000 S diag_dci_wq
root      83    2     0      0     fg  ffffffff 00000000 S kgsl-3d0
root      85    2     0      0     fg  ffffffff 00000000 S f9966000.spi
root      89    2     0      0     fg  ffffffff 00000000 S usbnet
root      90    2     0      0     fg  ffffffff 00000000 S irq/329-anx7808
root      91    2     0      0     fg  ffffffff 00000000 S k_rmnet_mux_wor
root      92    2     0      0     fg  ffffffff 00000000 S f_mtp
root      93    2     0      0     fg  ffffffff 00000000 S file-storage
root      94    2     0      0     fg  ffffffff 00000000 S uether
root      95    2     0      0     fg  ffffffff 00000000 S synaptics_wq
root      96    2     0      0     fg  ffffffff 00000000 S irq/362-s3350
root      97    2     0      0     fg  ffffffff 00000000 S msm_vidc_worker
root      98    2     0      0     fg  ffffffff 00000000 S msm_vidc_worker
root      100   2     0      0     fg  ffffffff 00000000 S msm_cpp_workque
root      101   2     0      0     fg  ffffffff 00000000 S irq/350-bq51013
root      103   2     0      0     fg  ffffffff 00000000 S dm_bufio_cache
root      104   2     0      0     fg  ffffffff 00000000 D dbs_sync/0
root      105   2     0      0     fg  ffffffff 00000000 D dbs_sync/1
root      106   2     0      0     fg  ffffffff 00000000 D dbs_sync/2
root      107   2     0      0     fg  ffffffff 00000000 D dbs_sync/3
root      108   2     0      0     fg  ffffffff 00000000 S cfinteractive
root      109   2     0      0     fg  ffffffff 00000000 S irq/170-msm_sdc
root      110   2     0      0     fg  ffffffff 00000000 S binder
root      111   2     0      0     fg  ffffffff 00000000 S usb_bam_wq
root      112   2     0      0     fg  ffffffff 00000000 S krfcommd
root      113   2     0      0     fg  ffffffff 00000000 S bam_dmux_rx
root      114   2     0      0     fg  ffffffff 00000000 S bam_dmux_tx
root      115   2     0      0     fg  ffffffff 00000000 S rq_stats
root      116   2     0      0     fg  ffffffff 00000000 S deferwq
root      117   2     0      0     fg  ffffffff 00000000 S kworker/u:3
root      118   2     0      0     fg  ffffffff 00000000 S irq/361-MAX1704
root      119   2     0      0     fg  ffffffff 00000000 S kworker/0:3
root      120   2     0      0     fg  ffffffff 00000000 S mmcqd/1
root      121   2     0      0     fg  ffffffff 00000000 S mmcqd/1rpmb
root      122   2     0      0     fg  ffffffff 00000000 S wl_event_handle
root      123   2     0      0     fg  ffffffff 00000000 S dhd_watchdog_th
root      124   2     0      0     fg  ffffffff 00000000 S dhd_dpc
root      125   2     0      0     fg  ffffffff 00000000 S dhd_rxf
root      126   2     0      0     fg  ffffffff 00000000 S dhd_sysioc
root      127   2     0      0     fg  ffffffff 00000000 S vibrator
root      128   2     0      0     fg  ffffffff 00000000 S max1462x
root      129   2     0      0     fg  ffffffff 00000000 S irq/310-maxim_m
root      130   2     0      0     fg  ffffffff 00000000 S irq/311-maxim_m
root      131   1     8852   580   fg  ffffffff 00000000 S /sbin/ueventd
root      133   2     0      0     fg  ffffffff 00000000 S jbd2/mmcblk0p25
root      134   2     0      0     fg  ffffffff 00000000 S ext4-dio-unwrit
root      137   2     0      0     fg  ffffffff 00000000 S flush-179:0
root      139   2     0      0     fg  ffffffff 00000000 S jbd2/mmcblk0p28
root      140   2     0      0     fg  ffffffff 00000000 S ext4-dio-unwrit
root      144   2     0      0     fg  ffffffff 00000000 S jbd2/mmcblk0p27
root      145   2     0      0     fg  ffffffff 00000000 S ext4-dio-unwrit
root      146   2     0      0     fg  ffffffff 00000000 S jbd2/mmcblk0p16
root      147   2     0      0     fg  ffffffff 00000000 S ext4-dio-unwrit
root      169   2     0      0     fg  ffffffff 00000000 S IPCRTR
root      170   2     0      0     fg  ffffffff 00000000 S ipc_rtr_q6_ipcr
root      171   2     0      0     fg  ffffffff 00000000 S sb-1
root      172   2     0      0     fg  ffffffff 00000000 S ngd_msm_ctrl_ng
logd      175   1     27848  1896  fg  ffffffff 00000000 S /system/bin/logd
root      176   1     9832   304   fg  ffffffff 00000000 S /sbin/healthd
root      177   2     0      0     fg  ffffffff 00000000 S msm_slim_qmi_cl
root      178   2     0      0     fg  ffffffff 00000000 S msm_qmi_rtx_q
root      179   1     10620  1104  fg  ffffffff 00000000 S /system/bin/lmkd
system    180   1     9452   660   fg  ffffffff 00000000 S /system/bin/servicemanager
root      181   1     18028  1748  fg  ffffffff 00000000 S /system/bin/vold
system    182   1     113896 10924 fg  ffffffff 00000000 S /system/bin/surfaceflinger
nobody    185   1     19792  956   fg  ffffffff 00000000 S /system/bin/rmt_storage
shell     187   1     9316   736   fg  c0475934 b6ea21f8 S /system/bin/sh
root      188   1     9200   380   fg  ffffffff 00000000 S /system/bin/subsystem_ramdump
root      189   1     22828  1324  fg  ffffffff 00000000 S /system/bin/netd
root      190   1     10108  1352  fg  ffffffff 00000000 S /system/bin/debuggerd
radio     191   1     35984  5408  fg  ffffffff 00000000 S /system/bin/rild
drm       192   1     23300  4000  fg  ffffffff 00000000 S /system/bin/drmserver
media     193   1     136648 10680 fg  ffffffff 00000000 S /system/bin/mediaserver
install   194   1     9408   688   fg  ffffffff 00000000 S /system/bin/installd
keystore  195   1     12536  1652  fg  ffffffff 00000000 S /system/bin/keystore
radio     196   1     18856  680   fg  ffffffff 00000000 S /system/bin/bridgemgrd
radio     197   1     24060  788   fg  ffffffff 00000000 S /system/bin/qmuxd
radio     198   1     20036  808   fg  ffffffff 00000000 S /system/bin/netmgrd
nobody    199   1     59912  1944  fg  ffffffff 00000000 S /system/bin/sensors.qcom
root      203   1     1456448 60312 fg  ffffffff 00000000 S zygote
media_rw  204   1     15400  416   fg  ffffffff 00000000 S /system/bin/sdcard
camera    205   1     16300  4904  fg  ffffffff 00000000 S /system/bin/mm-qcamera-daemon
system    206   1     20500  1284  fg  ffffffff 00000000 S /system/bin/time_daemon
root      207   1     28244  300   fg  ffffffff 00000000 R /sbin/adbd
root      211   2     0      0     fg  ffffffff 00000000 S irq/288-wcd9xxx
root      247   2     0      0     fg  ffffffff 00000000 S kauditd
root      335   2     0      0     fg  ffffffff 00000000 D mdss_fb0
root      512   2     0      0     fg  ffffffff 00000000 S IPCRTR
root      513   2     0      0     fg  ffffffff 00000000 S ipc_rtr_smd_ipc
system    709   203   1646364 89364 fg  ffffffff 00000000 S system_server
u0_a13    852   203   1534904 72168 fg  ffffffff 00000000 S com.android.systemui
u0_a5     869   203   1468912 45968 bg  ffffffff 00000000 S android.process.media
wifi      884   1     12568  2600  fg  ffffffff 00000000 S /system/bin/wpa_supplicant
system    977   203   1482024 42768 bg  ffffffff 00000000 S com.android.settings
u0_a34    1061  203   1514804 58608 bg  ffffffff 00000000 S com.android.inputmethod.latin
nfc       1147  203   1485120 45432 fg  ffffffff 00000000 S com.android.nfc
radio     1175  203   1493684 55216 fg  ffffffff 00000000 S com.android.phone
u0_a35    1214  203   1514320 62464 bg  ffffffff 00000000 S com.android.launcher3
u0_a46    1236  203   1466824 40188 bg  ffffffff 00000000 S com.android.printspooler
u0_a2     1259  203   1470988 45856 bg  ffffffff 00000000 S android.process.acore
u0_a52    1305  203   1464872 39308 fg  ffffffff 00000000 S com.android.smspush
root      1485  1     20256  884   fg  ffffffff 00000000 S /system/bin/mpdecision
system    1503  203   1465984 39168 bg  ffffffff 00000000 S com.android.keychain
u0_a4     1555  203   1470068 40816 bg  ffffffff 00000000 S com.android.dialer
u0_a1     1588  203   1466544 43344 bg  ffffffff 00000000 S com.android.providers.calendar
u0_a7     1616  203   1465564 39780 bg  ffffffff 00000000 S com.android.managedprovisioning
u0_a8     1651  203   1474892 43544 bg  ffffffff 00000000 S com.android.mms
u0_a10    1689  203   1464868 39376 bg  ffffffff 00000000 S com.android.onetimeinitializer
u0_a15    1717  203   1464980 39304 bg  ffffffff 00000000 S com.android.voicedialer
u0_a21    1736  203   1480020 42304 bg  ffffffff 00000000 S com.android.calendar
u0_a25    1763  203   1470056 43572 bg  ffffffff 00000000 S com.android.deskclock
u0_a28    1798  203   1481132 46408 bg  ffffffff 00000000 S com.android.email
u0_a29    1836  203   1471752 41500 bg  ffffffff 00000000 S com.android.exchange
u0_a54    1869  203   1648148 102804 fg  ffffffff 00000000 S com.zhihu.android
dhcp      1910  1     9344   656   fg  ffffffff 00000000 S /system/bin/dhcpcd
root      2130  2     0      0     fg  ffffffff 00000000 S kworker/u:4
root      2140  2     0      0     fg  ffffffff 00000000 S kworker/0:3H
root      2143  2     0      0     fg  ffffffff 00000000 S kworker/u:6
root      2144  2     0      0     fg  ffffffff 00000000 S kworker/u:7
root      2145  2     0      0     fg  ffffffff 00000000 S kworker/u:8
u0_a9     2492  203   1464968 39204 bg  ffffffff 00000000 S com.android.musicfx
root      2718  2     0      0     fg  ffffffff 00000000 S kworker/0:0
root      2723  2     0      0     fg  ffffffff 00000000 S kworker/0:2
root      2745  207   1295904 27572 fg  ffffffff 00000000 S com.android.commands.monkey
root      2747  2     0      0     fg  ffffffff 00000000 S migration/1
root      2748  2     0      0     fg  ffffffff 00000000 S kworker/1:0
root      2749  2     0      0     fg  ffffffff 00000000 S kworker/1:0H
root      2750  2     0      0     fg  ffffffff 00000000 S ksoftirqd/1
root      2751  2     0      0     fg  ffffffff 00000000 S kworker/1:1H
root      2752  2     0      0     fg  ffffffff 00000000 S kworker/1:2H
root      2767  2     0      0     fg  ffffffff 00000000 S kworker/1:1
root      2847  207   9224   600   fg  ffffffff 00000000 S logcat
root      2849  207   9204   624   fg  ffffffff 00000000 S logcat
root      2851  207   9224   604   fg  ffffffff 00000000 S logcat
root      2856  207   9204   624   fg  ffffffff 00000000 S logcat
root      2859  207   9204   624   fg  ffffffff 00000000 S logcat
root      2861  207   9316   620   fg  ffffffff 00000000 S /system/bin/sh
root      2863  207   9244   400   fg  ffffffff 00000000 S bugreport
shell     2868  1     9428   960   fg  ffffffff 00000000 S /system/bin/dumpstate
root      2869  2     0      0     fg  ffffffff 00000000 S kworker/1:2
root      2967  2     0      0     fg  ffffffff 00000000 S migration/2
root      2968  2     0      0     fg  ffffffff 00000000 S kworker/2:0
root      2969  2     0      0     fg  ffffffff 00000000 S kworker/2:0H
root      2970  2     0      0     fg  ffffffff 00000000 S ksoftirqd/2
root      2971  2     0      0     fg  ffffffff 00000000 S kworker/2:1H
root      2972  2     0      0     fg  ffffffff 00000000 S kworker/2:2H
root      2974  2     0      0     fg  ffffffff 00000000 S kworker/2:1
root      2975  2     0      0     fg  ffffffff 00000000 S migration/3
root      2976  2     0      0     fg  ffffffff 00000000 S kworker/3:0
root      2977  2     0      0     fg  ffffffff 00000000 S kworker/3:0H
root      2978  2     0      0     fg  ffffffff 00000000 S ksoftirqd/3
root      2979  2     0      0     fg  ffffffff 00000000 S kworker/3:1H
root      2980  2     0      0     fg  ffffffff 00000000 S kworker/3:2H
root      2982  207   11208  1004  fg  ffffffff 00000000 S dumpsys
root      2986  207   11208  1004  fg  ffffffff 00000000 S dumpsys
root      2994  207   9184   960   fg  ffffffff 00000000 R procrank
root      2998  207   11208  1004  fg  ffffffff 00000000 S dumpsys
root      3003  2     0      0     fg  ffffffff 00000000 S kworker/3:1
shell     3008  2868  10672  1020  fg  00000000 b6f571f8 R ps
[ps: 0.100s elapsed]

------ PROCESSES AND THREADS (ps -t -p -P) ------
USER     PID   PPID  VSIZE  RSS   PRIO  NICE  RTPRI SCHED  PCY  WCHAN    PC        NAME
root      1     0     8856   720   20    0     0     0     fg  ffffffff 00000000 S /init
root      2     0     0      0     -2    0     1     1     fg  ffffffff 00000000 S kthreadd
root      3     2     0      0     20    0     0     0     fg  ffffffff 00000000 S ksoftirqd/0
root      5     2     0      0     0     -20   0     0     fg  ffffffff 00000000 S kworker/0:0H
root      6     2     0      0     20    0     0     0     fg  ffffffff 00000000 S kworker/u:0
root      7     2     0      0     0     -20   0     0     fg  ffffffff 00000000 D kworker/u:0H
root      8     2     0      0     -100  0     99    1     fg  ffffffff 00000000 S migration/0
root      13    2     0      0     0     -20   0     0     fg  ffffffff 00000000 S khelper
root      14    2     0      0     0     -20   0     0     fg  ffffffff 00000000 S netns
root      15    2     0      0     20    0     0     0     fg  ffffffff 00000000 S kworker/0:1
root      17    2     0      0     0     -20   0     0     fg  ffffffff 00000000 S kworker/0:1H
root      18    2     0      0     0     -20   0     0     fg  ffffffff 00000000 S modem_notifier
root      19    2     0      0     0     -20   0     0     fg  ffffffff 00000000 S smd_channel_clo
root      20    2     0      0     0     -20   0     0     fg  ffffffff 00000000 S smsm_cb_wq
root      22    2     0      0     0     -20   0     0     fg  ffffffff 00000000 S rpm-smd
root      23    2     0      0     0     -20   0     0     fg  ffffffff 00000000 S kworker/u:1H
root      24    2     0      0     -51   0     50    1     fg  ffffffff 00000000 S irq/317-earjack
root      25    2     0      0     20    0     0     0     fg  ffffffff 00000000 S sync_supers
root      26    2     0      0     20    0     0     0     fg  ffffffff 00000000 S bdi-default
root      27    2     0      0     0     -20   0     0     fg  ffffffff 00000000 S kblockd
root      28    2     0      0     20    0     0     5     fg  ffffffff 00000000 S vmalloc
root      29    2     0      0     20    0     0     0     fg  ffffffff 00000000 S khubd
root      30    2     0      0     -51   0     50    1     fg  ffffffff 00000000 S irq/102-msm_iom
root      31    2     0      0     -51   0     50    1     fg  ffffffff 00000000 S irq/102-msm_iom
root      32    2     0      0     -51   0     50    1     fg  ffffffff 00000000 S irq/102-msm_iom
root      33    2     0      0     -51   0     50    1     fg  ffffffff 00000000 S irq/79-msm_iomm
root      34    2     0      0     -51   0     50    1     fg  ffffffff 00000000 S irq/78-msm_iomm
root      35    2     0      0     -51   0     50    1     fg  ffffffff 00000000 S irq/78-msm_iomm
root      36    2     0      0     -51   0     50    1     fg  ffffffff 00000000 S irq/74-msm_iomm
root      37    2     0      0     -51   0     50    1     fg  ffffffff 00000000 S irq/75-msm_iomm
root      38    2     0      0     -51   0     50    1     fg  ffffffff 00000000 S irq/75-msm_iomm
root      39    2     0      0     -51   0     50    1     fg  ffffffff 00000000 S irq/75-msm_iomm
root      40    2     0      0     -51   0     50    1     fg  ffffffff 00000000 S irq/75-msm_iomm
root      41    2     0      0     -51   0     50    1     fg  ffffffff 00000000 S irq/273-msm_iom
root      42    2     0      0     -51   0     50    1     fg  ffffffff 00000000 S irq/273-msm_iom
root      43    2     0      0     -51   0     50    1     fg  ffffffff 00000000 S irq/97-msm_iomm
root      44    2     0      0     -51   0     50    1     fg  ffffffff 00000000 S irq/97-msm_iomm
root      45    2     0      0     -51   0     50    1     fg  ffffffff 00000000 S irq/97-msm_iomm
root      46    2     0      0     0     -20   0     0     fg  ffffffff 00000000 S l2cap
root      47    2     0      0     0     -20   0     0     fg  ffffffff 00000000 S a2mp
root      48    2     0      0     0     -20   0     0     fg  ffffffff 00000000 S cfg80211
root      50    2     0      0     0     -20   0     0     fg  ffffffff 00000000 S qmi
root      51    2     0      0     0     -20   0     0     fg  ffffffff 00000000 S nmea
root      52    2     0      0     0     -20   0     0     fg  ffffffff 00000000 S msm_ipc_router
root      53    2     0      0     0     -20   0     0     fg  ffffffff 00000000 S apr_driver
root      55    2     0      0     20    0     0     0     fg  ffffffff 00000000 S kswapd0
root      56    2     0      0     20    0     0     0     fg  ffffffff 00000000 S fsnotify_mark
root      57    2     0      0     0     -20   0     0     fg  ffffffff 00000000 S cifsiod
root      58    2     0      0     0     -20   0     0     fg  ffffffff 00000000 S crypto
root      76    2     0      0     0     -20   0     0     fg  ffffffff 00000000 S ad_calc_wq
root      77    2     0      0     0     -20   0     0     fg  ffffffff 00000000 S hdmi_tx_workq
root      78    2     0      0     0     -20   0     0     fg  ffffffff 00000000 S anx7808_work
root      79    2     0      0     0     -20   0     0     fg  ffffffff 00000000 S k_hsuart
root      80    2     0      0     0     -20   0     0     fg  ffffffff 00000000 S diag_wq
root      81    2     0      0     0     -20   0     0     fg  ffffffff 00000000 S diag_cntl_wq
root      82    2     0      0     0     -20   0     0     fg  ffffffff 00000000 S diag_dci_wq
root      83    2     0      0     0     -20   0     0     fg  ffffffff 00000000 S kgsl-3d0
root      85    2     0      0     0     -20   0     0     fg  ffffffff 00000000 S f9966000.spi
root      89    2     0      0     0     -20   0     0     fg  ffffffff 00000000 S usbnet
root      90    2     0      0     -51   0     50    1     fg  ffffffff 00000000 S irq/329-anx7808
root      91    2     0      0     0     -20   0     0     fg  ffffffff 00000000 S k_rmnet_mux_wor
root      92    2     0      0     0     -20   0     0     fg  ffffffff 00000000 S f_mtp
root      93    2     0      0     20    0     0     0     fg  ffffffff 00000000 S file-storage
root      94    2     0      0     0     -20   0     0     fg  ffffffff 00000000 S uether
root      95    2     0      0     0     -20   0     0     fg  ffffffff 00000000 S synaptics_wq
root      96    2     0      0     -51   0     50    1     fg  ffffffff 00000000 S irq/362-s3350
root      97    2     0      0     0     -20   0     0     fg  ffffffff 00000000 S msm_vidc_worker
root      98    2     0      0     0     -20   0     0     fg  ffffffff 00000000 S msm_vidc_worker
root      100   2     0      0     0     -20   0     0     fg  ffffffff 00000000 S msm_cpp_workque
root      101   2     0      0     -51   0     50    1     fg  ffffffff 00000000 S irq/350-bq51013
root      103   2     0      0     0     -20   0     0     fg  ffffffff 00000000 S dm_bufio_cache
root      104   2     0      0     20    0     0     0     fg  ffffffff 00000000 D dbs_sync/0
root      105   2     0      0     20    0     0     0     fg  ffffffff 00000000 D dbs_sync/1
root      106   2     0      0     20    0     0     0     fg  ffffffff 00000000 D dbs_sync/2
root      107   2     0      0     20    0     0     0     fg  ffffffff 00000000 D dbs_sync/3
root      108   2     0      0     -100  0     99    1     fg  ffffffff 00000000 S cfinteractive
root      109   2     0      0     -51   0     50    1     fg  ffffffff 00000000 S irq/170-msm_sdc
root      110   2     0      0     0     -20   0     0     fg  ffffffff 00000000 S binder
root      111   2     0      0     0     -20   0     0     fg  ffffffff 00000000 S usb_bam_wq
root      112   2     0      0     10    -10   0     0     fg  ffffffff 00000000 S krfcommd
root      113   2     0      0     0     -20   0     0     fg  ffffffff 00000000 S bam_dmux_rx
root      114   2     0      0     0     -20   0     0     fg  ffffffff 00000000 S bam_dmux_tx
root      115   2     0      0     0     -20   0     0     fg  ffffffff 00000000 S rq_stats
root      116   2     0      0     0     -20   0     0     fg  ffffffff 00000000 S deferwq
root      117   2     0      0     20    0     0     0     fg  ffffffff 00000000 S kworker/u:3
root      118   2     0      0     -51   0     50    1     fg  ffffffff 00000000 S irq/361-MAX1704
root      119   2     0      0     20    0     0     0     fg  ffffffff 00000000 S kworker/0:3
root      120   2     0      0     20    0     0     0     fg  ffffffff 00000000 S mmcqd/1
root      121   2     0      0     20    0     0     0     fg  ffffffff 00000000 S mmcqd/1rpmb
root      122   2     0      0     20    0     0     0     fg  ffffffff 00000000 S wl_event_handle
root      123   2     0      0     20    0     0     0     fg  ffffffff 00000000 S dhd_watchdog_th
root      124   2     0      0     20    0     0     0     fg  ffffffff 00000000 S dhd_dpc
root      125   2     0      0     20    0     0     0     fg  ffffffff 00000000 S dhd_rxf
root      126   2     0      0     20    0     0     0     fg  ffffffff 00000000 S dhd_sysioc
root      127   2     0      0     0     -20   0     0     fg  ffffffff 00000000 S vibrator
root      128   2     0      0     0     -20   0     0     fg  ffffffff 00000000 S max1462x
root      129   2     0      0     -51   0     50    1     fg  ffffffff 00000000 S irq/310-maxim_m
root      130   2     0      0     -51   0     50    1     fg  ffffffff 00000000 S irq/311-maxim_m
root      131   1     8852   580   20    0     0     0     fg  ffffffff 00000000 S /sbin/ueventd
root      133   2     0      0     20    0     0     0     fg  ffffffff 00000000 S jbd2/mmcblk0p25
root      134   2     0      0     0     -20   0     0     fg  ffffffff 00000000 S ext4-dio-unwrit
root      137   2     0      0     20    0     0     0     fg  ffffffff 00000000 S flush-179:0
root      139   2     0      0     20    0     0     0     fg  ffffffff 00000000 S jbd2/mmcblk0p28
root      140   2     0      0     0     -20   0     0     fg  ffffffff 00000000 S ext4-dio-unwrit
root      144   2     0      0     20    0     0     0     fg  ffffffff 00000000 S jbd2/mmcblk0p27
root      145   2     0      0     0     -20   0     0     fg  ffffffff 00000000 S ext4-dio-unwrit
root      146   2     0      0     20    0     0     0     fg  ffffffff 00000000 S jbd2/mmcblk0p16
root      147   2     0      0     0     -20   0     0     fg  ffffffff 00000000 S ext4-dio-unwrit
root      169   2     0      0     0     -20   0     0     fg  ffffffff 00000000 S IPCRTR
root      170   2     0      0     0     -20   0     0     fg  ffffffff 00000000 S ipc_rtr_q6_ipcr
root      171   2     0      0     0     -20   0     0     fg  ffffffff 00000000 S sb-1
root      172   2     0      0     20    0     0     0     fg  ffffffff 00000000 S ngd_msm_ctrl_ng
logd      175   1     27848  1896  20    0     0     3     fg  ffffffff 00000000 S /system/bin/logd
logd      244   175   27848  1896  20    0     0     3     fg  ffffffff 00000000 S logd.reader
logd      245   175   27848  1896  20    0     0     3     fg  ffffffff 00000000 S logd.writer
logd      246   175   27848  1896  20    0     0     3     fg  ffffffff 00000000 S logd
logd      254   175   27848  1896  20    0     0     3     fg  ffffffff 00000000 S logd
logd      2855  175   27848  1896  20    0     0     3     fg  ffffffff 00000000 S logd.reader.per
logd      2858  175   27848  1896  20    0     0     3     fg  ffffffff 00000000 S logd.reader.per
logd      2865  175   27848  1896  20    0     0     3     fg  ffffffff 00000000 S logd.reader.per
logd      2866  175   27848  1896  20    0     0     3     fg  ffffffff 00000000 S logd.reader.per
logd      2867  175   27848  1896  20    0     0     3     fg  ffffffff 00000000 S logd.reader.per
root      176   1     9832   304   20    0     0     0     fg  ffffffff 00000000 S /sbin/healthd
root      177   2     0      0     20    0     0     0     fg  ffffffff 00000000 S msm_slim_qmi_cl
root      178   2     0      0     0     -20   0     0     fg  ffffffff 00000000 S msm_qmi_rtx_q
root      179   1     10620  1104  -2    0     1     1     fg  ffffffff 00000000 S /system/bin/lmkd
system    180   1     9452   660   20    0     0     0     fg  ffffffff 00000000 S /system/bin/servicemanager
root      181   1     18028  1748  20    0     0     0     fg  ffffffff 00000000 S /system/bin/vold
root      243   181   18028  1748  20    0     0     0     fg  ffffffff 00000000 S vold
root      255   181   18028  1748  20    0     0     0     fg  ffffffff 00000000 S vold
system    182   1     113896 10924 12    -8    0     0     fg  ffffffff 00000000 S /system/bin/surfaceflinger
system    257   182   113896 10924 20    0     0     0     fg  ffffffff 00000000 S Binder_1
system    258   182   113896 10924 11    -9    0     0     fg  ffffffff 00000000 S DispSync
system    259   182   113896 10924 20    0     0     0     fg  ffffffff 00000000 S Binder_2
system    336   182   113896 10924 12    -8    0     0     fg  ffffffff 00000000 S hwcUeventThread
system    337   182   113896 10924 11    -9    0     0     fg  ffffffff 00000000 S hwcVsyncThread
system    356   182   113896 10924 10    -10   0     0     fg  ffffffff 00000000 S GL updater
system    358   182   113896 10924 12    -8    0     0     fg  ffffffff 00000000 S surfaceflinger
system    359   182   113896 10924 11    -9    0     0     fg  ffffffff 00000000 S EventThread
system    360   182   113896 10924 12    -8    0     0     fg  ffffffff 00000000 S surfaceflinger
system    361   182   113896 10924 11    -9    0     0     fg  ffffffff 00000000 S EventThread
system    362   182   113896 10924 12    -8    0     0     fg  ffffffff 00000000 S EventControl
system    436   182   113896 10924 20    0     0     0     fg  ffffffff 00000000 S Binder_3
system    1442  182   113896 10924 20    0     0     0     fg  ffffffff 00000000 S Binder_4
system    2305  182   113896 10924 12    -8    0     0     fg  ffffffff 00000000 S surfaceflinger
nobody    185   1     19792  956   20    0     0     0     fg  ffffffff 00000000 S /system/bin/rmt_storage
nobody    519   185   19792  956   20    0     0     0     fg  ffffffff 00000000 S rmt_storage
nobody    520   185   19792  956   20    0     0     0     fg  ffffffff 00000000 S rmt_storage
nobody    521   185   19792  956   20    0     0     0     fg  ffffffff 00000000 S rmt_storage
nobody    522   185   19792  956   20    0     0     0     fg  ffffffff 00000000 S rmt_storage
shell     187   1     9316   736   20    0     0     0     fg  c0475934 b6ea21f8 S /system/bin/sh
root      188   1     9200   380   20    0     0     0     fg  ffffffff 00000000 S /system/bin/subsystem_ramdump
root      189   1     22828  1324  20    0     0     0     fg  ffffffff 00000000 S /system/bin/netd
root      504   189   22828  1324  20    0     0     0     fg  ffffffff 00000000 S netd
root      505   189   22828  1324  20    0     0     0     fg  ffffffff 00000000 S netd
root      506   189   22828  1324  20    0     0     0     fg  ffffffff 00000000 S netd
root      507   189   22828  1324  20    0     0     0     fg  ffffffff 00000000 S netd
root      508   189   22828  1324  20    0     0     0     fg  ffffffff 00000000 S netd
root      509   189   22828  1324  20    0     0     0     fg  ffffffff 00000000 S netd
root      510   189   22828  1324  20    0     0     0     fg  ffffffff 00000000 S netd
root      511   189   22828  1324  20    0     0     0     fg  ffffffff 00000000 S netd
root      190   1     10108  1352  20    0     0     0     fg  ffffffff 00000000 S /system/bin/debuggerd
radio     191   1     35984  5408  20    0     0     0     fg  ffffffff 00000000 S /system/bin/rild
radio     297   191   35984  5408  20    0     0     0     fg  ffffffff 00000000 S rild
radio     299   191   35984  5408  20    0     0     0     fg  ffffffff 00000000 S rild
radio     301   191   35984  5408  20    0     0     0     fg  ffffffff 00000000 S rild
radio     531   191   35984  5408  20    0     0     0     fg  ffffffff 00000000 S rild
radio     532   191   35984  5408  20    0     0     0     fg  ffffffff 00000000 S rild
radio     534   191   35984  5408  20    0     0     0     fg  ffffffff 00000000 S rild
radio     535   191   35984  5408  20    0     0     0     fg  ffffffff 00000000 S rild
radio     536   191   35984  5408  20    0     0     0     fg  ffffffff 00000000 S rild
radio     538   191   35984  5408  20    0     0     0     fg  ffffffff 00000000 S rild
radio     539   191   35984  5408  20    0     0     0     fg  ffffffff 00000000 S rild
radio     540   191   35984  5408  20    0     0     0     fg  ffffffff 00000000 S rild
radio     541   191   35984  5408  20    0     0     0     fg  ffffffff 00000000 S rild
drm       192   1     23300  4000  20    0     0     0     fg  ffffffff 00000000 S /system/bin/drmserver
drm       308   192   23300  4000  20    0     0     0     fg  ffffffff 00000000 S Binder_1
media     193   1     136648 10680 20    0     0     0     fg  ffffffff 00000000 S /system/bin/mediaserver
media     700   193   136648 10680 4     -16   0     0     fg  ffffffff 00000000 S ApmTone
media     701   193   136648 10680 4     -16   0     0     fg  ffffffff 00000000 S ApmAudio
media     702   193   136648 10680 4     -16   0     0     fg  ffffffff 00000000 S ApmOutput
media     703   193   136648 10680 20    0     0     0     fg  ffffffff 00000000 S mediaserver
media     704   193   136648 10680 -4    -19   3     1     fg  ffffffff 00000000 S FastMixer
media     800   193   136648 10680 1     -19   0     0     fg  ffffffff 00000000 S AudioOut_2
media     801   193   136648 10680 1     -19   0     0     fg  ffffffff 00000000 S AudioOut_4
media     802   193   136648 10680 -4    -19   3     1     fg  ffffffff 00000000 S FastMixer
media     805   193   136648 10680 1     -19   0     0     fg  ffffffff 00000000 S AudioOut_6
media     809   193   136648 10680 20    0     0     0     fg  ffffffff 00000000 S Binder_1
media     1044  193   136648 10680 20    0     0     0     fg  ffffffff 00000000 S Binder_2
media     1045  193   136648 10680 20    0     0     0     fg  ffffffff 00000000 S Binder_3
install   194   1     9408   688   20    0     0     0     fg  ffffffff 00000000 S /system/bin/installd
keystore  195   1     12536  1652  20    0     0     0     fg  ffffffff 00000000 S /system/bin/keystore
radio     196   1     18856  680   20    0     0     0     fg  ffffffff 00000000 S /system/bin/bridgemgrd
radio     215   196   18856  680   20    0     0     0     fg  ffffffff 00000000 S bridgemgrd
radio     542   196   18856  680   20    0     0     0     fg  ffffffff 00000000 S bridgemgrd
radio     543   196   18856  680   20    0     0     0     fg  ffffffff 00000000 S bridgemgrd
radio     985   196   18856  680   20    0     0     0     fg  ffffffff 00000000 S bridgemgrd
radio     197   1     24060  788   20    0     0     0     fg  ffffffff 00000000 S /system/bin/qmuxd
radio     214   197   24060  788   20    0     0     0     fg  ffffffff 00000000 S qmuxd
radio     523   197   24060  788   20    0     0     0     fg  ffffffff 00000000 S qmuxd
radio     524   197   24060  788   20    0     0     0     fg  ffffffff 00000000 S qmuxd
radio     525   197   24060  788   20    0     0     0     fg  ffffffff 00000000 S qmuxd
radio     526   197   24060  788   20    0     0     0     fg  ffffffff 00000000 S qmuxd
radio     527   197   24060  788   20    0     0     0     fg  ffffffff 00000000 S qmuxd
radio     528   197   24060  788   20    0     0     0     fg  ffffffff 00000000 S qmuxd
radio     529   197   24060  788   20    0     0     0     fg  ffffffff 00000000 S qmuxd
radio     530   197   24060  788   20    0     0     0     fg  ffffffff 00000000 S qmuxd
radio     198   1     20036  808   20    0     0     0     fg  ffffffff 00000000 S /system/bin/netmgrd
radio     217   198   20036  808   20    0     0     0     fg  ffffffff 00000000 S netmgrd
radio     679   198   20036  808   20    0     0     0     fg  ffffffff 00000000 S netmgrd
radio     680   198   20036  808   20    0     0     0     fg  ffffffff 00000000 S netmgrd
radio     681   198   20036  808   20    0     0     0     fg  ffffffff 00000000 S netmgrd
radio     682   198   20036  808   20    0     0     0     fg  ffffffff 00000000 S netmgrd
nobody    199   1     59912  1944  20    0     0     0     fg  ffffffff 00000000 S /system/bin/sensors.qcom
nobody    248   199   59912  1944  20    0     0     0     fg  ffffffff 00000000 S sensors.qcom
nobody    250   199   59912  1944  20    0     0     0     fg  ffffffff 00000000 S sensors.qcom
nobody    514   199   59912  1944  20    0     0     0     fg  ffffffff 00000000 S sensors.qcom
nobody    516   199   59912  1944  20    0     0     0     fg  ffffffff 00000000 S sensors.qcom
nobody    517   199   59912  1944  20    0     0     0     fg  ffffffff 00000000 S sensors.qcom
nobody    548   199   59912  1944  20    0     0     0     fg  ffffffff 00000000 S sensors.qcom
nobody    557   199   59912  1944  20    0     0     0     fg  ffffffff 00000000 S sensors.qcom
nobody    564   199   59912  1944  20    0     0     0     fg  ffffffff 00000000 S sensors.qcom
nobody    565   199   59912  1944  20    0     0     0     fg  ffffffff 00000000 S sensors.qcom
nobody    566   199   59912  1944  20    0     0     0     fg  ffffffff 00000000 S sensors.qcom
nobody    567   199   59912  1944  20    0     0     0     fg  ffffffff 00000000 S sensors.qcom
nobody    568   199   59912  1944  20    0     0     0     fg  ffffffff 00000000 S sensors.qcom
nobody    569   199   59912  1944  20    0     0     0     fg  ffffffff 00000000 S sensors.qcom
nobody    570   199   59912  1944  20    0     0     0     fg  ffffffff 00000000 S sensors.qcom
nobody    571   199   59912  1944  20    0     0     0     fg  ffffffff 00000000 S sensors.qcom
nobody    572   199   59912  1944  20    0     0     0     fg  ffffffff 00000000 S sensors.qcom
nobody    576   199   59912  1944  20    0     0     0     fg  ffffffff 00000000 S sensors.qcom
nobody    586   199   59912  1944  20    0     0     0     fg  ffffffff 00000000 S sensors.qcom
nobody    593   199   59912  1944  20    0     0     0     fg  ffffffff 00000000 S sensors.qcom
nobody    594   199   59912  1944  20    0     0     0     fg  ffffffff 00000000 S sensors.qcom
nobody    705   199   59912  1944  20    0     0     0     fg  ffffffff 00000000 S sensors.qcom
nobody    708   199   59912  1944  20    0     0     0     fg  ffffffff 00000000 S sensors.qcom
nobody    729   199   59912  1944  20    0     0     0     fg  ffffffff 00000000 S sensors.qcom
nobody    735   199   59912  1944  20    0     0     0     fg  ffffffff 00000000 S sensors.qcom
nobody    737   199   59912  1944  20    0     0     0     fg  ffffffff 00000000 S sensors.qcom
nobody    739   199   59912  1944  20    0     0     0     fg  ffffffff 00000000 S sensors.qcom
nobody    741   199   59912  1944  20    0     0     0     fg  ffffffff 00000000 S sensors.qcom
nobody    743   199   59912  1944  20    0     0     0     fg  ffffffff 00000000 S sensors.qcom
nobody    745   199   59912  1944  20    0     0     0     fg  ffffffff 00000000 S sensors.qcom
nobody    747   199   59912  1944  20    0     0     0     fg  ffffffff 00000000 S sensors.qcom
nobody    749   199   59912  1944  20    0     0     0     fg  ffffffff 00000000 S sensors.qcom
nobody    751   199   59912  1944  20    0     0     0     fg  ffffffff 00000000 S sensors.qcom
nobody    753   199   59912  1944  20    0     0     0     fg  ffffffff 00000000 S sensors.qcom
nobody    755   199   59912  1944  20    0     0     0     fg  ffffffff 00000000 S sensors.qcom
nobody    757   199   59912  1944  20    0     0     0     fg  ffffffff 00000000 S sensors.qcom
nobody    759   199   59912  1944  20    0     0     0     fg  ffffffff 00000000 S sensors.qcom
nobody    761   199   59912  1944  20    0     0     0     fg  ffffffff 00000000 S sensors.qcom
nobody    763   199   59912  1944  20    0     0     0     fg  ffffffff 00000000 S sensors.qcom
nobody    765   199   59912  1944  20    0     0     0     fg  ffffffff 00000000 S sensors.qcom
nobody    767   199   59912  1944  20    0     0     0     fg  ffffffff 00000000 S sensors.qcom
nobody    769   199   59912  1944  20    0     0     0     fg  ffffffff 00000000 S sensors.qcom
nobody    830   199   59912  1944  20    0     0     0     fg  ffffffff 00000000 S sensors.qcom
nobody    843   199   59912  1944  20    0     0     0     fg  ffffffff 00000000 S sensors.qcom
root      203   1     1456448 60312 20    0     0     0     fg  ffffffff 00000000 S zygote
root      2496  203   1456448 60312 20    0     0     0     fg  ffffffff 00000000 S ReferenceQueueD
root      2508  203   1456448 60312 20    0     0     0     fg  ffffffff 00000000 S FinalizerDaemon
root      2510  203   1456448 60312 20    0     0     0     fg  ffffffff 00000000 S FinalizerWatchd
root      2514  203   1456448 60312 20    0     0     0     fg  ffffffff 00000000 S HeapTrimmerDaem
root      2516  203   1456448 60312 20    0     0     0     fg  ffffffff 00000000 S GCDaemon
media_rw  204   1     15400  416   20    0     0     0     fg  ffffffff 00000000 S /system/bin/sdcard
media_rw  212   204   15400  416   20    0     0     0     fg  ffffffff 00000000 S sdcard
media_rw  213   204   15400  416   20    0     0     0     fg  ffffffff 00000000 S sdcard
camera    205   1     16300  4904  20    0     0     0     fg  ffffffff 00000000 S /system/bin/mm-qcamera-daemon
system    206   1     20500  1284  20    0     0     0     fg  ffffffff 00000000 S /system/bin/time_daemon
system    252   206   20500  1284  20    0     0     0     fg  ffffffff 00000000 S time_daemon
system    515   206   20500  1284  20    0     0     0     fg  ffffffff 00000000 S time_daemon
system    544   206   20500  1284  20    0     0     0     fg  ffffffff 00000000 S time_daemon
system    545   206   20500  1284  20    0     0     0     fg  ffffffff 00000000 S time_daemon
system    546   206   20500  1284  20    0     0     0     fg  ffffffff 00000000 S time_daemon
root      207   1     28244  396   20    0     0     0     fg  ffffffff 00000000 S /sbin/adbd
root      208   207   28244  396   20    0     0     0     fg  ffffffff 00000000 S adbd
root      2721  207   28244  396   20    0     0     0     fg  ffffffff 00000000 S adbd
root      2722  207   28244  396   20    0     0     0     fg  ffffffff 00000000 S adbd
root      2746  207   28244  396   20    0     0     0     fg  ffffffff 00000000 S adbd
root      2848  207   28244  396   20    0     0     0     fg  ffffffff 00000000 S adbd
root      2850  207   28244  396   20    0     0     0     fg  ffffffff 00000000 S adbd
root      2852  207   28244  396   20    0     0     0     fg  ffffffff 00000000 S adbd
root      2857  207   28244  396   20    0     0     0     fg  ffffffff 00000000 S adbd
root      2860  207   28244  396   20    0     0     0     fg  ffffffff 00000000 S adbd
root      2862  207   28244  396   20    0     0     0     fg  ffffffff 00000000 S adbd
root      2864  207   28244  396   20    0     0     0     fg  ffffffff 00000000 S adbd
root      2983  207   28244  396   20    0     0     0     fg  ffffffff 00000000 S adbd
root      2987  207   28244  396   20    0     0     0     fg  ffffffff 00000000 S adbd
root      2995  207   28244  396   20    0     0     0     fg  ffffffff 00000000 S adbd
root      2999  207   28244  396   20    0     0     0     fg  ffffffff 00000000 S adbd
root      211   2     0      0     -51   0     50    1     fg  ffffffff 00000000 S irq/288-wcd9xxx
root      247   2     0      0     20    0     0     0     fg  ffffffff 00000000 S kauditd
root      335   2     0      0     -17   0     16    1     fg  ffffffff 00000000 D mdss_fb0
root      512   2     0      0     0     -20   0     0     fg  ffffffff 00000000 S IPCRTR
root      513   2     0      0     0     -20   0     0     fg  ffffffff 00000000 S ipc_rtr_smd_ipc
system    709   203   1646364 89364 18    -2    0     0     fg  ffffffff 00000000 S system_server
system    710   709   1646364 89364 20    0     0     0     fg  ffffffff 00000000 S Heap thread poo
system    711   709   1646364 89364 20    0     0     0     fg  ffffffff 00000000 S Heap thread poo
system    712   709   1646364 89364 20    0     0     0     fg  ffffffff 00000000 S Heap thread poo
system    713   709   1646364 89364 20    0     0     0     fg  ffffffff 00000000 S Signal Catcher
system    714   709   1646364 89364 20    0     0     0     fg  ffffffff 00000000 S JDWP
system    716   709   1646364 89364 20    0     0     0     fg  ffffffff 00000000 S ReferenceQueueD
system    718   709   1646364 89364 20    0     0     0     fg  ffffffff 00000000 S FinalizerDaemon
system    721   709   1646364 89364 20    0     0     0     fg  ffffffff 00000000 S FinalizerWatchd
system    723   709   1646364 89364 20    0     0     0     fg  ffffffff 00000000 S HeapTrimmerDaem
system    724   709   1646364 89364 20    0     0     0     fg  ffffffff 00000000 S GCDaemon
system    725   709   1646364 89364 20    0     0     0     fg  ffffffff 00000000 S Binder_1
system    726   709   1646364 89364 20    0     0     0     fg  ffffffff 00000000 S Binder_2
system    727   709   1646364 89364 18    -2    0     0     fg  ffffffff 00000000 S system_server
system    728   709   1646364 89364 18    -2    0     0     fg  ffffffff 00000000 S system_server
system    730   709   1646364 89364 18    -2    0     0     fg  ffffffff 00000000 S system_server
system    731   709   1646364 89364 18    -2    0     0     fg  ffffffff 00000000 S system_server
system    733   709   1646364 89364 18    -2    0     0     fg  ffffffff 00000000 S system_server
system    734   709   1646364 89364 18    -2    0     0     fg  ffffffff 00000000 S system_server
system    736   709   1646364 89364 18    -2    0     0     fg  ffffffff 00000000 S system_server
system    738   709   1646364 89364 18    -2    0     0     fg  ffffffff 00000000 S system_server
system    740   709   1646364 89364 18    -2    0     0     fg  ffffffff 00000000 S system_server
system    742   709   1646364 89364 18    -2    0     0     fg  ffffffff 00000000 S system_server
system    744   709   1646364 89364 18    -2    0     0     fg  ffffffff 00000000 S system_server
