==>Thu Apr 13 11:18:44 2017
MemTotal:        1900556 kB
MemFree:         1078416 kB
Buffers:           11888 kB
Cached:           300148 kB
SwapCached:            0 kB
Active:           334060 kB
Inactive:         256656 kB
Active(anon):     278708 kB
Inactive(anon):      416 kB
Active(file):      55352 kB
Inactive(file):   256240 kB
Unevictable:           0 kB
Mlocked:               0 kB
HighTotal:       1158144 kB
HighFree:         411404 kB
LowTotal:         742412 kB
LowFree:          667012 kB
SwapTotal:             0 kB
SwapFree:              0 kB
Dirty:                60 kB
Writeback:             0 kB
AnonPages:        278920 kB
Mapped:           107784 kB
Shmem:               460 kB
Slab:              32480 kB
SReclaimable:      13244 kB
SUnreclaim:        19236 kB
KernelStack:        7800 kB
PageTables:        11368 kB
NFS_Unstable:          0 kB
Bounce:                0 kB
WritebackTmp:          0 kB
CommitLimit:      950276 kB
Committed_AS:   34758720 kB
VmallocTotal:     245760 kB
VmallocUsed:       62408 kB
VmallocChunk:      75788 kB
==>Thu Apr 13 11:18:54 2017
MemTotal:        1900556 kB
MemFree:         1076620 kB
Buffers:           12100 kB
Cached:           301240 kB
SwapCached:            0 kB
Active:           323860 kB
Inactive:         257748 kB
Active(anon):     268296 kB
Inactive(anon):      416 kB
Active(file):      55564 kB
Inactive(file):   257332 kB
Unevictable:           0 kB
Mlocked:               0 kB
HighTotal:       1158144 kB
HighFree:         413012 kB
LowTotal:         742412 kB
LowFree:          663608 kB
SwapTotal:             0 kB
SwapFree:              0 kB
Dirty:               140 kB
Writeback:             0 kB
AnonPages:        268332 kB
Mapped:           114060 kB
Shmem:               460 kB
Slab:              34596 kB
SReclaimable:      14652 kB
SUnreclaim:        19944 kB
KernelStack:        8016 kB
PageTables:        11616 kB
NFS_Unstable:          0 kB
Bounce:                0 kB
WritebackTmp:          0 kB
CommitLimit:      950276 kB
Committed_AS:   34753128 kB
VmallocTotal:     245760 kB
VmallocUsed:       61436 kB
VmallocChunk:      75788 kB
==>Thu Apr 13 11:19:04 2017
MemTotal:        1900556 kB
MemFree:         1042308 kB
Buffers:           12252 kB
Cached:           301244 kB
SwapCached:            0 kB
Active:           331848 kB
Inactive:         257880 kB
Active(anon):     276260 kB
Inactive(anon):      416 kB
Active(file):      55588 kB
Inactive(file):   257464 kB
Unevictable:           0 kB
Mlocked:               0 kB
HighTotal:       1158144 kB
HighFree:         378940 kB
LowTotal:         742412 kB
LowFree:          663368 kB
SwapTotal:             0 kB
SwapFree:              0 kB
Dirty:                 8 kB
Writeback:             0 kB
AnonPages:        276408 kB
Mapped:           117344 kB
Shmem:               460 kB
Slab:              35012 kB
SReclaimable:      14704 kB
SUnreclaim:        20308 kB
KernelStack:        8024 kB
PageTables:        11820 kB
NFS_Unstable:          0 kB
Bounce:                0 kB
WritebackTmp:          0 kB
CommitLimit:      950276 kB
Committed_AS:   34772856 kB
VmallocTotal:     245760 kB
VmallocUsed:       61580 kB
VmallocChunk:      75788 kB
==>Thu Apr 13 11:19:14 2017
MemTotal:        1900556 kB
MemFree:         1040464 kB
Buffers:           12356 kB
Cached:           301256 kB
SwapCached:            0 kB
Active:           331528 kB
Inactive:         257248 kB
Active(anon):     275192 kB
Inactive(anon):      416 kB
Active(file):      56336 kB
Inactive(file):   256832 kB
Unevictable:           0 kB
Mlocked:               0 kB
HighTotal:       1158144 kB
HighFree:         378184 kB
LowTotal:         742412 kB
LowFree:          662280 kB
SwapTotal:             0 kB
SwapFree:              0 kB
Dirty:                36 kB
Writeback:             0 kB
AnonPages:        275256 kB
Mapped:           117720 kB
Shmem:               460 kB
Slab:              36128 kB
SReclaimable:      15608 kB
SUnreclaim:        20520 kB
KernelStack:        7952 kB
PageTables:        11716 kB
NFS_Unstable:          0 kB
Bounce:                0 kB
WritebackTmp:          0 kB
CommitLimit:      950276 kB
Committed_AS:   34751416 kB
VmallocTotal:     245760 kB
VmallocUsed:       61596 kB
VmallocChunk:      75788 kB
==>Thu Apr 13 11:19:24 2017
MemTotal:        1900556 kB
MemFree:         1023600 kB
Buffers:           12484 kB
Cached:           301368 kB
SwapCached:            0 kB
Active:           335472 kB
Inactive:         257440 kB
Active(anon):     279088 kB
Inactive(anon):      416 kB
Active(file):      56384 kB
Inactive(file):   257024 kB
Unevictable:           0 kB
Mlocked:               0 kB
HighTotal:       1158144 kB
HighFree:         362168 kB
LowTotal:         742412 kB
LowFree:          661432 kB
SwapTotal:             0 kB
SwapFree:              0 kB
Dirty:                52 kB
Writeback:             0 kB
AnonPages:        279096 kB
Mapped:           119556 kB
Shmem:               460 kB
Slab:              35908 kB
SReclaimable:      15656 kB
SUnreclaim:        20252 kB
KernelStack:        8064 kB
PageTables:        11936 kB
NFS_Unstable:          0 kB
Bounce:                0 kB
WritebackTmp:          0 kB
CommitLimit:      950276 kB
Committed_AS:   35950668 kB
VmallocTotal:     245760 kB
VmallocUsed:       62668 kB
VmallocChunk:      75788 kB
==>Thu Apr 13 11:19:34 2017
MemTotal:        1900556 kB
MemFree:         1017156 kB
Buffers:           12652 kB
Cached:           301644 kB
SwapCached:            0 kB
Active:           339660 kB
Inactive:         257844 kB
Active(anon):     283236 kB
Inactive(anon):      416 kB
Active(file):      56424 kB
Inactive(file):   257428 kB
Unevictable:           0 kB
Mlocked:               0 kB
HighTotal:       1158144 kB
HighFree:         356184 kB
LowTotal:         742412 kB
LowFree:          660972 kB
SwapTotal:             0 kB
SwapFree:              0 kB
Dirty:                20 kB
Writeback:             0 kB
AnonPages:        283308 kB
Mapped:           122448 kB
Shmem:               460 kB
Slab:              36124 kB
SReclaimable:      15692 kB
SUnreclaim:        20432 kB
KernelStack:        8056 kB
PageTables:        12164 kB
NFS_Unstable:          0 kB
Bounce:                0 kB
WritebackTmp:          0 kB
CommitLimit:      950276 kB
Committed_AS:   36000956 kB
VmallocTotal:     245760 kB
VmallocUsed:       62668 kB
VmallocChunk:      75788 kB
==>Thu Apr 13 11:19:44 2017
MemTotal:        1900556 kB
MemFree:         1016876 kB
Buffers:           12668 kB
Cached:           301636 kB
SwapCached:            0 kB
Active:           340032 kB
Inactive:         257844 kB
Active(anon):     283604 kB
Inactive(anon):      416 kB
Active(file):      56428 kB
Inactive(file):   257428 kB
Unevictable:           0 kB
Mlocked:               0 kB
HighTotal:       1158144 kB
HighFree:         355580 kB
LowTotal:         742412 kB
LowFree:          661296 kB
SwapTotal:             0 kB
SwapFree:              0 kB
Dirty:                64 kB
Writeback:             0 kB
AnonPages:        283600 kB
Mapped:           122544 kB
Shmem:               460 kB
Slab:              36100 kB
SReclaimable:      15684 kB
SUnreclaim:        20416 kB
KernelStack:        8056 kB
PageTables:        12176 kB
NFS_Unstable:          0 kB
Bounce:                0 kB
WritebackTmp:          0 kB
CommitLimit:      950276 kB
Committed_AS:   35978388 kB
VmallocTotal:     245760 kB
VmallocUsed:       62668 kB
VmallocChunk:      75788 kB
==>Thu Apr 13 11:19:54 2017
MemTotal:        1900556 kB
MemFree:         1020732 kB
Buffers:           12848 kB
Cached:           301748 kB
SwapCached:            0 kB
Active:           335476 kB
Inactive:         258124 kB
Active(anon):     279032 kB
Inactive(anon):      416 kB
Active(file):      56444 kB
Inactive(file):   257708 kB
Unevictable:           0 kB
Mlocked:               0 kB
HighTotal:       1158144 kB
HighFree:         359668 kB
LowTotal:         742412 kB
LowFree:          661064 kB
SwapTotal:             0 kB
SwapFree:              0 kB
Dirty:                80 kB
Writeback:             0 kB
AnonPages:        279108 kB
Mapped:           123324 kB
Shmem:               460 kB
Slab:              36116 kB
SReclaimable:      15692 kB
SUnreclaim:        20424 kB
KernelStack:        8160 kB
PageTables:        12076 kB
NFS_Unstable:          0 kB
Bounce:                0 kB
WritebackTmp:          0 kB
CommitLimit:      950276 kB
Committed_AS:   36000800 kB
VmallocTotal:     245760 kB
VmallocUsed:       63688 kB
VmallocChunk:      75648 kB
==>Thu Apr 13 11:20:04 2017
MemTotal:        1900556 kB
MemFree:         1014460 kB
Buffers:           13116 kB
Cached:           303188 kB
SwapCached:            0 kB
Active:           343740 kB
Inactive:         259764 kB
Active(anon):     287228 kB
Inactive(anon):      416 kB
Active(file):      56512 kB
Inactive(file):   259348 kB
Unevictable:           0 kB
Mlocked:               0 kB
HighTotal:       1158144 kB
HighFree:         353328 kB
LowTotal:         742412 kB
LowFree:          661132 kB
SwapTotal:             0 kB
SwapFree:              0 kB
Dirty:                 0 kB
Writeback:             0 kB
AnonPages:        287344 kB
Mapped:           126824 kB
Shmem:               460 kB
Slab:              36360 kB
SReclaimable:      15752 kB
SUnreclaim:        20608 kB
KernelStack:        8184 kB
PageTables:        12032 kB
NFS_Unstable:          0 kB
Bounce:                0 kB
WritebackTmp:          0 kB
CommitLimit:      950276 kB
Committed_AS:   35991404 kB
VmallocTotal:     245760 kB
VmallocUsed:       62656 kB
VmallocChunk:      75788 kB
==>Thu Apr 13 11:20:14 2017
MemTotal:        1900556 kB
MemFree:          999160 kB
Buffers:           13276 kB
Cached:           303436 kB
SwapCached:            0 kB
Active:           352724 kB
Inactive:         260144 kB
Active(anon):     296184 kB
Inactive(anon):      416 kB
Active(file):      56540 kB
Inactive(file):   259728 kB
Unevictable:           0 kB
Mlocked:               0 kB
HighTotal:       1158144 kB
HighFree:         339016 kB
LowTotal:         742412 kB
LowFree:          660144 kB
SwapTotal:             0 kB
SwapFree:              0 kB
Dirty:               236 kB
Writeback:             0 kB
AnonPages:        296332 kB
Mapped:           129736 kB
Shmem:               460 kB
Slab:              36544 kB
SReclaimable:      15756 kB
SUnreclaim:        20788 kB
KernelStack:        8288 kB
PageTables:        12252 kB
NFS_Unstable:          0 kB
Bounce:                0 kB
WritebackTmp:          0 kB
CommitLimit:      950276 kB
Committed_AS:   35999772 kB
VmallocTotal:     245760 kB
VmallocUsed:       62684 kB
VmallocChunk:      75788 kB
==>Thu Apr 13 11:20:24 2017
MemTotal:        1900556 kB
MemFree:          995392 kB
Buffers:           13432 kB
Cached:           303540 kB
SwapCached:            0 kB
Active:           357176 kB
Inactive:         260372 kB
Active(anon):     300604 kB
Inactive(anon):      416 kB
Active(file):      56572 kB
Inactive(file):   259956 kB
Unevictable:           0 kB
Mlocked:               0 kB
HighTotal:       1158144 kB
HighFree:         335152 kB
LowTotal:         742412 kB
LowFree:          660240 kB
SwapTotal:             0 kB
SwapFree:              0 kB
Dirty:               196 kB
Writeback:             0 kB
AnonPages:        300572 kB
Mapped:           129100 kB
Shmem:               460 kB
Slab:              36456 kB
SReclaimable:      15756 kB
SUnreclaim:        20700 kB
KernelStack:        8320 kB
PageTables:        12156 kB
NFS_Unstable:          0 kB
Bounce:                0 kB
WritebackTmp:          0 kB
CommitLimit:      950276 kB
Committed_AS:   36018020 kB
VmallocTotal:     245760 kB
VmallocUsed:       62676 kB
VmallocChunk:      75788 kB
==>Thu Apr 13 11:20:34 2017
MemTotal:        1900556 kB
MemFree:          987604 kB
Buffers:           13528 kB
Cached:           303564 kB
SwapCached:            0 kB
Active:           359968 kB
Inactive:         260476 kB
Active(anon):     303392 kB
Inactive(anon):      416 kB
Active(file):      56576 kB
Inactive(file):   260060 kB
Unevictable:           0 kB
Mlocked:               0 kB
HighTotal:       1158144 kB
HighFree:         327424 kB
LowTotal:         742412 kB
LowFree:          660180 kB
SwapTotal:             0 kB
SwapFree:              0 kB
Dirty:               124 kB
Writeback:             0 kB
AnonPages:        303428 kB
Mapped:           131672 kB
Shmem:               460 kB
Slab:              36480 kB
SReclaimable:      15796 kB
SUnreclaim:        20684 kB
KernelStack:        8304 kB
PageTables:        12076 kB
NFS_Unstable:          0 kB
Bounce:                0 kB
WritebackTmp:          0 kB
CommitLimit:      950276 kB
Committed_AS:   36022044 kB
VmallocTotal:     245760 kB
VmallocUsed:       62700 kB
VmallocChunk:      75788 kB
==>Thu Apr 13 11:20:44 2017
MemTotal:        1900556 kB
MemFree:          989904 kB
Buffers:           13584 kB
Cached:           303932 kB
SwapCached:            0 kB
Active:           357704 kB
Inactive:         260548 kB
Active(anon):     300764 kB
Inactive(anon):      416 kB
Active(file):      56940 kB
Inactive(file):   260132 kB
Unevictable:           0 kB
Mlocked:               0 kB
HighTotal:       1158144 kB
HighFree:         329800 kB
LowTotal:         742412 kB
LowFree:          660104 kB
SwapTotal:             0 kB
SwapFree:              0 kB
Dirty:                12 kB
Writeback:             0 kB
AnonPages:        300776 kB
Mapped:           131756 kB
Shmem:               460 kB
Slab:              36540 kB
SReclaimable:      15824 kB
SUnreclaim:        20716 kB
KernelStack:        8176 kB
PageTables:        12192 kB
NFS_Unstable:          0 kB
Bounce:                0 kB
WritebackTmp:          0 kB
CommitLimit:      950276 kB
Committed_AS:   36014880 kB
VmallocTotal:     245760 kB
VmallocUsed:       62700 kB
VmallocChunk:      75788 kB
==>Thu Apr 13 11:20:54 2017
MemTotal:        1900556 kB
MemFree:          993364 kB
Buffers:           13608 kB
Cached:           303932 kB
SwapCached:            0 kB
Active:           355676 kB
Inactive:         260512 kB
Active(anon):     298676 kB
Inactive(anon):      416 kB
Active(file):      57000 kB
Inactive(file):   260096 kB
Unevictable:           0 kB
Mlocked:               0 kB
HighTotal:       1158144 kB
HighFree:         332664 kB
LowTotal:         742412 kB
LowFree:          660700 kB
SwapTotal:             0 kB
SwapFree:              0 kB
Dirty:                 4 kB
Writeback:             0 kB
AnonPages:        298648 kB
Mapped:           130736 kB
Shmem:               460 kB
Slab:              36552 kB
SReclaimable:      15812 kB
SUnreclaim:        20740 kB
KernelStack:        8136 kB
PageTables:        12096 kB
NFS_Unstable:          0 kB
Bounce:                0 kB
WritebackTmp:          0 kB
CommitLimit:      950276 kB
Committed_AS:   35977364 kB
VmallocTotal:     245760 kB
VmallocUsed:       62700 kB
VmallocChunk:      75788 kB
==>Thu Apr 13 11:21:04 2017
MemTotal:        1900556 kB
MemFree:          991496 kB
Buffers:           13696 kB
Cached:           303988 kB
SwapCached:            0 kB
Active:           355060 kB
Inactive:         260656 kB
Active(anon):     298060 kB
Inactive(anon):      416 kB
Active(file):      57000 kB
Inactive(file):   260240 kB
Unevictable:           0 kB
Mlocked:               0 kB
HighTotal:       1158144 kB
HighFree:         331152 kB
LowTotal:         742412 kB
LowFree:          660344 kB
SwapTotal:             0 kB
SwapFree:              0 kB
Dirty:               124 kB
Writeback:             0 kB
AnonPages:        298052 kB
Mapped:           132104 kB
Shmem:               460 kB
Slab:              36532 kB
SReclaimable:      15836 kB
SUnreclaim:        20696 kB
KernelStack:        8088 kB
PageTables:        12096 kB
NFS_Unstable:          0 kB
Bounce:                0 kB
WritebackTmp:          0 kB
CommitLimit:      950276 kB
Committed_AS:   35978412 kB
VmallocTotal:     245760 kB
VmallocUsed:       62720 kB
VmallocChunk:      75788 kB
==>Thu Apr 13 11:21:14 2017
MemTotal:        1900556 kB
MemFree:          987156 kB
Buffers:           13888 kB
Cached:           304048 kB
SwapCached:            0 kB
Active:           357588 kB
Inactive:         260892 kB
Active(anon):     300580 kB
Inactive(anon):      416 kB
Active(file):      57008 kB
Inactive(file):   260476 kB
Unevictable:           0 kB
Mlocked:               0 kB
HighTotal:       1158144 kB
HighFree:         327292 kB
LowTotal:         742412 kB
LowFree:          659864 kB
SwapTotal:             0 kB
SwapFree:              0 kB
Dirty:                76 kB
Writeback:             8 kB
AnonPages:        300624 kB
Mapped:           132444 kB
Shmem:               460 kB
Slab:              36512 kB
SReclaimable:      15840 kB
SUnreclaim:        20672 kB
KernelStack:        8168 kB
PageTables:        12192 kB
NFS_Unstable:          0 kB
Bounce:                0 kB
WritebackTmp:          0 kB
CommitLimit:      950276 kB
Committed_AS:   36027360 kB
VmallocTotal:     245760 kB
VmallocUsed:       62728 kB
VmallocChunk:      75788 kB
==>Thu Apr 13 11:21:24 2017
MemTotal:        1900556 kB
MemFree:          979668 kB
Buffers:           14036 kB
Cached:           304112 kB
SwapCached:            0 kB
Active:           364924 kB
Inactive:         261064 kB
Active(anon):     307868 kB
Inactive(anon):      416 kB
Active(file):      57056 kB
Inactive(file):   260648 kB
Unevictable:           0 kB
Mlocked:               0 kB
HighTotal:       1158144 kB
HighFree:         320376 kB
LowTotal:         742412 kB
LowFree:          659292 kB
SwapTotal:             0 kB
SwapFree:              0 kB
Dirty:                 0 kB
Writeback:             0 kB
AnonPages:        307944 kB
Mapped:           132408 kB
Shmem:               460 kB
Slab:              36676 kB
SReclaimable:      15848 kB
SUnreclaim:        20828 kB
KernelStack:        8256 kB
PageTables:        12096 kB
NFS_Unstable:          0 kB
Bounce:                0 kB
WritebackTmp:          0 kB
CommitLimit:      950276 kB
Committed_AS:   36003812 kB
VmallocTotal:     245760 kB
VmallocUsed:       62728 kB
VmallocChunk:      75788 kB
==>Thu Apr 13 11:21:34 2017
MemTotal:        1900556 kB
MemFree:         1016068 kB
Buffers:           14088 kB
Cached:           304380 kB
SwapCached:            0 kB
Active:           364924 kB
Inactive:         260892 kB
Active(anon):     307376 kB
Inactive(anon):      416 kB
Active(file):      57548 kB
Inactive(file):   260476 kB
Unevictable:           0 kB
Mlocked:               0 kB
HighTotal:       1158144 kB
HighFree:         356664 kB
LowTotal:         742412 kB
LowFree:          659404 kB
SwapTotal:             0 kB
SwapFree:              0 kB
Dirty:               336 kB
Writeback:             0 kB
AnonPages:        307324 kB
Mapped:           132200 kB
Shmem:               460 kB
Slab:              36584 kB
SReclaimable:      15852 kB
SUnreclaim:        20732 kB
KernelStack:        8160 kB
PageTables:        12156 kB
NFS_Unstable:          0 kB
Bounce:                0 kB
WritebackTmp:          0 kB
CommitLimit:      950276 kB
Committed_AS:   35981748 kB
VmallocTotal:     245760 kB
VmallocUsed:       62512 kB
VmallocChunk:      75788 kB
==>Thu Apr 13 11:21:44 2017
MemTotal:        1900556 kB
MemFree:         1011768 kB
Buffers:           14152 kB
Cached:           304384 kB
SwapCached:            0 kB
Active:           365884 kB
Inactive:         260956 kB
Active(anon):     308332 kB
Inactive(anon):      416 kB
Active(file):      57552 kB
Inactive(file):   260540 kB
Unevictable:           0 kB
Mlocked:               0 kB
HighTotal:       1158144 kB
HighFree:         352636 kB
LowTotal:         742412 kB
LowFree:          659132 kB
SwapTotal:             0 kB
SwapFree:              0 kB
Dirty:                32 kB
Writeback:             0 kB
AnonPages:        308352 kB
Mapped:           132120 kB
Shmem:               460 kB
Slab:              36700 kB
SReclaimable:      15852 kB
SUnreclaim:        20848 kB
KernelStack:        8232 kB
PageTables:        12192 kB
NFS_Unstable:          0 kB
Bounce:                0 kB
WritebackTmp:          0 kB
CommitLimit:      950276 kB
Committed_AS:   36000072 kB
VmallocTotal:     245760 kB
VmallocUsed:       62532 kB
VmallocChunk:      75788 kB
==>Thu Apr 13 11:21:54 2017
MemTotal:        1900556 kB
MemFree:         1010960 kB
Buffers:           14184 kB
Cached:           304388 kB
SwapCached:            0 kB
Active:           366004 kB
Inactive:         260984 kB
Active(anon):     308444 kB
Inactive(anon):      416 kB
Active(file):      57560 kB
Inactive(file):   260568 kB
Unevictable:           0 kB
Mlocked:               0 kB
HighTotal:       1158144 kB
HighFree:         351612 kB
LowTotal:         742412 kB
LowFree:          659348 kB
SwapTotal:             0 kB
SwapFree:              0 kB
Dirty:                28 kB
Writeback:             0 kB
AnonPages:        308616 kB
Mapped:           132956 kB
Shmem:               460 kB
Slab:              36692 kB
SReclaimable:      15860 kB
SUnreclaim:        20832 kB
KernelStack:        8296 kB
PageTables:        12196 kB
NFS_Unstable:          0 kB
Bounce:                0 kB
WritebackTmp:          0 kB
CommitLimit:      950276 kB
Committed_AS:   36029072 kB
VmallocTotal:     245760 kB
VmallocUsed:       62532 kB
VmallocChunk:      75788 kB
==>Thu Apr 13 11:22:04 2017
MemTotal:        1900556 kB
MemFree:          988788 kB
Buffers:           14364 kB
Cached:           304504 kB
SwapCached:            0 kB
Active:           370436 kB
Inactive:         261288 kB
Active(anon):     312884 kB
Inactive(anon):      416 kB
Active(file):      57552 kB
Inactive(file):   260872 kB
Unevictable:           0 kB
Mlocked:               0 kB
HighTotal:       1158144 kB
HighFree:         329660 kB
LowTotal:         742412 kB
LowFree:          659128 kB
SwapTotal:             0 kB
SwapFree:              0 kB
Dirty:               196 kB
Writeback:             0 kB
AnonPages:        312788 kB
Mapped:           134512 kB
Shmem:               460 kB
Slab:              36816 kB
SReclaimable:      15888 kB
SUnreclaim:        20928 kB
KernelStack:        8328 kB
PageTables:        12308 kB
NFS_Unstable:          0 kB
Bounce:                0 kB
WritebackTmp:          0 kB
CommitLimit:      950276 kB
Committed_AS:   36058204 kB
VmallocTotal:     245760 kB
VmallocUsed:       62620 kB
VmallocChunk:      75788 kB
==>Thu Apr 13 11:22:14 2017
MemTotal:        1900556 kB
MemFree:          989976 kB
Buffers:           14460 kB
Cached:           304500 kB
SwapCached:            0 kB
Active:           366876 kB
Inactive:         261344 kB
Active(anon):     309288 kB
Inactive(anon):      416 kB
Active(file):      57588 kB
Inactive(file):   260928 kB
Unevictable:           0 kB
Mlocked:               0 kB
HighTotal:       1158144 kB
HighFree:         331264 kB
LowTotal:         742412 kB
LowFree:          658712 kB
SwapTotal:             0 kB
SwapFree:              0 kB
Dirty:                48 kB
Writeback:             0 kB
AnonPages:        309372 kB
Mapped:           136048 kB
Shmem:               460 kB
Slab:              36776 kB
SReclaimable:      15896 kB
SUnreclaim:        20880 kB
KernelStack:        8408 kB
PageTables:        12208 kB
NFS_Unstable:          0 kB
Bounce:                0 kB
WritebackTmp:          0 kB
CommitLimit:      950276 kB
Committed_AS:   36028612 kB
VmallocTotal:     245760 kB
VmallocUsed:       62620 kB
VmallocChunk:      75788 kB
==>Thu Apr 13 11:22:24 2017
MemTotal:        1900556 kB
MemFree:          982276 kB
Buffers:           14652 kB
Cached:           304684 kB
SwapCached:            0 kB
Active:           370708 kB
Inactive:         261716 kB
Active(anon):     313116 kB
Inactive(anon):      416 kB
Active(file):      57592 kB
Inactive(file):   261300 kB
Unevictable:           0 kB
Mlocked:               0 kB
HighTotal:       1158144 kB
HighFree:         323716 kB
LowTotal:         742412 kB
LowFree:          658560 kB
SwapTotal:             0 kB
SwapFree:              0 kB
Dirty:               200 kB
Writeback:             0 kB
AnonPages:        313072 kB
Mapped:           137308 kB
Shmem:               460 kB
Slab:              36924 kB
SReclaimable:      15924 kB
SUnreclaim:        21000 kB
KernelStack:        8160 kB
PageTables:        12112 kB
NFS_Unstable:          0 kB
Bounce:                0 kB
WritebackTmp:          0 kB
CommitLimit:      950276 kB
Committed_AS:   36014208 kB
VmallocTotal:     245760 kB
VmallocUsed:       62632 kB
VmallocChunk:      75788 kB
==>Thu Apr 13 11:22:34 2017
MemTotal:        1900556 kB
MemFree:          972312 kB
Buffers:           14876 kB
Cached:           304896 kB
SwapCached:            0 kB
Active:           377928 kB
Inactive:         262112 kB
Active(anon):     320296 kB
Inactive(anon):      416 kB
Active(file):      57632 kB
Inactive(file):   261696 kB
Unevictable:           0 kB
Mlocked:               0 kB
HighTotal:       1158144 kB
HighFree:         314652 kB
LowTotal:         742412 kB
LowFree:          657660 kB
SwapTotal:             0 kB
SwapFree:              0 kB
Dirty:                72 kB
Writeback:             0 kB
AnonPages:        320388 kB
Mapped:           139328 kB
Shmem:               460 kB
Slab:              37096 kB
SReclaimable:      15964 kB
SUnreclaim:        21132 kB
KernelStack:        8352 kB
PageTables:        12228 kB
NFS_Unstable:          0 kB
Bounce:                0 kB
WritebackTmp:          0 kB
CommitLimit:      950276 kB
Committed_AS:   36033000 kB
VmallocTotal:     245760 kB
VmallocUsed:       63652 kB
VmallocChunk:      75648 kB
==>Thu Apr 13 11:22:44 2017
MemTotal:        1900556 kB
MemFree:          974636 kB
Buffers:           14900 kB
Cached:           304900 kB
SwapCached:            0 kB
Active:           376164 kB
Inactive:         262136 kB
Active(anon):     318528 kB
Inactive(anon):      416 kB
Active(file):      57636 kB
Inactive(file):   261720 kB
Unevictable:           0 kB
Mlocked:               0 kB
HighTotal:       1158144 kB
HighFree:         316608 kB
LowTotal:         742412 kB
LowFree:          658028 kB
SwapTotal:             0 kB
SwapFree:              0 kB
Dirty:                52 kB
Writeback:             0 kB
AnonPages:        318576 kB
Mapped:           139304 kB
Shmem:               460 kB
Slab:              37064 kB
SReclaimable:      15956 kB
SUnreclaim:        21108 kB
KernelStack:        8216 kB
PageTables:        12028 kB
NFS_Unstable:          0 kB
Bounce:                0 kB
WritebackTmp:          0 kB
CommitLimit:      950276 kB
Committed_AS:   36010516 kB
VmallocTotal:     245760 kB
VmallocUsed:       62624 kB
VmallocChunk:      75788 kB
==>Thu Apr 13 11:22:54 2017
MemTotal:        1900556 kB
MemFree:          969908 kB
Buffers:           15192 kB
Cached:           305032 kB
SwapCached:            0 kB
Active:           379472 kB
Inactive:         262512 kB
Active(anon):     321788 kB
Inactive(anon):      416 kB
Active(file):      57684 kB
Inactive(file):   262096 kB
Unevictable:           0 kB
Mlocked:               0 kB
HighTotal:       1158144 kB
HighFree:         312220 kB
LowTotal:         742412 kB
LowFree:          657688 kB
SwapTotal:             0 kB
SwapFree:              0 kB
Dirty:               252 kB
Writeback:             0 kB
AnonPages:        321848 kB
Mapped:           138992 kB
Shmem:               460 kB
Slab:              37020 kB
SReclaimable:      15968 kB
SUnreclaim:        21052 kB
KernelStack:        8288 kB
PageTables:        12236 kB
NFS_Unstable:          0 kB
Bounce:                0 kB
WritebackTmp:          0 kB
CommitLimit:      950276 kB
Committed_AS:   36047940 kB
VmallocTotal:     245760 kB
VmallocUsed:       62632 kB
VmallocChunk:      75788 kB
==>Thu Apr 13 11:23:04 2017
MemTotal:        1900556 kB
MemFree:          965596 kB
Buffers:           15248 kB
Cached:           305040 kB
SwapCached:            0 kB
Active:           383416 kB
Inactive:         262572 kB
Active(anon):     325728 kB
Inactive(anon):      416 kB
Active(file):      57688 kB
Inactive(file):   262156 kB
Unevictable:           0 kB
Mlocked:               0 kB
HighTotal:       1158144 kB
HighFree:         307772 kB
LowTotal:         742412 kB
LowFree:          657824 kB
SwapTotal:             0 kB
SwapFree:              0 kB
Dirty:                68 kB
Writeback:             0 kB
AnonPages:        325552 kB
Mapped:           139824 kB
Shmem:               460 kB
Slab:              37000 kB
SReclaimable:      15968 kB
SUnreclaim:        21032 kB
KernelStack:        8368 kB
PageTables:        12448 kB
NFS_Unstable:          0 kB
Bounce:                0 kB
WritebackTmp:          0 kB
CommitLimit:      950276 kB
Committed_AS:   36073232 kB
VmallocTotal:     245760 kB
VmallocUsed:       62624 kB
VmallocChunk:      75788 kB
==>Thu Apr 13 11:23:14 2017
MemTotal:        1900556 kB
MemFree:          968876 kB
Buffers:           15384 kB
Cached:           305104 kB
SwapCached:            0 kB
Active:           377652 kB
Inactive:         262740 kB
Active(anon):     319932 kB
Inactive(anon):      416 kB
Active(file):      57720 kB
Inactive(file):   262324 kB
Unevictable:           0 kB
Mlocked:               0 kB
HighTotal:       1158144 kB
HighFree:         311312 kB
LowTotal:         742412 kB
LowFree:          657564 kB
SwapTotal:             0 kB
SwapFree:              0 kB
Dirty:               120 kB
Writeback:             0 kB
AnonPages:        319996 kB
Mapped:           140856 kB
Shmem:               460 kB
Slab:              37016 kB
SReclaimable:      15968 kB
SUnreclaim:        21048 kB
KernelStack:        8392 kB
PageTables:        12144 kB
NFS_Unstable:          0 kB
Bounce:                0 kB
WritebackTmp:          0 kB
CommitLimit:      950276 kB
Committed_AS:   36019204 kB
VmallocTotal:     245760 kB
VmallocUsed:       62636 kB
VmallocChunk:      75788 kB
==>Thu Apr 13 11:23:24 2017
MemTotal:        1900556 kB
MemFree:          962956 kB
Buffers:           15692 kB
Cached:           305212 kB
SwapCached:            0 kB
Active:           380476 kB
Inactive:         263136 kB
Active(anon):     322736 kB
Inactive(anon):      416 kB
Active(file):      57740 kB
Inactive(file):   262720 kB
Unevictable:           0 kB
Mlocked:               0 kB
HighTotal:       1158144 kB
HighFree:         306048 kB
LowTotal:         742412 kB
LowFree:          656908 kB
SwapTotal:             0 kB
SwapFree:              0 kB
Dirty:               100 kB
Writeback:             0 kB
AnonPages:        322740 kB
Mapped:           143104 kB
Shmem:               460 kB
Slab:              36952 kB
SReclaimable:      15968 kB
SUnreclaim:        20984 kB
KernelStack:        8432 kB
PageTables:        12304 kB
NFS_Unstable:          0 kB
Bounce:                0 kB
WritebackTmp:          0 kB
CommitLimit:      950276 kB
Committed_AS:   36023452 kB
VmallocTotal:     245760 kB
VmallocUsed:       62644 kB
VmallocChunk:      75788 kB
==>Thu Apr 13 11:23:34 2017
MemTotal:        1900556 kB
MemFree:          952204 kB
Buffers:           15760 kB
Cached:           305300 kB
SwapCached:            0 kB
Active:           383380 kB
Inactive:         263268 kB
Active(anon):     325616 kB
Inactive(anon):      420 kB
Active(file):      57764 kB
Inactive(file):   262848 kB
Unevictable:           0 kB
Mlocked:               0 kB
HighTotal:       1158144 kB
HighFree:         295272 kB
LowTotal:         742412 kB
LowFree:          656932 kB
SwapTotal:             0 kB
SwapFree:              0 kB
Dirty:                84 kB
Writeback:             0 kB
AnonPages:        325632 kB
Mapped:           143468 kB
Shmem:               464 kB
Slab:              36968 kB
SReclaimable:      15984 kB
SUnreclaim:        20984 kB
KernelStack:        8440 kB
PageTables:        12280 kB
NFS_Unstable:          0 kB
Bounce:                0 kB
WritebackTmp:          0 kB
CommitLimit:      950276 kB
Committed_AS:   36067828 kB
VmallocTotal:     245760 kB
VmallocUsed:       62680 kB
VmallocChunk:      75788 kB
==>Thu Apr 13 11:23:44 2017
MemTotal:        1900556 kB
MemFree:          937892 kB
Buffers:           15876 kB
Cached:           305364 kB
SwapCached:            0 kB
Active:           394184 kB
Inactive:         263424 kB
Active(anon):     336404 kB
Inactive(anon):      416 kB
Active(file):      57780 kB
Inactive(file):   263008 kB
Unevictable:           0 kB
Mlocked:               0 kB
HighTotal:       1158144 kB
HighFree:         281468 kB
LowTotal:         742412 kB
LowFree:          656424 kB
SwapTotal:             0 kB
SwapFree:              0 kB
Dirty:                84 kB
Writeback:             0 kB
AnonPages:        336420 kB
Mapped:           143956 kB
Shmem:               460 kB
Slab:              37064 kB
SReclaimable:      15984 kB
SUnreclaim:        21080 kB
KernelStack:        8552 kB
PageTables:        12316 kB
NFS_Unstable:          0 kB
Bounce:                0 kB
WritebackTmp:          0 kB
CommitLimit:      950276 kB
Committed_AS:   36063792 kB
VmallocTotal:     245760 kB
VmallocUsed:       64732 kB
VmallocChunk:      75648 kB
==>Thu Apr 13 11:23:54 2017
MemTotal:        1900556 kB
MemFree:          944436 kB
Buffers:           16008 kB
Cached:           305448 kB
SwapCached:            0 kB
Active:           386760 kB
Inactive:         263624 kB
Active(anon):     328960 kB
Inactive(anon):      416 kB
Active(file):      57800 kB
Inactive(file):   263208 kB
Unevictable:           0 kB
Mlocked:               0 kB
HighTotal:       1158144 kB
HighFree:         288200 kB
LowTotal:         742412 kB
LowFree:          656236 kB
SwapTotal:             0 kB
SwapFree:              0 kB
Dirty:                40 kB
Writeback:             0 kB
AnonPages:        329080 kB
Mapped:           145108 kB
Shmem:               460 kB
Slab:              37120 kB
SReclaimable:      16012 kB
SUnreclaim:        21108 kB
KernelStack:        8432 kB
PageTables:        12316 kB
NFS_Unstable:          0 kB
Bounce:                0 kB
WritebackTmp:          0 kB
CommitLimit:      950276 kB
Committed_AS:   36035944 kB
VmallocTotal:     245760 kB
VmallocUsed:       63720 kB
VmallocChunk:      75648 kB
==>Thu Apr 13 11:24:04 2017
MemTotal:        1900556 kB
MemFree:          941844 kB
Buffers:           16188 kB
Cached:           305516 kB
SwapCached:            0 kB
Active:           389640 kB
Inactive:         263808 kB
Active(anon):     331772 kB
Inactive(anon):      416 kB
Active(file):      57868 kB
Inactive(file):   263392 kB
Unevictable:           0 kB
Mlocked:               0 kB
HighTotal:       1158144 kB
HighFree:         285188 kB
LowTotal:         742412 kB
LowFree:          656656 kB
SwapTotal:             0 kB
SwapFree:              0 kB
Dirty:               132 kB
Writeback:             0 kB
AnonPages:        331904 kB
Mapped:           146088 kB
Shmem:               460 kB
Slab:              37116 kB
SReclaimable:      16032 kB
SUnreclaim:        21084 kB
KernelStack:        8312 kB
PageTables:        12192 kB
NFS_Unstable:          0 kB
Bounce:                0 kB
WritebackTmp:          0 kB
CommitLimit:      950276 kB
Committed_AS:   36051028 kB
VmallocTotal:     245760 kB
VmallocUsed:       62692 kB
VmallocChunk:      75788 kB
==>Thu Apr 13 11:24:14 2017
MemTotal:        1900556 kB
MemFree:          969544 kB
Buffers:           16284 kB
Cached:           305548 kB
SwapCached:            0 kB
Active:           392592 kB
Inactive:         263876 kB
Active(anon):     334664 kB
Inactive(anon):      416 kB
Active(file):      57928 kB
Inactive(file):   263460 kB
Unevictable:           0 kB
Mlocked:               0 kB
HighTotal:       1158144 kB
HighFree:         313476 kB
LowTotal:         742412 kB
LowFree:          656068 kB
SwapTotal:             0 kB
SwapFree:              0 kB
Dirty:                 0 kB
Writeback:             0 kB
AnonPages:        334500 kB
Mapped:           145644 kB
Shmem:               460 kB
Slab:              37188 kB
SReclaimable:      16040 kB
SUnreclaim:        21148 kB
KernelStack:        8432 kB
PageTables:        12304 kB
NFS_Unstable:          0 kB
Bounce:                0 kB
WritebackTmp:          0 kB
CommitLimit:      950276 kB
Committed_AS:   36040292 kB
VmallocTotal:     245760 kB
VmallocUsed:       62524 kB
VmallocChunk:      75788 kB
==>Thu Apr 13 11:24:24 2017
MemTotal:        1900556 kB
MemFree:          968184 kB
Buffers:           16368 kB
Cached:           305568 kB
SwapCached:            0 kB
Active:           392036 kB
Inactive:         263956 kB
Active(anon):     334084 kB
Inactive(anon):      416 kB
Active(file):      57952 kB
Inactive(file):   263540 kB
Unevictable:           0 kB
Mlocked:               0 kB
HighTotal:       1158144 kB
HighFree:         311948 kB
LowTotal:         742412 kB
LowFree:          656236 kB
SwapTotal:             0 kB
SwapFree:              0 kB
Dirty:                88 kB
Writeback:             0 kB
AnonPages:        334060 kB
Mapped:           144844 kB
Shmem:               460 kB
Slab:              37164 kB
SReclaimable:      16048 kB
SUnreclaim:        21116 kB
KernelStack:        8240 kB
PageTables:        12404 kB
NFS_Unstable:          0 kB
Bounce:                0 kB
WritebackTmp:          0 kB
CommitLimit:      950276 kB
Committed_AS:   36081832 kB
VmallocTotal:     245760 kB
VmallocUsed:       62552 kB
VmallocChunk:      75788 kB
==>Thu Apr 13 11:24:34 2017
MemTotal:        1900556 kB
MemFree:          969788 kB
Buffers:           16376 kB
Cached:           305576 kB
SwapCached:            0 kB
Active:           390752 kB
Inactive:         263972 kB
Active(anon):     332800 kB
Inactive(anon):      416 kB
Active(file):      57952 kB
Inactive(file):   263556 kB
Unevictable:           0 kB
Mlocked:               0 kB
HighTotal:       1158144 kB
HighFree:         313544 kB
LowTotal:         742412 kB
LowFree:          656244 kB
SwapTotal:             0 kB
SwapFree:              0 kB
Dirty:                36 kB
Writeback:             0 kB
AnonPages:        332904 kB
Mapped:           144748 kB
Shmem:               460 kB
Slab:              37212 kB
SReclaimable:      16040 kB
SUnreclaim:        21172 kB
KernelStack:        8304 kB
PageTables:        12504 kB
NFS_Unstable:          0 kB
Bounce:                0 kB
WritebackTmp:          0 kB
CommitLimit:      950276 kB
Committed_AS:   36094092 kB
VmallocTotal:     245760 kB
VmallocUsed:       62552 kB
VmallocChunk:      75788 kB
==>Thu Apr 13 11:24:44 2017
MemTotal:        1900556 kB
MemFree:          966920 kB
Buffers:           16488 kB
Cached:           305624 kB
SwapCached:            0 kB
Active:           391620 kB
Inactive:         264120 kB
Active(anon):     333656 kB
Inactive(anon):      416 kB
Active(file):      57964 kB
Inactive(file):   263704 kB
Unevictable:           0 kB
Mlocked:               0 kB
HighTotal:       1158144 kB
HighFree:         310888 kB
LowTotal:         742412 kB
LowFree:          656032 kB
SwapTotal:             0 kB
SwapFree:              0 kB
Dirty:                80 kB
Writeback:             0 kB
AnonPages:        333628 kB
Mapped:           145592 kB
Shmem:               460 kB
Slab:              37176 kB
SReclaimable:      16052 kB
SUnreclaim:        21124 kB
KernelStack:        8336 kB
PageTables:        12304 kB
NFS_Unstable:          0 kB
Bounce:                0 kB
WritebackTmp:          0 kB
CommitLimit:      950276 kB
Committed_AS:   36055032 kB
VmallocTotal:     245760 kB
VmallocUsed:       62552 kB
VmallocChunk:      75788 kB
==>Thu Apr 13 11:24:54 2017
MemTotal:        1900556 kB
MemFree:          956272 kB
Buffers:           16576 kB
Cached:           305624 kB
SwapCached:            0 kB
Active:           395620 kB
Inactive:         264188 kB
Active(anon):     337636 kB
Inactive(anon):      416 kB
Active(file):      57984 kB
Inactive(file):   263772 kB
Unevictable:           0 kB
Mlocked:               0 kB
HighTotal:       1158144 kB
HighFree:         300364 kB
LowTotal:         742412 kB
LowFree:          655908 kB
SwapTotal:             0 kB
SwapFree:              0 kB
Dirty:                 8 kB
Writeback:             0 kB
AnonPages:        337744 kB
Mapped:           145052 kB
Shmem:               460 kB
Slab:              37032 kB
SReclaimable:      16052 kB
SUnreclaim:        20980 kB
KernelStack:        8240 kB
PageTables:        12404 kB
NFS_Unstable:          0 kB
Bounce:                0 kB
WritebackTmp:          0 kB
CommitLimit:      950276 kB
Committed_AS:   36062728 kB
VmallocTotal:     245760 kB
VmallocUsed:       62588 kB
VmallocChunk:      75788 kB
==>Thu Apr 13 11:25:04 2017
MemTotal:        1900556 kB
MemFree:          962556 kB
Buffers:           16608 kB
Cached:           305620 kB
SwapCached:            0 kB
Active:           395436 kB
Inactive:         264216 kB
Active(anon):     337452 kB
Inactive(anon):      416 kB
Active(file):      57984 kB
Inactive(file):   263800 kB
Unevictable:           0 kB
Mlocked:               0 kB
HighTotal:       1158144 kB
HighFree:         306756 kB
LowTotal:         742412 kB
LowFree:          655800 kB
SwapTotal:             0 kB
SwapFree:              0 kB
Dirty:                32 kB
Writeback:             0 kB
AnonPages:        337496 kB
Mapped:           145816 kB
Shmem:               460 kB
Slab:              37160 kB
SReclaimable:      16052 kB
SUnreclaim:        21108 kB
KernelStack:        8296 kB
PageTables:        12212 kB
NFS_Unstable:          0 kB
Bounce:                0 kB
WritebackTmp:          0 kB
CommitLimit:      950276 kB
Committed_AS:   36030824 kB
VmallocTotal:     245760 kB
VmallocUsed:       62552 kB
VmallocChunk:      75788 kB
==>Thu Apr 13 11:25:14 2017
MemTotal:        1900556 kB
MemFree:          947004 kB
Buffers:           16656 kB
Cached:           305648 kB
SwapCached:            0 kB
Active:           393012 kB
Inactive:         264288 kB
Active(anon):     335024 kB
Inactive(anon):      416 kB
Active(file):      57988 kB
Inactive(file):   263872 kB
Unevictable:           0 kB
Mlocked:               0 kB
HighTotal:       1158144 kB
HighFree:         291684 kB
LowTotal:         742412 kB
LowFree:          655320 kB
SwapTotal:             0 kB
SwapFree:              0 kB
Dirty:                 4 kB
Writeback:             0 kB
AnonPages:        335152 kB
Mapped:           146472 kB
Shmem:               460 kB
Slab:              37160 kB
SReclaimable:      16052 kB
SUnreclaim:        21108 kB
KernelStack:        8368 kB
PageTables:        12388 kB
NFS_Unstable:          0 kB
Bounce:                0 kB
WritebackTmp:          0 kB
CommitLimit:      950276 kB
Committed_AS:   36043868 kB
VmallocTotal:     245760 kB
VmallocUsed:       62640 kB
VmallocChunk:      75788 kB
==>Thu Apr 13 11:25:24 2017
MemTotal:        1900556 kB
MemFree:          922724 kB
Buffers:           16856 kB
Cached:           307608 kB
SwapCached:            0 kB
Active:           406600 kB
Inactive:         266172 kB
Active(anon):     348336 kB
Inactive(anon):     1600 kB
Active(file):      58264 kB
Inactive(file):   264572 kB
Unevictable:           0 kB
Mlocked:               0 kB
HighTotal:       1158144 kB
HighFree:         267464 kB
LowTotal:         742412 kB
LowFree:          655260 kB
SwapTotal:             0 kB
SwapFree:              0 kB
Dirty:                52 kB
Writeback:             0 kB
AnonPages:        348288 kB
Mapped:           158544 kB
Shmem:              1644 kB
Slab:              37316 kB
SReclaimable:      16092 kB
SUnreclaim:        21224 kB
KernelStack:        8384 kB
PageTables:        12664 kB
NFS_Unstable:          0 kB
Bounce:                0 kB
WritebackTmp:          0 kB
CommitLimit:      950276 kB
Committed_AS:   36380352 kB
VmallocTotal:     245760 kB
VmallocUsed:       62676 kB
VmallocChunk:      75788 kB
==>Thu Apr 13 11:25:34 2017
MemTotal:        1900556 kB
MemFree:          920524 kB
Buffers:           16864 kB
Cached:           307624 kB
SwapCached:            0 kB
Active:           409060 kB
Inactive:         266192 kB
Active(anon):     350792 kB
Inactive(anon):     1600 kB
Active(file):      58268 kB
Inactive(file):   264592 kB
Unevictable:           0 kB
Mlocked:               0 kB
HighTotal:       1158144 kB
HighFree:         265376 kB
LowTotal:         742412 kB
LowFree:          655148 kB
SwapTotal:             0 kB
SwapFree:              0 kB
Dirty:                 0 kB
Writeback:             0 kB
AnonPages:        350884 kB
Mapped:           158532 kB
Shmem:              1644 kB
Slab:              37340 kB
SReclaimable:      16096 kB
SUnreclaim:        21244 kB
KernelStack:        8440 kB
PageTables:        12548 kB
NFS_Unstable:          0 kB
Bounce:                0 kB
WritebackTmp:          0 kB
CommitLimit:      950276 kB
Committed_AS:   36365392 kB
VmallocTotal:     245760 kB
VmallocUsed:       62676 kB
VmallocChunk:      75788 kB
==>Thu Apr 13 11:25:44 2017
MemTotal:        1900556 kB
MemFree:          920712 kB
Buffers:           16880 kB
Cached:           307624 kB
SwapCached:            0 kB
Active:           409156 kB
Inactive:         266204 kB
Active(anon):     350884 kB
Inactive(anon):     1600 kB
Active(file):      58272 kB
Inactive(file):   264604 kB
Unevictable:           0 kB
Mlocked:               0 kB
HighTotal:       1158144 kB
HighFree:         265244 kB
LowTotal:         742412 kB
LowFree:          655468 kB
SwapTotal:             0 kB
SwapFree:              0 kB
Dirty:                44 kB
Writeback:             0 kB
AnonPages:        350904 kB
Mapped:           158532 kB
Shmem:              1644 kB
Slab:              37336 kB
SReclaimable:      16096 kB
SUnreclaim:        21240 kB
KernelStack:        8368 kB
PageTables:        12548 kB
NFS_Unstable:          0 kB
Bounce:                0 kB
WritebackTmp:          0 kB
CommitLimit:      950276 kB
Committed_AS:   36357328 kB
VmallocTotal:     245760 kB
VmallocUsed:       62676 kB
VmallocChunk:      75788 kB
==>Thu Apr 13 11:25:54 2017
MemTotal:        1900556 kB
MemFree:          915700 kB
Buffers:           16904 kB
Cached:           308312 kB
SwapCached:            0 kB
Active:           413868 kB
Inactive:         266208 kB
Active(anon):     355004 kB
Inactive(anon):     1792 kB
Active(file):      58864 kB
Inactive(file):   264416 kB
Unevictable:           0 kB
Mlocked:               0 kB
HighTotal:       1158144 kB
HighFree:         260284 kB
LowTotal:         742412 kB
LowFree:          655416 kB
SwapTotal:             0 kB
SwapFree:              0 kB
Dirty:               320 kB
Writeback:             0 kB
AnonPages:        354984 kB
Mapped:           159196 kB
Shmem:              1916 kB
Slab:              37308 kB
SReclaimable:      16096 kB
SUnreclaim:        21212 kB
KernelStack:        8336 kB
PageTables:        12460 kB
NFS_Unstable:          0 kB
Bounce:                0 kB
WritebackTmp:          0 kB
CommitLimit:      950276 kB
Committed_AS:   36347060 kB
VmallocTotal:     245760 kB
VmallocUsed:       62676 kB
VmallocChunk:      75788 kB
==>Thu Apr 13 11:26:04 2017
MemTotal:        1900556 kB
MemFree:          908924 kB
Buffers:           16932 kB
Cached:           309448 kB
SwapCached:            0 kB
Active:           420132 kB
Inactive:         267292 kB
Active(anon):     361072 kB
Inactive(anon):     2280 kB
Active(file):      59060 kB
Inactive(file):   265012 kB
Unevictable:           0 kB
Mlocked:               0 kB
HighTotal:       1158144 kB
HighFree:         253604 kB
LowTotal:         742412 kB
LowFree:          655320 kB
SwapTotal:             0 kB
SwapFree:              0 kB
Dirty:                32 kB
Writeback:             0 kB
AnonPages:        361124 kB
Mapped:           158380 kB
Shmem:              2324 kB
Slab:              37364 kB
SReclaimable:      16128 kB
SUnreclaim:        21236 kB
KernelStack:        8408 kB
PageTables:        12416 kB
NFS_Unstable:          0 kB
Bounce:                0 kB
WritebackTmp:          0 kB
CommitLimit:      950276 kB
Committed_AS:   36332032 kB
VmallocTotal:     245760 kB
VmallocUsed:       62676 kB
VmallocChunk:      75788 kB
==>Thu Apr 13 11:26:14 2017
MemTotal:        1900556 kB
MemFree:          910812 kB
Buffers:           16940 kB
Cached:           309448 kB
SwapCached:            0 kB
Active:           418996 kB
Inactive:         267300 kB
Active(anon):     359936 kB
Inactive(anon):     2280 kB
Active(file):      59060 kB
Inactive(file):   265020 kB
Unevictable:           0 kB
Mlocked:               0 kB
HighTotal:       1158144 kB
HighFree:         255300 kB
LowTotal:         742412 kB
LowFree:          655512 kB
SwapTotal:             0 kB
SwapFree:              0 kB
Dirty:                 0 kB
Writeback:             0 kB
AnonPages:        359968 kB
Mapped:           158380 kB
Shmem:              2324 kB
Slab:              37308 kB
SReclaimable:      16128 kB
SUnreclaim:        21180 kB
KernelStack:        8296 kB
PageTables:        12616 kB
NFS_Unstable:          0 kB
Bounce:                0 kB
WritebackTmp:          0 kB
CommitLimit:      950276 kB
Committed_AS:   36386132 kB
VmallocTotal:     245760 kB
VmallocUsed:       62676 kB
VmallocChunk:      75788 kB
==>Thu Apr 13 11:26:24 2017
MemTotal:        1900556 kB
MemFree:          910364 kB
Buffers:           16956 kB
Cached:           308736 kB
SwapCached:            0 kB
Active:           419856 kB
Inactive:         266588 kB
Active(anon):     360780 kB
Inactive(anon):     1488 kB
Active(file):      59076 kB
Inactive(file):   265100 kB
Unevictable:           0 kB
Mlocked:               0 kB
HighTotal:       1158144 kB
HighFree:         255124 kB
LowTotal:         742412 kB
LowFree:          655240 kB
SwapTotal:             0 kB
SwapFree:              0 kB
Dirty:                32 kB
Writeback:             0 kB
AnonPages:        360880 kB
Mapped:           158612 kB
Shmem:              1532 kB
Slab:              37452 kB
SReclaimable:      16120 kB
SUnreclaim:        21332 kB
KernelStack:        8408 kB
PageTables:        12584 kB
NFS_Unstable:          0 kB
Bounce:                0 kB
WritebackTmp:          0 kB
CommitLimit:      950276 kB
Committed_AS:   36365368 kB
VmallocTotal:     245760 kB
VmallocUsed:       62676 kB
VmallocChunk:      75788 kB
==>Thu Apr 13 11:26:34 2017
MemTotal:        1900556 kB
MemFree:          911200 kB
Buffers:           16988 kB
Cached:           308728 kB
SwapCached:            0 kB
Active:           419196 kB
Inactive:         266608 kB
Active(anon):     360116 kB
Inactive(anon):     1488 kB
Active(file):      59080 kB
Inactive(file):   265120 kB
Unevictable:           0 kB
Mlocked:               0 kB
HighTotal:       1158144 kB
HighFree:         255768 kB
LowTotal:         742412 kB
LowFree:          655432 kB
SwapTotal:             0 kB
SwapFree:              0 kB
Dirty:                 0 kB
Writeback:             0 kB
AnonPages:        360276 kB
Mapped:           158612 kB
Shmem:              1532 kB
Slab:              37340 kB
SReclaimable:      16124 kB
SUnreclaim:        21216 kB
KernelStack:        8400 kB
PageTables:        12584 kB
NFS_Unstable:          0 kB
Bounce:                0 kB
WritebackTmp:          0 kB
CommitLimit:      950276 kB
Committed_AS:   36358064 kB
VmallocTotal:     245760 kB
VmallocUsed:       62676 kB
VmallocChunk:      75788 kB
==>Thu Apr 13 11:26:44 2017
MemTotal:        1900556 kB
MemFree:          910792 kB
Buffers:           16988 kB
Cached:           308736 kB
SwapCached:            0 kB
Active:           419544 kB
Inactive:         266616 kB
Active(anon):     360464 kB
Inactive(anon):     1488 kB
Active(file):      59080 kB
Inactive(file):   265128 kB
Unevictable:           0 kB
Mlocked:               0 kB
HighTotal:       1158144 kB
HighFree:         255420 kB
LowTotal:         742412 kB
LowFree:          655372 kB
SwapTotal:             0 kB
SwapFree:              0 kB
Dirty:                 0 kB
Writeback:             0 kB
AnonPages:        360492 kB
Mapped:           158612 kB
Shmem:              1532 kB
Slab:              37356 kB
SReclaimable:      16128 kB
SUnreclaim:        21228 kB
KernelStack:        8264 kB
PageTables:        12584 kB
NFS_Unstable:          0 kB
Bounce:                0 kB
WritebackTmp:          0 kB
CommitLimit:      950276 kB
Committed_AS:   36338500 kB
VmallocTotal:     245760 kB
VmallocUsed:       62676 kB
VmallocChunk:      75788 kB
==>Thu Apr 13 11:26:54 2017
MemTotal:        1900556 kB
MemFree:          910244 kB
Buffers:           16996 kB
Cached:           308736 kB
SwapCached:            0 kB
Active:           420072 kB
Inactive:         266624 kB
Active(anon):     360992 kB
Inactive(anon):     1488 kB
Active(file):      59080 kB
Inactive(file):   265136 kB
Unevictable:           0 kB
Mlocked:               0 kB
HighTotal:       1158144 kB
HighFree:         254968 kB
LowTotal:         742412 kB
LowFree:          655276 kB
SwapTotal:             0 kB
SwapFree:              0 kB
Dirty:                32 kB
Writeback:             0 kB
AnonPages:        361084 kB
Mapped:           158612 kB
Shmem:              1532 kB
Slab:              37348 kB
SReclaimable:      16136 kB
SUnreclaim:        21212 kB
KernelStack:        8248 kB
PageTables:        12484 kB
NFS_Unstable:          0 kB
Bounce:                0 kB
WritebackTmp:          0 kB
CommitLimit:      950276 kB
Committed_AS:   36346904 kB
VmallocTotal:     245760 kB
VmallocUsed:       62676 kB
VmallocChunk:      75788 kB
==>Thu Apr 13 11:27:04 2017
MemTotal:        1900556 kB
MemFree:          909896 kB
Buffers:           17004 kB
Cached:           308736 kB
SwapCached:            0 kB
Active:           420372 kB
Inactive:         266632 kB
Active(anon):     361292 kB
Inactive(anon):     1488 kB
Active(file):      59080 kB
Inactive(file):   265144 kB
Unevictable:           0 kB
Mlocked:               0 kB
HighTotal:       1158144 kB
HighFree:         254736 kB
LowTotal:         742412 kB
LowFree:          655160 kB
SwapTotal:             0 kB
SwapFree:              0 kB
Dirty:                 0 kB
Writeback:             0 kB
AnonPages:        361196 kB
Mapped:           158612 kB
Shmem:              1532 kB
Slab:              37444 kB
SReclaimable:      16144 kB
SUnreclaim:        21300 kB
KernelStack:        8232 kB
PageTables:        12484 kB
NFS_Unstable:          0 kB
Bounce:                0 kB
WritebackTmp:          0 kB
CommitLimit:      950276 kB
Committed_AS:   36351432 kB
VmallocTotal:     245760 kB
VmallocUsed:       62676 kB
VmallocChunk:      75788 kB
==>Thu Apr 13 11:27:14 2017
MemTotal:        1900556 kB
MemFree:          909048 kB
Buffers:           17004 kB
Cached:           308736 kB
SwapCached:            0 kB
Active:           420708 kB
Inactive:         266632 kB
Active(anon):     361628 kB
Inactive(anon):     1488 kB
Active(file):      59080 kB
Inactive(file):   265144 kB
Unevictable:           0 kB
Mlocked:               0 kB
HighTotal:       1158144 kB
HighFree:         254152 kB
LowTotal:         742412 kB
LowFree:          654896 kB
SwapTotal:             0 kB
SwapFree:              0 kB
Dirty:                 0 kB
Writeback:             0 kB
AnonPages:        361760 kB
Mapped:           158612 kB
Shmem:              1532 kB
Slab:              37424 kB
SReclaimable:      16136 kB
SUnreclaim:        21288 kB
KernelStack:        8360 kB
PageTables:        12584 kB
NFS_Unstable:          0 kB
Bounce:                0 kB
WritebackTmp:          0 kB
CommitLimit:      950276 kB
Committed_AS:   36369244 kB
VmallocTotal:     245760 kB
VmallocUsed:       62676 kB
VmallocChunk:      75788 kB
==>Thu Apr 13 11:27:24 2017
MemTotal:        1900556 kB
MemFree:          909548 kB
Buffers:           17100 kB
Cached:           308752 kB
SwapCached:            0 kB
Active:           418900 kB
Inactive:         266744 kB
Active(anon):     359820 kB
Inactive(anon):     1488 kB
Active(file):      59080 kB
Inactive(file):   265256 kB
Unevictable:           0 kB
Mlocked:               0 kB
HighTotal:       1158144 kB
HighFree:         254648 kB
LowTotal:         742412 kB
LowFree:          654900 kB
SwapTotal:             0 kB
SwapFree:              0 kB
Dirty:                24 kB
Writeback:             0 kB
AnonPages:        359804 kB
Mapped:           159648 kB
Shmem:              1532 kB
Slab:              37472 kB
SReclaimable:      16164 kB
SUnreclaim:        21308 kB
KernelStack:        8232 kB
PageTables:        12484 kB
NFS_Unstable:          0 kB
Bounce:                0 kB
WritebackTmp:          0 kB
CommitLimit:      950276 kB
Committed_AS:   36355388 kB
VmallocTotal:     245760 kB
VmallocUsed:       62684 kB
VmallocChunk:      75788 kB
==>Thu Apr 13 11:27:34 2017
MemTotal:        1900556 kB
MemFree:          903312 kB
Buffers:           17140 kB
Cached:           308752 kB
SwapCached:            0 kB
Active:           417996 kB
Inactive:         266784 kB
Active(anon):     358916 kB
Inactive(anon):     1488 kB
Active(file):      59080 kB
Inactive(file):   265296 kB
Unevictable:           0 kB
Mlocked:               0 kB
HighTotal:       1158144 kB
HighFree:         248604 kB
LowTotal:         742412 kB
LowFree:          654708 kB
SwapTotal:             0 kB
SwapFree:              0 kB
Dirty:                16 kB
Writeback:             0 kB
AnonPages:        359000 kB
Mapped:           159168 kB
Shmem:              1532 kB
Slab:              37516 kB
SReclaimable:      16168 kB
SUnreclaim:        21348 kB
KernelStack:        8216 kB
PageTables:        12476 kB
NFS_Unstable:          0 kB
Bounce:                0 kB
WritebackTmp:          0 kB
CommitLimit:      950276 kB
Committed_AS:   36321580 kB
VmallocTotal:     245760 kB
VmallocUsed:       62720 kB
VmallocChunk:      75788 kB
==>Thu Apr 13 11:27:44 2017
MemTotal:        1900556 kB
MemFree:          942156 kB
Buffers:           17196 kB
Cached:           308752 kB
SwapCached:            0 kB
Active:           416572 kB
Inactive:         266840 kB
Active(anon):     357492 kB
Inactive(anon):     1488 kB
Active(file):      59080 kB
Inactive(file):   265352 kB
Unevictable:           0 kB
Mlocked:               0 kB
HighTotal:       1158144 kB
HighFree:         287092 kB
LowTotal:         742412 kB
LowFree:          655064 kB
SwapTotal:             0 kB
SwapFree:              0 kB
Dirty:                76 kB
Writeback:             0 kB
AnonPages:        357564 kB
Mapped:           158336 kB
Shmem:              1532 kB
Slab:              37464 kB
SReclaimable:      16160 kB
SUnreclaim:        21304 kB
KernelStack:        8208 kB
PageTables:        12376 kB
NFS_Unstable:          0 kB
Bounce:                0 kB
WritebackTmp:          0 kB
CommitLimit:      950276 kB
Committed_AS:   36344416 kB
VmallocTotal:     245760 kB
VmallocUsed:       62532 kB
VmallocChunk:      75788 kB
==>Thu Apr 13 11:27:54 2017
MemTotal:        1900556 kB
MemFree:          942616 kB
Buffers:           17204 kB
Cached:           308752 kB
SwapCached:            0 kB
Active:           415252 kB
Inactive:         266848 kB
Active(anon):     356172 kB
Inactive(anon):     1488 kB
Active(file):      59080 kB
Inactive(file):   265360 kB
Unevictable:           0 kB
Mlocked:               0 kB
HighTotal:       1158144 kB
HighFree:         287836 kB
LowTotal:         742412 kB
LowFree:          654780 kB
SwapTotal:             0 kB
SwapFree:              0 kB
Dirty:                 0 kB
Writeback:             0 kB
AnonPages:        356184 kB
Mapped:           158812 kB
Shmem:              1532 kB
Slab:              37540 kB
SReclaimable:      16144 kB
SUnreclaim:        21396 kB
KernelStack:        8336 kB
PageTables:        12472 kB
NFS_Unstable:          0 kB
Bounce:                0 kB
WritebackTmp:          0 kB
CommitLimit:      950276 kB
Committed_AS:   36337652 kB
VmallocTotal:     245760 kB
VmallocUsed:       62524 kB
VmallocChunk:      75788 kB
==>Thu Apr 13 11:28:04 2017
MemTotal:        1900556 kB
MemFree:          938540 kB
Buffers:           17292 kB
Cached:           308752 kB
SwapCached:            0 kB
Active:           414660 kB
Inactive:         266936 kB
Active(anon):     355580 kB
Inactive(anon):     1488 kB
Active(file):      59080 kB
Inactive(file):   265448 kB
Unevictable:           0 kB
Mlocked:               0 kB
HighTotal:       1158144 kB
HighFree:         283852 kB
LowTotal:         742412 kB
LowFree:          654688 kB
SwapTotal:             0 kB
SwapFree:              0 kB
Dirty:                 0 kB
Writeback:             0 kB
AnonPages:        355476 kB
Mapped:           159780 kB
Shmem:              1532 kB
Slab:              37492 kB
SReclaimable:      16144 kB
SUnreclaim:        21348 kB
KernelStack:        8344 kB
PageTables:        12372 kB
NFS_Unstable:          0 kB
Bounce:                0 kB
WritebackTmp:          0 kB
CommitLimit:      950276 kB
Committed_AS:   36329040 kB
VmallocTotal:     245760 kB
VmallocUsed:       62552 kB
VmallocChunk:      75788 kB
==>Thu Apr 13 11:28:14 2017
MemTotal:        1900556 kB
MemFree:          935492 kB
Buffers:           17484 kB
Cached:           308728 kB
SwapCached:            0 kB
Active:           415272 kB
Inactive:         267104 kB
Active(anon):     356192 kB
Inactive(anon):     1488 kB
Active(file):      59080 kB
Inactive(file):   265616 kB
Unevictable:           0 kB
Mlocked:               0 kB
HighTotal:       1158144 kB
HighFree:         281272 kB
LowTotal:         742412 kB
LowFree:          654220 kB
SwapTotal:             0 kB
SwapFree:              0 kB
Dirty:                24 kB
Writeback:             0 kB
AnonPages:        356224 kB
Mapped:           160756 kB
Shmem:              1532 kB
Slab:              37608 kB
SReclaimable:      16152 kB
SUnreclaim:        21456 kB
KernelStack:        8392 kB
PageTables:        12372 kB
NFS_Unstable:          0 kB
Bounce:                0 kB
WritebackTmp:          0 kB
CommitLimit:      950276 kB
Committed_AS:   36321848 kB
VmallocTotal:     245760 kB
VmallocUsed:       62552 kB
VmallocChunk:      75788 kB
==>Thu Apr 13 11:28:24 2017
MemTotal:        1900556 kB
MemFree:          940856 kB
Buffers:           17492 kB
Cached:           308752 kB
SwapCached:            0 kB
Active:           410904 kB
Inactive:         267136 kB
Active(anon):     351824 kB
Inactive(anon):     1488 kB
Active(file):      59080 kB
Inactive(file):   265648 kB
Unevictable:           0 kB
Mlocked:               0 kB
HighTotal:       1158144 kB
HighFree:         286408 kB
LowTotal:         742412 kB
LowFree:          654448 kB
SwapTotal:             0 kB
SwapFree:              0 kB
Dirty:                24 kB
Writeback:             0 kB
AnonPages:        351916 kB
Mapped:           161216 kB
Shmem:              1532 kB
Slab:              37600 kB
SReclaimable:      16152 kB
SUnreclaim:        21448 kB
KernelStack:        8392 kB
PageTables:        12368 kB
NFS_Unstable:          0 kB
Bounce:                0 kB
WritebackTmp:          0 kB
CommitLimit:      950276 kB
Committed_AS:   36332772 kB
VmallocTotal:     245760 kB
VmallocUsed:       62552 kB
VmallocChunk:      75788 kB
==>Thu Apr 13 11:28:34 2017
MemTotal:        1900556 kB
MemFree:          939700 kB
Buffers:           17492 kB
Cached:           308752 kB
SwapCached:            0 kB
Active:           411876 kB
Inactive:         267136 kB
Active(anon):     352796 kB
Inactive(anon):     1488 kB
Active(file):      59080 kB
Inactive(file):   265648 kB
Unevictable:           0 kB
Mlocked:               0 kB
HighTotal:       1158144 kB
HighFree:         285404 kB
LowTotal:         742412 kB
LowFree:          654296 kB
SwapTotal:             0 kB
SwapFree:              0 kB
Dirty:                 0 kB
Writeback:             0 kB
AnonPages:        352536 kB
Mapped:           161236 kB
Shmem:              1532 kB
Slab:              37572 kB
SReclaimable:      16152 kB
SUnreclaim:        21420 kB
KernelStack:        8256 kB
PageTables:        12468 kB
NFS_Unstable:          0 kB
Bounce:                0 kB
WritebackTmp:          0 kB
CommitLimit:      950276 kB
Committed_AS:   36343496 kB
VmallocTotal:     245760 kB
VmallocUsed:       62552 kB
VmallocChunk:      75788 kB
==>Thu Apr 13 11:28:44 2017
MemTotal:        1900556 kB
MemFree:          938468 kB
Buffers:           17524 kB
Cached:           308736 kB
SwapCached:            0 kB
Active:           412172 kB
Inactive:         267152 kB
Active(anon):     353092 kB
Inactive(anon):     1488 kB
Active(file):      59080 kB
Inactive(file):   265664 kB
Unevictable:           0 kB
Mlocked:               0 kB
HighTotal:       1158144 kB
HighFree:         284264 kB
LowTotal:         742412 kB
LowFree:          654204 kB
SwapTotal:             0 kB
SwapFree:              0 kB
Dirty:                20 kB
Writeback:             0 kB
AnonPages:        353184 kB
Mapped:           161816 kB
Shmem:              1532 kB
Slab:              37556 kB
SReclaimable:      16160 kB
SUnreclaim:        21396 kB
KernelStack:        8408 kB
PageTables:        12576 kB
NFS_Unstable:          0 kB
Bounce:                0 kB
WritebackTmp:          0 kB
CommitLimit:      950276 kB
Committed_AS:   36340708 kB
VmallocTotal:     245760 kB
VmallocUsed:       63572 kB
VmallocChunk:      75648 kB
==>Thu Apr 13 11:28:55 2017
MemTotal:        1900556 kB
MemFree:          936856 kB
Buffers:           17612 kB
Cached:           308752 kB
SwapCached:            0 kB
Active:           410724 kB
Inactive:         267256 kB
Active(anon):     351644 kB
Inactive(anon):     1488 kB
Active(file):      59080 kB
Inactive(file):   265768 kB
Unevictable:           0 kB
Mlocked:               0 kB
HighTotal:       1158144 kB
HighFree:         282568 kB
LowTotal:         742412 kB
LowFree:          654288 kB
SwapTotal:             0 kB
SwapFree:              0 kB
Dirty:                36 kB
Writeback:             0 kB
AnonPages:        351664 kB
Mapped:           162096 kB
Shmem:              1532 kB
Slab:              37544 kB
SReclaimable:      16172 kB
SUnreclaim:        21372 kB
KernelStack:        8368 kB
PageTables:        12652 kB
NFS_Unstable:          0 kB
Bounce:                0 kB
WritebackTmp:          0 kB
CommitLimit:      950276 kB
Committed_AS:   36334012 kB
VmallocTotal:     245760 kB
VmallocUsed:       62560 kB
VmallocChunk:      75788 kB
==>Thu Apr 13 11:29:04 2017
MemTotal:        1900556 kB
MemFree:          939364 kB
Buffers:           17684 kB
Cached:           308752 kB
SwapCached:            0 kB
Active:           411108 kB
Inactive:         267328 kB
Active(anon):     352028 kB
Inactive(anon):     1488 kB
Active(file):      59080 kB
Inactive(file):   265840 kB
Unevictable:           0 kB
Mlocked:               0 kB
HighTotal:       1158144 kB
HighFree:         284816 kB
LowTotal:         742412 kB
LowFree:          654548 kB
SwapTotal:             0 kB
SwapFree:              0 kB
Dirty:                24 kB
Writeback:             0 kB
AnonPages:        352036 kB
Mapped:           162088 kB
Shmem:              1532 kB
Slab:              37628 kB
SReclaimable:      16184 kB
SUnreclaim:        21444 kB
KernelStack:        8232 kB
PageTables:        12368 kB
NFS_Unstable:          0 kB
Bounce:                0 kB
WritebackTmp:          0 kB
CommitLimit:      950276 kB
Committed_AS:   36337668 kB
VmallocTotal:     245760 kB
VmallocUsed:       62544 kB
VmallocChunk:      75788 kB
==>Thu Apr 13 11:29:14 2017
MemTotal:        1900556 kB
MemFree:          940668 kB
Buffers:           17756 kB
Cached:           308736 kB
SwapCached:            0 kB
Active:           409384 kB
Inactive:         267384 kB
Active(anon):     350304 kB
Inactive(anon):     1488 kB
Active(file):      59080 kB
Inactive(file):   265896 kB
Unevictable:           0 kB
Mlocked:               0 kB
HighTotal:       1158144 kB
HighFree:         286264 kB
LowTotal:         742412 kB
LowFree:          654404 kB
SwapTotal:             0 kB
SwapFree:              0 kB
Dirty:                24 kB
Writeback:             0 kB
AnonPages:        350236 kB
Mapped:           162884 kB
Shmem:              1532 kB
Slab:              37624 kB
SReclaimable:      16184 kB
SUnreclaim:        21440 kB
KernelStack:        8240 kB
PageTables:        12572 kB
NFS_Unstable:          0 kB
Bounce:                0 kB
WritebackTmp:          0 kB
CommitLimit:      950276 kB
Committed_AS:   36342012 kB
VmallocTotal:     245760 kB
VmallocUsed:       62552 kB
VmallocChunk:      75788 kB
==>Thu Apr 13 11:29:24 2017
MemTotal:        1900556 kB
MemFree:          875332 kB
Buffers:           17808 kB
Cached:           320792 kB
SwapCached:            0 kB
Active:           429372 kB
Inactive:         279256 kB
Active(anon):     370172 kB
Inactive(anon):    12592 kB
Active(file):      59200 kB
Inactive(file):   266664 kB
Unevictable:           0 kB
Mlocked:               0 kB
HighTotal:       1158144 kB
HighFree:         221896 kB
LowTotal:         742412 kB
LowFree:          653436 kB
SwapTotal:             0 kB
SwapFree:              0 kB
Dirty:               448 kB
Writeback:             0 kB
AnonPages:        370060 kB
Mapped:           178900 kB
Shmem:             12628 kB
Slab:              37800 kB
SReclaimable:      16208 kB
SUnreclaim:        21592 kB
KernelStack:        8352 kB
PageTables:        12664 kB
NFS_Unstable:          0 kB
Bounce:                0 kB
WritebackTmp:          0 kB
CommitLimit:      950276 kB
Committed_AS:   36392240 kB
VmallocTotal:     245760 kB
VmallocUsed:       62624 kB
VmallocChunk:      75788 kB
==>Thu Apr 13 11:29:34 2017
MemTotal:        1900556 kB
MemFree:          862364 kB
Buffers:           18040 kB
Cached:           320992 kB
SwapCached:            0 kB
Active:           434144 kB
Inactive:         279740 kB
Active(anon):     374884 kB
Inactive(anon):    12820 kB
Active(file):      59260 kB
Inactive(file):   266920 kB
Unevictable:           0 kB
Mlocked:               0 kB
HighTotal:       1158144 kB
HighFree:         209220 kB
LowTotal:         742412 kB
LowFree:          653144 kB
SwapTotal:             0 kB
SwapFree:              0 kB
Dirty:               144 kB
Writeback:             0 kB
AnonPages:        374908 kB
Mapped:           185880 kB
Shmem:             12868 kB
Slab:              37948 kB
SReclaimable:      16244 kB
SUnreclaim:        21704 kB
KernelStack:        8424 kB
PageTables:        12604 kB
NFS_Unstable:          0 kB
Bounce:                0 kB
WritebackTmp:          0 kB
CommitLimit:      950276 kB
Committed_AS:   36401804 kB
VmallocTotal:     245760 kB
VmallocUsed:       62624 kB
VmallocChunk:      75788 kB
==>Thu Apr 13 11:29:44 2017
MemTotal:        1900556 kB
MemFree:          862232 kB
Buffers:           18072 kB
Cached:           321000 kB
SwapCached:            0 kB
Active:           434616 kB
Inactive:         279772 kB
Active(anon):     375348 kB
Inactive(anon):    12820 kB
Active(file):      59268 kB
Inactive(file):   266952 kB
Unevictable:           0 kB
Mlocked:               0 kB
HighTotal:       1158144 kB
HighFree:         208912 kB
LowTotal:         742412 kB
LowFree:          653320 kB
SwapTotal:             0 kB
SwapFree:              0 kB
Dirty:                 0 kB
Writeback:             0 kB
AnonPages:        375480 kB
Mapped:           185600 kB
Shmem:             12868 kB
Slab:              37928 kB
SReclaimable:      16244 kB
SUnreclaim:        21684 kB
KernelStack:        8288 kB
PageTables:        12504 kB
NFS_Unstable:          0 kB
Bounce:                0 kB
WritebackTmp:          0 kB
CommitLimit:      950276 kB
Committed_AS:   36389220 kB
VmallocTotal:     245760 kB
VmallocUsed:       62624 kB
VmallocChunk:      75788 kB
==>Thu Apr 13 11:29:54 2017
MemTotal:        1900556 kB
MemFree:          859508 kB
Buffers:           18208 kB
Cached:           320996 kB
SwapCached:            0 kB
Active:           437120 kB
Inactive:         279888 kB
Active(anon):     377836 kB
Inactive(anon):    12820 kB
Active(file):      59284 kB
Inactive(file):   267068 kB
Unevictable:           0 kB
Mlocked:               0 kB
HighTotal:       1158144 kB
HighFree:         206600 kB
LowTotal:         742412 kB
LowFree:          652908 kB
SwapTotal:             0 kB
SwapFree:              0 kB
Dirty:               112 kB
Writeback:             0 kB
AnonPages:        377896 kB
Mapped:           185600 kB
Shmem:             12868 kB
Slab:              37964 kB
SReclaimable:      16248 kB
SUnreclaim:        21716 kB
KernelStack:        8432 kB
PageTables:        12508 kB
NFS_Unstable:          0 kB
Bounce:                0 kB
WritebackTmp:          0 kB
CommitLimit:      950276 kB
Committed_AS:   36379076 kB
VmallocTotal:     245760 kB
VmallocUsed:       62624 kB
VmallocChunk:      75788 kB
==>Thu Apr 13 11:30:04 2017
MemTotal:        1900556 kB
MemFree:          861348 kB
Buffers:           18272 kB
Cached:           320996 kB
SwapCached:            0 kB
Active:           434324 kB
Inactive:         279948 kB
Active(anon):     375036 kB
Inactive(anon):    12820 kB
Active(file):      59288 kB
Inactive(file):   267128 kB
Unevictable:           0 kB
Mlocked:               0 kB
HighTotal:       1158144 kB
HighFree:         208296 kB
LowTotal:         742412 kB
LowFree:          653052 kB
SwapTotal:             0 kB
SwapFree:              0 kB
Dirty:                 0 kB
Writeback:             0 kB
AnonPages:        374964 kB
Mapped:           185788 kB
Shmem:             12868 kB
Slab:              37948 kB
SReclaimable:      16248 kB
SUnreclaim:        21700 kB
KernelStack:        8296 kB
PageTables:        12608 kB
NFS_Unstable:          0 kB
Bounce:                0 kB
WritebackTmp:          0 kB
CommitLimit:      950276 kB
Committed_AS:   36377060 kB
VmallocTotal:     245760 kB
VmallocUsed:       62624 kB
VmallocChunk:      75788 kB
==>Thu Apr 13 11:30:14 2017
MemTotal:        1900556 kB
MemFree:          865080 kB
Buffers:           18280 kB
Cached:           320996 kB
SwapCached:            0 kB
Active:           431712 kB
Inactive:         279972 kB
Active(anon):     372440 kB
Inactive(anon):    12820 kB
Active(file):      59272 kB
Inactive(file):   267152 kB
Unevictable:           0 kB
Mlocked:               0 kB
HighTotal:       1158144 kB
HighFree:         211772 kB
LowTotal:         742412 kB
LowFree:          653308 kB
SwapTotal:             0 kB
SwapFree:              0 kB
Dirty:                52 kB
Writeback:             0 kB
AnonPages:        372520 kB
Mapped:           185772 kB
Shmem:             12868 kB
Slab:              37952 kB
SReclaimable:      16248 kB
SUnreclaim:        21704 kB
KernelStack:        8272 kB
PageTables:        12508 kB
NFS_Unstable:          0 kB
Bounce:                0 kB
WritebackTmp:          0 kB
CommitLimit:      950276 kB
Committed_AS:   36369048 kB
VmallocTotal:     245760 kB
VmallocUsed:       62624 kB
VmallocChunk:      75788 kB
==>Thu Apr 13 11:30:25 2017
MemTotal:        1900556 kB
MemFree:          863304 kB
Buffers:           18280 kB
Cached:           320996 kB
SwapCached:            0 kB
Active:           433132 kB
Inactive:         279972 kB
Active(anon):     373860 kB
Inactive(anon):    12820 kB
Active(file):      59272 kB
Inactive(file):   267152 kB
Unevictable:           0 kB
Mlocked:               0 kB
HighTotal:       1158144 kB
HighFree:         210300 kB
LowTotal:         742412 kB
LowFree:          653004 kB
SwapTotal:             0 kB
SwapFree:              0 kB
Dirty:                 0 kB
Writeback:             0 kB
AnonPages:        373868 kB
Mapped:           185772 kB
Shmem:             12868 kB
Slab:              38000 kB
SReclaimable:      16248 kB
SUnreclaim:        21752 kB
KernelStack:        8248 kB
PageTables:        12608 kB
NFS_Unstable:          0 kB
Bounce:                0 kB
WritebackTmp:          0 kB
CommitLimit:      950276 kB
Committed_AS:   36378232 kB
VmallocTotal:     245760 kB
VmallocUsed:       62624 kB
VmallocChunk:      75788 kB
==>Thu Apr 13 11:30:34 2017
MemTotal:        1900556 kB
MemFree:          863004 kB
Buffers:           18456 kB
Cached:           320920 kB
SwapCached:            0 kB
Active:           432736 kB
Inactive:         280072 kB
Active(anon):     373464 kB
Inactive(anon):    12820 kB
Active(file):      59272 kB
Inactive(file):   267252 kB
Unevictable:           0 kB
Mlocked:               0 kB
HighTotal:       1158144 kB
HighFree:         210232 kB
LowTotal:         742412 kB
LowFree:          652772 kB
SwapTotal:             0 kB
SwapFree:              0 kB
Dirty:                92 kB
Writeback:            16 kB
AnonPages:        373532 kB
Mapped:           186376 kB
Shmem:             12868 kB
Slab:              37896 kB
SReclaimable:      16248 kB
SUnreclaim:        21648 kB
KernelStack:        8408 kB
PageTables:        12508 kB
NFS_Unstable:          0 kB
Bounce:                0 kB
WritebackTmp:          0 kB
CommitLimit:      950276 kB
Committed_AS:   36354868 kB
VmallocTotal:     245760 kB
VmallocUsed:       62624 kB
VmallocChunk:      75788 kB
==>Thu Apr 13 11:30:44 2017
MemTotal:        1900556 kB
MemFree:          864544 kB
Buffers:           18600 kB
Cached:           321000 kB
SwapCached:            0 kB
Active:           431228 kB
Inactive:         280292 kB
Active(anon):     371952 kB
Inactive(anon):    12820 kB
Active(file):      59276 kB
Inactive(file):   267472 kB
Unevictable:           0 kB
Mlocked:               0 kB
HighTotal:       1158144 kB
HighFree:         211676 kB
LowTotal:         742412 kB
LowFree:          652868 kB
SwapTotal:             0 kB
SwapFree:              0 kB
Dirty:                32 kB
Writeback:             0 kB
AnonPages:        371768 kB
Mapped:           185252 kB
Shmem:             12868 kB
Slab:              37928 kB
SReclaimable:      16248 kB
SUnreclaim:        21680 kB
KernelStack:        8408 kB
PageTables:        12508 kB
NFS_Unstable:          0 kB
Bounce:                0 kB
WritebackTmp:          0 kB
CommitLimit:      950276 kB
Committed_AS:   36355324 kB
VmallocTotal:     245760 kB
VmallocUsed:       62624 kB
VmallocChunk:      75788 kB
==>Thu Apr 13 11:30:54 2017
MemTotal:        1900556 kB
MemFree:          852944 kB
Buffers:           18908 kB
Cached:           321020 kB
SwapCached:            0 kB
Active:           435304 kB
Inactive:         280592 kB
Active(anon):     376024 kB
Inactive(anon):    12820 kB
Active(file):      59280 kB
Inactive(file):   267772 kB
Unevictable:           0 kB
Mlocked:               0 kB
HighTotal:       1158144 kB
HighFree:         201884 kB
LowTotal:         742412 kB
LowFree:          651060 kB
SwapTotal:             0 kB
SwapFree:              0 kB
Dirty:               180 kB
Writeback:            12 kB
AnonPages:        375952 kB
Mapped:           185724 kB
Shmem:             12868 kB
Slab:              38044 kB
SReclaimable:      16264 kB
SUnreclaim:        21780 kB
KernelStack:        8464 kB
PageTables:        12844 kB
NFS_Unstable:          0 kB
Bounce:                0 kB
WritebackTmp:          0 kB
CommitLimit:      950276 kB
Committed_AS:   36421844 kB
VmallocTotal:     245760 kB
VmallocUsed:       62656 kB
VmallocChunk:      75788 kB
==>Thu Apr 13 11:31:04 2017
MemTotal:        1900556 kB
MemFree:          855660 kB
Buffers:           19012 kB
Cached:           321144 kB
SwapCached:            0 kB
Active:           434260 kB
Inactive:         280816 kB
Active(anon):     374952 kB
Inactive(anon):    12820 kB
Active(file):      59308 kB
Inactive(file):   267996 kB
Unevictable:           0 kB
Mlocked:               0 kB
HighTotal:       1158144 kB
HighFree:         203920 kB
LowTotal:         742412 kB
LowFree:          651740 kB
SwapTotal:             0 kB
SwapFree:              0 kB
Dirty:                60 kB
Writeback:             0 kB
AnonPages:        374860 kB
Mapped:           185268 kB
Shmem:             12868 kB
Slab:              38132 kB
SReclaimable:      16304 kB
SUnreclaim:        21828 kB
KernelStack:        8584 kB
PageTables:        12628 kB
NFS_Unstable:          0 kB
Bounce:                0 kB
WritebackTmp:          0 kB
CommitLimit:      950276 kB
Committed_AS:   36368944 kB
VmallocTotal:     245760 kB
VmallocUsed:       62656 kB
VmallocChunk:      75788 kB
==>Thu Apr 13 11:31:14 2017
MemTotal:        1900556 kB
MemFree:          853396 kB
Buffers:           19080 kB
Cached:           321272 kB
SwapCached:            0 kB
Active:           437140 kB
Inactive:         281000 kB
Active(anon):     377820 kB
Inactive(anon):    12820 kB
Active(file):      59320 kB
Inactive(file):   268180 kB
Unevictable:           0 kB
Mlocked:               0 kB
HighTotal:       1158144 kB
HighFree:         201256 kB
LowTotal:         742412 kB
LowFree:          652140 kB
SwapTotal:             0 kB
SwapFree:              0 kB
Dirty:                72 kB
Writeback:             0 kB
AnonPages:        377868 kB
Mapped:           185300 kB
Shmem:             12868 kB
Slab:              38068 kB
SReclaimable:      16304 kB
SUnreclaim:        21764 kB
KernelStack:        8512 kB
PageTables:        12844 kB
NFS_Unstable:          0 kB
Bounce:                0 kB
WritebackTmp:          0 kB
CommitLimit:      950276 kB
Committed_AS:   36439480 kB
VmallocTotal:     245760 kB
VmallocUsed:       64696 kB
VmallocChunk:      75788 kB
==>Thu Apr 13 11:31:24 2017
MemTotal:        1900556 kB
MemFree:          851520 kB
Buffers:           19160 kB
Cached:           321348 kB
SwapCached:            0 kB
Active:           437068 kB
Inactive:         281152 kB
Active(anon):     377744 kB
Inactive(anon):    12820 kB
Active(file):      59324 kB
Inactive(file):   268332 kB
Unevictable:           0 kB
Mlocked:               0 kB
HighTotal:       1158144 kB
HighFree:         200272 kB
LowTotal:         742412 kB
LowFree:          651248 kB
SwapTotal:             0 kB
SwapFree:              0 kB
Dirty:               132 kB
Writeback:             0 kB
AnonPages:        377744 kB
Mapped:           185404 kB
Shmem:             12868 kB
Slab:              38048 kB
SReclaimable:      16304 kB
SUnreclaim:        21744 kB
KernelStack:        8640 kB
PageTables:        12636 kB
NFS_Unstable:          0 kB
Bounce:                0 kB
WritebackTmp:          0 kB
CommitLimit:      950276 kB
Committed_AS:   36377220 kB
VmallocTotal:     245760 kB
VmallocUsed:       63688 kB
VmallocChunk:      75788 kB
==>Thu Apr 13 11:31:34 2017
MemTotal:        1900556 kB
MemFree:          851424 kB
Buffers:           19304 kB
Cached:           321440 kB
SwapCached:            0 kB
Active:           437428 kB
Inactive:         281364 kB
Active(anon):     378080 kB
Inactive(anon):    12820 kB
Active(file):      59348 kB
Inactive(file):   268544 kB
Unevictable:           0 kB
Mlocked:               0 kB
HighTotal:       1158144 kB
HighFree:         199580 kB
LowTotal:         742412 kB
LowFree:          651844 kB
SwapTotal:             0 kB
SwapFree:              0 kB
Dirty:               160 kB
Writeback:             0 kB
AnonPages:        378128 kB
Mapped:           185400 kB
Shmem:             12868 kB
Slab:              38040 kB
SReclaimable:      16304 kB
SUnreclaim:        21736 kB
KernelStack:        8528 kB
PageTables:        12572 kB
NFS_Unstable:          0 kB
Bounce:                0 kB
WritebackTmp:          0 kB
CommitLimit:      950276 kB
Committed_AS:   36371448 kB
VmallocTotal:     245760 kB
VmallocUsed:       62668 kB
VmallocChunk:      75788 kB
==>Thu Apr 13 11:31:44 2017
MemTotal:        1900556 kB
MemFree:          846352 kB
Buffers:           19368 kB
Cached:           321476 kB
SwapCached:            0 kB
Active:           442168 kB
Inactive:         281456 kB
Active(anon):     382812 kB
Inactive(anon):    12828 kB
Active(file):      59356 kB
Inactive(file):   268628 kB
Unevictable:           0 kB
Mlocked:               0 kB
HighTotal:       1158144 kB
HighFree:         194852 kB
LowTotal:         742412 kB
LowFree:          651500 kB
SwapTotal:             0 kB
SwapFree:              0 kB
Dirty:                96 kB
Writeback:             0 kB
AnonPages:        382848 kB
Mapped:           185564 kB
Shmem:             12876 kB
Slab:              38056 kB
SReclaimable:      16304 kB
SUnreclaim:        21752 kB
KernelStack:        8592 kB
PageTables:        12648 kB
NFS_Unstable:          0 kB
Bounce:                0 kB
WritebackTmp:          0 kB
CommitLimit:      950276 kB
Committed_AS:   36424852 kB
VmallocTotal:     245760 kB
VmallocUsed:       63688 kB
VmallocChunk:      75788 kB
==>Thu Apr 13 11:31:54 2017
MemTotal:        1900556 kB
MemFree:          846296 kB
Buffers:           19520 kB
Cached:           321476 kB
SwapCached:            0 kB
Active:           441548 kB
Inactive:         281600 kB
Active(anon):     382184 kB
Inactive(anon):    12820 kB
Active(file):      59364 kB
Inactive(file):   268780 kB
Unevictable:           0 kB
Mlocked:               0 kB
HighTotal:       1158144 kB
HighFree:         195196 kB
LowTotal:         742412 kB
LowFree:          651100 kB
SwapTotal:             0 kB
SwapFree:              0 kB
Dirty:                52 kB
Writeback:             0 kB
AnonPages:        382232 kB
Mapped:           185860 kB
Shmem:             12868 kB
Slab:              38088 kB
SReclaimable:      16308 kB
SUnreclaim:        21780 kB
KernelStack:        8528 kB
PageTables:        12724 kB
NFS_Unstable:          0 kB
Bounce:                0 kB
WritebackTmp:          0 kB
CommitLimit:      950276 kB
Committed_AS:   36433912 kB
VmallocTotal:     245760 kB
VmallocUsed:       62668 kB
VmallocChunk:      75788 kB
==>Thu Apr 13 11:32:05 2017
MemTotal:        1900556 kB
MemFree:          846816 kB
Buffers:           19636 kB
Cached:           321508 kB
SwapCached:            0 kB
Active:           442416 kB
Inactive:         281728 kB
Active(anon):     383032 kB
Inactive(anon):    12820 kB
Active(file):      59384 kB
Inactive(file):   268908 kB
Unevictable:           0 kB
Mlocked:               0 kB
HighTotal:       1158144 kB
HighFree:         195304 kB
LowTotal:         742412 kB
LowFree:          651512 kB
SwapTotal:             0 kB
SwapFree:              0 kB
Dirty:                28 kB
Writeback:             0 kB
AnonPages:        383044 kB
Mapped:           185064 kB
Shmem:             12868 kB
Slab:              38132 kB
SReclaimable:      16320 kB
SUnreclaim:        21812 kB
KernelStack:        8552 kB
PageTables:        12600 kB
NFS_Unstable:          0 kB
Bounce:                0 kB
WritebackTmp:          0 kB
CommitLimit:      950276 kB
Committed_AS:   36396624 kB
VmallocTotal:     245760 kB
VmallocUsed:       62668 kB
VmallocChunk:      75788 kB
==>Thu Apr 13 11:32:14 2017
MemTotal:        1900556 kB
MemFree:          845860 kB
Buffers:           19748 kB
Cached:           321512 kB
SwapCached:            0 kB
Active:           442120 kB
Inactive:         281824 kB
Active(anon):     382716 kB
Inactive(anon):    12820 kB
Active(file):      59404 kB
Inactive(file):   269004 kB
Unevictable:           0 kB
Mlocked:               0 kB
HighTotal:       1158144 kB
HighFree:         194808 kB
LowTotal:         742412 kB
LowFree:          651052 kB
SwapTotal:             0 kB
SwapFree:              0 kB
Dirty:                48 kB
Writeback:             0 kB
AnonPages:        382720 kB
Mapped:           185548 kB
Shmem:             12868 kB
Slab:              38068 kB
SReclaimable:      16320 kB
SUnreclaim:        21748 kB
KernelStack:        8584 kB
PageTables:        12768 kB
NFS_Unstable:          0 kB
Bounce:                0 kB
WritebackTmp:          0 kB
CommitLimit:      950276 kB
Committed_AS:   36437912 kB
VmallocTotal:     245760 kB
VmallocUsed:       62668 kB
VmallocChunk:      75788 kB
==>Thu Apr 13 11:32:24 2017
MemTotal:        1900556 kB
MemFree:          835844 kB
Buffers:           20116 kB
Cached:           321644 kB
SwapCached:            0 kB
Active:           447248 kB
Inactive:         282284 kB
Active(anon):     387804 kB
Inactive(anon):    12820 kB
Active(file):      59444 kB
Inactive(file):   269464 kB
Unevictable:           0 kB
Mlocked:               0 kB
HighTotal:       1158144 kB
HighFree:         185444 kB
LowTotal:         742412 kB
LowFree:          650400 kB
SwapTotal:             0 kB
SwapFree:              0 kB
Dirty:                92 kB
Writeback:             0 kB
AnonPages:        388128 kB
Mapped:           187024 kB
Shmem:             12868 kB
Slab:              38136 kB
SReclaimable:      16352 kB
SUnreclaim:        21784 kB
KernelStack:        8432 kB
PageTables:        12572 kB
NFS_Unstable:          0 kB
Bounce:                0 kB
WritebackTmp:          0 kB
CommitLimit:      950276 kB
Committed_AS:   36408976 kB
VmallocTotal:     245760 kB
VmallocUsed:       63704 kB
VmallocChunk:      75788 kB
==>Thu Apr 13 11:32:35 2017
MemTotal:        1900556 kB
MemFree:          820392 kB
Buffers:           20312 kB
Cached:           327112 kB
SwapCached:            0 kB
Active:           448104 kB
Inactive:         287928 kB
Active(anon):     388640 kB
Inactive(anon):    18204 kB
Active(file):      59464 kB
Inactive(file):   269724 kB
Unevictable:           0 kB
Mlocked:               0 kB
HighTotal:       1158144 kB
HighFree:         169580 kB
LowTotal:         742412 kB
LowFree:          650812 kB
SwapTotal:             0 kB
SwapFree:              0 kB
Dirty:                52 kB
Writeback:             0 kB
AnonPages:        388636 kB
Mapped:           193224 kB
Shmem:             18252 kB
Slab:              38144 kB
SReclaimable:      16352 kB
SUnreclaim:        21792 kB
KernelStack:        8552 kB
PageTables:        12668 kB
NFS_Unstable:          0 kB
Bounce:                0 kB
WritebackTmp:          0 kB
CommitLimit:      950276 kB
Committed_AS:   36431044 kB
VmallocTotal:     245760 kB
VmallocUsed:       62684 kB
VmallocChunk:      75788 kB
==>Thu Apr 13 11:32:45 2017
MemTotal:        1900556 kB
MemFree:          830976 kB
Buffers:           20352 kB
Cached:           321724 kB
SwapCached:            0 kB
Active:           450064 kB
Inactive:         282580 kB
Active(anon):     390600 kB
Inactive(anon):    12820 kB
Active(file):      59464 kB
Inactive(file):   269760 kB
Unevictable:           0 kB
Mlocked:               0 kB
HighTotal:       1158144 kB
HighFree:         183360 kB
LowTotal:         742412 kB
LowFree:          647616 kB
SwapTotal:             0 kB
SwapFree:              0 kB
Dirty:                52 kB
Writeback:             0 kB
AnonPages:        390616 kB
Mapped:           186920 kB
Shmem:             12868 kB
Slab:              38872 kB
SReclaimable:      16504 kB
SUnreclaim:        22368 kB
KernelStack:       10840 kB
PageTables:        12668 kB
NFS_Unstable:          0 kB
Bounce:                0 kB
WritebackTmp:          0 kB
CommitLimit:      950276 kB
Committed_AS:   36409956 kB
VmallocTotal:     245760 kB
VmallocUsed:       64724 kB
VmallocChunk:      75648 kB
==>Thu Apr 13 11:32:55 2017
MemTotal:        1900556 kB
MemFree:          834944 kB
Buffers:           20392 kB
Cached:           321728 kB
SwapCached:            0 kB
Active:           449060 kB
Inactive:         282616 kB
Active(anon):     389588 kB
Inactive(anon):    12820 kB
Active(file):      59472 kB
Inactive(file):   269796 kB
Unevictable:           0 kB
Mlocked:               0 kB
HighTotal:       1158144 kB
HighFree:         185040 kB
LowTotal:         742412 kB
LowFree:          649904 kB
SwapTotal:             0 kB
SwapFree:              0 kB
Dirty:                12 kB
Writeback:             0 kB
AnonPages:        389600 kB
Mapped:           186504 kB
Shmem:             12868 kB
Slab:              38784 kB
SReclaimable:      16456 kB
SUnreclaim:        22328 kB
KernelStack:        8560 kB
PageTables:        12640 kB
NFS_Unstable:          0 kB
Bounce:                0 kB
WritebackTmp:          0 kB
CommitLimit:      950276 kB
Committed_AS:   36402536 kB
VmallocTotal:     245760 kB
VmallocUsed:       64724 kB
VmallocChunk:      75788 kB
==>Thu Apr 13 11:33:04 2017
MemTotal:        1900556 kB
MemFree:          880824 kB
Buffers:           20720 kB
Cached:           312424 kB
SwapCached:            0 kB
Active:           436084 kB
Inactive:         273632 kB
Active(anon):     376600 kB
Inactive(anon):     2460 kB
Active(file):      59484 kB
Inactive(file):   271172 kB
Unevictable:           0 kB
Mlocked:               0 kB
HighTotal:       1158144 kB
HighFree:         230568 kB
LowTotal:         742412 kB
LowFree:          650256 kB
SwapTotal:             0 kB
SwapFree:              0 kB
Dirty:                 8 kB
Writeback:             0 kB
AnonPages:        376624 kB
Mapped:           165484 kB
Shmem:              2504 kB
Slab:              38372 kB
SReclaimable:      16440 kB
SUnreclaim:        21932 kB
KernelStack:        8416 kB
PageTables:        12508 kB
NFS_Unstable:          0 kB
Bounce:                0 kB
WritebackTmp:          0 kB
CommitLimit:      950276 kB
Committed_AS:   36371336 kB
VmallocTotal:     245760 kB
VmallocUsed:       62676 kB
VmallocChunk:      75788 kB
==>Thu Apr 13 11:33:14 2017
MemTotal:        1900556 kB
MemFree:          882272 kB
Buffers:           20776 kB
Cached:           312444 kB
SwapCached:            0 kB
Active:           436192 kB
Inactive:         273708 kB
Active(anon):     376708 kB
Inactive(anon):     2460 kB
Active(file):      59484 kB
Inactive(file):   271248 kB
Unevictable:           0 kB
Mlocked:               0 kB
HighTotal:       1158144 kB
HighFree:         232388 kB
LowTotal:         742412 kB
LowFree:          649884 kB
SwapTotal:             0 kB
SwapFree:              0 kB
Dirty:                 0 kB
Writeback:             0 kB
AnonPages:        376784 kB
Mapped:           163812 kB
Shmem:              2504 kB
Slab:              38372 kB
SReclaimable:      16440 kB
SUnreclaim:        21932 kB
KernelStack:        8408 kB
PageTables:        12716 kB
NFS_Unstable:          0 kB
Bounce:                0 kB
WritebackTmp:          0 kB
CommitLimit:      950276 kB
Committed_AS:   36410000 kB
VmallocTotal:     245760 kB
VmallocUsed:       63696 kB
VmallocChunk:      75648 kB
==>Thu Apr 13 11:33:25 2017
MemTotal:        1900556 kB
MemFree:          883464 kB
Buffers:           20800 kB
Cached:           312460 kB
SwapCached:            0 kB
Active:           435752 kB
Inactive:         273740 kB
Active(anon):     376260 kB
Inactive(anon):     2460 kB
Active(file):      59492 kB
Inactive(file):   271280 kB
Unevictable:           0 kB
Mlocked:               0 kB
HighTotal:       1158144 kB
HighFree:         233404 kB
LowTotal:         742412 kB
LowFree:          650060 kB
SwapTotal:             0 kB
SwapFree:              0 kB
Dirty:                40 kB
Writeback:             0 kB
AnonPages:        376324 kB
Mapped:           163816 kB
Shmem:              2504 kB
Slab:              38444 kB
SReclaimable:      16440 kB
SUnreclaim:        22004 kB
KernelStack:        8520 kB
PageTables:        12664 kB
NFS_Unstable:          0 kB
Bounce:                0 kB
WritebackTmp:          0 kB
CommitLimit:      950276 kB
Committed_AS:   36366160 kB
VmallocTotal:     245760 kB
VmallocUsed:       63704 kB
VmallocChunk:      75648 kB
==>Thu Apr 13 11:33:35 2017
MemTotal:        1900556 kB
MemFree:          884648 kB
Buffers:           20880 kB
Cached:           312460 kB
SwapCached:            0 kB
Active:           434924 kB
Inactive:         273816 kB
Active(anon):     375428 kB
Inactive(anon):     2460 kB
Active(file):      59496 kB
Inactive(file):   271356 kB
Unevictable:           0 kB
Mlocked:               0 kB
HighTotal:       1158144 kB
HighFree:         234416 kB
LowTotal:         742412 kB
LowFree:          650232 kB
SwapTotal:             0 kB
SwapFree:              0 kB
Dirty:                44 kB
Writeback:             0 kB
AnonPages:        375560 kB
Mapped:           163820 kB
Shmem:              2504 kB
Slab:              38372 kB
SReclaimable:      16440 kB
SUnreclaim:        21932 kB
KernelStack:        8384 kB
PageTables:        12564 kB
NFS_Unstable:          0 kB
Bounce:                0 kB
WritebackTmp:          0 kB
CommitLimit:      950276 kB
Committed_AS:   36352456 kB
VmallocTotal:     245760 kB
VmallocUsed:       62684 kB
VmallocChunk:      75788 kB
==>Thu Apr 13 11:33:45 2017
MemTotal:        1900556 kB
MemFree:          883872 kB
Buffers:           20936 kB
Cached:           312472 kB
SwapCached:            0 kB
Active:           435016 kB
Inactive:         273880 kB
Active(anon):     375516 kB
Inactive(anon):     2460 kB
Active(file):      59500 kB
Inactive(file):   271420 kB
Unevictable:           0 kB
Mlocked:               0 kB
HighTotal:       1158144 kB
HighFree:         234232 kB
LowTotal:         742412 kB
LowFree:          649640 kB
SwapTotal:             0 kB
SwapFree:              0 kB
Dirty:                32 kB
Writeback:             0 kB
AnonPages:        375576 kB
Mapped:           164384 kB
Shmem:              2504 kB
Slab:              38384 kB
SReclaimable:      16440 kB
SUnreclaim:        21944 kB
KernelStack:        8512 kB
PageTables:        12564 kB
NFS_Unstable:          0 kB
Bounce:                0 kB
WritebackTmp:          0 kB
CommitLimit:      950276 kB
Committed_AS:   36391372 kB
VmallocTotal:     245760 kB
VmallocUsed:       64716 kB
VmallocChunk:      75788 kB
==>Thu Apr 13 11:33:55 2017
MemTotal:        1900556 kB
MemFree:          883420 kB
Buffers:           20960 kB
Cached:           312468 kB
SwapCached:            0 kB
Active:           434424 kB
Inactive:         273900 kB
Active(anon):     374924 kB
Inactive(anon):     2460 kB
Active(file):      59500 kB
Inactive(file):   271440 kB
Unevictable:           0 kB
Mlocked:               0 kB
HighTotal:       1158144 kB
HighFree:         233892 kB
LowTotal:         742412 kB
LowFree:          649528 kB
SwapTotal:             0 kB
SwapFree:              0 kB
Dirty:                 0 kB
Writeback:             0 kB
AnonPages:        374764 kB
Mapped:           164756 kB
Shmem:              2504 kB
Slab:              38448 kB
SReclaimable:      16440 kB
SUnreclaim:        22008 kB
KernelStack:        8528 kB
PageTables:        12560 kB
NFS_Unstable:          0 kB
Bounce:                0 kB
WritebackTmp:          0 kB
CommitLimit:      950276 kB
Committed_AS:   36369836 kB
VmallocTotal:     245760 kB
VmallocUsed:       63704 kB
VmallocChunk:      75648 kB
==>Thu Apr 13 11:34:05 2017
MemTotal:        1900556 kB
MemFree:          879984 kB
Buffers:           21040 kB
Cached:           312528 kB
SwapCached:            0 kB
Active:           434568 kB
Inactive:         274032 kB
Active(anon):     375060 kB
Inactive(anon):     2460 kB
Active(file):      59508 kB
Inactive(file):   271572 kB
Unevictable:           0 kB
Mlocked:               0 kB
HighTotal:       1158144 kB
HighFree:         229976 kB
LowTotal:         742412 kB
LowFree:          650008 kB
SwapTotal:             0 kB
SwapFree:              0 kB
Dirty:                24 kB
Writeback:             0 kB
AnonPages:        375084 kB
Mapped:           165744 kB
Shmem:              2504 kB
Slab:              38420 kB
SReclaimable:      16444 kB
SUnreclaim:        21976 kB
KernelStack:        8512 kB
PageTables:        12672 kB
NFS_Unstable:          0 kB
Bounce:                0 kB
WritebackTmp:          0 kB
CommitLimit:      950276 kB
Committed_AS:   36395492 kB
VmallocTotal:     245760 kB
VmallocUsed:       62712 kB
VmallocChunk:      75788 kB
==>Thu Apr 13 11:34:15 2017
MemTotal:        1900556 kB
MemFree:          865116 kB
Buffers:           21256 kB
Cached:           312588 kB
SwapCached:            0 kB
Active:           435912 kB
Inactive:         274288 kB
Active(anon):     376400 kB
Inactive(anon):     2460 kB
Active(file):      59512 kB
Inactive(file):   271828 kB
Unevictable:           0 kB
Mlocked:               0 kB
HighTotal:       1158144 kB
HighFree:         215616 kB
LowTotal:         742412 kB
LowFree:          649500 kB
SwapTotal:             0 kB
SwapFree:              0 kB
Dirty:               100 kB
Writeback:             0 kB
AnonPages:        376472 kB
Mapped:           168112 kB
Shmem:              2504 kB
Slab:              38448 kB
SReclaimable:      16484 kB
SUnreclaim:        21964 kB
KernelStack:        8464 kB
PageTables:        12600 kB
NFS_Unstable:          0 kB
Bounce:                0 kB
WritebackTmp:          0 kB
CommitLimit:      950276 kB
Committed_AS:   36368376 kB
VmallocTotal:     245760 kB
VmallocUsed:       62768 kB
