==>Sat Nov 14 20:30:11 2015
MemTotal:        1901064 kB
MemFree:         1106592 kB
Buffers:           10108 kB
Cached:           307576 kB
SwapCached:            0 kB
Active:           298328 kB
Inactive:         248396 kB
Active(anon):     229056 kB
Inactive(anon):      364 kB
Active(file):      69272 kB
Inactive(file):   248032 kB
Unevictable:           0 kB
Mlocked:               0 kB
HighTotal:       1158144 kB
HighFree:         438440 kB
LowTotal:         742920 kB
LowFree:          668152 kB
SwapTotal:             0 kB
SwapFree:              0 kB
Dirty:                 4 kB
Writeback:             0 kB
AnonPages:        229040 kB
Mapped:            95440 kB
Shmem:               412 kB
Slab:              37984 kB
SReclaimable:      19856 kB
SUnreclaim:        18128 kB
KernelStack:        6848 kB
PageTables:         8996 kB
NFS_Unstable:          0 kB
Bounce:                0 kB
WritebackTmp:          0 kB
CommitLimit:      950532 kB
Committed_AS:   26313816 kB
VmallocTotal:     245760 kB
VmallocUsed:       67636 kB
VmallocChunk:      75648 kB
==>Sat Nov 14 20:30:21 2015
MemTotal:        1901064 kB
MemFree:         1087800 kB
Buffers:           10528 kB
Cached:           309184 kB
SwapCached:            0 kB
Active:           310376 kB
Inactive:         249836 kB
Active(anon):     240524 kB
Inactive(anon):      364 kB
Active(file):      69852 kB
Inactive(file):   249472 kB
Unevictable:           0 kB
Mlocked:               0 kB
HighTotal:       1158144 kB
HighFree:         419432 kB
LowTotal:         742920 kB
LowFree:          668368 kB
SwapTotal:             0 kB
SwapFree:              0 kB
Dirty:                44 kB
Writeback:             0 kB
AnonPages:        240584 kB
Mapped:            95976 kB
Shmem:               412 kB
Slab:              37900 kB
SReclaimable:      19904 kB
SUnreclaim:        17996 kB
KernelStack:        6872 kB
PageTables:         8896 kB
NFS_Unstable:          0 kB
Bounce:                0 kB
WritebackTmp:          0 kB
CommitLimit:      950532 kB
Committed_AS:   25546208 kB
VmallocTotal:     245760 kB
VmallocUsed:       66648 kB
VmallocChunk:      75648 kB
==>Sat Nov 14 20:30:31 2015
MemTotal:        1901064 kB
MemFree:         1083348 kB
Buffers:           10556 kB
Cached:           309192 kB
SwapCached:            0 kB
Active:           313372 kB
Inactive:         249368 kB
Active(anon):     243016 kB
Inactive(anon):      364 kB
Active(file):      70356 kB
Inactive(file):   249004 kB
Unevictable:           0 kB
Mlocked:               0 kB
HighTotal:       1158144 kB
HighFree:         416536 kB
LowTotal:         742920 kB
LowFree:          666812 kB
SwapTotal:             0 kB
SwapFree:              0 kB
Dirty:                 4 kB
Writeback:             0 kB
AnonPages:        243008 kB
Mapped:            95948 kB
Shmem:               412 kB
Slab:              38796 kB
SReclaimable:      20648 kB
SUnreclaim:        18148 kB
KernelStack:        7040 kB
PageTables:         9004 kB
NFS_Unstable:          0 kB
Bounce:                0 kB
WritebackTmp:          0 kB
CommitLimit:      950532 kB
Committed_AS:   25546916 kB
VmallocTotal:     245760 kB
VmallocUsed:       66648 kB
VmallocChunk:      75648 kB
==>Sat Nov 14 20:30:41 2015
MemTotal:        1901064 kB
MemFree:         1070924 kB
Buffers:           10616 kB
Cached:           309460 kB
SwapCached:            0 kB
Active:           325680 kB
Inactive:         249372 kB
Active(anon):     255000 kB
Inactive(anon):      364 kB
Active(file):      70680 kB
Inactive(file):   249008 kB
Unevictable:           0 kB
Mlocked:               0 kB
HighTotal:       1158144 kB
HighFree:         404340 kB
LowTotal:         742920 kB
LowFree:          666584 kB
SwapTotal:             0 kB
SwapFree:              0 kB
Dirty:                 4 kB
Writeback:             0 kB
AnonPages:        255072 kB
Mapped:            96860 kB
Shmem:               412 kB
Slab:              38844 kB
SReclaimable:      20660 kB
SUnreclaim:        18184 kB
KernelStack:        6816 kB
PageTables:         9288 kB
NFS_Unstable:          0 kB
Bounce:                0 kB
WritebackTmp:          0 kB
CommitLimit:      950532 kB
Committed_AS:   26319612 kB
VmallocTotal:     245760 kB
VmallocUsed:       68680 kB
VmallocChunk:      75648 kB
==>Sat Nov 14 20:30:51 2015
MemTotal:        1901064 kB
MemFree:         1068984 kB
Buffers:           10656 kB
Cached:           309464 kB
SwapCached:            0 kB
Active:           328644 kB
Inactive:         249396 kB
Active(anon):     257944 kB
Inactive(anon):      364 kB
Active(file):      70700 kB
Inactive(file):   249032 kB
Unevictable:           0 kB
Mlocked:               0 kB
HighTotal:       1158144 kB
HighFree:         401816 kB
LowTotal:         742920 kB
LowFree:          667168 kB
SwapTotal:             0 kB
SwapFree:              0 kB
Dirty:                 4 kB
Writeback:             0 kB
AnonPages:        257936 kB
Mapped:            95912 kB
Shmem:               412 kB
Slab:              38908 kB
SReclaimable:      20668 kB
SUnreclaim:        18240 kB
KernelStack:        6784 kB
PageTables:         9240 kB
NFS_Unstable:          0 kB
Bounce:                0 kB
WritebackTmp:          0 kB
CommitLimit:      950532 kB
Committed_AS:   26318832 kB
VmallocTotal:     245760 kB
VmallocUsed:       67660 kB
VmallocChunk:      75648 kB
==>Sat Nov 14 20:31:01 2015
MemTotal:        1901064 kB
MemFree:         1068332 kB
Buffers:           10692 kB
Cached:           309468 kB
SwapCached:            0 kB
Active:           329396 kB
Inactive:         249428 kB
Active(anon):     258688 kB
Inactive(anon):      364 kB
Active(file):      70708 kB
Inactive(file):   249064 kB
Unevictable:           0 kB
Mlocked:               0 kB
HighTotal:       1158144 kB
HighFree:         401128 kB
LowTotal:         742920 kB
LowFree:          667204 kB
SwapTotal:             0 kB
SwapFree:              0 kB
Dirty:                 4 kB
Writeback:             0 kB
AnonPages:        258620 kB
Mapped:            96160 kB
Shmem:               412 kB
Slab:              38908 kB
SReclaimable:      20676 kB
SUnreclaim:        18232 kB
KernelStack:        6760 kB
PageTables:         9248 kB
NFS_Unstable:          0 kB
Bounce:                0 kB
WritebackTmp:          0 kB
CommitLimit:      950532 kB
Committed_AS:   26319120 kB
VmallocTotal:     245760 kB
VmallocUsed:       67660 kB
VmallocChunk:      75648 kB
==>Sat Nov 14 20:31:11 2015
MemTotal:        1901064 kB
MemFree:         1067564 kB
Buffers:           10724 kB
Cached:           309472 kB
SwapCached:            0 kB
Active:           330100 kB
Inactive:         249464 kB
Active(anon):     259392 kB
Inactive(anon):      364 kB
Active(file):      70708 kB
Inactive(file):   249100 kB
Unevictable:           0 kB
Mlocked:               0 kB
HighTotal:       1158144 kB
HighFree:         400380 kB
LowTotal:         742920 kB
LowFree:          667184 kB
SwapTotal:             0 kB
SwapFree:              0 kB
Dirty:                 4 kB
Writeback:             0 kB
AnonPages:        259428 kB
Mapped:            95920 kB
Shmem:               412 kB
Slab:              38972 kB
SReclaimable:      20672 kB
SUnreclaim:        18300 kB
KernelStack:        6808 kB
PageTables:         9248 kB
NFS_Unstable:          0 kB
Bounce:                0 kB
WritebackTmp:          0 kB
CommitLimit:      950532 kB
Committed_AS:   26319648 kB
VmallocTotal:     245760 kB
VmallocUsed:       67660 kB
VmallocChunk:      75648 kB
==>Sat Nov 14 20:31:21 2015
MemTotal:        1901064 kB
MemFree:         1066812 kB
Buffers:           10756 kB
Cached:           309476 kB
SwapCached:            0 kB
Active:           330808 kB
Inactive:         249504 kB
Active(anon):     260104 kB
Inactive(anon):      364 kB
Active(file):      70704 kB
Inactive(file):   249140 kB
Unevictable:           0 kB
Mlocked:               0 kB
HighTotal:       1158144 kB
HighFree:         399720 kB
LowTotal:         742920 kB
LowFree:          667092 kB
SwapTotal:             0 kB
SwapFree:              0 kB
Dirty:                56 kB
Writeback:             0 kB
AnonPages:        260032 kB
Mapped:            95872 kB
Shmem:               412 kB
Slab:              38888 kB
SReclaimable:      20676 kB
SUnreclaim:        18212 kB
KernelStack:        6760 kB
PageTables:         9248 kB
NFS_Unstable:          0 kB
Bounce:                0 kB
WritebackTmp:          0 kB
CommitLimit:      950532 kB
Committed_AS:   26319340 kB
VmallocTotal:     245760 kB
VmallocUsed:       67660 kB
VmallocChunk:      75648 kB
==>Sat Nov 14 20:31:31 2015
MemTotal:        1901064 kB
MemFree:         1068712 kB
Buffers:           10780 kB
Cached:           309476 kB
SwapCached:            0 kB
Active:           331868 kB
Inactive:         249524 kB
Active(anon):     261160 kB
Inactive(anon):      364 kB
Active(file):      70708 kB
Inactive(file):   249160 kB
Unevictable:           0 kB
Mlocked:               0 kB
HighTotal:       1158144 kB
HighFree:         401652 kB
LowTotal:         742920 kB
LowFree:          667060 kB
SwapTotal:             0 kB
SwapFree:              0 kB
Dirty:                56 kB
Writeback:             0 kB
AnonPages:        261148 kB
Mapped:            95684 kB
Shmem:               412 kB
Slab:              38768 kB
SReclaimable:      20676 kB
SUnreclaim:        18092 kB
KernelStack:        6768 kB
PageTables:         9296 kB
NFS_Unstable:          0 kB
Bounce:                0 kB
WritebackTmp:          0 kB
CommitLimit:      950532 kB
Committed_AS:   26320192 kB
VmallocTotal:     245760 kB
VmallocUsed:       67644 kB
VmallocChunk:      75648 kB
==>Sat Nov 14 20:31:41 2015
MemTotal:        1901064 kB
MemFree:         1066884 kB
Buffers:           10812 kB
Cached:           309452 kB
SwapCached:            0 kB
Active:           332588 kB
Inactive:         249572 kB
Active(anon):     261880 kB
Inactive(anon):      376 kB
Active(file):      70708 kB
Inactive(file):   249196 kB
Unevictable:           0 kB
Mlocked:               0 kB
HighTotal:       1158144 kB
HighFree:         399824 kB
LowTotal:         742920 kB
LowFree:          667060 kB
SwapTotal:             0 kB
SwapFree:              0 kB
Dirty:                72 kB
Writeback:             0 kB
AnonPages:        261872 kB
Mapped:            95948 kB
Shmem:               384 kB
Slab:              38796 kB
SReclaimable:      20676 kB
SUnreclaim:        18120 kB
KernelStack:        6872 kB
PageTables:         9220 kB
NFS_Unstable:          0 kB
Bounce:                0 kB
WritebackTmp:          0 kB
CommitLimit:      950532 kB
Committed_AS:   26319972 kB
VmallocTotal:     245760 kB
VmallocUsed:       67652 kB
VmallocChunk:      75648 kB
==>Sat Nov 14 20:31:51 2015
MemTotal:        1901064 kB
MemFree:         1065704 kB
Buffers:           10844 kB
Cached:           309456 kB
SwapCached:            0 kB
Active:           333224 kB
Inactive:         249652 kB
Active(anon):     262516 kB
Inactive(anon):      420 kB
Active(file):      70708 kB
Inactive(file):   249232 kB
Unevictable:           0 kB
Mlocked:               0 kB
HighTotal:       1158144 kB
HighFree:         398872 kB
LowTotal:         742920 kB
LowFree:          666832 kB
SwapTotal:             0 kB
SwapFree:              0 kB
Dirty:                72 kB
Writeback:             0 kB
AnonPages:        262592 kB
Mapped:            95948 kB
Shmem:               384 kB
Slab:              38772 kB
SReclaimable:      20676 kB
SUnreclaim:        18096 kB
KernelStack:        6880 kB
PageTables:         9284 kB
NFS_Unstable:          0 kB
Bounce:                0 kB
WritebackTmp:          0 kB
CommitLimit:      950532 kB
Committed_AS:   26319796 kB
VmallocTotal:     245760 kB
VmallocUsed:       67652 kB
VmallocChunk:      75648 kB
==>Sat Nov 14 20:32:01 2015
MemTotal:        1901064 kB
MemFree:         1062348 kB
Buffers:           10860 kB
Cached:           309488 kB
SwapCached:            0 kB
Active:           334140 kB
Inactive:         249616 kB
Active(anon):     263432 kB
Inactive(anon):      364 kB
Active(file):      70708 kB
Inactive(file):   249252 kB
Unevictable:           0 kB
Mlocked:               0 kB
HighTotal:       1158144 kB
HighFree:         395880 kB
LowTotal:         742920 kB
LowFree:          666468 kB
SwapTotal:             0 kB
SwapFree:              0 kB
Dirty:                32 kB
Writeback:             0 kB
AnonPages:        263392 kB
Mapped:            95956 kB
Shmem:               412 kB
Slab:              38844 kB
SReclaimable:      20676 kB
SUnreclaim:        18168 kB
KernelStack:        6824 kB
PageTables:         9200 kB
NFS_Unstable:          0 kB
Bounce:                0 kB
WritebackTmp:          0 kB
CommitLimit:      950532 kB
Committed_AS:   26320032 kB
VmallocTotal:     245760 kB
VmallocUsed:       67652 kB
VmallocChunk:      75648 kB
==>Sat Nov 14 20:32:11 2015
MemTotal:        1901064 kB
MemFree:         1060840 kB
Buffers:           10892 kB
Cached:           309492 kB
SwapCached:            0 kB
Active:           335088 kB
Inactive:         249652 kB
Active(anon):     264380 kB
Inactive(anon):      364 kB
Active(file):      70708 kB
Inactive(file):   249288 kB
Unevictable:           0 kB
Mlocked:               0 kB
HighTotal:       1158144 kB
HighFree:         394296 kB
LowTotal:         742920 kB
LowFree:          666544 kB
SwapTotal:             0 kB
SwapFree:              0 kB
Dirty:                40 kB
Writeback:             0 kB
AnonPages:        264260 kB
Mapped:            96816 kB
Shmem:               412 kB
Slab:              38868 kB
SReclaimable:      20676 kB
SUnreclaim:        18192 kB
KernelStack:        6816 kB
PageTables:         9204 kB
NFS_Unstable:          0 kB
Bounce:                0 kB
WritebackTmp:          0 kB
CommitLimit:      950532 kB
Committed_AS:   26320528 kB
VmallocTotal:     245760 kB
VmallocUsed:       67644 kB
VmallocChunk:      75648 kB
==>Sat Nov 14 20:32:21 2015
MemTotal:        1901064 kB
MemFree:         1057420 kB
Buffers:           10924 kB
Cached:           309496 kB
SwapCached:            0 kB
Active:           335708 kB
Inactive:         249688 kB
Active(anon):     265000 kB
Inactive(anon):      364 kB
Active(file):      70708 kB
Inactive(file):   249324 kB
Unevictable:           0 kB
Mlocked:               0 kB
HighTotal:       1158144 kB
HighFree:         390748 kB
LowTotal:         742920 kB
LowFree:          666672 kB
SwapTotal:             0 kB
SwapFree:              0 kB
Dirty:                40 kB
Writeback:             0 kB
AnonPages:        265012 kB
Mapped:            96808 kB
Shmem:               412 kB
Slab:              38820 kB
SReclaimable:      20676 kB
SUnreclaim:        18144 kB
KernelStack:        6816 kB
PageTables:         9212 kB
NFS_Unstable:          0 kB
Bounce:                0 kB
WritebackTmp:          0 kB
CommitLimit:      950532 kB
Committed_AS:   26320292 kB
VmallocTotal:     245760 kB
VmallocUsed:       67668 kB
VmallocChunk:      75648 kB
==>Sat Nov 14 20:32:31 2015
MemTotal:        1901064 kB
MemFree:         1059584 kB
Buffers:           10956 kB
Cached:           309500 kB
SwapCached:            0 kB
Active:           336280 kB
Inactive:         249724 kB
Active(anon):     265572 kB
Inactive(anon):      364 kB
Active(file):      70708 kB
Inactive(file):   249360 kB
Unevictable:           0 kB
Mlocked:               0 kB
HighTotal:       1158144 kB
HighFree:         393156 kB
LowTotal:         742920 kB
LowFree:          666428 kB
SwapTotal:             0 kB
SwapFree:              0 kB
Dirty:                40 kB
Writeback:             0 kB
AnonPages:        265732 kB
Mapped:            95948 kB
Shmem:               412 kB
Slab:              38808 kB
SReclaimable:      20676 kB
SUnreclaim:        18132 kB
KernelStack:        6856 kB
PageTables:         9312 kB
NFS_Unstable:          0 kB
Bounce:                0 kB
WritebackTmp:          0 kB
CommitLimit:      950532 kB
Committed_AS:   26320320 kB
VmallocTotal:     245760 kB
VmallocUsed:       67668 kB
VmallocChunk:      75648 kB
==>Sat Nov 14 20:32:41 2015
MemTotal:        1901064 kB
MemFree:         1058916 kB
Buffers:           10988 kB
Cached:           309496 kB
SwapCached:            0 kB
Active:           337348 kB
Inactive:         249752 kB
Active(anon):     266640 kB
Inactive(anon):      364 kB
Active(file):      70708 kB
Inactive(file):   249388 kB
Unevictable:           0 kB
Mlocked:               0 kB
HighTotal:       1158144 kB
HighFree:         392240 kB
LowTotal:         742920 kB
LowFree:          666676 kB
SwapTotal:             0 kB
SwapFree:              0 kB
Dirty:                 0 kB
Writeback:             0 kB
AnonPages:        266668 kB
Mapped:            95948 kB
Shmem:               412 kB
Slab:              38776 kB
SReclaimable:      20676 kB
SUnreclaim:        18100 kB
KernelStack:        6824 kB
PageTables:         9268 kB
NFS_Unstable:          0 kB
Bounce:                0 kB
WritebackTmp:          0 kB
CommitLimit:      950532 kB
Committed_AS:   26320444 kB
VmallocTotal:     245760 kB
VmallocUsed:       67668 kB
VmallocChunk:      75648 kB
==>Sat Nov 14 20:32:51 2015
MemTotal:        1901064 kB
MemFree:         1058496 kB
Buffers:           11012 kB
Cached:           309508 kB
SwapCached:            0 kB
Active:           337432 kB
Inactive:         249788 kB
Active(anon):     266724 kB
Inactive(anon):      364 kB
Active(file):      70708 kB
Inactive(file):   249424 kB
Unevictable:           0 kB
Mlocked:               0 kB
HighTotal:       1158144 kB
HighFree:         391848 kB
LowTotal:         742920 kB
LowFree:          666648 kB
SwapTotal:             0 kB
SwapFree:              0 kB
Dirty:                 0 kB
Writeback:             0 kB
AnonPages:        266592 kB
Mapped:            96564 kB
Shmem:               412 kB
Slab:              38836 kB
SReclaimable:      20684 kB
SUnreclaim:        18152 kB
KernelStack:        6896 kB
PageTables:         9272 kB
NFS_Unstable:          0 kB
Bounce:                0 kB
WritebackTmp:          0 kB
CommitLimit:      950532 kB
Committed_AS:   26320428 kB
VmallocTotal:     245760 kB
VmallocUsed:       67660 kB
VmallocChunk:      75648 kB
==>Sat Nov 14 20:33:01 2015
MemTotal:        1901064 kB
MemFree:         1057804 kB
Buffers:           11044 kB
Cached:           309512 kB
SwapCached:            0 kB
Active:           338604 kB
Inactive:         249824 kB
Active(anon):     267896 kB
Inactive(anon):      364 kB
Active(file):      70708 kB
Inactive(file):   249460 kB
Unevictable:           0 kB
Mlocked:               0 kB
HighTotal:       1158144 kB
HighFree:         391156 kB
LowTotal:         742920 kB
LowFree:          666648 kB
SwapTotal:             0 kB
SwapFree:              0 kB
Dirty:                52 kB
Writeback:             0 kB
AnonPages:        267828 kB
Mapped:            96568 kB
Shmem:               412 kB
Slab:              38868 kB
SReclaimable:      20700 kB
SUnreclaim:        18168 kB
KernelStack:        6816 kB
PageTables:         9324 kB
NFS_Unstable:          0 kB
Bounce:                0 kB
WritebackTmp:          0 kB
CommitLimit:      950532 kB
Committed_AS:   26320832 kB
VmallocTotal:     245760 kB
VmallocUsed:       67660 kB
VmallocChunk:      75648 kB
==>Sat Nov 14 20:33:12 2015
MemTotal:        1901064 kB
MemFree:         1056304 kB
Buffers:           11076 kB
Cached:           309504 kB
SwapCached:            0 kB
Active:           340040 kB
Inactive:         249848 kB
Active(anon):     269332 kB
Inactive(anon):      364 kB
Active(file):      70708 kB
Inactive(file):   249484 kB
Unevictable:           0 kB
Mlocked:               0 kB
HighTotal:       1158144 kB
HighFree:         389648 kB
LowTotal:         742920 kB
LowFree:          666656 kB
SwapTotal:             0 kB
SwapFree:              0 kB
Dirty:                60 kB
Writeback:             0 kB
AnonPages:        269324 kB
Mapped:            96284 kB
Shmem:               412 kB
Slab:              38824 kB
SReclaimable:      20700 kB
SUnreclaim:        18124 kB
KernelStack:        6752 kB
PageTables:         9376 kB
NFS_Unstable:          0 kB
Bounce:                0 kB
WritebackTmp:          0 kB
CommitLimit:      950532 kB
Committed_AS:   26321052 kB
VmallocTotal:     245760 kB
VmallocUsed:       67660 kB
VmallocChunk:      75648 kB
==>Sat Nov 14 20:33:22 2015
MemTotal:        1901064 kB
MemFree:         1059376 kB
Buffers:           11100 kB
Cached:           309516 kB
SwapCached:            0 kB
Active:           340360 kB
Inactive:         249884 kB
Active(anon):     269652 kB
Inactive(anon):      364 kB
Active(file):      70708 kB
Inactive(file):   249520 kB
Unevictable:           0 kB
Mlocked:               0 kB
HighTotal:       1158144 kB
HighFree:         392364 kB
LowTotal:         742920 kB
LowFree:          667012 kB
SwapTotal:             0 kB
SwapFree:              0 kB
Dirty:                 4 kB
Writeback:             0 kB
AnonPages:        269560 kB
Mapped:            96084 kB
Shmem:               412 kB
Slab:              38820 kB
SReclaimable:      20700 kB
SUnreclaim:        18120 kB
KernelStack:        6808 kB
PageTables:         9280 kB
NFS_Unstable:          0 kB
Bounce:                0 kB
WritebackTmp:          0 kB
CommitLimit:      950532 kB
Committed_AS:   26321000 kB
VmallocTotal:     245760 kB
VmallocUsed:       67652 kB
VmallocChunk:      75648 kB
==>Sat Nov 14 20:33:32 2015
MemTotal:        1901064 kB
MemFree:         1056952 kB
Buffers:           11132 kB
Cached:           309628 kB
SwapCached:            0 kB
Active:           340576 kB
Inactive:         249988 kB
Active(anon):     269868 kB
Inactive(anon):      448 kB
Active(file):      70708 kB
Inactive(file):   249540 kB
Unevictable:           0 kB
Mlocked:               0 kB
HighTotal:       1158144 kB
HighFree:         390776 kB
LowTotal:         742920 kB
LowFree:          666176 kB
SwapTotal:             0 kB
SwapFree:              0 kB
Dirty:                52 kB
Writeback:             0 kB
AnonPages:        269784 kB
Mapped:            96172 kB
Shmem:               536 kB
Slab:              38884 kB
SReclaimable:      20700 kB
SUnreclaim:        18184 kB
KernelStack:        6816 kB
PageTables:         9248 kB
NFS_Unstable:          0 kB
Bounce:                0 kB
WritebackTmp:          0 kB
CommitLimit:      950532 kB
Committed_AS:   26323084 kB
VmallocTotal:     245760 kB
VmallocUsed:       67652 kB
VmallocChunk:      75648 kB
==>Sat Nov 14 20:33:42 2015
MemTotal:        1901064 kB
MemFree:         1054748 kB
Buffers:           11148 kB
Cached:           309524 kB
SwapCached:            0 kB
Active:           341148 kB
Inactive:         249940 kB
Active(anon):     270440 kB
Inactive(anon):      364 kB
Active(file):      70708 kB
Inactive(file):   249576 kB
Unevictable:           0 kB
Mlocked:               0 kB
HighTotal:       1158144 kB
HighFree:         388832 kB
LowTotal:         742920 kB
LowFree:          665916 kB
SwapTotal:             0 kB
SwapFree:              0 kB
Dirty:                40 kB
Writeback:             0 kB
AnonPages:        270280 kB
Mapped:            96032 kB
Shmem:               412 kB
Slab:              38848 kB
SReclaimable:      20708 kB
SUnreclaim:        18140 kB
KernelStack:        6888 kB
PageTables:         9420 kB
NFS_Unstable:          0 kB
Bounce:                0 kB
WritebackTmp:          0 kB
CommitLimit:      950532 kB
Committed_AS:   26321244 kB
VmallocTotal:     245760 kB
VmallocUsed:       67652 kB
VmallocChunk:      75648 kB
==>Sat Nov 14 20:33:52 2015
MemTotal:        1901064 kB
MemFree:         1054032 kB
Buffers:           11184 kB
Cached:           309528 kB
SwapCached:            0 kB
Active:           341364 kB
Inactive:         249976 kB
Active(anon):     270652 kB
Inactive(anon):      364 kB
Active(file):      70712 kB
Inactive(file):   249612 kB
Unevictable:           0 kB
Mlocked:               0 kB
HighTotal:       1158144 kB
HighFree:         387560 kB
LowTotal:         742920 kB
LowFree:          666472 kB
SwapTotal:             0 kB
SwapFree:              0 kB
Dirty:                44 kB
Writeback:             0 kB
AnonPages:        270664 kB
Mapped:            96744 kB
Shmem:               412 kB
Slab:              38836 kB
SReclaimable:      20712 kB
SUnreclaim:        18124 kB
KernelStack:        6872 kB
PageTables:         9228 kB
NFS_Unstable:          0 kB
Bounce:                0 kB
WritebackTmp:          0 kB
CommitLimit:      950532 kB
Committed_AS:   26321484 kB
VmallocTotal:     245760 kB
VmallocUsed:       67644 kB
VmallocChunk:      75648 kB
==>Sat Nov 14 20:34:02 2015
MemTotal:        1901064 kB
MemFree:         1053028 kB
Buffers:           11216 kB
Cached:           309524 kB
SwapCached:            0 kB
Active:           342316 kB
Inactive:         250004 kB
Active(anon):     271604 kB
Inactive(anon):      364 kB
Active(file):      70712 kB
Inactive(file):   249640 kB
Unevictable:           0 kB
Mlocked:               0 kB
HighTotal:       1158144 kB
HighFree:         386712 kB
LowTotal:         742920 kB
LowFree:          666316 kB
SwapTotal:             0 kB
SwapFree:              0 kB
Dirty:                 0 kB
Writeback:             0 kB
AnonPages:        271456 kB
Mapped:            96036 kB
Shmem:               412 kB
Slab:              38944 kB
SReclaimable:      20716 kB
SUnreclaim:        18228 kB
KernelStack:        6808 kB
PageTables:         9388 kB
NFS_Unstable:          0 kB
Bounce:                0 kB
WritebackTmp:          0 kB
CommitLimit:      950532 kB
Committed_AS:   26321916 kB
VmallocTotal:     245760 kB
VmallocUsed:       67668 kB
VmallocChunk:      75648 kB
==>Sat Nov 14 20:34:12 2015
MemTotal:        1901064 kB
MemFree:         1053032 kB
Buffers:           11240 kB
Cached:           309540 kB
SwapCached:            0 kB
Active:           342304 kB
Inactive:         250044 kB
Active(anon):     271592 kB
Inactive(anon):      364 kB
Active(file):      70712 kB
Inactive(file):   249680 kB
Unevictable:           0 kB
Mlocked:               0 kB
HighTotal:       1158144 kB
HighFree:         386668 kB
LowTotal:         742920 kB
LowFree:          666364 kB
SwapTotal:             0 kB
SwapFree:              0 kB
Dirty:                 0 kB
Writeback:            32 kB
AnonPages:        271460 kB
Mapped:            96036 kB
Shmem:               412 kB
Slab:              38876 kB
SReclaimable:      20716 kB
SUnreclaim:        18160 kB
KernelStack:        6760 kB
PageTables:         9292 kB
NFS_Unstable:          0 kB
Bounce:                0 kB
WritebackTmp:          0 kB
CommitLimit:      950532 kB
Committed_AS:   26321940 kB
VmallocTotal:     245760 kB
VmallocUsed:       67668 kB
VmallocChunk:      75648 kB
==>Sat Nov 14 20:34:22 2015
MemTotal:        1901064 kB
MemFree:         1053356 kB
Buffers:           11272 kB
Cached:           309544 kB
SwapCached:            0 kB
Active:           342484 kB
Inactive:         250076 kB
Active(anon):     271768 kB
Inactive(anon):      364 kB
Active(file):      70716 kB
Inactive(file):   249712 kB
Unevictable:           0 kB
Mlocked:               0 kB
HighTotal:       1158144 kB
HighFree:         386792 kB
LowTotal:         742920 kB
LowFree:          666564 kB
SwapTotal:             0 kB
SwapFree:              0 kB
Dirty:                52 kB
Writeback:             0 kB
AnonPages:        271728 kB
Mapped:            96500 kB
Shmem:               412 kB
Slab:              38836 kB
SReclaimable:      20700 kB
SUnreclaim:        18136 kB
KernelStack:        6784 kB
PageTables:         9332 kB
NFS_Unstable:          0 kB
Bounce:                0 kB
WritebackTmp:          0 kB
CommitLimit:      950532 kB
Committed_AS:   26322200 kB
VmallocTotal:     245760 kB
VmallocUsed:       67660 kB
VmallocChunk:      75648 kB
==>Sat Nov 14 20:34:32 2015
MemTotal:        1901064 kB
MemFree:         1055980 kB
Buffers:           11296 kB
Cached:           309544 kB
SwapCached:            0 kB
Active:           342752 kB
Inactive:         250100 kB
Active(anon):     272036 kB
Inactive(anon):      364 kB
Active(file):      70716 kB
Inactive(file):   249736 kB
Unevictable:           0 kB
Mlocked:               0 kB
HighTotal:       1158144 kB
HighFree:         389424 kB
LowTotal:         742920 kB
LowFree:          666556 kB
SwapTotal:             0 kB
SwapFree:              0 kB
Dirty:                 8 kB
Writeback:             0 kB
AnonPages:        272004 kB
Mapped:            96172 kB
Shmem:               412 kB
Slab:              38840 kB
SReclaimable:      20696 kB
SUnreclaim:        18144 kB
KernelStack:        6768 kB
PageTables:         9276 kB
NFS_Unstable:          0 kB
Bounce:                0 kB
WritebackTmp:          0 kB
CommitLimit:      950532 kB
Committed_AS:   26322192 kB
VmallocTotal:     245760 kB
VmallocUsed:       67644 kB
VmallocChunk:      75648 kB
==>Sat Nov 14 20:34:42 2015
MemTotal:        1901064 kB
MemFree:         1054548 kB
Buffers:           11328 kB
Cached:           309520 kB
SwapCached:            0 kB
Active:           343032 kB
Inactive:         250148 kB
Active(anon):     272316 kB
Inactive(anon):      376 kB
Active(file):      70716 kB
Inactive(file):   249772 kB
Unevictable:           0 kB
Mlocked:               0 kB
HighTotal:       1158144 kB
HighFree:         388368 kB
LowTotal:         742920 kB
LowFree:          666180 kB
SwapTotal:             0 kB
SwapFree:              0 kB
Dirty:                72 kB
Writeback:             0 kB
AnonPages:        272184 kB
Mapped:            96160 kB
Shmem:               384 kB
Slab:              38908 kB
SReclaimable:      20712 kB
SUnreclaim:        18196 kB
KernelStack:        6832 kB
PageTables:         9288 kB
NFS_Unstable:          0 kB
Bounce:                0 kB
WritebackTmp:          0 kB
CommitLimit:      950532 kB
Committed_AS:   26322008 kB
VmallocTotal:     245760 kB
VmallocUsed:       67652 kB
VmallocChunk:      75648 kB
==>Sat Nov 14 20:34:52 2015
MemTotal:        1901064 kB
MemFree:         1057800 kB
Buffers:           11344 kB
Cached:           309552 kB
SwapCached:            0 kB
Active:           343372 kB
Inactive:         250152 kB
Active(anon):     272652 kB
Inactive(anon):      364 kB
Active(file):      70720 kB
Inactive(file):   249788 kB
Unevictable:           0 kB
Mlocked:               0 kB
HighTotal:       1158144 kB
HighFree:         391952 kB
LowTotal:         742920 kB
LowFree:          665848 kB
SwapTotal:             0 kB
SwapFree:              0 kB
Dirty:                40 kB
Writeback:             0 kB
AnonPages:        272624 kB
Mapped:            95184 kB
Shmem:               412 kB
Slab:              38868 kB
SReclaimable:      20712 kB
SUnreclaim:        18156 kB
KernelStack:        6864 kB
PageTables:         9208 kB
NFS_Unstable:          0 kB
Bounce:                0 kB
WritebackTmp:          0 kB
CommitLimit:      950532 kB
Committed_AS:   26322564 kB
VmallocTotal:     245760 kB
VmallocUsed:       67652 kB
VmallocChunk:      75648 kB
==>Sat Nov 14 20:35:02 2015
MemTotal:        1901064 kB
MemFree:         1057628 kB
Buffers:           11376 kB
Cached:           309556 kB
SwapCached:            0 kB
Active:           343808 kB
Inactive:         250188 kB
Active(anon):     273088 kB
Inactive(anon):      364 kB
Active(file):      70720 kB
Inactive(file):   249824 kB
Unevictable:           0 kB
Mlocked:               0 kB
HighTotal:       1158144 kB
HighFree:         391376 kB
LowTotal:         742920 kB
LowFree:          666252 kB
SwapTotal:             0 kB
SwapFree:              0 kB
Dirty:                40 kB
Writeback:             0 kB
AnonPages:        273128 kB
Mapped:            95152 kB
Shmem:               412 kB
Slab:              38888 kB
SReclaimable:      20712 kB
SUnreclaim:        18176 kB
KernelStack:        6800 kB
PageTables:         9228 kB
NFS_Unstable:          0 kB
Bounce:                0 kB
WritebackTmp:          0 kB
CommitLimit:      950532 kB
Committed_AS:   26322348 kB
VmallocTotal:     245760 kB
VmallocUsed:       67660 kB
VmallocChunk:      75648 kB
==>Sat Nov 14 20:35:12 2015
MemTotal:        1901064 kB
MemFree:         1056444 kB
Buffers:           11408 kB
Cached:           309560 kB
SwapCached:            0 kB
Active:           344028 kB
Inactive:         250224 kB
Active(anon):     273308 kB
Inactive(anon):      364 kB
Active(file):      70720 kB
Inactive(file):   249860 kB
Unevictable:           0 kB
Mlocked:               0 kB
HighTotal:       1158144 kB
HighFree:         390460 kB
LowTotal:         742920 kB
LowFree:          665984 kB
SwapTotal:             0 kB
SwapFree:              0 kB
Dirty:                40 kB
Writeback:             8 kB
AnonPages:        273292 kB
Mapped:            95136 kB
Shmem:               412 kB
Slab:              38872 kB
SReclaimable:      20712 kB
SUnreclaim:        18160 kB
KernelStack:        6800 kB
PageTables:         9288 kB
NFS_Unstable:          0 kB
Bounce:                0 kB
WritebackTmp:          0 kB
CommitLimit:      950532 kB
Committed_AS:   26322580 kB
VmallocTotal:     245760 kB
VmallocUsed:       67668 kB
VmallocChunk:      75648 kB
==>Sat Nov 14 20:35:22 2015
MemTotal:        1901064 kB
MemFree:         1057656 kB
Buffers:           11432 kB
Cached:           309564 kB
SwapCached:            0 kB
Active:           344072 kB
Inactive:         250252 kB
Active(anon):     273352 kB
Inactive(anon):      364 kB
Active(file):      70720 kB
Inactive(file):   249888 kB
Unevictable:           0 kB
Mlocked:               0 kB
HighTotal:       1158144 kB
HighFree:         390912 kB
LowTotal:         742920 kB
LowFree:          666744 kB
SwapTotal:             0 kB
SwapFree:              0 kB
Dirty:                 0 kB
Writeback:             0 kB
AnonPages:        273300 kB
Mapped:            95540 kB
Shmem:               412 kB
Slab:              38768 kB
SReclaimable:      20720 kB
SUnreclaim:        18048 kB
KernelStack:        6800 kB
PageTables:         9332 kB
NFS_Unstable:          0 kB
Bounce:                0 kB
WritebackTmp:          0 kB
CommitLimit:      950532 kB
Committed_AS:   26322868 kB
VmallocTotal:     245760 kB
VmallocUsed:       67660 kB
VmallocChunk:      75648 kB
==>Sat Nov 14 20:35:32 2015
MemTotal:        1901064 kB
MemFree:         1057148 kB
Buffers:           11464 kB
Cached:           309568 kB
SwapCached:            0 kB
Active:           344220 kB
Inactive:         250288 kB
Active(anon):     273500 kB
Inactive(anon):      364 kB
Active(file):      70720 kB
Inactive(file):   249924 kB
Unevictable:           0 kB
Mlocked:               0 kB
HighTotal:       1158144 kB
HighFree:         390860 kB
LowTotal:         742920 kB
LowFree:          666288 kB
SwapTotal:             0 kB
SwapFree:              0 kB
Dirty:                52 kB
Writeback:             0 kB
AnonPages:        273512 kB
Mapped:            95544 kB
Shmem:               412 kB
Slab:              38764 kB
SReclaimable:      20720 kB
SUnreclaim:        18044 kB
KernelStack:        6760 kB
PageTables:         9276 kB
NFS_Unstable:          0 kB
Bounce:                0 kB
WritebackTmp:          0 kB
CommitLimit:      950532 kB
Committed_AS:   26322604 kB
VmallocTotal:     245760 kB
VmallocUsed:       67660 kB
VmallocChunk:      75648 kB
==>Sat Nov 14 20:35:42 2015
MemTotal:        1901064 kB
MemFree:         1059620 kB
Buffers:           11488 kB
Cached:           309568 kB
SwapCached:            0 kB
Active:           344692 kB
Inactive:         250312 kB
Active(anon):     273972 kB
Inactive(anon):      364 kB
Active(file):      70720 kB
Inactive(file):   249948 kB
Unevictable:           0 kB
Mlocked:               0 kB
HighTotal:       1158144 kB
HighFree:         393000 kB
LowTotal:         742920 kB
LowFree:          666620 kB
SwapTotal:             0 kB
SwapFree:              0 kB
Dirty:                 8 kB
Writeback:             0 kB
AnonPages:        273900 kB
Mapped:            95284 kB
Shmem:               412 kB
Slab:              38768 kB
SReclaimable:      20720 kB
SUnreclaim:        18048 kB
KernelStack:        6768 kB
PageTables:         9284 kB
NFS_Unstable:          0 kB
Bounce:                0 kB
WritebackTmp:          0 kB
CommitLimit:      950532 kB
Committed_AS:   26322744 kB
VmallocTotal:     245760 kB
VmallocUsed:       67644 kB
VmallocChunk:      75648 kB
==>Sat Nov 14 20:35:52 2015
MemTotal:        1901064 kB
MemFree:         1055916 kB
Buffers:           11520 kB
Cached:           309556 kB
SwapCached:            0 kB
Active:           345020 kB
Inactive:         250332 kB
Active(anon):     274300 kB
Inactive(anon):      364 kB
Active(file):      70720 kB
Inactive(file):   249968 kB
Unevictable:           0 kB
Mlocked:               0 kB
HighTotal:       1158144 kB
HighFree:         390480 kB
LowTotal:         742920 kB
LowFree:          665436 kB
SwapTotal:             0 kB
SwapFree:              0 kB
Dirty:                52 kB
Writeback:             0 kB
AnonPages:        274416 kB
Mapped:            95216 kB
Shmem:               412 kB
Slab:              38808 kB
SReclaimable:      20720 kB
SUnreclaim:        18088 kB
KernelStack:        6856 kB
PageTables:         9324 kB
NFS_Unstable:          0 kB
Bounce:                0 kB
WritebackTmp:          0 kB
CommitLimit:      950532 kB
Committed_AS:   26323052 kB
VmallocTotal:     245760 kB
VmallocUsed:       67652 kB
VmallocChunk:      75648 kB
==>Sat Nov 14 20:36:02 2015
MemTotal:        1901064 kB
MemFree:         1055244 kB
Buffers:           11536 kB
Cached:           309576 kB
SwapCached:            0 kB
Active:           345372 kB
Inactive:         250368 kB
Active(anon):     274652 kB
Inactive(anon):      364 kB
Active(file):      70720 kB
Inactive(file):   250004 kB
Unevictable:           0 kB
Mlocked:               0 kB
HighTotal:       1158144 kB
HighFree:         389244 kB
LowTotal:         742920 kB
LowFree:          666000 kB
SwapTotal:             0 kB
SwapFree:              0 kB
Dirty:                40 kB
Writeback:             0 kB
AnonPages:        274744 kB
Mapped:            96116 kB
Shmem:               412 kB
Slab:              38864 kB
SReclaimable:      20720 kB
SUnreclaim:        18144 kB
KernelStack:        6936 kB
PageTables:         9280 kB
NFS_Unstable:          0 kB
Bounce:                0 kB
WritebackTmp:          0 kB
CommitLimit:      950532 kB
Committed_AS:   26323628 kB
VmallocTotal:     245760 kB
VmallocUsed:       67644 kB
VmallocChunk:      75648 kB
==>Sat Nov 14 20:36:12 2015
MemTotal:        1901064 kB
MemFree:         1055664 kB
Buffers:           11576 kB
Cached:           309580 kB
SwapCached:            0 kB
Active:           345540 kB
Inactive:         250412 kB
Active(anon):     274820 kB
Inactive(anon):      364 kB
Active(file):      70720 kB
Inactive(file):   250048 kB
Unevictable:           0 kB
Mlocked:               0 kB
HighTotal:       1158144 kB
HighFree:         389540 kB
LowTotal:         742920 kB
LowFree:          666124 kB
SwapTotal:             0 kB
SwapFree:              0 kB
Dirty:                40 kB
Writeback:             0 kB
AnonPages:        274808 kB
Mapped:            95340 kB
Shmem:               412 kB
Slab:              38816 kB
SReclaimable:      20720 kB
SUnreclaim:        18096 kB
KernelStack:        6872 kB
PageTables:         9172 kB
NFS_Unstable:          0 kB
Bounce:                0 kB
WritebackTmp:          0 kB
CommitLimit:      950532 kB
Committed_AS:   26323344 kB
VmallocTotal:     245760 kB
VmallocUsed:       67668 kB
VmallocChunk:      75648 kB
==>Sat Nov 14 20:36:22 2015
MemTotal:        1901064 kB
MemFree:         1055628 kB
Buffers:           11600 kB
Cached:           309584 kB
SwapCached:            0 kB
Active:           345632 kB
Inactive:         250440 kB
Active(anon):     274912 kB
Inactive(anon):      364 kB
Active(file):      70720 kB
Inactive(file):   250076 kB
Unevictable:           0 kB
Mlocked:               0 kB
HighTotal:       1158144 kB
HighFree:         389276 kB
LowTotal:         742920 kB
LowFree:          666352 kB
SwapTotal:             0 kB
SwapFree:              0 kB
Dirty:                 0 kB
Writeback:             0 kB
AnonPages:        274860 kB
Mapped:            95720 kB
Shmem:               412 kB
Slab:              38816 kB
SReclaimable:      20720 kB
SUnreclaim:        18096 kB
KernelStack:        6768 kB
PageTables:         9392 kB
NFS_Unstable:          0 kB
Bounce:                0 kB
WritebackTmp:          0 kB
CommitLimit:      950532 kB
Committed_AS:   26323644 kB
VmallocTotal:     245760 kB
VmallocUsed:       67660 kB
VmallocChunk:      75648 kB
==>Sat Nov 14 20:36:32 2015
MemTotal:        1901064 kB
MemFree:         1055348 kB
Buffers:           11632 kB
Cached:           309588 kB
SwapCached:            0 kB
Active:           345976 kB
Inactive:         250476 kB
Active(anon):     275256 kB
Inactive(anon):      364 kB
Active(file):      70720 kB
Inactive(file):   250112 kB
Unevictable:           0 kB
Mlocked:               0 kB
HighTotal:       1158144 kB
HighFree:         389136 kB
LowTotal:         742920 kB
LowFree:          666212 kB
SwapTotal:             0 kB
SwapFree:              0 kB
Dirty:                52 kB
Writeback:             0 kB
AnonPages:        275204 kB
Mapped:            95692 kB
Shmem:               412 kB
Slab:              38804 kB
SReclaimable:      20720 kB
SUnreclaim:        18084 kB
KernelStack:        6768 kB
PageTables:         9340 kB
NFS_Unstable:          0 kB
Bounce:                0 kB
WritebackTmp:          0 kB
CommitLimit:      950532 kB
Committed_AS:   26323808 kB
VmallocTotal:     245760 kB
VmallocUsed:       67660 kB
VmallocChunk:      75648 kB
==>Sat Nov 14 20:36:42 2015
MemTotal:        1901064 kB
MemFree:         1058012 kB
Buffers:           11656 kB
Cached:           309588 kB
SwapCached:            0 kB
Active:           346300 kB
Inactive:         250500 kB
Active(anon):     275580 kB
Inactive(anon):      364 kB
Active(file):      70720 kB
Inactive(file):   250136 kB
Unevictable:           0 kB
Mlocked:               0 kB
HighTotal:       1158144 kB
HighFree:         391476 kB
LowTotal:         742920 kB
LowFree:          666536 kB
SwapTotal:             0 kB
SwapFree:              0 kB
Dirty:                36 kB
Writeback:             0 kB
AnonPages:        275584 kB
Mapped:            95504 kB
Shmem:               412 kB
Slab:              38820 kB
SReclaimable:      20720 kB
SUnreclaim:        18100 kB
KernelStack:        6792 kB
PageTables:         9324 kB
NFS_Unstable:          0 kB
Bounce:                0 kB
WritebackTmp:          0 kB
CommitLimit:      950532 kB
Committed_AS:   26323960 kB
VmallocTotal:     245760 kB
VmallocUsed:       67644 kB
VmallocChunk:      75648 kB
==>Sat Nov 14 20:36:52 2015
MemTotal:        1901064 kB
MemFree:         1056260 kB
Buffers:           11688 kB
Cached:           309716 kB
SwapCached:            0 kB
Active:           346548 kB
Inactive:         250620 kB
Active(anon):     275828 kB
Inactive(anon):      448 kB
Active(file):      70720 kB
Inactive(file):   250172 kB
Unevictable:           0 kB
Mlocked:               0 kB
HighTotal:       1158144 kB
HighFree:         390628 kB
LowTotal:         742920 kB
LowFree:          665632 kB
SwapTotal:             0 kB
SwapFree:              0 kB
Dirty:                68 kB
Writeback:             0 kB
AnonPages:        275864 kB
Mapped:            95388 kB
Shmem:               536 kB
Slab:              38800 kB
SReclaimable:      20724 kB
SUnreclaim:        18076 kB
KernelStack:        6880 kB
PageTables:         9388 kB
NFS_Unstable:          0 kB
Bounce:                0 kB
WritebackTmp:          0 kB
CommitLimit:      950532 kB
Committed_AS:   26325828 kB
VmallocTotal:     245760 kB
VmallocUsed:       67652 kB
VmallocChunk:      75648 kB
==>Sat Nov 14 20:37:02 2015
MemTotal:        1901064 kB
MemFree:         1053648 kB
Buffers:           11716 kB
Cached:           309596 kB
SwapCached:            0 kB
Active:           346844 kB
Inactive:         250564 kB
Active(anon):     276120 kB
Inactive(anon):      364 kB
Active(file):      70724 kB
Inactive(file):   250200 kB
Unevictable:           0 kB
Mlocked:               0 kB
HighTotal:       1158144 kB
HighFree:         387744 kB
LowTotal:         742920 kB
LowFree:          665904 kB
SwapTotal:             0 kB
SwapFree:              0 kB
Dirty:                44 kB
Writeback:             0 kB
AnonPages:        276112 kB
Mapped:            95344 kB
Shmem:               412 kB
Slab:              38836 kB
SReclaimable:      20724 kB
SUnreclaim:        18112 kB
KernelStack:        6808 kB
PageTables:         9288 kB
NFS_Unstable:          0 kB
Bounce:                0 kB
WritebackTmp:          0 kB
CommitLimit:      950532 kB
Committed_AS:   26324244 kB
VmallocTotal:     245760 kB
VmallocUsed:       67660 kB
VmallocChunk:      75648 kB
==>Sat Nov 14 20:37:12 2015
MemTotal:        1901064 kB
MemFree:         1053960 kB
Buffers:           11756 kB
Cached:           309600 kB
SwapCached:            0 kB
Active:           347028 kB
Inactive:         250608 kB
Active(anon):     276304 kB
Inactive(anon):      364 kB
Active(file):      70724 kB
Inactive(file):   250244 kB
Unevictable:           0 kB
Mlocked:               0 kB
HighTotal:       1158144 kB
HighFree:         387824 kB
LowTotal:         742920 kB
LowFree:          666136 kB
SwapTotal:             0 kB
SwapFree:              0 kB
Dirty:                44 kB
Writeback:             0 kB
AnonPages:        276268 kB
Mapped:            95344 kB
Shmem:               412 kB
Slab:              38784 kB
SReclaimable:      20724 kB
SUnreclaim:        18060 kB
KernelStack:        6768 kB
PageTables:         9252 kB
NFS_Unstable:          0 kB
Bounce:                0 kB
WritebackTmp:          0 kB
CommitLimit:      950532 kB
Committed_AS:   26324008 kB
VmallocTotal:     245760 kB
VmallocUsed:       67668 kB
VmallocChunk:      75648 kB
==>Sat Nov 14 20:37:22 2015
MemTotal:        1901064 kB
MemFree:         1054012 kB
Buffers:           11788 kB
Cached:           309604 kB
SwapCached:            0 kB
Active:           347240 kB
Inactive:         250644 kB
Active(anon):     276516 kB
Inactive(anon):      364 kB
Active(file):      70724 kB
Inactive(file):   250280 kB
Unevictable:           0 kB
Mlocked:               0 kB
HighTotal:       1158144 kB
HighFree:         387740 kB
LowTotal:         742920 kB
LowFree:          666272 kB
SwapTotal:             0 kB
SwapFree:              0 kB
Dirty:                 0 kB
Writeback:             0 kB
AnonPages:        276504 kB
Mapped:            95716 kB
Shmem:               412 kB
Slab:              38748 kB
SReclaimable:      20724 kB
SUnreclaim:        18024 kB
KernelStack:        6768 kB
PageTables:         9344 kB
NFS_Unstable:          0 kB
Bounce:                0 kB
WritebackTmp:          0 kB
CommitLimit:      950532 kB
Committed_AS:   26324556 kB
VmallocTotal:     245760 kB
VmallocUsed:       67660 kB
VmallocChunk:      75648 kB
==>Sat Nov 14 20:37:32 2015
MemTotal:        1901064 kB
MemFree:         1055844 kB
Buffers:           11828 kB
Cached:           309608 kB
SwapCached:            0 kB
Active:           347616 kB
Inactive:         250688 kB
Active(anon):     276892 kB
Inactive(anon):      364 kB
Active(file):      70724 kB
Inactive(file):   250324 kB
Unevictable:           0 kB
Mlocked:               0 kB
HighTotal:       1158144 kB
HighFree:         389964 kB
LowTotal:         742920 kB
LowFree:          665880 kB
SwapTotal:             0 kB
SwapFree:              0 kB
Dirty:                72 kB
Writeback:             0 kB
AnonPages:        276908 kB
Mapped:            95480 kB
Shmem:               412 kB
Slab:              38796 kB
SReclaimable:      20724 kB
SUnreclaim:        18072 kB
KernelStack:        6784 kB
PageTables:         9308 kB
NFS_Unstable:          0 kB
Bounce:                0 kB
WritebackTmp:          0 kB
CommitLimit:      950532 kB
Committed_AS:   26324600 kB
VmallocTotal:     245760 kB
VmallocUsed:       67644 kB
VmallocChunk:      75648 kB
==>Sat Nov 14 20:37:42 2015
MemTotal:        1901064 kB
MemFree:         1052644 kB
Buffers:           11844 kB
Cached:           309608 kB
SwapCached:            0 kB
Active:           347932 kB
Inactive:         250704 kB
Active(anon):     277208 kB
Inactive(anon):      364 kB
Active(file):      70724 kB
Inactive(file):   250340 kB
Unevictable:           0 kB
Mlocked:               0 kB
HighTotal:       1158144 kB
HighFree:         387544 kB
LowTotal:         742920 kB
LowFree:          665100 kB
SwapTotal:             0 kB
SwapFree:              0 kB
Dirty:                52 kB
Writeback:             0 kB
AnonPages:        277176 kB
Mapped:            95436 kB
Shmem:               412 kB
Slab:              38836 kB
SReclaimable:      20724 kB
SUnreclaim:        18112 kB
KernelStack:        6944 kB
PageTables:         9300 kB
NFS_Unstable:          0 kB
Bounce:                0 kB
WritebackTmp:          0 kB
CommitLimit:      950532 kB
Committed_AS:   26324700 kB
VmallocTotal:     245760 kB
VmallocUsed:       67652 kB
VmallocChunk:      75648 kB
==>Sat Nov 14 20:37:52 2015
MemTotal:        1901064 kB
MemFree:         1052448 kB
Buffers:           11884 kB
Cached:           309612 kB
SwapCached:            0 kB
Active:           348080 kB
Inactive:         250748 kB
Active(anon):     277356 kB
Inactive(anon):      364 kB
Active(file):      70724 kB
Inactive(file):   250384 kB
Unevictable:           0 kB
Mlocked:               0 kB
HighTotal:       1158144 kB
HighFree:         386588 kB
LowTotal:         742920 kB
LowFree:          665860 kB
SwapTotal:             0 kB
SwapFree:              0 kB
Dirty:                44 kB
Writeback:             0 kB
AnonPages:        277432 kB
Mapped:            95360 kB
Shmem:               412 kB
Slab:              38804 kB
SReclaimable:      20716 kB
SUnreclaim:        18088 kB
KernelStack:        6864 kB
PageTables:         9272 kB
NFS_Unstable:          0 kB
Bounce:                0 kB
WritebackTmp:          0 kB
CommitLimit:      950532 kB
Committed_AS:   26324436 kB
VmallocTotal:     245760 kB
VmallocUsed:       67660 kB
VmallocChunk:      75648 kB
==>Sat Nov 14 20:38:02 2015
MemTotal:        1901064 kB
MemFree:         1052804 kB
Buffers:           11916 kB
Cached:           309616 kB
SwapCached:            0 kB
Active:           348208 kB
Inactive:         250784 kB
Active(anon):     277484 kB
Inactive(anon):      364 kB
Active(file):      70724 kB
Inactive(file):   250420 kB
Unevictable:           0 kB
Mlocked:               0 kB
HighTotal:       1158144 kB
HighFree:         386676 kB
LowTotal:         742920 kB
LowFree:          666128 kB
SwapTotal:             0 kB
SwapFree:              0 kB
Dirty:                 4 kB
Writeback:             0 kB
AnonPages:        277408 kB
Mapped:            95396 kB
Shmem:               412 kB
Slab:              38744 kB
SReclaimable:      20740 kB
SUnreclaim:        18004 kB
KernelStack:        6840 kB
PageTables:         9252 kB
NFS_Unstable:          0 kB
Bounce:                0 kB
WritebackTmp:          0 kB
CommitLimit:      950532 kB
Committed_AS:   26324544 kB
VmallocTotal:     245760 kB
VmallocUsed:       67668 kB
VmallocChunk:      75648 kB
==>Sat Nov 14 20:38:12 2015
MemTotal:        1901064 kB
MemFree:         1052392 kB
Buffers:           11956 kB
Cached:           309620 kB
SwapCached:            0 kB
Active:           348276 kB
Inactive:         250828 kB
Active(anon):     277552 kB
Inactive(anon):      364 kB
Active(file):      70724 kB
Inactive(file):   250464 kB
Unevictable:           0 kB
Mlocked:               0 kB
HighTotal:       1158144 kB
HighFree:         386716 kB
LowTotal:         742920 kB
LowFree:          665676 kB
SwapTotal:             0 kB
SwapFree:              0 kB
Dirty:                52 kB
Writeback:             0 kB
AnonPages:        277508 kB
Mapped:            95732 kB
Shmem:               412 kB
Slab:              38832 kB
SReclaimable:      20744 kB
SUnreclaim:        18088 kB
KernelStack:        6848 kB
PageTables:         9308 kB
NFS_Unstable:          0 kB
Bounce:                0 kB
WritebackTmp:          0 kB
CommitLimit:      950532 kB
Committed_AS:   26324452 kB
VmallocTotal:     245760 kB
VmallocUsed:       67660 kB
VmallocChunk:      75648 kB
==>Sat Nov 14 20:38:22 2015
MemTotal:        1901064 kB
MemFree:         1054952 kB
Buffers:           11996 kB
Cached:           309620 kB
SwapCached:            0 kB
Active:           348756 kB
Inactive:         250868 kB
Active(anon):     278032 kB
Inactive(anon):      364 kB
Active(file):      70724 kB
Inactive(file):   250504 kB
Unevictable:           0 kB
Mlocked:               0 kB
HighTotal:       1158144 kB
HighFree:         389080 kB
LowTotal:         742920 kB
LowFree:          665872 kB
SwapTotal:             0 kB
SwapFree:              0 kB
Dirty:                64 kB
Writeback:             0 kB
AnonPages:        278000 kB
Mapped:            95516 kB
Shmem:               412 kB
Slab:              38860 kB
SReclaimable:      20744 kB
SUnreclaim:        18116 kB
KernelStack:        6784 kB
PageTables:         9300 kB
NFS_Unstable:          0 kB
Bounce:                0 kB
WritebackTmp:          0 kB
CommitLimit:      950532 kB
Committed_AS:   26324872 kB
VmallocTotal:     245760 kB
VmallocUsed:       67644 kB
VmallocChunk:      75648 kB
==>Sat Nov 14 20:38:32 2015
MemTotal:        1901064 kB
MemFree:         1051464 kB
Buffers:           12012 kB
Cached:           309624 kB
SwapCached:            0 kB
Active:           348980 kB
Inactive:         250888 kB
Active(anon):     278256 kB
Inactive(anon):      364 kB
Active(file):      70724 kB
Inactive(file):   250524 kB
Unevictable:           0 kB
Mlocked:               0 kB
HighTotal:       1158144 kB
HighFree:         386228 kB
LowTotal:         742920 kB
LowFree:          665236 kB
SwapTotal:             0 kB
SwapFree:              0 kB
Dirty:                44 kB
Writeback:             0 kB
AnonPages:        278232 kB
Mapped:            95436 kB
Shmem:               412 kB
Slab:              38924 kB
SReclaimable:      20744 kB
SUnreclaim:        18180 kB
KernelStack:        6952 kB
PageTables:         9268 kB
NFS_Unstable:          0 kB
Bounce:                0 kB
WritebackTmp:          0 kB
CommitLimit:      950532 kB
Committed_AS:   26324876 kB
VmallocTotal:     245760 kB
VmallocUsed:       67652 kB
VmallocChunk:      75648 kB
==>Sat Nov 14 20:38:42 2015
MemTotal:        1901064 kB
MemFree:         1050668 kB
Buffers:           12060 kB
Cached:           309628 kB
SwapCached:            0 kB
Active:           349300 kB
Inactive:         250940 kB
Active(anon):     278576 kB
Inactive(anon):      364 kB
Active(file):      70724 kB
Inactive(file):   250576 kB
Unevictable:           0 kB
Mlocked:               0 kB
HighTotal:       1158144 kB
HighFree:         385240 kB
LowTotal:         742920 kB
LowFree:          665428 kB
SwapTotal:             0 kB
SwapFree:              0 kB
Dirty:                40 kB
Writeback:             0 kB
AnonPages:        278616 kB
Mapped:            95368 kB
Shmem:               412 kB
Slab:              38860 kB
SReclaimable:      20744 kB
SUnreclaim:        18116 kB
KernelStack:        6856 kB
PageTables:         9264 kB
NFS_Unstable:          0 kB
Bounce:                0 kB
WritebackTmp:          0 kB
CommitLimit:      950532 kB
Committed_AS:   26324952 kB
VmallocTotal:     245760 kB
VmallocUsed:       67668 kB
VmallocChunk:      75648 kB
==>Sat Nov 14 20:38:52 2015
MemTotal:        1901064 kB
MemFree:         1051036 kB
Buffers:           12092 kB
Cached:           309632 kB
SwapCached:            0 kB
Active:           349328 kB
Inactive:         250976 kB
Active(anon):     278604 kB
Inactive(anon):      364 kB
Active(file):      70724 kB
Inactive(file):   250612 kB
Unevictable:           0 kB
Mlocked:               0 kB
HighTotal:       1158144 kB
HighFree:         385180 kB
LowTotal:         742920 kB
LowFree:          665856 kB
SwapTotal:             0 kB
SwapFree:              0 kB
Dirty:                 0 kB
Writeback:             0 kB
AnonPages:        278440 kB
Mapped:            95728 kB
Shmem:               412 kB
Slab:              38804 kB
SReclaimable:      20736 kB
SUnreclaim:        18068 kB
KernelStack:        6840 kB
PageTables:         9384 kB
NFS_Unstable:          0 kB
Bounce:                0 kB
WritebackTmp:          0 kB
CommitLimit:      950532 kB
Committed_AS:   26324948 kB
VmallocTotal:     245760 kB
VmallocUsed:       67660 kB
VmallocChunk:      75648 kB
==>Sat Nov 14 20:39:02 2015
MemTotal:        1901064 kB
MemFree:         1053396 kB
Buffers:           12132 kB
Cached:           309640 kB
SwapCached:            0 kB
Active:           349776 kB
Inactive:         251020 kB
Active(anon):     279048 kB
Inactive(anon):      364 kB
Active(file):      70728 kB
Inactive(file):   250656 kB
Unevictable:           0 kB
Mlocked:               0 kB
HighTotal:       1158144 kB
HighFree:         387776 kB
LowTotal:         742920 kB
LowFree:          665620 kB
SwapTotal:             0 kB
SwapFree:              0 kB
Dirty:                76 kB
Writeback:             0 kB
AnonPages:        279064 kB
Mapped:            95492 kB
Shmem:               412 kB
Slab:              38880 kB
SReclaimable:      20736 kB
SUnreclaim:        18144 kB
KernelStack:        6792 kB
PageTables:         9312 kB
NFS_Unstable:          0 kB
Bounce:                0 kB
WritebackTmp:          0 kB
CommitLimit:      950532 kB
Committed_AS:   26325660 kB
VmallocTotal:     245760 kB
VmallocUsed:       67644 kB
VmallocChunk:      75648 kB
==>Sat Nov 14 20:39:12 2015
MemTotal:        1901064 kB
MemFree:         1052164 kB
Buffers:           12164 kB
Cached:           309736 kB
SwapCached:            0 kB
Active:           349900 kB
Inactive:         251148 kB
Active(anon):     279172 kB
Inactive(anon):      460 kB
Active(file):      70728 kB
Inactive(file):   250688 kB
Unevictable:           0 kB
Mlocked:               0 kB
HighTotal:       1158144 kB
HighFree:         387028 kB
LowTotal:         742920 kB
LowFree:          665136 kB
SwapTotal:             0 kB
SwapFree:              0 kB
Dirty:                72 kB
Writeback:             0 kB
AnonPages:        279124 kB
Mapped:            95400 kB
Shmem:               508 kB
Slab:              38856 kB
SReclaimable:      20744 kB
SUnreclaim:        18112 kB
KernelStack:        6864 kB
PageTables:         9236 kB
NFS_Unstable:          0 kB
Bounce:                0 kB
WritebackTmp:          0 kB
CommitLimit:      950532 kB
Committed_AS:   26327304 kB
VmallocTotal:     245760 kB
VmallocUsed:       67652 kB
VmallocChunk:      75648 kB
==>Sat Nov 14 20:39:22 2015
MemTotal:        1901064 kB
MemFree:         1049580 kB
Buffers:           12180 kB
Cached:           309644 kB
SwapCached:            0 kB
Active:           350324 kB
Inactive:         251072 kB
Active(anon):     279596 kB
Inactive(anon):      364 kB
Active(file):      70728 kB
Inactive(file):   250708 kB
Unevictable:           0 kB
Mlocked:               0 kB
HighTotal:       1158144 kB
HighFree:         384140 kB
LowTotal:         742920 kB
LowFree:          665440 kB
SwapTotal:             0 kB
SwapFree:              0 kB
Dirty:                32 kB
Writeback:             0 kB
AnonPages:        279604 kB
Mapped:            95360 kB
Shmem:               412 kB
Slab:              38944 kB
SReclaimable:      20744 kB
SUnreclaim:        18200 kB
KernelStack:        6848 kB
PageTables:         9332 kB
NFS_Unstable:          0 kB
Bounce:                0 kB
WritebackTmp:          0 kB
CommitLimit:      950532 kB
Committed_AS:   26325340 kB
VmallocTotal:     245760 kB
VmallocUsed:       67660 kB
VmallocChunk:      75648 kB
==>Sat Nov 14 20:39:32 2015
MemTotal:        1901064 kB
MemFree:         1049648 kB
Buffers:           12220 kB
Cached:           309648 kB
SwapCached:            0 kB
Active:           350496 kB
Inactive:         251116 kB
Active(anon):     279768 kB
Inactive(anon):      364 kB
Active(file):      70728 kB
Inactive(file):   250752 kB
Unevictable:           0 kB
Mlocked:               0 kB
HighTotal:       1158144 kB
HighFree:         384256 kB
LowTotal:         742920 kB
LowFree:          665392 kB
SwapTotal:             0 kB
SwapFree:              0 kB
Dirty:                44 kB
Writeback:             0 kB
AnonPages:        279604 kB
Mapped:            95356 kB
Shmem:               412 kB
Slab:              38900 kB
SReclaimable:      20744 kB
SUnreclaim:        18156 kB
KernelStack:        6848 kB
PageTables:         9240 kB
NFS_Unstable:          0 kB
Bounce:                0 kB
WritebackTmp:          0 kB
CommitLimit:      950532 kB
Committed_AS:   26325472 kB
VmallocTotal:     245760 kB
VmallocUsed:       67668 kB
VmallocChunk:      75648 kB
==>Sat Nov 14 20:39:42 2015
MemTotal:        1901064 kB
MemFree:         1049944 kB
Buffers:           12244 kB
Cached:           309652 kB
SwapCached:            0 kB
Active:           350548 kB
Inactive:         251144 kB
Active(anon):     279820 kB
Inactive(anon):      364 kB
Active(file):      70728 kB
Inactive(file):   250780 kB
Unevictable:           0 kB
Mlocked:               0 kB
HighTotal:       1158144 kB
HighFree:         384184 kB
LowTotal:         742920 kB
LowFree:          665760 kB
SwapTotal:             0 kB
SwapFree:              0 kB
Dirty:                 4 kB
Writeback:             0 kB
AnonPages:        279748 kB
Mapped:            95728 kB
Shmem:               412 kB
Slab:              38836 kB
SReclaimable:      20744 kB
SUnreclaim:        18092 kB
KernelStack:        6768 kB
PageTables:         9316 kB
NFS_Unstable:          0 kB
Bounce:                0 kB
WritebackTmp:          0 kB
CommitLimit:      950532 kB
Committed_AS:   26325496 kB
VmallocTotal:     245760 kB
VmallocUsed:       67660 kB
VmallocChunk:      75648 kB
==>Sat Nov 14 20:39:52 2015
MemTotal:        1901064 kB
MemFree:         1049660 kB
Buffers:           12284 kB
Cached:           309656 kB
SwapCached:            0 kB
Active:           350900 kB
Inactive:         251188 kB
Active(anon):     280172 kB
Inactive(anon):      364 kB
Active(file):      70728 kB
Inactive(file):   250824 kB
Unevictable:           0 kB
Mlocked:               0 kB
HighTotal:       1158144 kB
HighFree:         384016 kB
LowTotal:         742920 kB
LowFree:          665644 kB
SwapTotal:             0 kB
SwapFree:              0 kB
Dirty:                52 kB
Writeback:             0 kB
AnonPages:        280164 kB
Mapped:            95724 kB
Shmem:               412 kB
Slab:              38872 kB
SReclaimable:      20744 kB
SUnreclaim:        18128 kB
KernelStack:        6768 kB
PageTables:         9312 kB
NFS_Unstable:          0 kB
Bounce:                0 kB
WritebackTmp:          0 kB
CommitLimit:      950532 kB
Committed_AS:   26325780 kB
VmallocTotal:     245760 kB
VmallocUsed:       67660 kB
VmallocChunk:      75648 kB
==>Sat Nov 14 20:40:02 2015
MemTotal:        1901064 kB
MemFree:         1049096 kB
Buffers:           12308 kB
Cached:           309648 kB
SwapCached:            0 kB
Active:           351120 kB
Inactive:         251204 kB
Active(anon):     280392 kB
Inactive(anon):      364 kB
Active(file):      70728 kB
Inactive(file):   250840 kB
Unevictable:           0 kB
Mlocked:               0 kB
HighTotal:       1158144 kB
HighFree:         384288 kB
LowTotal:         742920 kB
LowFree:          664808 kB
SwapTotal:             0 kB
SwapFree:              0 kB
Dirty:                12 kB
Writeback:             0 kB
AnonPages:        280300 kB
Mapped:            95432 kB
Shmem:               412 kB
Slab:              38892 kB
SReclaimable:      20744 kB
SUnreclaim:        18148 kB
KernelStack:        6840 kB
PageTables:         9280 kB
NFS_Unstable:          0 kB
Bounce:                0 kB
WritebackTmp:          0 kB
CommitLimit:      950532 kB
Committed_AS:   26325816 kB
VmallocTotal:     245760 kB
VmallocUsed:       67652 kB
VmallocChunk:      75648 kB
==>Sat Nov 14 20:40:12 2015
MemTotal:        1901064 kB
MemFree:         1047796 kB
Buffers:           12348 kB
Cached:           309660 kB
SwapCached:            0 kB
Active:           351448 kB
Inactive:         251256 kB
Active(anon):     280720 kB
Inactive(anon):      364 kB
Active(file):      70728 kB
Inactive(file):   250892 kB
Unevictable:           0 kB
Mlocked:               0 kB
HighTotal:       1158144 kB
HighFree:         382704 kB
LowTotal:         742920 kB
LowFree:          665092 kB
SwapTotal:             0 kB
SwapFree:              0 kB
Dirty:                40 kB
Writeback:             0 kB
AnonPages:        280712 kB
Mapped:            95364 kB
Shmem:               412 kB
Slab:              38868 kB
SReclaimable:      20744 kB
SUnreclaim:        18124 kB
KernelStack:        6960 kB
PageTables:         9260 kB
NFS_Unstable:          0 kB
Bounce:                0 kB
WritebackTmp:          0 kB
CommitLimit:      950532 kB
Committed_AS:   26325916 kB
VmallocTotal:     245760 kB
VmallocUsed:       67660 kB
VmallocChunk:      75648 kB
==>Sat Nov 14 20:40:22 2015
MemTotal:        1901064 kB
MemFree:         1048496 kB
Buffers:           12380 kB
Cached:           309664 kB
SwapCached:            0 kB
Active:           351472 kB
Inactive:         251292 kB
Active(anon):     280744 kB
Inactive(anon):      364 kB
Active(file):      70728 kB
Inactive(file):   250928 kB
Unevictable:           0 kB
Mlocked:               0 kB
HighTotal:       1158144 kB
HighFree:         383048 kB
LowTotal:         742920 kB
LowFree:          665448 kB
SwapTotal:             0 kB
SwapFree:              0 kB
Dirty:                 0 kB
Writeback:             0 kB
AnonPages:        280736 kB
Mapped:            95736 kB
Shmem:               412 kB
Slab:              38848 kB
SReclaimable:      20748 kB
SUnreclaim:        18100 kB
KernelStack:        6768 kB
PageTables:         9412 kB
NFS_Unstable:          0 kB
Bounce:                0 kB
WritebackTmp:          0 kB
CommitLimit:      950532 kB
Committed_AS:   26326260 kB
VmallocTotal:     245760 kB
VmallocUsed:       67660 kB
VmallocChunk:      75648 kB
==>Sat Nov 14 20:40:32 2015
MemTotal:        1901064 kB
MemFree:         1050932 kB
Buffers:           12432 kB
Cached:           309668 kB
SwapCached:            0 kB
Active:           351816 kB
Inactive:         251344 kB
Active(anon):     281084 kB
Inactive(anon):      364 kB
Active(file):      70732 kB
Inactive(file):   250980 kB
Unevictable:           0 kB
Mlocked:               0 kB
HighTotal:       1158144 kB
HighFree:         385592 kB
LowTotal:         742920 kB
LowFree:          665340 kB
SwapTotal:             0 kB
SwapFree:              0 kB
Dirty:                76 kB
Writeback:             0 kB
AnonPages:        281032 kB
Mapped:            95516 kB
Shmem:               412 kB
Slab:              38836 kB
SReclaimable:      20748 kB
SUnreclaim:        18088 kB
KernelStack:        6768 kB
PageTables:         9368 kB
NFS_Unstable:          0 kB
Bounce:                0 kB
WritebackTmp:          0 kB
CommitLimit:      950532 kB
Committed_AS:   26326420 kB
VmallocTotal:     245760 kB
VmallocUsed:       67644 kB
VmallocChunk:      75648 kB
==>Sat Nov 14 20:40:42 2015
MemTotal:        1901064 kB
MemFree:         1047104 kB
Buffers:           12448 kB
Cached:           309668 kB
SwapCached:            0 kB
Active:           352152 kB
Inactive:         251360 kB
Active(anon):     281420 kB
Inactive(anon):      364 kB
Active(file):      70732 kB
Inactive(file):   250996 kB
Unevictable:           0 kB
Mlocked:               0 kB
HighTotal:       1158144 kB
HighFree:         382688 kB
LowTotal:         742920 kB
LowFree:          664416 kB
SwapTotal:             0 kB
SwapFree:              0 kB
Dirty:                56 kB
Writeback:             0 kB
AnonPages:        281204 kB
Mapped:            95432 kB
Shmem:               412 kB
Slab:              38940 kB
SReclaimable:      20748 kB
SUnreclaim:        18192 kB
KernelStack:        6888 kB
PageTables:         9280 kB
NFS_Unstable:          0 kB
Bounce:                0 kB
WritebackTmp:          0 kB
CommitLimit:      950532 kB
Committed_AS:   26326628 kB
VmallocTotal:     245760 kB
VmallocUsed:       67652 kB
VmallocChunk:      75648 kB
==>Sat Nov 14 20:40:52 2015
MemTotal:        1901064 kB
MemFree:         1047348 kB
Buffers:           12496 kB
Cached:           309672 kB
SwapCached:            0 kB
Active:           352268 kB
Inactive:         251412 kB
Active(anon):     281536 kB
Inactive(anon):      364 kB
Active(file):      70732 kB
Inactive(file):   251048 kB
Unevictable:           0 kB
Mlocked:               0 kB
HighTotal:       1158144 kB
HighFree:         382176 kB
LowTotal:         742920 kB
LowFree:          665172 kB
SwapTotal:             0 kB
SwapFree:              0 kB
Dirty:                44 kB
Writeback:             0 kB
AnonPages:        281616 kB
Mapped:            95364 kB
Shmem:               412 kB
Slab:              38880 kB
SReclaimable:      20748 kB
SUnreclaim:        18132 kB
KernelStack:        6832 kB
PageTables:         9252 kB
NFS_Unstable:          0 kB
Bounce:                0 kB
WritebackTmp:          0 kB
CommitLimit:      950532 kB
Committed_AS:   26326336 kB
VmallocTotal:     245760 kB
VmallocUsed:       67668 kB
VmallocChunk:      75648 kB
==>Sat Nov 14 20:41:02 2015
MemTotal:        1901064 kB
MemFree:         1047248 kB
Buffers:           12532 kB
Cached:           309676 kB
SwapCached:            0 kB
Active:           352284 kB
Inactive:         251452 kB
Active(anon):     281552 kB
Inactive(anon):      364 kB
Active(file):      70732 kB
Inactive(file):   251088 kB
Unevictable:           0 kB
Mlocked:               0 kB
HighTotal:       1158144 kB
HighFree:         382196 kB
LowTotal:         742920 kB
LowFree:          665052 kB
SwapTotal:             0 kB
SwapFree:              0 kB
Dirty:                 0 kB
Writeback:             0 kB
AnonPages:        281504 kB
Mapped:            95740 kB
Shmem:               412 kB
Slab:              38844 kB
SReclaimable:      20748 kB
SUnreclaim:        18096 kB
KernelStack:        6808 kB
PageTables:         9320 kB
NFS_Unstable:          0 kB
Bounce:                0 kB
WritebackTmp:          0 kB
CommitLimit:      950532 kB
Committed_AS:   26326320 kB
VmallocTotal:     245760 kB
VmallocUsed:       67660 kB
VmallocChunk:      75648 kB
==>Sat Nov 14 20:41:12 2015
MemTotal:        1901064 kB
MemFree:         1049992 kB
Buffers:           12572 kB
Cached:           309676 kB
SwapCached:            0 kB
Active:           352808 kB
Inactive:         251492 kB
Active(anon):     282076 kB
Inactive(anon):      364 kB
Active(file):      70732 kB
Inactive(file):   251128 kB
Unevictable:           0 kB
Mlocked:               0 kB
HighTotal:       1158144 kB
HighFree:         384396 kB
LowTotal:         742920 kB
LowFree:          665596 kB
SwapTotal:             0 kB
SwapFree:              0 kB
Dirty:                64 kB
Writeback:             0 kB
AnonPages:        282044 kB
Mapped:            95524 kB
Shmem:               412 kB
Slab:              38848 kB
SReclaimable:      20748 kB
SUnreclaim:        18100 kB
KernelStack:        6776 kB
PageTables:         9360 kB
NFS_Unstable:          0 kB
Bounce:                0 kB
WritebackTmp:          0 kB
CommitLimit:      950532 kB
Committed_AS:   26326996 kB
VmallocTotal:     245760 kB
VmallocUsed:       67644 kB
VmallocChunk:      75648 kB
==>Sat Nov 14 20:41:22 2015
MemTotal:        1901064 kB
MemFree:         1046528 kB
Buffers:           12596 kB
Cached:           309680 kB
SwapCached:            0 kB
Active:           352992 kB
Inactive:         251516 kB
Active(anon):     282256 kB
Inactive(anon):      364 kB
Active(file):      70736 kB
Inactive(file):   251152 kB
Unevictable:           0 kB
Mlocked:               0 kB
HighTotal:       1158144 kB
HighFree:         381480 kB
LowTotal:         742920 kB
LowFree:          665048 kB
SwapTotal:             0 kB
SwapFree:              0 kB
Dirty:                44 kB
Writeback:             0 kB
AnonPages:        282244 kB
Mapped:            96104 kB
Shmem:               412 kB
Slab:              38868 kB
SReclaimable:      20748 kB
SUnreclaim:        18120 kB
KernelStack:        6896 kB
PageTables:         9188 kB
NFS_Unstable:          0 kB
Bounce:                0 kB
WritebackTmp:          0 kB
CommitLimit:      950532 kB
Committed_AS:   26326920 kB
VmallocTotal:     245760 kB
VmallocUsed:       67644 kB
VmallocChunk:      75648 kB
==>Sat Nov 14 20:41:32 2015
MemTotal:        1901064 kB
MemFree:         1046440 kB
Buffers:           12636 kB
Cached:           309676 kB
SwapCached:            0 kB
Active:           353128 kB
Inactive:         251552 kB
Active(anon):     282392 kB
Inactive(anon):      364 kB
Active(file):      70736 kB
Inactive(file):   251188 kB
Unevictable:           0 kB
Mlocked:               0 kB
HighTotal:       1158144 kB
HighFree:         381288 kB
LowTotal:         742920 kB
LowFree:          665152 kB
SwapTotal:             0 kB
SwapFree:              0 kB
Dirty:                 0 kB
Writeback:             0 kB
AnonPages:        282424 kB
Mapped:            95540 kB
Shmem:               412 kB
Slab:              38852 kB
SReclaimable:      20752 kB
SUnreclaim:        18100 kB
KernelStack:        6800 kB
PageTables:         9356 kB
NFS_Unstable:          0 kB
Bounce:                0 kB
WritebackTmp:          0 kB
CommitLimit:      950532 kB
Committed_AS:   26327112 kB
VmallocTotal:     245760 kB
VmallocUsed:       67668 kB
VmallocChunk:      75648 kB
==>Sat Nov 14 20:41:42 2015
MemTotal:        1901064 kB
MemFree:         1046176 kB
Buffers:           12676 kB
Cached:           309688 kB
SwapCached:            0 kB
Active:           353152 kB
Inactive:         251604 kB
Active(anon):     282416 kB
Inactive(anon):      364 kB
Active(file):      70736 kB
Inactive(file):   251240 kB
Unevictable:           0 kB
Mlocked:               0 kB
HighTotal:       1158144 kB
HighFree:         381196 kB
LowTotal:         742920 kB
LowFree:          664980 kB
SwapTotal:             0 kB
SwapFree:              0 kB
Dirty:                20 kB
Writeback:             0 kB
AnonPages:        282352 kB
Mapped:            95720 kB
Shmem:               412 kB
Slab:              38852 kB
SReclaimable:      20756 kB
SUnreclaim:        18096 kB
KernelStack:        6912 kB
PageTables:         9316 kB
NFS_Unstable:          0 kB
Bounce:                0 kB
WritebackTmp:          0 kB
CommitLimit:      950532 kB
Committed_AS:   26326724 kB
VmallocTotal:     245760 kB
VmallocUsed:       67660 kB
VmallocChunk:      75648 kB
==>Sat Nov 14 20:41:52 2015
MemTotal:        1901064 kB
MemFree:         1046564 kB
Buffers:           12700 kB
Cached:           309680 kB
SwapCached:            0 kB
Active:           353432 kB
Inactive:         251620 kB
Active(anon):     282696 kB
Inactive(anon):      364 kB
Active(file):      70736 kB
Inactive(file):   251256 kB
Unevictable:           0 kB
Mlocked:               0 kB
HighTotal:       1158144 kB
HighFree:         381968 kB
LowTotal:         742920 kB
LowFree:          664596 kB
SwapTotal:             0 kB
SwapFree:              0 kB
Dirty:                56 kB
Writeback:             0 kB
AnonPages:        282856 kB
Mapped:            95444 kB
Shmem:               412 kB
Slab:              38840 kB
SReclaimable:      20756 kB
SUnreclaim:        18084 kB
KernelStack:        6872 kB
PageTables:         9284 kB
NFS_Unstable:          0 kB
Bounce:                0 kB
WritebackTmp:          0 kB
CommitLimit:      950532 kB
Committed_AS:   26326928 kB
VmallocTotal:     245760 kB
VmallocUsed:       67652 kB
VmallocChunk:      75648 kB
==>Sat Nov 14 20:42:02 2015
MemTotal:        1901064 kB
MemFree:         1044916 kB
Buffers:           12740 kB
Cached:           309692 kB
SwapCached:            0 kB
Active:           353764 kB
Inactive:         251672 kB
Active(anon):     283028 kB
Inactive(anon):      364 kB
Active(file):      70736 kB
Inactive(file):   251308 kB
Unevictable:           0 kB
Mlocked:               0 kB
HighTotal:       1158144 kB
HighFree:         380236 kB
LowTotal:         742920 kB
LowFree:          664680 kB
SwapTotal:             0 kB
SwapFree:              0 kB
Dirty:                44 kB
Writeback:             0 kB
AnonPages:        283196 kB
Mapped:            95376 kB
Shmem:               412 kB
Slab:              38824 kB
SReclaimable:      20756 kB
SUnreclaim:        18068 kB
KernelStack:        6832 kB
PageTables:         9264 kB
NFS_Unstable:          0 kB
Bounce:                0 kB
WritebackTmp:          0 kB
CommitLimit:      950532 kB
Committed_AS:   26327052 kB
VmallocTotal:     245760 kB
VmallocUsed:       67668 kB
VmallocChunk:      75648 kB
==>Sat Nov 14 20:42:12 2015
MemTotal:        1901064 kB
MemFree:         1045804 kB
Buffers:           12772 kB
Cached:           309696 kB
SwapCached:            0 kB
Active:           354012 kB
Inactive:         251708 kB
Active(anon):     283276 kB
Inactive(anon):      364 kB
Active(file):      70736 kB
Inactive(file):   251344 kB
Unevictable:           0 kB
Mlocked:               0 kB
HighTotal:       1158144 kB
HighFree:         380544 kB
LowTotal:         742920 kB
LowFree:          665260 kB
SwapTotal:             0 kB
SwapFree:              0 kB
Dirty:                 4 kB
Writeback:             0 kB
AnonPages:        283224 kB
Mapped:            95872 kB
Shmem:               412 kB
Slab:              38804 kB
SReclaimable:      20756 kB
SUnreclaim:        18048 kB
KernelStack:        6776 kB
PageTables:         9316 kB
NFS_Unstable:          0 kB
Bounce:                0 kB
WritebackTmp:          0 kB
CommitLimit:      950532 kB
Committed_AS:   26327236 kB
VmallocTotal:     245760 kB
VmallocUsed:       67660 kB
VmallocChunk:      75648 kB
==>Sat Nov 14 20:42:22 2015
MemTotal:        1901064 kB
MemFree:         1047704 kB
Buffers:           12820 kB
Cached:           309688 kB
SwapCached:            0 kB
Active:           354180 kB
Inactive:         251744 kB
Active(anon):     283440 kB
Inactive(anon):      364 kB
Active(file):      70740 kB
Inactive(file):   251380 kB
Unevictable:           0 kB
Mlocked:               0 kB
HighTotal:       1158144 kB
HighFree:         382888 kB
LowTotal:         742920 kB
LowFree:          664816 kB
SwapTotal:             0 kB
SwapFree:              0 kB
Dirty:                36 kB
Writeback:             0 kB
AnonPages:        283392 kB
Mapped:            95532 kB
Shmem:               412 kB
Slab:              38808 kB
SReclaimable:      20756 kB
SUnreclaim:        18052 kB
KernelStack:        6784 kB
PageTables:         9472 kB
NFS_Unstable:          0 kB
Bounce:                0 kB
WritebackTmp:          0 kB
CommitLimit:      950532 kB
Committed_AS:   26327120 kB
VmallocTotal:     245760 kB
VmallocUsed:       67644 kB
VmallocChunk:      75648 kB
==>Sat Nov 14 20:42:32 2015
MemTotal:        1901064 kB
MemFree:         1044388 kB
Buffers:           12836 kB
Cached:           309700 kB
SwapCached:            0 kB
Active:           354452 kB
Inactive:         251772 kB
Active(anon):     283712 kB
Inactive(anon):      364 kB
Active(file):      70740 kB
Inactive(file):   251408 kB
Unevictable:           0 kB
Mlocked:               0 kB
HighTotal:       1158144 kB
HighFree:         380216 kB
LowTotal:         742920 kB
LowFree:          664172 kB
SwapTotal:             0 kB
SwapFree:              0 kB
Dirty:                44 kB
Writeback:             0 kB
AnonPages:        283752 kB
Mapped:            95396 kB
Shmem:               412 kB
Slab:              38720 kB
SReclaimable:      20764 kB
SUnreclaim:        17956 kB
KernelStack:        6880 kB
PageTables:         9392 kB
NFS_Unstable:          0 kB
Bounce:                0 kB
WritebackTmp:          0 kB
CommitLimit:      950532 kB
Committed_AS:   26327356 kB
VmallocTotal:     245760 kB
VmallocUsed:       67652 kB
VmallocChunk:      75648 kB
==>Sat Nov 14 20:42:42 2015
MemTotal:        1901064 kB
MemFree:         1045044 kB
Buffers:           12884 kB
Cached:           309704 kB
SwapCached:            0 kB
Active:           354636 kB
Inactive:         251828 kB
Active(anon):     283900 kB
Inactive(anon):      364 kB
Active(file):      70736 kB
Inactive(file):   251464 kB
Unevictable:           0 kB
Mlocked:               0 kB
HighTotal:       1158144 kB
HighFree:         379796 kB
LowTotal:         742920 kB
LowFree:          665248 kB
SwapTotal:             0 kB
SwapFree:              0 kB
Dirty:                48 kB
Writeback:             0 kB
AnonPages:        283920 kB
Mapped:            95436 kB
Shmem:               412 kB
Slab:              38856 kB
SReclaimable:      20772 kB
SUnreclaim:        18084 kB
KernelStack:        6976 kB
PageTables:         9232 kB
NFS_Unstable:          0 kB
Bounce:                0 kB
WritebackTmp:          0 kB
CommitLimit:      950532 kB
Committed_AS:   26327424 kB
VmallocTotal:     245760 kB
VmallocUsed:       67668 kB
VmallocChunk:      75648 kB
==>Sat Nov 14 20:42:52 2015
MemTotal:        1901064 kB
MemFree:         1044548 kB
Buffers:           12916 kB
Cached:           309708 kB
SwapCached:            0 kB
Active:           354764 kB
Inactive:         251864 kB
Active(anon):     284028 kB
Inactive(anon):      364 kB
Active(file):      70736 kB
Inactive(file):   251500 kB
Unevictable:           0 kB
Mlocked:               0 kB
HighTotal:       1158144 kB
HighFree:         379580 kB
LowTotal:         742920 kB
LowFree:          664968 kB
SwapTotal:             0 kB
SwapFree:              0 kB
Dirty:                20 kB
Writeback:             0 kB
AnonPages:        284080 kB
Mapped:            95708 kB
Shmem:               412 kB
Slab:              38832 kB
SReclaimable:      20772 kB
SUnreclaim:        18060 kB
KernelStack:        6776 kB
PageTables:         9320 kB
NFS_Unstable:          0 kB
Bounce:                0 kB
WritebackTmp:          0 kB
CommitLimit:      950532 kB
Committed_AS:   26327784 kB
VmallocTotal:     245760 kB
VmallocUsed:       67660 kB
VmallocChunk:      75648 kB
==>Sat Nov 14 20:43:02 2015
MemTotal:        1901064 kB
MemFree:         1043884 kB
Buffers:           12940 kB
Cached:           309700 kB
SwapCached:            0 kB
Active:           355076 kB
Inactive:         251880 kB
Active(anon):     284340 kB
Inactive(anon):      364 kB
Active(file):      70736 kB
Inactive(file):   251516 kB
Unevictable:           0 kB
Mlocked:               0 kB
HighTotal:       1158144 kB
HighFree:         379552 kB
LowTotal:         742920 kB
LowFree:          664332 kB
SwapTotal:             0 kB
SwapFree:              0 kB
Dirty:                 0 kB
Writeback:             0 kB
AnonPages:        284348 kB
Mapped:            95444 kB
Shmem:               412 kB
Slab:              38944 kB
SReclaimable:      20772 kB
SUnreclaim:        18172 kB
KernelStack:        6872 kB
PageTables:         9308 kB
NFS_Unstable:          0 kB
Bounce:                0 kB
WritebackTmp:          0 kB
CommitLimit:      950532 kB
Committed_AS:   26327980 kB
VmallocTotal:     245760 kB
VmallocUsed:       67652 kB
VmallocChunk:      75648 kB
==>Sat Nov 14 20:43:12 2015
MemTotal:        1901064 kB
MemFree:         1043716 kB
Buffers:           12980 kB
Cached:           309712 kB
SwapCached:            0 kB
Active:           355432 kB
Inactive:         251932 kB
Active(anon):     284696 kB
Inactive(anon):      364 kB
Active(file):      70736 kB
Inactive(file):   251568 kB
Unevictable:           0 kB
Mlocked:               0 kB
HighTotal:       1158144 kB
HighFree:         378968 kB
LowTotal:         742920 kB
LowFree:          664748 kB
SwapTotal:             0 kB
SwapFree:              0 kB
Dirty:                44 kB
Writeback:             0 kB
AnonPages:        284736 kB
Mapped:            95376 kB
Shmem:               412 kB
Slab:              38840 kB
SReclaimable:      20772 kB
SUnreclaim:        18068 kB
KernelStack:        6872 kB
PageTables:         9356 kB
NFS_Unstable:          0 kB
Bounce:                0 kB
WritebackTmp:          0 kB
CommitLimit:      950532 kB
Committed_AS:   26327984 kB
VmallocTotal:     245760 kB
VmallocUsed:       67668 kB
VmallocChunk:      75648 kB
==>Sat Nov 14 20:43:22 2015
MemTotal:        1901064 kB
MemFree:         1043896 kB
Buffers:           13012 kB
Cached:           309716 kB
SwapCached:            0 kB
Active:           355548 kB
Inactive:         251968 kB
Active(anon):     284812 kB
Inactive(anon):      364 kB
Active(file):      70736 kB
Inactive(file):   251604 kB
Unevictable:           0 kB
Mlocked:               0 kB
HighTotal:       1158144 kB
HighFree:         379088 kB
LowTotal:         742920 kB
LowFree:          664808 kB
SwapTotal:             0 kB
SwapFree:              0 kB
Dirty:                 4 kB
Writeback:             0 kB
AnonPages:        284748 kB
Mapped:            95748 kB
Shmem:               412 kB
Slab:              38892 kB
SReclaimable:      20772 kB
SUnreclaim:        18120 kB
KernelStack:        6864 kB
PageTables:         9368 kB
NFS_Unstable:          0 kB
Bounce:                0 kB
WritebackTmp:          0 kB
CommitLimit:      950532 kB
Committed_AS:   26328280 kB
VmallocTotal:     245760 kB
VmallocUsed:       67660 kB
VmallocChunk:      75648 kB
==>Sat Nov 14 20:43:32 2015
MemTotal:        1901064 kB
MemFree:         1046344 kB
Buffers:           13052 kB
Cached:           309716 kB
SwapCached:            0 kB
Active:           355708 kB
Inactive:         252008 kB
Active(anon):     284972 kB
Inactive(anon):      364 kB
Active(file):      70736 kB
Inactive(file):   251644 kB
Unevictable:           0 kB
Mlocked:               0 kB
HighTotal:       1158144 kB
HighFree:         381420 kB
LowTotal:         742920 kB
LowFree:          664924 kB
SwapTotal:             0 kB
SwapFree:              0 kB
Dirty:                36 kB
Writeback:             0 kB
AnonPages:        284900 kB
Mapped:            95488 kB
Shmem:               412 kB
Slab:              38832 kB
SReclaimable:      20772 kB
SUnreclaim:        18060 kB
KernelStack:        6824 kB
PageTables:         9316 kB
NFS_Unstable:          0 kB
Bounce:                0 kB
WritebackTmp:          0 kB
CommitLimit:      950532 kB
Committed_AS:   26327864 kB
VmallocTotal:     245760 kB
VmallocUsed:       67644 kB
VmallocChunk:      75648 kB
==>Sat Nov 14 20:43:42 2015
MemTotal:        1901064 kB
MemFree:         1042060 kB
Buffers:           13076 kB
Cached:           309720 kB
SwapCached:            0 kB
Active:           356420 kB
Inactive:         252036 kB
Active(anon):     285684 kB
Inactive(anon):      364 kB
Active(file):      70736 kB
Inactive(file):   251672 kB
Unevictable:           0 kB
Mlocked:               0 kB
HighTotal:       1158144 kB
HighFree:         377424 kB
LowTotal:         742920 kB
LowFree:          664636 kB
SwapTotal:             0 kB
SwapFree:              0 kB
Dirty:                44 kB
Writeback:             0 kB
AnonPages:        285732 kB
Mapped:            96216 kB
Shmem:               412 kB
Slab:              38824 kB
SReclaimable:      20772 kB
SUnreclaim:        18052 kB
KernelStack:        6808 kB
PageTables:         9260 kB
NFS_Unstable:          0 kB
Bounce:                0 kB
WritebackTmp:          0 kB
CommitLimit:      950532 kB
Committed_AS:   26328296 kB
VmallocTotal:     245760 kB
VmallocUsed:       67644 kB
VmallocChunk:      75648 kB
==>Sat Nov 14 20:43:52 2015
MemTotal:        1901064 kB
MemFree:         1042504 kB
Buffers:           13116 kB
Cached:           309724 kB
SwapCached:            0 kB
Active:           356200 kB
Inactive:         252080 kB
Active(anon):     285464 kB
Inactive(anon):      364 kB
Active(file):      70736 kB
Inactive(file):   251716 kB
Unevictable:           0 kB
Mlocked:               0 kB
HighTotal:       1158144 kB
HighFree:         378024 kB
LowTotal:         742920 kB
LowFree:          664480 kB
SwapTotal:             0 kB
SwapFree:              0 kB
Dirty:                48 kB
Writeback:             0 kB
AnonPages:        285532 kB
Mapped:            95372 kB
Shmem:               412 kB
Slab:              38824 kB
SReclaimable:      20776 kB
SUnreclaim:        18048 kB
KernelStack:        6832 kB
PageTables:         9296 kB
NFS_Unstable:          0 kB
Bounce:                0 kB
WritebackTmp:          0 kB
CommitLimit:      950532 kB
Committed_AS:   26328116 kB
VmallocTotal:     245760 kB
VmallocUsed:       67668 kB
VmallocChunk:      75648 kB
==>Sat Nov 14 20:44:02 2015
MemTotal:        1901064 kB
MemFree:         1042324 kB
Buffers:           13148 kB
Cached:           309728 kB
SwapCached:            0 kB
Active:           356308 kB
Inactive:         252116 kB
Active(anon):     285572 kB
Inactive(anon):      364 kB
Active(file):      70736 kB
Inactive(file):   251752 kB
Unevictable:           0 kB
Mlocked:               0 kB
HighTotal:       1158144 kB
HighFree:         377864 kB
LowTotal:         742920 kB
LowFree:          664460 kB
SwapTotal:             0 kB
SwapFree:              0 kB
Dirty:                52 kB
Writeback:             0 kB
AnonPages:        285564 kB
Mapped:            95876 kB
Shmem:               412 kB
Slab:              38892 kB
SReclaimable:      20776 kB
SUnreclaim:        18116 kB
KernelStack:        6920 kB
PageTables:         9316 kB
NFS_Unstable:          0 kB
Bounce:                0 kB
WritebackTmp:          0 kB
CommitLimit:      950532 kB
Committed_AS:   26328420 kB
VmallocTotal:     245760 kB
VmallocUsed:       67660 kB
VmallocChunk:      75648 kB
==>Sat Nov 14 20:44:12 2015
MemTotal:        1901064 kB
MemFree:         1044208 kB
Buffers:           13192 kB
Cached:           309828 kB
SwapCached:            0 kB
Active:           356592 kB
Inactive:         252216 kB
Active(anon):     285852 kB
Inactive(anon):      420 kB
Active(file):      70740 kB
Inactive(file):   251796 kB
Unevictable:           0 kB
Mlocked:               0 kB
HighTotal:       1158144 kB
HighFree:         379832 kB
LowTotal:         742920 kB
LowFree:          664376 kB
SwapTotal:             0 kB
SwapFree:              0 kB
Dirty:                72 kB
Writeback:             0 kB
AnonPages:        285844 kB
Mapped:            95404 kB
Shmem:               508 kB
Slab:              38936 kB
SReclaimable:      20776 kB
SUnreclaim:        18160 kB
KernelStack:        6840 kB
PageTables:         9320 kB
NFS_Unstable:          0 kB
Bounce:                0 kB
WritebackTmp:          0 kB
CommitLimit:      950532 kB
Committed_AS:   26330708 kB
VmallocTotal:     245760 kB
VmallocUsed:       67652 kB
VmallocChunk:      75648 kB
==>Sat Nov 14 20:44:22 2015
MemTotal:        1901064 kB
MemFree:         1038928 kB
Buffers:           13216 kB
Cached:           309736 kB
SwapCached:            0 kB
Active:           356864 kB
Inactive:         252188 kB
Active(anon):     286124 kB
Inactive(anon):      364 kB
Active(file):      70740 kB
Inactive(file):   251824 kB
Unevictable:           0 kB
Mlocked:               0 kB
HighTotal:       1158144 kB
HighFree:         374712 kB
LowTotal:         742920 kB
LowFree:          664216 kB
SwapTotal:             0 kB
SwapFree:              0 kB
Dirty:                52 kB
Writeback:             0 kB
AnonPages:        286116 kB
Mapped:            96248 kB
Shmem:               412 kB
Slab:              38968 kB
SReclaimable:      20776 kB
SUnreclaim:        18192 kB
KernelStack:        7016 kB
PageTables:         9268 kB
NFS_Unstable:          0 kB
Bounce:                0 kB
WritebackTmp:          0 kB
CommitLimit:      950532 kB
Committed_AS:   26328464 kB
VmallocTotal:     245760 kB
VmallocUsed:       67660 kB
VmallocChunk:      75648 kB
==>Sat Nov 14 20:44:32 2015
MemTotal:        1901064 kB
MemFree:         1041620 kB
Buffers:           13248 kB
Cached:           309740 kB
SwapCached:            0 kB
Active:           356792 kB
Inactive:         252220 kB
Active(anon):     286048 kB
Inactive(anon):      364 kB
Active(file):      70744 kB
Inactive(file):   251856 kB
Unevictable:           0 kB
Mlocked:               0 kB
HighTotal:       1158144 kB
HighFree:         377208 kB
LowTotal:         742920 kB
LowFree:          664412 kB
SwapTotal:             0 kB
SwapFree:              0 kB
Dirty:                 0 kB
Writeback:             0 kB
AnonPages:        286000 kB
Mapped:            95776 kB
Shmem:               412 kB
Slab:              38912 kB
SReclaimable:      20776 kB
SUnreclaim:        18136 kB
KernelStack:        6920 kB
PageTables:         9316 kB
NFS_Unstable:          0 kB
Bounce:                0 kB
WritebackTmp:          0 kB
CommitLimit:      950532 kB
Committed_AS:   26328436 kB
VmallocTotal:     245760 kB
VmallocUsed:       67668 kB
VmallocChunk:      75648 kB
==>Sat Nov 14 20:44:42 2015
MemTotal:        1901064 kB
MemFree:         1044468 kB
Buffers:           13296 kB
Cached:           309740 kB
SwapCached:            0 kB
Active:           357368 kB
Inactive:         252264 kB
Active(anon):     286624 kB
Inactive(anon):      364 kB
Active(file):      70744 kB
Inactive(file):   251900 kB
Unevictable:           0 kB
Mlocked:               0 kB
HighTotal:       1158144 kB
HighFree:         379856 kB
LowTotal:         742920 kB
LowFree:          664612 kB
SwapTotal:             0 kB
SwapFree:              0 kB
Dirty:                68 kB
Writeback:             4 kB
AnonPages:        286592 kB
Mapped:            95600 kB
Shmem:               412 kB
Slab:              38876 kB
SReclaimable:      20776 kB
SUnreclaim:        18100 kB
KernelStack:        6848 kB
PageTables:         9348 kB
NFS_Unstable:          0 kB
Bounce:                0 kB
WritebackTmp:          0 kB
CommitLimit:      950532 kB
Committed_AS:   26328896 kB
VmallocTotal:     245760 kB
VmallocUsed:       67644 kB
VmallocChunk:      75648 kB
==>Sat Nov 14 20:44:52 2015
MemTotal:        1901064 kB
MemFree:         1037964 kB
Buffers:           13312 kB
Cached:           309744 kB
SwapCached:            0 kB
Active:           357444 kB
Inactive:         252288 kB
Active(anon):     286700 kB
Inactive(anon):      364 kB
Active(file):      70744 kB
Inactive(file):   251924 kB
Unevictable:           0 kB
Mlocked:               0 kB
HighTotal:       1158144 kB
HighFree:         373984 kB
LowTotal:         742920 kB
LowFree:          663980 kB
SwapTotal:             0 kB
SwapFree:              0 kB
Dirty:                44 kB
Writeback:             0 kB
AnonPages:        286652 kB
Mapped:            96248 kB
Shmem:               412 kB
Slab:              38916 kB
SReclaimable:      20776 kB
SUnreclaim:        18140 kB
KernelStack:        7016 kB
PageTables:         9276 kB
NFS_Unstable:          0 kB
Bounce:                0 kB
WritebackTmp:          0 kB
CommitLimit:      950532 kB
Committed_AS:   26329020 kB
VmallocTotal:     245760 kB
VmallocUsed:       67660 kB
VmallocChunk:      75648 kB
==>Sat Nov 14 20:45:02 2015
MemTotal:        1901064 kB
MemFree:         1040840 kB
Buffers:           13344 kB
Cached:           309748 kB
SwapCached:            0 kB
Active:           357684 kB
Inactive:         252324 kB
Active(anon):     286940 kB
Inactive(anon):      364 kB
Active(file):      70744 kB
Inactive(file):   251960 kB
Unevictable:           0 kB
Mlocked:               0 kB
HighTotal:       1158144 kB
HighFree:         376464 kB
LowTotal:         742920 kB
LowFree:          664376 kB
SwapTotal:             0 kB
SwapFree:              0 kB
Dirty:                 4 kB
Writeback:             0 kB
AnonPages:        286932 kB
Mapped:            95512 kB
Shmem:               412 kB
Slab:              38884 kB
SReclaimable:      20776 kB
SUnreclaim:        18108 kB
KernelStack:        7024 kB
PageTables:         9332 kB
NFS_Unstable:          0 kB
Bounce:                0 kB
WritebackTmp:          0 kB
CommitLimit:      950532 kB
Committed_AS:   26329000 kB
VmallocTotal:     245760 kB
VmallocUsed:       67668 kB
VmallocChunk:      75648 kB
==>Sat Nov 14 20:45:12 2015
MemTotal:        1901064 kB
MemFree:         1043656 kB
Buffers:           13392 kB
Cached:           309752 kB
SwapCached:            0 kB
Active:           357988 kB
Inactive:         252376 kB
Active(anon):     287244 kB
Inactive(anon):      364 kB
Active(file):      70744 kB
Inactive(file):   252012 kB
Unevictable:           0 kB
Mlocked:               0 kB
HighTotal:       1158144 kB
HighFree:         379112 kB
LowTotal:         742920 kB
LowFree:          664544 kB
SwapTotal:             0 kB
SwapFree:              0 kB
Dirty:                52 kB
Writeback:             0 kB
AnonPages:        287232 kB
Mapped:            95520 kB
Shmem:               412 kB
Slab:              38904 kB
SReclaimable:      20780 kB
SUnreclaim:        18124 kB
KernelStack:        6784 kB
PageTables:         9376 kB
NFS_Unstable:          0 kB
Bounce:                0 kB
WritebackTmp:          0 kB
CommitLimit:      950532 kB
Committed_AS:   26329772 kB
VmallocTotal:     245760 kB
VmallocUsed:       67644 kB
VmallocChunk:      75648 kB
==>Sat Nov 14 20:45:22 2015
MemTotal:        1901064 kB
MemFree:         1039920 kB
Buffers:           13408 kB
Cached:           309752 kB
SwapCached:            0 kB
Active:           358248 kB
Inactive:         252392 kB
Active(anon):     287504 kB
Inactive(anon):      364 kB
Active(file):      70744 kB
Inactive(file):   252028 kB
Unevictable:           0 kB
Mlocked:               0 kB
HighTotal:       1158144 kB
HighFree:         376280 kB
LowTotal:         742920 kB
LowFree:          663640 kB
SwapTotal:             0 kB
SwapFree:              0 kB
Dirty:                 0 kB
Writeback:             0 kB
AnonPages:        287412 kB
Mapped:            95464 kB
Shmem:               412 kB
Slab:              38928 kB
SReclaimable:      20780 kB
SUnreclaim:        18148 kB
KernelStack:        6992 kB
PageTables:         9352 kB
NFS_Unstable:          0 kB
Bounce:                0 kB
WritebackTmp:          0 kB
CommitLimit:      950532 kB
Committed_AS:   26329164 kB
VmallocTotal:     245760 kB
VmallocUsed:       67652 kB
VmallocChunk:      75648 kB
==>Sat Nov 14 20:45:32 2015
MemTotal:        1901064 kB
MemFree:         1039492 kB
Buffers:           13456 kB
Cached:           309756 kB
SwapCached:            0 kB
Active:           358396 kB
Inactive:         252444 kB
Active(anon):     287652 kB
Inactive(anon):      364 kB
Active(file):      70744 kB
Inactive(file):   252080 kB
Unevictable:           0 kB
Mlocked:               0 kB
HighTotal:       1158144 kB
HighFree:         375352 kB
LowTotal:         742920 kB
LowFree:          664140 kB
SwapTotal:             0 kB
SwapFree:              0 kB
Dirty:                48 kB
Writeback:             0 kB
AnonPages:        287712 kB
Mapped:            95396 kB
Shmem:               412 kB
Slab:              38856 kB
SReclaimable:      20780 kB
SUnreclaim:        18076 kB
KernelStack:        6944 kB
PageTables:         9268 kB
NFS_Unstable:          0 kB
Bounce:                0 kB
WritebackTmp:          0 kB
CommitLimit:      950532 kB
Committed_AS:   26329496 kB
VmallocTotal:     245760 kB
VmallocUsed:       67668 kB
VmallocChunk:      75648 kB
==>Sat Nov 14 20:45:42 2015
MemTotal:        1901064 kB
MemFree:         1039908 kB
Buffers:           13488 kB
Cached:           309760 kB
SwapCached:            0 kB
Active:           358464 kB
Inactive:         252480 kB
Active(anon):     287720 kB
Inactive(anon):      364 kB
Active(file):      70744 kB
Inactive(file):   252116 kB
Unevictable:           0 kB
Mlocked:               0 kB
HighTotal:       1158144 kB
HighFree:         375600 kB
LowTotal:         742920 kB
LowFree:          664308 kB
SwapTotal:             0 kB
SwapFree:              0 kB
Dirty:                20 kB
Writeback:             0 kB
AnonPages:        287648 kB
Mapped:            95740 kB
Shmem:               412 kB
Slab:              38872 kB
SReclaimable:      20780 kB
SUnreclaim:        18092 kB
KernelStack:        6784 kB
PageTables:         9332 kB
NFS_Unstable:          0 kB
Bounce:                0 kB
WritebackTmp:          0 kB
CommitLimit:      950532 kB
Committed_AS:   26329056 kB
VmallocTotal:     245760 kB
VmallocUsed:       67660 kB
